Model Technology ModelSim SE-64 vmap 2019.2 Lib Mapping Utility 2019.04 Apr 17 2019
vmap test_pixel_interface modelsim_work/pixel_interface_tied_inputs 
Modifying modelsim.ini
Model Technology ModelSim SE-64 vmap 2019.2 Lib Mapping Utility 2019.04 Apr 17 2019
vmap test_pixel_interface modelsim_work/pixel_interface 
Modifying modelsim.ini
Model Technology ModelSim SE-64 vmap 2019.2 Lib Mapping Utility 2019.04 Apr 17 2019
vmap test_pixel_interface_tied_inputs modelsim_work/pixel_interface_tied_inputs 
Modifying modelsim.ini
Model Technology ModelSim SE-64 vmap 2019.2 Lib Mapping Utility 2019.04 Apr 17 2019
vmap test_pixel_interface modelsim_work/pixel_interface 
Modifying modelsim.ini
Model Technology ModelSim SE-64 vmap 2019.2 Lib Mapping Utility 2019.04 Apr 17 2019
vmap test_pixel_interface modelsim_work/pixel_interface 
Modifying modelsim.ini
Model Technology ModelSim SE-64 vmap 2019.2 Lib Mapping Utility 2019.04 Apr 17 2019
vmap test_pixel_interface modelsim_work/pixel_interface 
Modifying modelsim.ini
Model Technology ModelSim SE-64 vmap 2019.2 Lib Mapping Utility 2019.04 Apr 17 2019
vmap test_pixel_interface modelsim_work/pixel_interface 
Modifying modelsim.ini
Model Technology ModelSim SE-64 vmap 2019.2 Lib Mapping Utility 2019.04 Apr 17 2019
vmap test_pixel_interface modelsim_work/pixel_interface 
Modifying modelsim.ini
Model Technology ModelSim SE-64 vmap 2019.2 Lib Mapping Utility 2019.04 Apr 17 2019
vmap test_pixel_interface modelsim_work/pixel_interface 
Modifying modelsim.ini
Model Technology ModelSim SE-64 vmap 2019.2 Lib Mapping Utility 2019.04 Apr 17 2019
vmap test_pixel_interface modelsim_work/pixel_interface 
Modifying modelsim.ini
Model Technology ModelSim SE-64 vmap 2019.2 Lib Mapping Utility 2019.04 Apr 17 2019
vmap test_pixel_interface modelsim_work/pixel_interface 
Modifying modelsim.ini
