============================================================
   Tang Dynasty, V6.2.178840
   Copyright (c) 2012-2025 Anlogic Inc.
   Executable = D:/td6.2.1/bin/td_commands_prompt.exe
   Built at =   14:07:58 Sep  4 2025
   Run by =     Li47
   Run Date =   Thu Oct  8 21:29:28 2026

   Run on =     LI474747
============================================================
RUN-1002 : start command "import_device ph1_35p.db -package PH1P35MDG324 -speed 3"
ARC-1001 : Device Initialization.
ARC-1001 : ----------------------------------------------------------------
ARC-1001 :           OPTION          |          IO           |   SETTING   
ARC-1001 : ----------------------------------------------------------------
ARC-1001 :   non_jtag_persist(none)  |        35 IOs         |    gpio    
ARC-1001 :            jtag           |  P13/P15/L14/R13/T13  |  dedicate  
ARC-1001 : ----------------------------------------------------------------
RUN-1003 : finish command "import_device ph1_35p.db -package PH1P35MDG324 -speed 3" in  1.707719s wall, 1.156250s user + 0.078125s system = 1.234375s CPU (72.3%)

RUN-1004 : used memory is 335 MB, reserved memory is 330 MB, peak memory is 335 MB
RUN-1002 : start command "open_project hdmi_tpg.prj"
PRJ-8640 ERROR: Open project file C:\Users\Li47\Desktop\aa\native_1080p30_hdmi_tpg_r1_20261008\td_project\hdmi_tpg_Runs\syn_1\hdmi_tpg.prj failed because of previous error(s).

