Model Technology ModelSim SE-64 vlog 2019.2 Compiler 2019.04 Apr 17 2019
Start time: 19:17:44 on Oct 06,2026
vlog -work test_classifier ../user_source/hdl_source/roi_frame_guard.v ../user_source/hdl_source/roi_statistics.v ../user_source/hdl_source/roi_classifier.v ../user_source/hdl_source/status_cdc.v 
-- Compiling module roi_frame_guard
-- Compiling module roi_statistics
-- Compiling module roi_classifier
-- Compiling module status_cdc

Top level modules:
	roi_frame_guard
	roi_statistics
	roi_classifier
	status_cdc
End time: 19:17:44 on Oct 06,2026, Elapsed time: 0:00:00
Errors: 0, Warnings: 0
Model Technology ModelSim SE-64 vlog 2019.2 Compiler 2019.04 Apr 17 2019
Start time: 19:17:44 on Oct 06,2026
vlog -sv -work test_classifier tb_classifier.v 
-- Compiling module tb_classifier

Top level modules:
	tb_classifier
End time: 19:17:44 on Oct 06,2026, Elapsed time: 0:00:00
Errors: 0, Warnings: 0
