Reading D:/modelsim/tcl/vsim/pref.tcl

# 2019.2

# vsim -c -L anlogic_sim -voptargs="+acc" -onfinish exit -l modelsim_work/classifier/transcript.log -wlf modelsim_work/classifier/wave.wlf -do "log /tb_classifier/*; run -all; quit -code 1 -force" test_classifier.tb_classifier 
# Start time: 19:17:45 on Oct 06,2026
# ** Note: (vsim-8009) Loading existing optimized design _opt
# //  ModelSim SE-64 2019.2 Apr 17 2019
# //
# //  Copyright 1991-2019 Mentor Graphics Corporation
# //  All Rights Reserved.
# //
# //  ModelSim SE-64 and its associated documentation contain trade
# //  secrets and commercial or financial information that are the property of
# //  Mentor Graphics Corporation and are privileged, confidential,
# //  and exempt from disclosure under the Freedom of Information Act,
# //  5 U.S.C. Section 552. Furthermore, this information
# //  is prohibited from disclosure under the Trade Secrets Act,
# //  18 U.S.C. Section 1905.
# //
# Loading sv_std.std
# Loading work.tb_classifier(fast)
# Loading work.roi_frame_guard(fast)
# Loading work.roi_statistics(fast)
# Loading work.roi_classifier(fast)
# Loading work.status_cdc(fast)
# Loading work.roi_classifier(fast__1)
# log /tb_classifier/*
#  run -all
# OBS classifier image=1 sum=10240 mean=80 min/max=40/200 state=0
# OBS classifier image=2 sum=5120 mean=40 min/max=40/40 state=3
# OBS classifier image=3 sum=10240 mean=80 min/max=40/200 state=2
# OBS classifier image=4 sum=5335 mean=41 min/max=40/255 state=3
# OBS classifier image=5 sum=7680 mean=60 min/max=60/60 state=2
# OBS classifier image=6 sum=5120 mean=40 min/max=40/40 state=3
# OBS classifier image=8 sum=10240 mean=80 min/max=40/200 state=2
# OBS classifier image=10 sum=5120 mean=40 min/max=40/40 state=3
# OBS classifier image=12 sum=10240 mean=80 min/max=40/200 state=2
# OBS classifier image=14 sum=5120 mean=40 min/max=40/40 state=3
# OBS classifier image=15 sum=10240 mean=80 min/max=40/200 state=2
# OBS classifier image=16 sum=5120 mean=40 min/max=40/40 state=2
# OBS classifier image=17 sum=10240 mean=80 min/max=40/200 state=3
# OBS classifier image=18 sum=7680 mean=60 min/max=60/60 state=2
# PASS classifier: independent 128-pixel sums, both polarities/equality/0/255, bubbles/outside/specular, UNCAL/rearm/FS/config/lane/truncation/reset/recovery and 27-bit CDC
# ** Note: $finish    : tb_classifier.v(136)
#    Time: 117921 ns  Iteration: 0  Instance: /tb_classifier
# End time: 19:17:46 on Oct 06,2026, Elapsed time: 0:00:01
# Errors: 0, Warnings: 0
