Reading D:/modeltech64_10.5/tcl/vsim/pref.tcl

# 10.5

# vsim -c -L anlogic_sim -voptargs="+acc=rn" -onfinish exit -l native_pins.transcript.log -wlf native_pins.wave.wlf -do "run -all; quit -code 1 -force" work.tb_native_pll_pins anlogic_sim.glbl anlogic_sim.PH1P_PHY_GSR 
# Start time: 22:07:57 on Oct 09,2026
# ** Note: (vsim-3812) Design is being optimized...
# ** Warning: D:/td6.2.1/sim_release/ph1p/ph1p_phy_pll_v2.v(6878): (vopt-2685) [TFMPC] - Too few port connections for 'xout7'.  Expected 39, found 37.
# ** Warning: D:/td6.2.1/sim_release/ph1p/ph1p_phy_pll_v2.v(6878): (vopt-2718) [TFMPC] - Missing connection for port 'clk_int_early'.
# ** Warning: D:/td6.2.1/sim_release/ph1p/ph1p_phy_pll_v2.v(6878): (vopt-2718) [TFMPC] - Missing connection for port 'clk_div_by_one'.
# ** Warning: D:/td6.2.1/sim_release/ph1p/ph1p_phy_pll_v2.v(6919): (vopt-2685) [TFMPC] - Too few port connections for 'xout6'.  Expected 39, found 37.
# ** Warning: D:/td6.2.1/sim_release/ph1p/ph1p_phy_pll_v2.v(6919): (vopt-2718) [TFMPC] - Missing connection for port 'clk_int_early'.
# ** Warning: D:/td6.2.1/sim_release/ph1p/ph1p_phy_pll_v2.v(6919): (vopt-2718) [TFMPC] - Missing connection for port 'clk_div_by_one'.
# ** Warning: D:/td6.2.1/sim_release/ph1p/ph1p_phy_pll_v2.v(6938): (vopt-2685) [TFMPC] - Too few port connections for 'xout5'.  Expected 39, found 37.
# ** Warning: D:/td6.2.1/sim_release/ph1p/ph1p_phy_pll_v2.v(6938): (vopt-2718) [TFMPC] - Missing connection for port 'clk_int_early'.
# ** Warning: D:/td6.2.1/sim_release/ph1p/ph1p_phy_pll_v2.v(6938): (vopt-2718) [TFMPC] - Missing connection for port 'clk_div_by_one'.
# ** Warning: D:/td6.2.1/sim_release/ph1p/ph1p_phy_pll_v2.v(6957): (vopt-2685) [TFMPC] - Too few port connections for 'xout4'.  Expected 39, found 37.
# ** Warning: D:/td6.2.1/sim_release/ph1p/ph1p_phy_pll_v2.v(6957): (vopt-2718) [TFMPC] - Missing connection for port 'clk_int_early'.
# ** Warning: D:/td6.2.1/sim_release/ph1p/ph1p_phy_pll_v2.v(6957): (vopt-2718) [TFMPC] - Missing connection for port 'clk_div_by_one'.
# ** Warning: D:/td6.2.1/sim_release/ph1p/ph1p_phy_pll_v2.v(6976): (vopt-2685) [TFMPC] - Too few port connections for 'xout3'.  Expected 39, found 37.
# ** Warning: D:/td6.2.1/sim_release/ph1p/ph1p_phy_pll_v2.v(6976): (vopt-2718) [TFMPC] - Missing connection for port 'clk_int_early'.
# ** Warning: D:/td6.2.1/sim_release/ph1p/ph1p_phy_pll_v2.v(6976): (vopt-2718) [TFMPC] - Missing connection for port 'clk_div_by_one'.
# ** Warning: D:/td6.2.1/sim_release/ph1p/ph1p_phy_pll_v2.v(6995): (vopt-2685) [TFMPC] - Too few port connections for 'xout2'.  Expected 39, found 37.
# ** Warning: D:/td6.2.1/sim_release/ph1p/ph1p_phy_pll_v2.v(6995): (vopt-2718) [TFMPC] - Missing connection for port 'clk_int_early'.
# ** Warning: D:/td6.2.1/sim_release/ph1p/ph1p_phy_pll_v2.v(6995): (vopt-2718) [TFMPC] - Missing connection for port 'clk_div_by_one'.
# ** Warning: D:/td6.2.1/sim_release/ph1p/ph1p_phy_pll_v2.v(7014): (vopt-2685) [TFMPC] - Too few port connections for 'xout1'.  Expected 39, found 37.
# ** Warning: D:/td6.2.1/sim_release/ph1p/ph1p_phy_pll_v2.v(7014): (vopt-2718) [TFMPC] - Missing connection for port 'clk_int_early'.
# ** Warning: D:/td6.2.1/sim_release/ph1p/ph1p_phy_pll_v2.v(7014): (vopt-2718) [TFMPC] - Missing connection for port 'clk_div_by_one'.
# ** Warning: D:/td6.2.1/sim_release/ph1p/ph1p_phy_pll_v2.v(1318): (vopt-2685) [TFMPC] - Too few port connections for 'xaxis2apb_gpll'.  Expected 153, found 101.
# ** Warning: D:/td6.2.1/sim_release/ph1p/ph1p_phy_pll_v2.v(1318): (vopt-2718) [TFMPC] - Missing connection for port 'mc1_pi_delay'.
# ** Warning: D:/td6.2.1/sim_release/ph1p/ph1p_phy_pll_v2.v(1318): (vopt-2718) [TFMPC] - Missing connection for port 'mc1_ref_sel'.
# ** Warning: D:/td6.2.1/sim_release/ph1p/ph1p_phy_pll_v2.v(1318): (vopt-2718) [TFMPC] - Missing connection for port 'mc1_vctrl_sel'.
# ** Warning: D:/td6.2.1/sim_release/ph1p/ph1p_phy_pll_v2.v(1318): (vopt-2718) [TFMPC] - Missing connection for port 'mc1_test_en'.
# ** Warning: D:/td6.2.1/sim_release/ph1p/ph1p_phy_pll_v2.v(1318): (vopt-2718) [TFMPC] - Missing connection for port 'mc1_tda_en'.
# ** Warning: D:/td6.2.1/sim_release/ph1p/ph1p_phy_pll_v2.v(1318): (vopt-2718) [TFMPC] - Missing connection for port 'mc1_syn_sel'.
# ** Warning: D:/td6.2.1/sim_release/ph1p/ph1p_phy_pll_v2.v(1318): (vopt-2718) [TFMPC] - Missing connection for port 'mc1_refclk_out_en'.
# ** Warning: D:/td6.2.1/sim_release/ph1p/ph1p_phy_pll_v2.v(1318): (vopt-2718) [TFMPC] - Missing connection for port 'mc1_refclk_det_div'.
# ** Warning: D:/td6.2.1/sim_release/ph1p/ph1p_phy_pll_v2.v(1318): (vopt-2718) [TFMPC] - Missing connection for port 'mc1_refclk_det_byp'.
# ** Warning: D:/td6.2.1/sim_release/ph1p/ph1p_phy_pll_v2.v(1318): (vopt-2718) [TFMPC] - Missing connection for port 'mc1_pllrst_en'.
# ** Warning: D:/td6.2.1/sim_release/ph1p/ph1p_phy_pll_v2.v(1318): (vopt-2718) [TFMPC] - Missing connection for port 'mc1_pllpdn'.
# ** Warning: D:/td6.2.1/sim_release/ph1p/ph1p_phy_pll_v2.v(1318): (vopt-2718) [TFMPC] - Missing connection for port 'mc1_pi_phi_en'.
# ** Warning: D:/td6.2.1/sim_release/ph1p/ph1p_phy_pll_v2.v(1318): (vopt-2718) [TFMPC] - Missing connection for port 'mc1_pi_out_sel'.
# ** Warning: D:/td6.2.1/sim_release/ph1p/ph1p_phy_pll_v2.v(1318): (vopt-2718) [TFMPC] - Missing connection for port 'mc1_pi_icfg'.
# ** Warning: D:/td6.2.1/sim_release/ph1p/ph1p_phy_pll_v2.v(1318): (vopt-2718) [TFMPC] - Missing connection for port 'mc1_pi_frac_mode'.
# ** Warning: D:/td6.2.1/sim_release/ph1p/ph1p_phy_pll_v2.v(1318): (vopt-2718) [TFMPC] - Missing connection for port 'mc1_pi_capsel'.
# ** Warning: D:/td6.2.1/sim_release/ph1p/ph1p_phy_pll_v2.v(1318): (vopt-2718) [TFMPC] - Missing connection for port 'mc1_outputpi_icfg'.
# ** Warning: D:/td6.2.1/sim_release/ph1p/ph1p_phy_pll_v2.v(1318): (vopt-2718) [TFMPC] - Missing connection for port 'mc1_outputpi_capsel'.
# ** Warning: D:/td6.2.1/sim_release/ph1p/ph1p_phy_pll_v2.v(1318): (vopt-2718) [TFMPC] - Missing connection for port 'mc1_outgate_en'.
# ** Warning: D:/td6.2.1/sim_release/ph1p/ph1p_phy_pll_v2.v(1318): (vopt-2718) [TFMPC] - Missing connection for port 'mc1_mrst_en'.
# ** Warning: D:/td6.2.1/sim_release/ph1p/ph1p_phy_pll_v2.v(1318): (vopt-2718) [TFMPC] - Missing connection for port 'mc1_load_en'.
# ** Warning: D:/td6.2.1/sim_release/ph1p/ph1p_phy_pll_v2.v(1318): (vopt-2718) [TFMPC] - Missing connection for port 'mc1_load_div2_en'.
# ** Warning: D:/td6.2.1/sim_release/ph1p/ph1p_phy_pll_v2.v(1318): (vopt-2718) [TFMPC] - Missing connection for port 'mc1_kvco_sel'.
# ** Warning: D:/td6.2.1/sim_release/ph1p/ph1p_phy_pll_v2.v(1318): (vopt-2718) [TFMPC] - Missing connection for port 'mc1_intfb'.
# ** Warning: D:/td6.2.1/sim_release/ph1p/ph1p_phy_pll_v2.v(1318): (vopt-2718) [TFMPC] - Missing connection for port 'mc1_fracn_prbs_sel'.
# ** Warning: D:/td6.2.1/sim_release/ph1p/ph1p_phy_pll_v2.v(1318): (vopt-2718) [TFMPC] - Missing connection for port 'mc1_fracn_dither_sel'.
# ** Warning: D:/td6.2.1/sim_release/ph1p/ph1p_phy_pll_v2.v(1318): (vopt-2718) [TFMPC] - Missing connection for port 'mc1_fracn_dither_en'.
# ** Warning: D:/td6.2.1/sim_release/ph1p/ph1p_phy_pll_v2.v(1318): (vopt-2718) [TFMPC] - Missing connection for port 'mc1_fbk_sel_wakeup'.
# ** Warning: D:/td6.2.1/sim_release/ph1p/ph1p_phy_pll_v2.v(1318): (vopt-2718) [TFMPC] - Missing connection for port 'mc1_fbfracn_sel'.
# ** Warning: D:/td6.2.1/sim_release/ph1p/ph1p_phy_pll_v2.v(1318): (vopt-2718) [TFMPC] - Missing connection for port 'mc1_fastlock_sel'.
# ** Warning: D:/td6.2.1/sim_release/ph1p/ph1p_phy_pll_v2.v(1318): (vopt-2718) [TFMPC] - Missing connection for port 'mc1_enclk_main'.
# ** Warning: D:/td6.2.1/sim_release/ph1p/ph1p_phy_pll_v2.v(1318): (vopt-2718) [TFMPC] - Missing connection for port 'mc1_enable_sync'.
# ** Warning: D:/td6.2.1/sim_release/ph1p/ph1p_phy_pll_v2.v(1318): (vopt-2718) [TFMPC] - Missing connection for port 'mc1_dyn_source'.
# ** Warning: D:/td6.2.1/sim_release/ph1p/ph1p_phy_pll_v2.v(1318): (vopt-2718) [TFMPC] - Missing connection for port 'mc1_div2_phc'.
# ** Warning: D:/td6.2.1/sim_release/ph1p/ph1p_phy_pll_v2.v(1318): (vopt-2718) [TFMPC] - Missing connection for port 'mc1_div2_bypass_n'.
# ** Warning: D:/td6.2.1/sim_release/ph1p/ph1p_phy_pll_v2.v(1318): (vopt-2718) [TFMPC] - Missing connection for port 'mc1_dig_sel'.
# ** Warning: D:/td6.2.1/sim_release/ph1p/ph1p_phy_pll_v2.v(1318): (vopt-2718) [TFMPC] - Missing connection for port 'mc1_dig_pd'.
# ** Warning: D:/td6.2.1/sim_release/ph1p/ph1p_phy_pll_v2.v(1318): (vopt-2718) [TFMPC] - Missing connection for port 'mc1_cp_refsel'.
# ** Warning: D:/td6.2.1/sim_release/ph1p/ph1p_phy_pll_v2.v(1318): (vopt-2718) [TFMPC] - Missing connection for port 'mc1_cp_dlysel'.
# ** Warning: D:/td6.2.1/sim_release/ph1p/ph1p_phy_pll_v2.v(1318): (vopt-2718) [TFMPC] - Missing connection for port 'mc1_cal_counter'.
# ** Warning: D:/td6.2.1/sim_release/ph1p/ph1p_phy_pll_v2.v(1318): (vopt-2718) [TFMPC] - Missing connection for port 'm_tuser_i'.
# ** Warning: D:/td6.2.1/sim_release/ph1p/ph1p_phy_pll_v2.v(1318): (vopt-2718) [TFMPC] - Missing connection for port 'm_rlast_i'.
# ** Warning: D:/td6.2.1/sim_release/ph1p/ph1p_phy_pll_v2.v(1318): (vopt-2718) [TFMPC] - Missing connection for port 'm_rdata_i'.
# ** Warning: D:/td6.2.1/sim_release/ph1p/ph1p_phy_pll_v2.v(1318): (vopt-2718) [TFMPC] - Missing connection for port 'm_rvalid_i'.
# ** Warning: D:/td6.2.1/sim_release/ph1p/ph1p_phy_pll_v2.v(1318): (vopt-2718) [TFMPC] - Missing connection for port 'm_tready_i'.
# ** Warning: D:/td6.2.1/sim_release/ph1p/ph1p_phy_pll_v2.v(1318): (vopt-2718) [TFMPC] - Missing connection for port 's_tready_i'.
# ** Warning: D:/td6.2.1/sim_release/ph1p/ph1p_phy_pll_v2.v(1318): (vopt-2718) [TFMPC] - Missing connection for port 's_rlast_i'.
# ** Warning: D:/td6.2.1/sim_release/ph1p/ph1p_phy_pll_v2.v(1318): (vopt-2718) [TFMPC] - Missing connection for port 's_rdata_i'.
# ** Warning: D:/td6.2.1/sim_release/ph1p/ph1p_phy_pll_v2.v(1318): (vopt-2718) [TFMPC] - Missing connection for port 's_rvalid_i'.
# ** Warning: D:/td6.2.1/sim_release/ph1p/ph1p_phy_pll_v2.v(1318): (vopt-2718) [TFMPC] - Missing connection for port 'axis_rst_n_i'.
# ** Warning: D:/td6.2.1/sim_release/ph1p/ph1p_phy_pll_v2.v(1318): (vopt-2718) [TFMPC] - Missing connection for port 'axis_clk_i'.
# ** Warning: D:/td6.2.1/sim_release/ph1p/ph1p_phy_pll_v2.v(1318): (vopt-2718) [TFMPC] - Missing connection for port 'map_i'.
# ** Warning: D:/td6.2.1/sim_release/ph1p/ph1p_phy_pll_v2.v(1318): (vopt-2685) [TFMPC] - Too few port connections for 'xaxis2apb_gpll'.  Expected 153, found 101.
# ** Warning: D:/td6.2.1/sim_release/ph1p/ph1p_phy_pll_v2.v(1318): (vopt-2718) [TFMPC] - Missing connection for port 'mc1_pi_delay'.
# ** Warning: D:/td6.2.1/sim_release/ph1p/ph1p_phy_pll_v2.v(1318): (vopt-2718) [TFMPC] - Missing connection for port 'mc1_ref_sel'.
# ** Warning: D:/td6.2.1/sim_release/ph1p/ph1p_phy_pll_v2.v(1318): (vopt-2718) [TFMPC] - Missing connection for port 'mc1_vctrl_sel'.
# ** Warning: D:/td6.2.1/sim_release/ph1p/ph1p_phy_pll_v2.v(1318): (vopt-2718) [TFMPC] - Missing connection for port 'mc1_test_en'.
# ** Warning: D:/td6.2.1/sim_release/ph1p/ph1p_phy_pll_v2.v(1318): (vopt-2718) [TFMPC] - Missing connection for port 'mc1_tda_en'.
# ** Warning: D:/td6.2.1/sim_release/ph1p/ph1p_phy_pll_v2.v(1318): (vopt-2718) [TFMPC] - Missing connection for port 'mc1_syn_sel'.
# ** Warning: D:/td6.2.1/sim_release/ph1p/ph1p_phy_pll_v2.v(1318): (vopt-2718) [TFMPC] - Missing connection for port 'mc1_refclk_out_en'.
# ** Warning: D:/td6.2.1/sim_release/ph1p/ph1p_phy_pll_v2.v(1318): (vopt-2718) [TFMPC] - Missing connection for port 'mc1_refclk_det_div'.
# ** Warning: D:/td6.2.1/sim_release/ph1p/ph1p_phy_pll_v2.v(1318): (vopt-2718) [TFMPC] - Missing connection for port 'mc1_refclk_det_byp'.
# ** Warning: D:/td6.2.1/sim_release/ph1p/ph1p_phy_pll_v2.v(1318): (vopt-2718) [TFMPC] - Missing connection for port 'mc1_pllrst_en'.
# ** Warning: D:/td6.2.1/sim_release/ph1p/ph1p_phy_pll_v2.v(1318): (vopt-2718) [TFMPC] - Missing connection for port 'mc1_pllpdn'.
# ** Warning: D:/td6.2.1/sim_release/ph1p/ph1p_phy_pll_v2.v(1318): (vopt-2718) [TFMPC] - Missing connection for port 'mc1_pi_phi_en'.
# ** Warning: D:/td6.2.1/sim_release/ph1p/ph1p_phy_pll_v2.v(1318): (vopt-2718) [TFMPC] - Missing connection for port 'mc1_pi_out_sel'.
# ** Warning: D:/td6.2.1/sim_release/ph1p/ph1p_phy_pll_v2.v(1318): (vopt-2718) [TFMPC] - Missing connection for port 'mc1_pi_icfg'.
# ** Warning: D:/td6.2.1/sim_release/ph1p/ph1p_phy_pll_v2.v(1318): (vopt-2718) [TFMPC] - Missing connection for port 'mc1_pi_frac_mode'.
# ** Warning: D:/td6.2.1/sim_release/ph1p/ph1p_phy_pll_v2.v(1318): (vopt-2718) [TFMPC] - Missing connection for port 'mc1_pi_capsel'.
# ** Warning: D:/td6.2.1/sim_release/ph1p/ph1p_phy_pll_v2.v(1318): (vopt-2718) [TFMPC] - Missing connection for port 'mc1_outputpi_icfg'.
# ** Warning: D:/td6.2.1/sim_release/ph1p/ph1p_phy_pll_v2.v(1318): (vopt-2718) [TFMPC] - Missing connection for port 'mc1_outputpi_capsel'.
# ** Warning: D:/td6.2.1/sim_release/ph1p/ph1p_phy_pll_v2.v(1318): (vopt-2718) [TFMPC] - Missing connection for port 'mc1_outgate_en'.
# ** Warning: D:/td6.2.1/sim_release/ph1p/ph1p_phy_pll_v2.v(1318): (vopt-2718) [TFMPC] - Missing connection for port 'mc1_mrst_en'.
# ** Warning: D:/td6.2.1/sim_release/ph1p/ph1p_phy_pll_v2.v(1318): (vopt-2718) [TFMPC] - Missing connection for port 'mc1_load_en'.
# ** Warning: D:/td6.2.1/sim_release/ph1p/ph1p_phy_pll_v2.v(1318): (vopt-2718) [TFMPC] - Missing connection for port 'mc1_load_div2_en'.
# ** Warning: D:/td6.2.1/sim_release/ph1p/ph1p_phy_pll_v2.v(1318): (vopt-2718) [TFMPC] - Missing connection for port 'mc1_kvco_sel'.
# ** Warning: D:/td6.2.1/sim_release/ph1p/ph1p_phy_pll_v2.v(1318): (vopt-2718) [TFMPC] - Missing connection for port 'mc1_intfb'.
# ** Warning: D:/td6.2.1/sim_release/ph1p/ph1p_phy_pll_v2.v(1318): (vopt-2718) [TFMPC] - Missing connection for port 'mc1_fracn_prbs_sel'.
# ** Warning: D:/td6.2.1/sim_release/ph1p/ph1p_phy_pll_v2.v(1318): (vopt-2718) [TFMPC] - Missing connection for port 'mc1_fracn_dither_sel'.
# ** Warning: D:/td6.2.1/sim_release/ph1p/ph1p_phy_pll_v2.v(1318): (vopt-2718) [TFMPC] - Missing connection for port 'mc1_fracn_dither_en'.
# ** Warning: D:/td6.2.1/sim_release/ph1p/ph1p_phy_pll_v2.v(1318): (vopt-2718) [TFMPC] - Missing connection for port 'mc1_fbk_sel_wakeup'.
# ** Warning: D:/td6.2.1/sim_release/ph1p/ph1p_phy_pll_v2.v(1318): (vopt-2718) [TFMPC] - Missing connection for port 'mc1_fbfracn_sel'.
# ** Warning: D:/td6.2.1/sim_release/ph1p/ph1p_phy_pll_v2.v(1318): (vopt-2718) [TFMPC] - Missing connection for port 'mc1_fastlock_sel'.
# ** Warning: D:/td6.2.1/sim_release/ph1p/ph1p_phy_pll_v2.v(1318): (vopt-2718) [TFMPC] - Missing connection for port 'mc1_enclk_main'.
# ** Warning: D:/td6.2.1/sim_release/ph1p/ph1p_phy_pll_v2.v(1318): (vopt-2718) [TFMPC] - Missing connection for port 'mc1_enable_sync'.
# ** Warning: D:/td6.2.1/sim_release/ph1p/ph1p_phy_pll_v2.v(1318): (vopt-2718) [TFMPC] - Missing connection for port 'mc1_dyn_source'.
# ** Warning: D:/td6.2.1/sim_release/ph1p/ph1p_phy_pll_v2.v(1318): (vopt-2718) [TFMPC] - Missing connection for port 'mc1_div2_phc'.
# ** Warning: D:/td6.2.1/sim_release/ph1p/ph1p_phy_pll_v2.v(1318): (vopt-2718) [TFMPC] - Missing connection for port 'mc1_div2_bypass_n'.
# ** Warning: D:/td6.2.1/sim_release/ph1p/ph1p_phy_pll_v2.v(1318): (vopt-2718) [TFMPC] - Missing connection for port 'mc1_dig_sel'.
# ** Warning: D:/td6.2.1/sim_release/ph1p/ph1p_phy_pll_v2.v(1318): (vopt-2718) [TFMPC] - Missing connection for port 'mc1_dig_pd'.
# ** Warning: D:/td6.2.1/sim_release/ph1p/ph1p_phy_pll_v2.v(1318): (vopt-2718) [TFMPC] - Missing connection for port 'mc1_cp_refsel'.
# ** Warning: D:/td6.2.1/sim_release/ph1p/ph1p_phy_pll_v2.v(1318): (vopt-2718) [TFMPC] - Missing connection for port 'mc1_cp_dlysel'.
# ** Warning: D:/td6.2.1/sim_release/ph1p/ph1p_phy_pll_v2.v(1318): (vopt-2718) [TFMPC] - Missing connection for port 'mc1_cal_counter'.
# ** Warning: D:/td6.2.1/sim_release/ph1p/ph1p_phy_pll_v2.v(1318): (vopt-2718) [TFMPC] - Missing connection for port 'm_tuser_i'.
# ** Warning: D:/td6.2.1/sim_release/ph1p/ph1p_phy_pll_v2.v(1318): (vopt-2718) [TFMPC] - Missing connection for port 'm_rlast_i'.
# ** Warning: D:/td6.2.1/sim_release/ph1p/ph1p_phy_pll_v2.v(1318): (vopt-2718) [TFMPC] - Missing connection for port 'm_rdata_i'.
# ** Warning: D:/td6.2.1/sim_release/ph1p/ph1p_phy_pll_v2.v(1318): (vopt-2718) [TFMPC] - Missing connection for port 'm_rvalid_i'.
# ** Warning: D:/td6.2.1/sim_release/ph1p/ph1p_phy_pll_v2.v(1318): (vopt-2718) [TFMPC] - Missing connection for port 'm_tready_i'.
# ** Warning: D:/td6.2.1/sim_release/ph1p/ph1p_phy_pll_v2.v(1318): (vopt-2718) [TFMPC] - Missing connection for port 's_tready_i'.
# ** Warning: D:/td6.2.1/sim_release/ph1p/ph1p_phy_pll_v2.v(1318): (vopt-2718) [TFMPC] - Missing connection for port 's_rlast_i'.
# ** Warning: D:/td6.2.1/sim_release/ph1p/ph1p_phy_pll_v2.v(1318): (vopt-2718) [TFMPC] - Missing connection for port 's_rdata_i'.
# ** Warning: D:/td6.2.1/sim_release/ph1p/ph1p_phy_pll_v2.v(1318): (vopt-2718) [TFMPC] - Missing connection for port 's_rvalid_i'.
# ** Warning: D:/td6.2.1/sim_release/ph1p/ph1p_phy_pll_v2.v(1318): (vopt-2718) [TFMPC] - Missing connection for port 'axis_rst_n_i'.
# ** Warning: D:/td6.2.1/sim_release/ph1p/ph1p_phy_pll_v2.v(1318): (vopt-2718) [TFMPC] - Missing connection for port 'axis_clk_i'.
# ** Warning: D:/td6.2.1/sim_release/ph1p/ph1p_phy_pll_v2.v(1318): (vopt-2718) [TFMPC] - Missing connection for port 'map_i'.
# //  ModelSim SE-64 10.5 Feb 13 2016 
# //
# //  Copyright 1991-2016 Mentor Graphics Corporation
# //  All Rights Reserved.
# //
# //  ModelSim SE-64 and its associated documentation contain trade
# //  secrets and commercial or financial information that are the property of
# //  Mentor Graphics Corporation and are privileged, confidential,
# //  and exempt from disclosure under the Freedom of Information Act,
# //  5 U.S.C. Section 552. Furthermore, this information
# //  is prohibited from disclosure under the Trade Secrets Act,
# //  18 U.S.C. Section 1905.
# //
# Loading sv_std.std
# Loading work.tb_native_pll_pins(fast)
# Loading work.avi_fhd30_top(fast)
# Loading work.HDMI_PLL(fast)
# Loading work.HDMI_PLL_STAGE(fast)
# Loading anlogic_sim.PH1P_LOGIC_BUFG(fast)
# Loading work.ph1p_phy_pll_wrapper_25a56e5ce2f9(fast)
# Loading anlogic_sim.PH1P_PHY_PLL_V2(fast)
# Loading anlogic_sim.axis2apb_gpll(fast)
# Loading anlogic_sim.axis_slave(fast)
# Loading anlogic_sim.pll_slave(fast)
# Loading anlogic_sim.al6100_gpll_cell_clk_mux(fast)
# Loading anlogic_sim.CLKNAND2V2_140P9T40R(fast)
# Loading anlogic_sim.gpll_top(fast)
# Loading anlogic_sim.gpll_output(fast)
# Loading anlogic_sim.gpll_out_duty(fast)
# Loading anlogic_sim.gpll_out_div_duty(fast)
# Loading anlogic_sim.CLKAND2V2_140P9T40R(fast)
# Loading anlogic_sim.BUFV1_140P9T40H(fast)
# Loading anlogic_sim.sync_dff(fast)
# Loading anlogic_sim.DRSNQV2_140P9T40R(fast)
# Loading anlogic_sim.at0012_cell_clk_buf(fast)
# Loading anlogic_sim.INV3_140P9T40R(fast)
# Loading anlogic_sim.DRSNQV2_140P9T40H(fast)
# Loading anlogic_sim.gpll_out_gate(fast)
# Loading anlogic_sim.gpll_out_main(fast)
# Loading anlogic_sim.gpll_out_en(fast)
# Loading anlogic_sim.gpll_out_rst(fast)
# Loading anlogic_sim.sync_dff(fast__1)
# Loading anlogic_sim.gpll_out_en_stdby_ctrl(fast)
# Loading anlogic_sim.gpll_ctrl(fast)
# Loading anlogic_sim.gpll_test(fast)
# Loading anlogic_sim.gpll_test_cell(fast)
# Loading anlogic_sim.TBUFV8_140P9T40H(fast)
# Loading anlogic_sim.com_hss_tiel(fast)
# Loading anlogic_sim.al6100gpll_com_hss_bufx4(fast)
# Loading anlogic_sim.al6100gpll_com_hss_inv2x(fast)
# Loading anlogic_sim.al6100gpll_com_hss_inv4x(fast)
# Loading anlogic_sim.com_hss_tieh(fast)
# Loading anlogic_sim.al6100gpll_CLKINV4_140P12T40L(fast)
# Loading anlogic_sim.al6100gpll_CLKINV8_140P12T40L(fast)
# Loading anlogic_sim.gpll_core(fast)
# Loading anlogic_sim.gpll_lockdet(fast)
# Loading anlogic_sim.st2p(fast)
# Loading anlogic_sim.sync_del(fast)
# Loading anlogic_sim.pulse(fast)
# Loading anlogic_sim.gpll_vco_mux_top(fast)
# Loading anlogic_sim.gpll_vco_mux_pi_top(fast)
# Loading anlogic_sim.gpll_ouput_pi_top(fast)
# Loading anlogic_sim.al6100gpll_com_hss_and2_2x(fast)
# Loading anlogic_sim.gpll_pi_dec_top(fast)
# Loading anlogic_sim.DSNQV4_140P9T40H(fast)
# Loading anlogic_sim.DRNQV4_140P9T40H(fast)
# Loading anlogic_sim.DRSNQV1_140P9T40H(fast)
# Loading anlogic_sim.DSNQV2_140P9T40H(fast)
# Loading anlogic_sim.DRNQV2_140P9T40H(fast)
# Loading anlogic_sim.AND2V8_140P9T40H(fast)
# Loading anlogic_sim.CLKBUFV4_140P9T40H(fast)
# Loading anlogic_sim.al6100gpll_com_hss_buf4x(fast)
# Loading anlogic_sim.gpll_vco_mux(fast)
# Loading anlogic_sim.gpll_vco_mux_pi_ctrl(fast)
# Loading anlogic_sim.gpll_vco_mux_div_ctrl(fast)
# Loading anlogic_sim.gpll_vco_mux_phs(fast)
# Loading anlogic_sim.gpll_vco_mux_buf(fast)
# Loading anlogic_sim.gpll_ibias(fast)
# Loading anlogic_sim.regulator_top(fast)
# Loading anlogic_sim.bg_sgaux_init(fast)
# Loading anlogic_sim.al6100gpll_PULL1_140P12T40L(fast)
# Loading anlogic_sim.gpll_ana(fast)
# Loading anlogic_sim.gpll_prediv(fast)
# Loading anlogic_sim.al6100gpll_com_hss_inv8x(fast)
# Loading anlogic_sim.al6100gpll_com_hss_tgate_2x(fast)
# Loading anlogic_sim.gpll_clk_mux(fast)
# Loading anlogic_sim.al6100gpll_DRNQV1_140P12T40L(fast)
# Loading anlogic_sim.al6100gpll_NAND2CV2_140P12T40L(fast)
# Loading anlogic_sim.al6100gpll_AND2V2_140P12T40L(fast)
# Loading anlogic_sim.al6100gpll_CLKMUX2V2_140P12T40L(fast)
# Loading anlogic_sim.gpll_fbdiv_mux(fast)
# Loading anlogic_sim.al6100gpll_com_hss_mux2x(fast)
# Loading anlogic_sim.cpll_div_n_top(fast)
# Loading anlogic_sim.cpll_div_n_sync(fast)
# Loading anlogic_sim.cpll_div_23_lvt(fast)
# Loading anlogic_sim.cpll_div_234_lvt(fast)
# Loading anlogic_sim.cpll_div_n_buf(fast)
# Loading anlogic_sim.cpll_div_n_logic(fast)
# Loading anlogic_sim.gpll_vco_buf(fast)
# Loading anlogic_sim.gpll_vco_buf_unit(fast)
# Loading anlogic_sim.gpll_fbdiv_top_v1(fast)
# Loading anlogic_sim.gpll_fracn_top_v1(fast)
# Loading anlogic_sim.al6100gpll_cpll_div_n_dff(fast)
# Loading anlogic_sim.al6100gpll_DRSNQV2_140P12T40L(fast)
# Loading anlogic_sim.al6100gpll_NAND2V2_140P12T40L(fast)
# Loading anlogic_sim.al6100gpll_INV2_140P12T40L(fast)
# Loading anlogic_sim.al6100gpll_OR2V2_140P12T40L(fast)
# Loading anlogic_sim.al6100gpll_BUFV2_140P12T40L(fast)
# Loading anlogic_sim.al6100gpll_NAND2CV1_140P12T40L(fast)
# Loading anlogic_sim.al6100gpll_NAND2BV1_140P12T40L(fast)
# Loading anlogic_sim.al6100gpll_CLKNAND2V2_140P12T40L(fast)
# Loading anlogic_sim.al6100gpll_com_hss_dff2x(fast)
# Loading anlogic_sim.gpll_pi_64bit(fast)
# Loading anlogic_sim.al6100gpll_CLKINV2_140P12T40L(fast)
# Loading anlogic_sim.al6100gpll_NAND3CV1_140P12T40L(fast)
# Loading anlogic_sim.gpll_fbdiv_dig(fast)
# Loading anlogic_sim.gpll_fbdiv_dig_sdm(fast)
# Loading anlogic_sim.gpll_fbdiv_dig_ssc(fast)
# Loading anlogic_sim.gpll_fbdiv_dig_ssc_div(fast)
# Loading anlogic_sim.gpll_fbdiv_dig_ssc_lpf(fast)
# Loading anlogic_sim.gpll_ana_buf_unit_x3(fast)
# Loading anlogic_sim.gpll_ana_core(fast)
# Loading work.HDMI_PLL_STAGE(fast__1)
# Loading work.ph1p_phy_pll_wrapper_25a56e5ce2f9(fast__1)
# Loading anlogic_sim.PH1P_PHY_PLL_V2(fast__1)
# Loading work.dvi_encoder(fast)
# Loading work.hdmi_avi_insert(fast)
# Loading work.hdmi_phy_wrapper(fast)
# Loading work.lane_lvds_10_1(fast)
# Loading anlogic_sim.PH1P_LOGIC_ODDR(fast)
# Loading anlogic_sim.PH1P_PHY_HR_PAD(fast)
# Loading anlogic_sim.glbl(fast)
# Loading anlogic_sim.PH1P_PHY_GSR(fast)
# run -all
# OBS native reset=1 lock=x ref_lock=x out_lock=x at0.000000 ns
# OBS native reset=0 lock=1 ref_lock=1 out_lock=1 at452237.104340 ns
# OBS native pixel reset released 452237.204340 ns
# OBS TMDS clock rise at452279.167760 ns previous-1.000000 ns
# OBS native reset=1 lock=0 ref_lock=1 out_lock=0 at452292.336310 ns
# OBS native reset=0 lock=1 ref_lock=1 out_lock=1 at488412.189240 ns
# OBS native pixel reset released 488412.289240 ns
# OBS TMDS clock rise at488454.251730 ns previous-1.000000 ns
# OBS TMDS clock rise at488467.719630 ns previous488454.251730 ns
# OBS TMDS clock rise at488481.187530 ns previous488467.719630 ns
# OBS TMDS clock rise at488494.655430 ns previous488481.187530 ns
# OBS TMDS clock rise at488508.123330 ns previous488494.655430 ns
# OBS native PLL pin rows1 pixels1920
# OBS native PLL pin rows2 pixels3840
# OBS native PLL pin rows3 pixels5760
# OBS native PLL pin rows4 pixels7680
# OBS native PLL pin rows5 pixels9600
# OBS native PLL pin rows6 pixels11520
# OBS native PLL pin rows7 pixels13440
# OBS native PLL pin rows8 pixels15360
# OBS native PLL pin rows9 pixels17280
# OBS native PLL pin rows10 pixels19200
# OBS native PLL pin rows11 pixels21120
# OBS native PLL pin rows12 pixels23040
# OBS native PLL pin rows13 pixels24960
# OBS native PLL pin rows14 pixels26880
# OBS native PLL pin rows15 pixels28800
# OBS native PLL pin rows16 pixels30720
# PASS native PLL pins:16 complete active rows/30720 RGB pixels, H2200 positive44, HDMI video preamble/guards,5:1 cadence, TMDSclock74.250626MHz. Vendor PLL/ODDR; full frame/AVI/VS/physical quality untested.
# ** Note: $finish    : tb_native_pll_pins.v(106)
#    Time: 992150958920 fs  Iteration: 0  Instance: /tb_native_pll_pins
# End time: 22:09:06 on Oct 09,2026, Elapsed time: 0:01:09
# Errors: 0, Warnings: 127
