Reading D:/modeltech64_10.5/tcl/vsim/pref.tcl

# 10.5

# vsim -c -L anlogic_sim -voptargs="+acc" -onfinish exit -l modelsim_work/roi_guard/transcript.log -wlf modelsim_work/roi_guard/wave.wlf -do "log /tb_roi_guard/*; run -all; quit -code 1 -force" test_roi_guard.tb_roi_guard 
# Start time: 23:58:39 on Oct 07,2026
# ** Note: (vsim-3812) Design is being optimized...
# //  ModelSim SE-64 10.5 Feb 13 2016 
# //
# //  Copyright 1991-2016 Mentor Graphics Corporation
# //  All Rights Reserved.
# //
# //  ModelSim SE-64 and its associated documentation contain trade
# //  secrets and commercial or financial information that are the property of
# //  Mentor Graphics Corporation and are privileged, confidential,
# //  and exempt from disclosure under the Freedom of Information Act,
# //  5 U.S.C. Section 552. Furthermore, this information
# //  is prohibited from disclosure under the Trade Secrets Act,
# //  18 U.S.C. Section 1905.
# //
# Loading sv_std.std
# Loading work.tb_roi_guard(fast)
# Loading work.roi_frame_guard(fast)
# Loading work.roi_statistics(fast)
# ** Warning: (vsim-3015) tb_roi_guard.v(13): [PCDPC] - Port size (4) does not match connection size (11) for port 'pixel_x'. The port definition is at: ../user_source/hdl_source/roi_frame_guard.v(7).
#    Time: 0 ps  Iteration: 0  Instance: /tb_roi_guard/guard File: ../user_source/hdl_source/roi_frame_guard.v
# ** Warning: (vsim-3015) tb_roi_guard.v(13): [PCDPC] - Port size (2) does not match connection size (10) for port 'pixel_y'. The port definition is at: ../user_source/hdl_source/roi_frame_guard.v(7).
#    Time: 0 ps  Iteration: 0  Instance: /tb_roi_guard/guard File: ../user_source/hdl_source/roi_frame_guard.v
# log /tb_roi_guard/*
#  run -all
# ** Fatal: ROI case 1 commits=1 valid=0 count=      0 sum=        0 mean=  0 min=  0 max=  0
#    Time: 1570 ns  Scope: tb_roi_guard.expect_good File: tb_roi_guard.v Line: 48
# ** Note: $finish    : tb_roi_guard.v(48)
#    Time: 1570 ns  Iteration: 1  Instance: /tb_roi_guard
# End time: 23:58:40 on Oct 07,2026, Elapsed time: 0:00:01
# Errors: 1, Warnings: 2
