Model Technology ModelSim SE-64 vlog 2019.2 Compiler 2019.04 Apr 17 2019
Start time: 19:30:31 on Oct 06,2026
vlog -work test_osd ../user_source/hdl_source/bin16_bcd.v ../user_source/hdl_source/osd_ascii_rom.v ../user_source/hdl_source/osd_cjk_rom.v ../user_source/hdl_source/osd_logo_rom.v ../user_source/hdl_source/experiment_osd.v 
-- Compiling module bin16_bcd
-- Compiling module osd_ascii_rom
-- Compiling module osd_cjk_rom
-- Compiling module osd_logo_rom
-- Compiling module experiment_osd

Top level modules:
	experiment_osd
End time: 19:30:31 on Oct 06,2026, Elapsed time: 0:00:00
Errors: 0, Warnings: 0
Model Technology ModelSim SE-64 vlog 2019.2 Compiler 2019.04 Apr 17 2019
Start time: 19:30:32 on Oct 06,2026
vlog -sv -work test_osd tb_osd.v 
-- Compiling module tb_osd

Top level modules:
	tb_osd
End time: 19:30:32 on Oct 06,2026, Elapsed time: 0:00:00
Errors: 0, Warnings: 0
