Reading D:/modelsim/tcl/vsim/pref.tcl

# 2019.2

# vsim -c -L anlogic_sim -voptargs="+acc" -onfinish exit -l modelsim_work/stop_recovery/transcript.log -wlf modelsim_work/stop_recovery/wave.wlf -do "log /tb_stop_recovery/*; run -all; quit -code 1 -force" test_stop_recovery.tb_stop_recovery 
# Start time: 19:14:52 on Oct 06,2026
# ** Note: (vsim-8009) Loading existing optimized design _opt
# //  ModelSim SE-64 2019.2 Apr 17 2019
# //
# //  Copyright 1991-2019 Mentor Graphics Corporation
# //  All Rights Reserved.
# //
# //  ModelSim SE-64 and its associated documentation contain trade
# //  secrets and commercial or financial information that are the property of
# //  Mentor Graphics Corporation and are privileged, confidential,
# //  and exempt from disclosure under the Freedom of Information Act,
# //  5 U.S.C. Section 552. Furthermore, this information
# //  is prohibited from disclosure under the Trade Secrets Act,
# //  18 U.S.C. Section 1905.
# //
# Loading sv_std.std
# Loading work.tb_stop_recovery(fast)
# Loading work.input_monitor(fast)
# Loading work.status_cdc(fast)
# Loading work.roi_result_snapshot(fast)
# Loading work.status_cdc(fast__1)
# Loading work.roi_display_state(fast)
# log /tb_stop_recovery/*
#  run -all
# OBS stop window phase=0 clears in 1850 reference clocks (REF_HZ=1000)
# OBS stop window phase=1 clears in 1020 reference clocks (REF_HZ=1000)
# PASS stop recovery: real monitor, independent 50MHz reference, two window boundaries, frozen CSI mailbox, no stale rearm, fresh UNCAL statistics
# ** Note: $finish    : tb_stop_recovery.v(38)
#    Time: 162820410 ps  Iteration: 1  Instance: /tb_stop_recovery
# End time: 19:14:53 on Oct 06,2026, Elapsed time: 0:00:01
# Errors: 0, Warnings: 0
