Reading D:/modelsim/tcl/vsim/pref.tcl

# 2019.2

# vsim -c -L anlogic_sim -voptargs="+acc" -onfinish exit -l modelsim_work/monitor/transcript.log -wlf modelsim_work/monitor/wave.wlf -do "log /tb_monitor/*; run -all; quit -code 1 -force" test_monitor.tb_monitor 
# Start time: 19:15:03 on Oct 06,2026
# ** Note: (vsim-8009) Loading existing optimized design _opt1
# //  ModelSim SE-64 2019.2 Apr 17 2019
# //
# //  Copyright 1991-2019 Mentor Graphics Corporation
# //  All Rights Reserved.
# //
# //  ModelSim SE-64 and its associated documentation contain trade
# //  secrets and commercial or financial information that are the property of
# //  Mentor Graphics Corporation and are privileged, confidential,
# //  and exempt from disclosure under the Freedom of Information Act,
# //  5 U.S.C. Section 552. Furthermore, this information
# //  is prohibited from disclosure under the Trade Secrets Act,
# //  18 U.S.C. Section 1905.
# //
# Loading sv_std.std
# Loading work.tb_monitor(fast)
# Loading work.input_monitor(fast)
# Loading work.status_cdc(fast)
# log /tb_monitor/*
#  run -all
# PASS monitor: bubbled PPC4 input, actual dimensions, bad frame, lane edge, stopped input
# ** Note: $finish    : tb_monitor.v(25)
#    Time: 12525740 ns  Iteration: 1  Instance: /tb_monitor
# End time: 19:15:06 on Oct 06,2026, Elapsed time: 0:00:03
# Errors: 0, Warnings: 0
