============================================================
   Tang Dynasty, V6.2.178840
   Copyright (c) 2012-2025 Anlogic Inc.
   Executable = D:/td6.2.1/bin/td_commands_prompt.exe
   Built at =   14:07:58 Sep  4 2025
   Run by =     Li47
   Run Date =   Fri Oct  9 20:27:27 2026

   Run on =     LI474747
============================================================
RUN-1002 : start command "import_device ph1_35p.db -package PH1P35MDG324 -speed 3"
ARC-1001 : Device Initialization.
ARC-1001 : ----------------------------------------------------------------
ARC-1001 :           OPTION          |          IO           |   SETTING   
ARC-1001 : ----------------------------------------------------------------
ARC-1001 :   non_jtag_persist(none)  |        35 IOs         |    gpio    
ARC-1001 :            jtag           |  P13/P15/L14/R13/T13  |  dedicate  
ARC-1001 : ----------------------------------------------------------------
RUN-1003 : finish command "import_device ph1_35p.db -package PH1P35MDG324 -speed 3" in  2.186718s wall, 1.718750s user + 0.078125s system = 1.796875s CPU (82.2%)

RUN-1004 : used memory is 333 MB, reserved memory is 330 MB, peak memory is 333 MB
RUN-1002 : start command "open_project positive_hd60.prj -noanalyze"
RUN-1002 : start command "import_db ../syn_1/positive_hd60_gate.db"
RUN-1001 : Importing database generated by Tang Dynasty, V6.2.178840.
RUN-1001 : Database version number 46207
RUN-1001 : Import flow parameters
RUN-1001 : Import netlist
RUN-1001 : Import timing constraints
RUN-1001 : Import IO constraints
RUN-1001 : Import Inst constraints
RUN-1001 : Import ChipWatcher
RUN-1001 : Import design success TD_VERSION=6.2.178840 , DB_VERSION=46207
RUN-1002 : start command "commit_param -step place"
RUN-1001 : Print Global Property
RUN-1001 : -------------------------------------------------------------
RUN-1001 :     Parameters    |   Settings   |  Default Values  |  Note  
RUN-1001 : -------------------------------------------------------------
RUN-1001 :    enable_seed    |     off      |       off        |        
RUN-1001 :    hfn_to_clock   |  1000000000  |    1000000000    |        
RUN-1001 :      message      |   standard   |     standard     |        
RUN-1001 :    qor_monitor    |      on      |        on        |        
RUN-1001 :   speedup_effort  |      0       |        0         |        
RUN-1001 :    syn_ip_flow    |     off      |       off        |        
RUN-1001 :       thread      |     auto     |       auto       |        
RUN-1001 : -------------------------------------------------------------
RUN-1001 : Print Place Property
RUN-1001 : --------------------------------------------------------------
RUN-1001 :      Parameters      |  Settings  |  Default Values  |  Note  
RUN-1001 : --------------------------------------------------------------
RUN-1001 :        effort        |   medium   |      medium      |        
RUN-1001 :       floorplan      |    off     |       off        |        
RUN-1001 :    hfn_opt_effort    |   medium   |      medium      |        
RUN-1001 :    logic_level_opt   |    off     |       off        |        
RUN-1001 :   macro_performance  |    auto    |       auto       |        
RUN-1001 :      max_fanout      |   999999   |      999999      |        
RUN-1001 :      opt_timing      |   medium   |      medium      |        
RUN-1001 :    post_place_opt    |    auto    |       auto       |        
RUN-1001 :      pr_strategy     |     1      |        1         |        
RUN-1001 : --------------------------------------------------------------
RUN-1002 : start command "insert_debugger"
RUN-1002 : start command "place"
RUN-1001 : Open license file D:/td6.2.1/license/Anlogic.lic
PHY-3001 : Placer runs in 20 thread(s).
PHY-1001 : Stage 1 | Initialize Design
PHY-1001 : Stage 1.1 | Build Design
PHY-1001 : 102 luts, 101 seqs, 0 mslices, 12 lslices, 8 pads, 0 brams, 0 dsps
RUN-1002 : start command "legalize_phy_inst"
SYN-1011 : Flatten model positive_hd60_top
PHY-1001 : Remove keep and sweep redundant instances ...
PHY-1001 : 102 luts, 101 seqs, 0 mslices, 12 lslices, 8 pads, 0 brams, 0 dsps
PHY-1001 : End Stage 1.1 | Build Design; Time: 0.004819s wall, 0.000000s user + 0.000000s system = 0.000000s CPU (n/a%); Memory(MB): used = 335, reserved = 330, peak = 335;

PHY-1001 : Stage 1.2 | Optimize Design
OPT-1001 : Stage 1.2.1 | Simplify Lut
OPT-1001 : End Stage 1.2.1 | Simplify Lut; Time: 0.001102s wall, 0.000000s user + 0.000000s system = 0.000000s CPU (n/a%); Memory(MB): used = 335, reserved = 330, peak = 335;

OPT-1001 : Stage 1.2.2 | Sweep
OPT-1001 : End Stage 1.2.2 | Sweep; Time: 0.000649s wall, 0.000000s user + 0.000000s system = 0.000000s CPU (n/a%); Memory(MB): used = 335, reserved = 330, peak = 335;

OPT-1001 : Stage 1.2.3 | Merge Lut
OPT-1001 : Start remap optimization ...
RUN-1001 :   Added 0 lut1 for undup drivers
OPT-1001 : skip lut merge since lut number 102 is similar to or less than reg number 101
OPT-1001 : End Stage 1.2.3 | Merge Lut; Time: 0.000297s wall, 0.000000s user + 0.000000s system = 0.000000s CPU (n/a%); Memory(MB): used = 335, reserved = 330, peak = 335;

OPT-1001 : Stage 1.2.4 | Synthesize High-fanout Net
OPT-1001 : Start high-fanout net optimization in pre-place flow with medium effort ...
RUN-1001 : HFN opt statistic
RUN-1001 : ------------------------------------------------------
RUN-1001 :   DriverCell type  |  HFN count  |  Duplicated count  
RUN-1001 : ------------------------------------------------------
RUN-1001 :       LSLICE       |      0      |         0          
RUN-1001 :       MSLICE       |      0      |         0          
RUN-1001 :        TOTAL       |      0      |         0          
RUN-1001 : ------------------------------------------------------
OPT-1001 : End high-fanout net optimization;  0.000262s wall, 0.000000s user + 0.000000s system = 0.000000s CPU (n/a%)

OPT-1001 : Current memory(MB): used = 335, reserved = 330, peak = 335.
OPT-1001 : End Stage 1.2.4 | Synthesize High-fanout Net; Time: 0.000397s wall, 0.000000s user + 0.000000s system = 0.000000s CPU (n/a%); Memory(MB): used = 335, reserved = 330, peak = 335;

OPT-1001 : End physical optimization;  0.004003s wall, 0.000000s user + 0.000000s system = 0.000000s CPU (n/a%)

PHY-1001 : End Stage 1.2 | Optimize Design; Time: 0.004116s wall, 0.000000s user + 0.000000s system = 0.000000s CPU (n/a%); Memory(MB): used = 335, reserved = 330, peak = 335;

PHY-1001 : Stage 1.3 | Initialize Clock
PHY-1001 : Start to synthesize physical clock networks.
RUN-1002 : start command "start_timer"
USR-1002 : Derived clock:  create_generated_clock -name {u_video/u_pll/u_ref/ph1p_phy_pll_wrapper_25a56e5ce2f9_Inst/u_PH1P_PHY_PLL.clkc[0]} -source [get_ports I_sys_clk] -master_clock {sys_clk_50m} -divide_by 1.4815 -duty_cycle 50.0000 [get_pins {u_video/u_pll/u_ref/ph1p_phy_pll_wrapper_25a56e5ce2f9_Inst/u_PH1P_PHY_PLL.clkc[0]}]
USR-1002 : Derived clock:  create_generated_clock -name {u_video/u_pll/u_output/ph1p_phy_pll_wrapper_25a56e5ce2f9_Inst/u_PH1P_PHY_PLL.clkc[0]} -source [get_pins {u_video/u_pll/u_ref/ph1p_phy_pll_wrapper_25a56e5ce2f9_Inst/u_PH1P_PHY_PLL.clkc[0]}] -master_clock {u_video/u_pll/u_ref/ph1p_phy_pll_wrapper_25a56e5ce2f9_Inst/u_PH1P_PHY_PLL.clkc[0]} -multiply_by 2.2000 -duty_cycle 50.0000 [get_pins {u_video/u_pll/u_output/ph1p_phy_pll_wrapper_25a56e5ce2f9_Inst/u_PH1P_PHY_PLL.clkc[0]}]
USR-1002 : Derived clock:  create_generated_clock -name {u_video/u_pll/u_output/ph1p_phy_pll_wrapper_25a56e5ce2f9_Inst/u_PH1P_PHY_PLL.clkc[1]} -source [get_pins {u_video/u_pll/u_ref/ph1p_phy_pll_wrapper_25a56e5ce2f9_Inst/u_PH1P_PHY_PLL.clkc[0]}] -master_clock {u_video/u_pll/u_ref/ph1p_phy_pll_wrapper_25a56e5ce2f9_Inst/u_PH1P_PHY_PLL.clkc[0]} -multiply_by 11.0000 -duty_cycle 50.0000 [get_pins {u_video/u_pll/u_output/ph1p_phy_pll_wrapper_25a56e5ce2f9_Inst/u_PH1P_PHY_PLL.clkc[1]}]
TMR-2502 : Net delay update with mode: Synthesized
PHY-1001 : Populate physical database on model positive_hd60_top.
RUN-1001 : There are total 233 instances
RUN-0007 : 102 luts, 101 seqs, 0 mslices, 12 lslices, 8 pads, 0 brams, 0 dsps
RUN-1001 : There are total 254 nets
RUN-1001 : 192 nets have 2 pins
RUN-1001 : 29 nets have [3 - 5] pins
RUN-1001 : 25 nets have [6 - 10] pins
RUN-1001 : 1 nets have [11 - 20] pins
RUN-1001 : 7 nets have [21 - 99] pins
PHY-1001 : End Stage 1.3 | Initialize Clock; Time: 0.021066s wall, 0.015625s user + 0.000000s system = 0.015625s CPU (74.2%); Memory(MB): used = 337, reserved = 330, peak = 337;

PHY-1001 : End Stage 1 | Initialize Design; Time: 0.031210s wall, 0.015625s user + 0.000000s system = 0.015625s CPU (50.1%); Memory(MB): used = 337, reserved = 330, peak = 337;

PHY-1001 : Stage 2 | Global Placement
RUN-1001 : Report Control nets information:
RUN-1001 : DFF Distribution
RUN-1001 : -------------------------------------
RUN-1001 :   CE   |  SSR  |  ASR  |  DFF Count  
RUN-1001 : -------------------------------------
RUN-1001 :   No   |  No   |  No   |     13      
RUN-1001 :   No   |  No   |  Yes  |     77      
RUN-1001 :   No   |  Yes  |  No   |      0      
RUN-1001 :   Yes  |  No   |  No   |      0      
RUN-1001 :   Yes  |  No   |  Yes  |     11      
RUN-1001 :   Yes  |  Yes  |  No   |      0      
RUN-1001 : -------------------------------------
RUN-1001 : Control Group Statistic
RUN-1001 : -----------------------------
RUN-1001 :   #CLK  |  #CE  |  #SSR/ASR  
RUN-1001 : -----------------------------
RUN-1001 :    2    |   2   |     3      
RUN-1001 : -----------------------------
RUN-0007 : Control Set = 5
PHY-1001 : Stage 2.1 | Place Fixed Instances
PHY-5016 WARNING: PLL clkc is driving an IO without location.
PHY-5016 WARNING: PLL clkc is not driving a clock-capable IO.
PHY-5016 WARNING: PLL clkc is driving an IO without location.
PHY-1001 : End Stage 2.1 | Place Fixed Instances; Time: 0.001774s wall, 0.000000s user + 0.000000s system = 0.000000s CPU (n/a%); Memory(MB): used = 341, reserved = 330, peak = 341;

PHY-1001 : Stage 2.2 | Pre-Place DRC Check
PHY-1001 : Stage 2.2.1 | Force Route Constraint Check
PHY-1001 : Check Pass.
PHY-1001 : End Stage 2.2.1 | Force Route Constraint Check; Time: 0.000135s wall, 0.000000s user + 0.000000s system = 0.000000s CPU (n/a%); Memory(MB): used = 341, reserved = 330, peak = 341;

PHY-1001 : Stage 2.2.2 | Sigmap Check
PHY-1001 : Check pass.
PHY-1001 : End Stage 2.2.2 | Sigmap Check; Time: 0.000281s wall, 0.000000s user + 0.000000s system = 0.000000s CPU (n/a%); Memory(MB): used = 341, reserved = 330, peak = 341;

PHY-1001 : End Stage 2.2 | Pre-Place DRC Check; Time: 0.001249s wall, 0.000000s user + 0.000000s system = 0.000000s CPU (n/a%); Memory(MB): used = 341, reserved = 330, peak = 341;

PHY-1001 : Clock GCLK Statistics:
RUN-1001 : GCLK Index: 
RUN-1001 : ----------------------------------------------------------------------------------------
RUN-1001 :   Index  |                           Clock GCLK                           |  Location   
RUN-1001 : ----------------------------------------------------------------------------------------
RUN-1001 :     1    |  u_video/u_phy/u0_lane_lvds_8_1/I_serial_clk_created_gclkinst  |  x23y39z0   
RUN-1001 :     2    |              u_video/u_pll/u_output/bufg_feedback              |  x23y39z1   
RUN-1001 :     3    |               u_video/u_pll/u_ref/bufg_feedback                |  x23y39z16  
RUN-1001 : ----------------------------------------------------------------------------------------
RUN-1001 : Clock Nets Connect To GCLK Statistics: 
RUN-1001 : -----------------------------------------------------------------------------------------------------------------------------------------------------------------------------
RUN-1001 :   Index  |                  Leading Net                  |  CLK/DATA/IO/PLL Sink(s)  |                       Following Net                       |  CLK/DATA/IO/PLL Sink(s)  
RUN-1001 : -----------------------------------------------------------------------------------------------------------------------------------------------------------------------------
RUN-1001 :     1    |  u_video/u_phy/u0_lane_lvds_8_1/I_serial_clk  |          1/0/0/0          |     u_video/u_phy/u0_lane_lvds_8_1/I_serial_clk_syn_1     |         59/0/0/0          
RUN-1001 :     2    |        u_video/u_pll/u_output/clk0_buf        |          1/0/0/0          |                       u_video/pixel                       |         50/0/0/0          
RUN-1001 :     3    |         u_video/u_pll/u_ref/clk0_buf          |          1/0/0/0          | u_video/u_pll/u_output/ph1p_phy_pll_wrapper_25a56e5ce...  |          1/0/0/0          
RUN-1001 : -----------------------------------------------------------------------------------------------------------------------------------------------------------------------------
PHY-1001 : Stage 2.3 | Global Placement Step 1
PHY-3001 : Target density is 60%
PHY-1001 : Stage 2.3.1 | Update Timing
RUN-1002 : start command "start_timer"
PHY-1001 : SWNS: 349, STNS: 0, FEP: 0
PHY-3001 : tot_pins 2646 tot_hfn_pins 0 perc. 0 tot_hhfn_pins 0 perc. 0
PHY-1001 : End Stage 2.3.1 | Update Timing; Time: 0.014644s wall, 0.015625s user + 0.000000s system = 0.015625s CPU (106.7%); Memory(MB): used = 342, reserved = 331, peak = 342;

PHY-0007 : Cell area utilization is 0%
PHY-3001 : Clustering ...
PHY-3001 : End clustering;  0.000035s wall, 0.000000s user + 0.000000s system = 0.000000s CPU (n/a%)

PHY-3001 : Target density is 60%
PHY-1001 : Stage 2.3.2 | GP Iteration
PHY-1001 : End Stage 2.3.2 | GP Iteration; Time: 0.104691s wall, 0.453125s user + 0.093750s system = 0.546875s CPU (522.4%); Memory(MB): used = 342, reserved = 331, peak = 342;

PHY-3001 : Multithread accelerating rate: 5.13
RUN-1002 : start command "start_timer"
PHY-3001 : No need to merge 9x9 Dsps.
PHY-1001 : Populate physical database on model positive_hd60_top.
PHY-1001 : End Stage 2.3 | Global Placement Step 1; Time: 0.146142s wall, 0.468750s user + 0.109375s system = 0.578125s CPU (395.6%); Memory(MB): used = 342, reserved = 331, peak = 342;

PHY-1001 : Stage 2.4 | RAM/DSP Legalization and Detailed Placement
PHY-1001 : Stage 2.4.1 | Legalization
PHY-3001 : Before Legalized: Len = 12460.7
PHY-3001 : After Legalized: Len = 12460.7, Over = 0 with grid_size = 640
PHY-1001 : End Stage 2.4.1 | Legalization; Time: 0.002320s wall, 0.000000s user + 0.000000s system = 0.000000s CPU (n/a%); Memory(MB): used = 342, reserved = 331, peak = 342;

PHY-1001 : Stage 2.4.2 | Detailed Placement
PHY-1001 : Stage 2.4.2.1 | Simulated Annealing Based DP
PHY-3001 : No movable unit~
PHY-1001 : End Stage 2.4.2.1 | Simulated Annealing Based DP; Time: 0.000112s wall, 0.000000s user + 0.000000s system = 0.000000s CPU (n/a%); Memory(MB): used = 342, reserved = 331, peak = 342;

PHY-3001 : End Detailed Place; 
PHY-1001 : End Stage 2.4.2 | Detailed Placement; Time: 0.001106s wall, 0.000000s user + 0.000000s system = 0.000000s CPU (n/a%); Memory(MB): used = 342, reserved = 331, peak = 342;

PHY-1001 : End Stage 2.4 | RAM/DSP Legalization and Detailed Placement; Time: 0.003759s wall, 0.000000s user + 0.000000s system = 0.000000s CPU (n/a%); Memory(MB): used = 342, reserved = 331, peak = 342;

PHY-1001 : Stage 2.5 | Global Placement Step 2
PHY-3001 : Target density is 60%
PHY-1001 : Stage 2.5.1 | Update Timing
PHY-1001 : SWNS: -543, STNS: -2724, FEP: 8
PHY-1001 : End Stage 2.5.1 | Update Timing; Time: 0.001004s wall, 0.000000s user + 0.000000s system = 0.000000s CPU (n/a%); Memory(MB): used = 342, reserved = 331, peak = 342;

PHY-1001 : Stage 2.5.2 | Refresh Congestion
RUN-1001 : Generating global routing grids ...
RUN-1001 : Building simple global routing graph ...
PHY-1001 : Generate routing nets ...
PHY-1001 : Reuse net number 0/146.
PHY-1001 : Global iterations in 20 thread ...
PHY-1002 : len = 13200, over cnt = 15(0%), over = 41, worst = 6
PHY-1001 : End global iterations;  0.010584s wall, 0.015625s user + 0.000000s system = 0.015625s CPU (147.6%)

PHY-1001 : Congestion index:
PHY-1001 : top1  = 16.17(S 5.27, N 10.98, E 10.69, W 6.12, I 11.68, O 15.38)
PHY-1001 : top5  = 5.13(S 1.04, N 2.79, E 2.77, W 1.21, I 2.31, O 3.04)
PHY-1001 : top10 = 2.56(S 0.52, N 1.40, E 1.38, W 0.61, I 1.16, O 1.52)
PHY-1001 : top15 = 1.71(S 0.35, N 0.93, E 0.92, W 0.40, I 0.77, O 1.01)
PHY-1001 : End Stage 2.5.2 | Refresh Congestion; Time: 0.321842s wall, 0.250000s user + 0.015625s system = 0.265625s CPU (82.5%); Memory(MB): used = 373, reserved = 362, peak = 373;

PHY-1001 : Stage 2.5.3 | GP Iteration
PHY-1001 : End Stage 2.5.3 | GP Iteration; Time: 0.624266s wall, 1.671875s user + 0.937500s system = 2.609375s CPU (418.0%); Memory(MB): used = 374, reserved = 363, peak = 374;

PHY-3001 : Multithread accelerating rate: 4.19
PHY-1001 : End Stage 2.5 | Global Placement Step 2; Time: 0.962451s wall, 1.937500s user + 0.968750s system = 2.906250s CPU (302.0%); Memory(MB): used = 374, reserved = 363, peak = 374;

PHY-1001 : Stage 2.6 | RAM/DSP Detailed Placement
PHY-1001 : Stage 2.6.1 | Detailed Placement
PHY-1001 : Stage 2.6.1.1 | Simulated Annealing Based DP
PHY-3001 : No movable unit~
PHY-1001 : End Stage 2.6.1.1 | Simulated Annealing Based DP; Time: 0.000133s wall, 0.000000s user + 0.000000s system = 0.000000s CPU (n/a%); Memory(MB): used = 374, reserved = 363, peak = 374;

PHY-3001 : End Detailed Place; 
PHY-1001 : End Stage 2.6.1 | Detailed Placement; Time: 0.001825s wall, 0.000000s user + 0.000000s system = 0.000000s CPU (n/a%); Memory(MB): used = 374, reserved = 363, peak = 374;

PHY-1001 : Stage 2.6.2 | Spreading
OPT-1001 : Total overflow 6.72 peak overflow 2.41
PHY-3001 : Spreading for sector grids.
PHY-3001 : Iter 1, total overflow: 0
PHY-3001 : tot_capacity: 12, usage_cnt: 2, movable_cnt: 12
PHY-3001 : End spreading;  0.004732s wall, 0.015625s user + 0.000000s system = 0.015625s CPU (330.2%)

PHY-1001 : End Stage 2.6.2 | Spreading; Time: 0.004863s wall, 0.015625s user + 0.000000s system = 0.015625s CPU (321.3%); Memory(MB): used = 374, reserved = 363, peak = 374;

PHY-1001 : End Stage 2.6 | RAM/DSP Detailed Placement; Time: 0.008679s wall, 0.015625s user + 0.000000s system = 0.015625s CPU (180.0%); Memory(MB): used = 374, reserved = 363, peak = 374;

PHY-1001 : Stage 2.7 | Optimize Design
OPT-1001 : Start physical optimization ...
OPT-1001 : Total overflow 6.72 peak overflow 2.41
OPT-1001 : Stage 2.7.1 | Synthesize High-fanout Net
OPT-1001 : Start high-fanout net optimization in pre-pack flow with medium effort ...
OPT-1001 : Update timing in Manhattan mode
OPT-1001 : End timing update;  0.015500s wall, 0.015625s user + 0.000000s system = 0.015625s CPU (100.8%)

OPT-1001 : Start: SWNS 410 STNS 0 NUM_FEPS 0
OPT-1001 : Total overflow 6.72 peak overflow 2.41
DBG-001 :  select 1 high fanout candidates
DBG-001 :  crit level 1 net count 0 (fanout thres 50)
DBG-001 :  crit level 2 net count 0 (fanout thres 50)
DBG-001 :  crit level 3 net count 0 (fanout thres 40)
DBG-001 :  crit level 4 net count 0 (fanout thres 30)
DBG-001 :  crit level 5 net count 0 (fanout thres 30)
DBG-001 :  crit level 6 net count 1 (fanout thres 30)
PHY-1001 : Populate physical database on model positive_hd60_top.
OPT-1001 : 1 high-fanout net processed.
PHY-3001 : Start incremental placement ...
PHY-1001 : Populate physical database on model positive_hd60_top.
PHY-3001 : Target density is 60%
PHY-3001 : Target density is 60%
PHY-1001 : Stage 2.7.1.1 | Update Timing
PHY-1001 : SWNS: 599, STNS: 0, FEP: 0
PHY-1001 : End Stage 2.7.1.1 | Update Timing; Time: 0.001330s wall, 0.015625s user + 0.000000s system = 0.015625s CPU (1175.2%); Memory(MB): used = 375, reserved = 364, peak = 375;

PHY-1001 : Stage 2.7.1.2 | Refresh Congestion
RUN-1001 : Generating global routing grids ...
PHY-1001 : Generate routing nets ...
PHY-1001 : Reuse net number 0/75.
PHY-1001 : Global iterations in 20 thread ...
PHY-1002 : len = 6640, over cnt = 4(0%), over = 35, worst = 12
PHY-1001 : End global iterations;  0.005098s wall, 0.000000s user + 0.000000s system = 0.000000s CPU (n/a%)

PHY-1001 : Congestion index:
PHY-1001 : top1  = 9.79(S 2.24, N 6.13, E 7.40, W 2.33, I 12.23, O 17.02)
PHY-1001 : top5  = 2.63(S 0.44, N 1.29, E 1.46, W 0.46, I 2.42, O 3.37)
PHY-1001 : top10 = 1.32(S 0.22, N 0.65, E 0.73, W 0.23, I 1.21, O 1.68)
PHY-1001 : top15 = 0.88(S 0.15, N 0.43, E 0.49, W 0.15, I 0.81, O 1.12)
PHY-1001 : End Stage 2.7.1.2 | Refresh Congestion; Time: 0.042665s wall, 0.031250s user + 0.000000s system = 0.031250s CPU (73.2%); Memory(MB): used = 375, reserved = 364, peak = 375;

PHY-1001 : Stage 2.7.1.3 | GP Iteration
PHY-1001 : End Stage 2.7.1.3 | GP Iteration; Time: 0.327691s wall, 0.937500s user + 0.171875s system = 1.109375s CPU (338.5%); Memory(MB): used = 375, reserved = 364, peak = 375;

PHY-3001 : Multithread accelerating rate: 3.36
PHY-3001 : Low accelerating rate: 3.36. This may happen when it is heavy-loaded.
OPT-1001 : Total overflow 6.75 peak overflow 2.19
PHY-3001 : Spreading for sector grids.
PHY-3001 : Iter 1, total overflow: 0
PHY-3001 : tot_capacity: 12, usage_cnt: 2, movable_cnt: 12
PHY-3001 : End spreading;  0.018448s wall, 0.015625s user + 0.000000s system = 0.015625s CPU (84.7%)

PHY-3001 : Final: Len = 6273.2, Over = 3.3125
PHY-3001 : End incremental placement;  0.398730s wall, 1.000000s user + 0.187500s system = 1.187500s CPU (297.8%)

OPT-1001 : Total overflow 6.75 peak overflow 2.19
RUN-1001 : HFN opt statistic
RUN-1001 : ------------------------------------------------------
RUN-1001 :   DriverCell type  |  HFN count  |  Duplicated count  
RUN-1001 : ------------------------------------------------------
RUN-1001 :         REG        |      1      |         2          
RUN-1001 :        LUT6        |      0      |         0          
RUN-1001 :        LUT5        |      0      |         0          
RUN-1001 :        LUT4        |      0      |         0          
RUN-1001 :        LUT3        |      0      |         0          
RUN-1001 :        LUT2        |      0      |         0          
RUN-1001 :        TOTAL       |      1      |         2          
RUN-1001 : ------------------------------------------------------
OPT-1001 : End high-fanout net optimization;  0.430686s wall, 1.031250s user + 0.187500s system = 1.218750s CPU (283.0%)

OPT-1001 : Update timing in Manhattan mode
OPT-1001 : End timing update;  0.014463s wall, 0.015625s user + 0.000000s system = 0.015625s CPU (108.0%)

OPT-1001 : Current memory(MB): used = 375, reserved = 364, peak = 375.
OPT-1001 : End Stage 2.7.1 | Synthesize High-fanout Net; Time: 0.447147s wall, 1.046875s user + 0.187500s system = 1.234375s CPU (276.1%); Memory(MB): used = 375, reserved = 364, peak = 375;

OPT-1001 : Stage 2.7.2 | Global Optimization
OPT-1001 : Start global optimization ...
OPT-0007 : Start: SWNS 599 STNS 0 NUM_FEPS 0
OPT-1001 : Start congestion update ...
RUN-1001 : Generating global routing grids ...
PHY-1001 : Generate routing nets ...
PHY-1001 : Reuse net number 50/64.
PHY-1001 : Global iterations in 20 thread ...
PHY-1002 : len = 6480, over cnt = 4(0%), over = 25, worst = 8
PHY-1002 : len = 7184, over cnt = 2(0%), over = 2, worst = 1
PHY-1002 : len = 7248, over cnt = 0(0%), over = 0, worst = 0
PHY-1001 : End global iterations;  0.013077s wall, 0.015625s user + 0.000000s system = 0.015625s CPU (119.5%)

PHY-1001 : Congestion index:
PHY-1001 : top1  = 9.25(S 2.89, N 6.45, E 6.43, W 2.64, I 12.20, O 17.02)
PHY-1001 : top5  = 2.62(S 0.57, N 1.38, E 1.29, W 0.52, I 2.41, O 3.37)
PHY-1001 : top10 = 1.31(S 0.29, N 0.69, E 0.64, W 0.26, I 1.21, O 1.68)
PHY-1001 : top15 = 0.87(S 0.19, N 0.46, E 0.43, W 0.17, I 0.80, O 1.12)
OPT-1001 : End congestion update;  0.041578s wall, 0.031250s user + 0.000000s system = 0.031250s CPU (75.2%)

OPT-0007 : Iter 1: improved SWNS 609 STNS 0 NUM_FEPS 0 with 3 cells processed and 10 slack improved
OPT-0007 : Iter 2: improved SWNS 609 STNS 0 NUM_FEPS 0 with 0 cells processed and 0 slack improved
OPT-1001 : Overall commit ratio 1.00
OPT-1001 : End global optimization;  0.042648s wall, 0.031250s user + 0.000000s system = 0.031250s CPU (73.3%)

OPT-1001 : Current memory(MB): used = 376, reserved = 364, peak = 376.
OPT-1001 : End Stage 2.7.2 | Global Optimization; Time: 0.045693s wall, 0.046875s user + 0.000000s system = 0.046875s CPU (102.6%); Memory(MB): used = 376, reserved = 364, peak = 376;

OPT-0007 : End flow prepack: SWNS 609 STNS 0 NUM_FEPS 0
OPT-1001 : End physical optimization;  0.497003s wall, 1.093750s user + 0.187500s system = 1.281250s CPU (257.8%)

PHY-1001 : End Stage 2.7 | Optimize Design; Time: 0.497135s wall, 1.093750s user + 0.187500s system = 1.281250s CPU (257.7%); Memory(MB): used = 376, reserved = 364, peak = 376;

PHY-1001 : Stage 2.8 | Pack and Legalization
PHY-1001 : Stage 2.8.1 | Direct Legalization
PHY-3001 : Start Direct Legalization ...
PHY-3001 : Get top1 grid util = 0.045241, top1_avg = 0.045241.
PHY-1001 : Populate physical database on model positive_hd60_top.
PHY-3001 : Target density is 60%
PHY-3001 : Before Legalization for Slice Macros, Len = 6329.8.
RUN-1001 : Legalization top10 inst displacement:
RUN-1001 : ---------------------------------------------------------------------------------------------------------------------
RUN-1001 :   Index  |  Bounded  |  Height  |        Location        |  Disp. (slots)  |  Disp. (grids)  |         Name          
RUN-1001 : ---------------------------------------------------------------------------------------------------------------------
RUN-1001 :     1    |     N     |    12    |  x36y47z1 to x36y47z0  |        1        |        0        |  u_video/add1_syn_74  
RUN-1001 : ---------------------------------------------------------------------------------------------------------------------
PHY-3001 : After Legalization for Slice Macros, Len = 6366.8.
RUN-1001 : Generating global routing grids ...
PHY-1001 : Generate routing nets ...
PHY-1001 : Reuse net number 59/66.
RUN-1002 : start command "update_timing -mode MANHATTAN"
RUN-1002 : start command "start_timer"
PHY-1001 : Global iterations in 20 thread ...
PHY-1002 : len = 7264, over cnt = 1(0%), over = 1, worst = 1
PHY-1002 : len = 7264, over cnt = 1(0%), over = 1, worst = 1
PHY-1002 : len = 7296, over cnt = 0(0%), over = 0, worst = 0
PHY-1001 : End global iterations;  0.007189s wall, 0.000000s user + 0.015625s system = 0.015625s CPU (217.3%)

PHY-1001 : Congestion index:
PHY-1001 : top1  = 9.09(S 2.89, N 6.41, E 6.51, W 2.64, I 12.03, O 17.02)
PHY-1001 : top5  = 2.63(S 0.57, N 1.38, E 1.32, W 0.52, I 2.38, O 3.37)
PHY-1001 : top10 = 1.32(S 0.29, N 0.69, E 0.66, W 0.26, I 1.19, O 1.68)
PHY-1001 : top15 = 0.88(S 0.19, N 0.46, E 0.44, W 0.17, I 0.79, O 1.12)
PHY-3001 : Total Iter 69, legal = 200 / 200 (100.00%), avg_move = 48.97, max_move = 308.
PHY-3001 : There are no illegal insts.
PHY-1001 : Populate physical database on model positive_hd60_top.
PHY-3001 : End Direct Legalization;  3.317287s wall, 26.687500s user + 0.343750s system = 27.031250s CPU (814.9%)

RUN-1001 : Summary of LUT-FF Pairs
RUN-1001 : -------------------------------------------------------------
RUN-1001 :   Num of Fanout Seqs  |  1x  |  2x  |  3~5  |  6~10  |  >10  
RUN-1001 : -------------------------------------------------------------
RUN-1001 :         Total         |  80  |  0   |   0   |   0    |   0   
RUN-1001 :          Grid         |  80  |  0   |   0   |   0    |   0   
RUN-1001 :          Bank         |  79  |  0   |   0   |   0    |   0   
RUN-1001 :         Paired        |  79  |  0   |   0   |   0    |   0   
RUN-1001 : -------------------------------------------------------------
RUN-1001 : Summary of LUT Pairs
RUN-1001 : ---------------------------------------------------------------------------------------------------------------------
RUN-1001 :            |           |           |           |           |           |  O5 + O6  |  Only O5  |  Only O6  |  Total  
RUN-1001 : ---------------------------------------------------------------------------------------------------------------------
RUN-1001 :   5 Share  |  4 Share  |  3 Share  |  2 Share  |  1 Share  |  0 Share  |           |           |           |         
RUN-1001 :      0     |     2     |     5     |    13     |    13     |    12     |    45     |    19     |    17     |   81    
RUN-1001 : ---------------------------------------------------------------------------------------------------------------------
PHY-1001 : End Stage 2.8.1 | Direct Legalization; Time: 3.318157s wall, 26.687500s user + 0.343750s system = 27.031250s CPU (814.6%); Memory(MB): used = 391, reserved = 379, peak = 392;

PHY-3001 : Target density is 60%
PHY-3001 : After Direct Legalization, Len = 11056.
PHY-1001 : End Stage 2.8 | Pack and Legalization; Time: 3.321948s wall, 26.687500s user + 0.343750s system = 27.031250s CPU (813.7%); Memory(MB): used = 392, reserved = 379, peak = 392;

RUN-1002 : start command "start_timer"
PHY-1001 : End Stage 2 | Global Placement; Time: 4.976247s wall, 30.250000s user + 1.609375s system = 31.859375s CPU (640.2%); Memory(MB): used = 392, reserved = 379, peak = 392;

PHY-1001 : Stage 3 | Detailed Placement
PHY-1001 : Stage 3.1 | SLICE Detailed Placement
PHY-1001 : Stage 3.1.1 | Spreading
PHY-3001 : Design contains 1 ce signals.
PHY-3001 : Spreading for sector grids.
PHY-3001 : Iter 1, total overflow: 0
PHY-3001 : tot_capacity: 24, usage_cnt: 3, movable_cnt: 23
PHY-3001 : Spreading for clock grids.
PHY-3001 : clock grid count for 24 x 4 grids
PHY-3001 : Spreading for plb grids.
PHY-3001 : total displace: 0, max displace: 0.
PHY-3001 : End spreading;  0.008497s wall, 0.000000s user + 0.000000s system = 0.000000s CPU (n/a%)

PHY-1001 : End Stage 3.1.1 | Spreading; Time: 0.008597s wall, 0.000000s user + 0.000000s system = 0.000000s CPU (n/a%); Memory(MB): used = 392, reserved = 379, peak = 392;

PHY-1001 : Stage 3.1.2 | Simulated Annealing Based DP
RUN-1001 : Generating global routing grids ...
PHY-1001 : Generate routing nets ...
PHY-1001 : Reuse net number 0/77.
PHY-1001 : Global iterations in 20 thread ...
PHY-1002 : len = 11392, over cnt = 3(0%), over = 4, worst = 2
PHY-1002 : len = 11632, over cnt = 1(0%), over = 1, worst = 1
PHY-1002 : len = 11664, over cnt = 0(0%), over = 0, worst = 0
PHY-1001 : End global iterations;  0.014291s wall, 0.015625s user + 0.000000s system = 0.015625s CPU (109.3%)

PHY-1001 : Congestion index:
PHY-1001 : top1  = 11.52(S 4.33, N 5.78, E 7.73, W 7.76, I 8.44, O 10.94)
PHY-1001 : top5  = 3.59(S 0.93, N 1.38, E 1.86, W 1.60, I 1.67, O 2.16)
PHY-1001 : top10 = 1.79(S 0.46, N 0.69, E 0.93, W 0.80, I 0.84, O 1.08)
PHY-1001 : top15 = 1.20(S 0.31, N 0.46, E 0.62, W 0.53, I 0.56, O 0.72)
PHY-0007 : Initial: WL Cost = 743.392, TD Cost = 1666.64, SWNS = 480, STNS = 0, Nums per T = 810, Range Limit = 4x8
PHY-0007 : Finally: WL Cost = 516.713, TD Cost = 759.029, WL Ratio = 0.695074, TD Ratio = 0.455424, SWNS = 675, STNS = 0
RUN-1001 : Print Detailed placement's Summary information
RUN-1001 : -----------------------------------------------------------------------------------------------------------------------------
RUN-1001 :           |  Total  |  Accept  |  Reject by overFlow  |  Reject by worseCost  |  Failed by noTarget  |  Failed by gridCheck  
RUN-1001 : -----------------------------------------------------------------------------------------------------------------------------
RUN-1001 :   Slices  |  6480   |   266    |          0           |         6150          |          0           |          64           
RUN-1001 :   Macros  |   84    |    1     |          0           |          83           |          0           |           0           
RUN-1001 : -----------------------------------------------------------------------------------------------------------------------------
PHY-1001 : End Stage 3.1.2 | Simulated Annealing Based DP; Time: 0.106646s wall, 0.078125s user + 0.015625s system = 0.093750s CPU (87.9%); Memory(MB): used = 392, reserved = 379, peak = 392;

PHY-3001 : End Detailed Place; 
PHY-3001 : Final: Len = 7684, Over = 0
PHY-1001 : End Stage 3.1 | SLICE Detailed Placement; Time: 0.118002s wall, 0.109375s user + 0.015625s system = 0.125000s CPU (105.9%); Memory(MB): used = 392, reserved = 379, peak = 392;

PHY-3001 : End Detailed Place; 
PHY-1001 : Stage 3.2 | Optimize Design
OPT-1001 : Start physical optimization ...
OPT-1001 : Total overflow 0.00 peak overflow 0.00
OPT-1001 : Stage 3.2.1 | Physical Optimization
OPT-1001 : Start high-fanout net optimization in optimize equivalent flow with medium effort ...
OPT-1001 : Clean unloaded insts before merging registers
PHY-1001 : Populate physical database on model positive_hd60_top.
PHY-1001 : Populate physical database on model positive_hd60_top.
OPT-1001 : Total overflow 0.00 peak overflow 0.00
OPT-1001 : End optimize duplicated nets. Total 2 instances are merged and 0 sinks are reconnected,  0.022089s wall, 0.015625s user + 0.000000s system = 0.015625s CPU (70.7%)

OPT-1001 : End high-fanout net optimization;  0.022183s wall, 0.015625s user + 0.000000s system = 0.015625s CPU (70.4%)

OPT-1001 : Update timing in Manhattan mode
RUN-1002 : start command "start_timer"
OPT-1001 : End timing update;  0.020613s wall, 0.015625s user + 0.000000s system = 0.015625s CPU (75.8%)

OPT-1001 : Current memory(MB): used = 392, reserved = 379, peak = 392.
OPT-1001 : End Stage 3.2.1 | Physical Optimization; Time: 0.043707s wall, 0.031250s user + 0.000000s system = 0.031250s CPU (71.5%); Memory(MB): used = 392, reserved = 379, peak = 392;

OPT-1001 : Stage 3.2.2 | Synthesize High-fanout Net
OPT-1001 : Start high-fanout net optimization in post-pack flow with medium effort ...
OPT-1001 : Start: SWNS 675 STNS 0 NUM_FEPS 0
OPT-1001 : Total overflow 0.00 peak overflow 0.00
DBG-001 :  select 0 high fanout candidates
DBG-001 :  crit level 1 net count 0 (fanout thres 50)
DBG-001 :  crit level 2 net count 0 (fanout thres 50)
DBG-001 :  crit level 3 net count 0 (fanout thres 40)
DBG-001 :  crit level 4 net count 0 (fanout thres 30)
DBG-001 :  crit level 5 net count 0 (fanout thres 30)
DBG-001 :  crit level 6 net count 0 (fanout thres 30)
PHY-1001 : Populate physical database on model positive_hd60_top.
OPT-1001 : 0 high-fanout net processed.
OPT-1001 : Total overflow 0.00 peak overflow 0.00
RUN-1001 : HFN opt statistic
RUN-1001 : ------------------------------------------------------
RUN-1001 :   DriverCell type  |  HFN count  |  Duplicated count  
RUN-1001 : ------------------------------------------------------
RUN-1001 :       LSLICE       |      0      |         0          
RUN-1001 :       MSLICE       |      0      |         0          
RUN-1001 :        TOTAL       |      0      |         0          
RUN-1001 : ------------------------------------------------------
OPT-1001 : End high-fanout net optimization;  0.004927s wall, 0.015625s user + 0.000000s system = 0.015625s CPU (317.1%)

OPT-1001 : Current memory(MB): used = 392, reserved = 379, peak = 392.
OPT-1001 : End Stage 3.2.2 | Synthesize High-fanout Net; Time: 0.005743s wall, 0.015625s user + 0.000000s system = 0.015625s CPU (272.1%); Memory(MB): used = 392, reserved = 379, peak = 392;

OPT-1001 : Stage 3.2.3 | Optimize Path
OPT-1001 : Start unpack path based optimization ...
OPT-0007 : Start: SWNS 675 STNS 0 NUM_FEPS 0 with mode 2
OPT-1001 : Start congestion update ...
RUN-1001 : Generating global routing grids ...
PHY-1001 : Generate routing nets ...
PHY-1001 : Reuse net number 22/88.
PHY-1001 : Global iterations in 20 thread ...
PHY-1002 : len = 8928, over cnt = 5(0%), over = 9, worst = 3
PHY-1002 : len = 9040, over cnt = 0(0%), over = 0, worst = 0
PHY-1001 : End global iterations;  0.012456s wall, 0.015625s user + 0.000000s system = 0.015625s CPU (125.4%)

PHY-1001 : Congestion index:
PHY-1001 : top1  = 9.79(S 4.19, N 7.11, E 7.26, W 3.81, I 8.42, O 10.77)
PHY-1001 : top5  = 2.95(S 0.83, N 1.63, E 1.67, W 0.75, I 1.67, O 2.13)
PHY-1001 : top10 = 1.48(S 0.42, N 0.81, E 0.83, W 0.38, I 0.83, O 1.07)
PHY-1001 : top15 = 0.98(S 0.28, N 0.54, E 0.56, W 0.25, I 0.56, O 0.71)
OPT-1001 : End congestion update;  0.039345s wall, 0.031250s user + 0.000000s system = 0.031250s CPU (79.4%)

OPT-0007 : Iter 1: improved SWNS 939 STNS 0 NUM_FEPS 0 with 1(6) cells and 3(3) paths processed with 264 slack improved, crit_thod: 675 ratio: 1.00(1/1) rt: 0.0s
OPT-0007 : Iter 2: improved SWNS 939 STNS 0 NUM_FEPS 0 with 0(6) cells and 3(3) paths processed with 0 slack improved, crit_thod: 939 ratio: -1.00(0/0) rt: 0.0s
OPT-1001 : End path based optimization;  0.048261s wall, 0.046875s user + 0.000000s system = 0.046875s CPU (97.1%)

OPT-1001 : Current memory(MB): used = 393, reserved = 379, peak = 393.
OPT-1001 : End Stage 3.2.3 | Optimize Path; Time: 0.049132s wall, 0.046875s user + 0.000000s system = 0.046875s CPU (95.4%); Memory(MB): used = 393, reserved = 379, peak = 393;

OPT-1001 : Stage 3.2.4 | Optimize Duplicated Nets
OPT-1001 : Start: WNS 939 TNS 0 NUM_FEPS 0
OPT-1001 : Clean unloaded insts before merging registers
PHY-1001 : Populate physical database on model positive_hd60_top.
PHY-1001 : Populate physical database on model positive_hd60_top.
OPT-1001 : Total overflow 0.00 peak overflow 0.00
OPT-1001 : End optimize duplicated nets. Total 0 instances are merged and 0 sinks are reconnected,  0.014501s wall, 0.015625s user + 0.000000s system = 0.015625s CPU (107.8%)

OPT-1001 : Update timing in Manhattan mode
RUN-1002 : start command "start_timer"
OPT-1001 : End timing update;  0.021827s wall, 0.015625s user + 0.000000s system = 0.015625s CPU (71.6%)

OPT-1001 : Current memory(MB): used = 393, reserved = 379, peak = 393.
OPT-1001 : End Stage 3.2.4 | Optimize Duplicated Nets; Time: 0.037540s wall, 0.031250s user + 0.000000s system = 0.031250s CPU (83.2%); Memory(MB): used = 393, reserved = 379, peak = 393;

OPT-1001 : Stage 3.2.5 | Swap Pins
OPT-1001 : Start pin optimization...
OPT-1001 : Start: SWNS 939 STNS 0 NUM_FEPS 0
OPT-1001 : Successfully optimized 2 instances
OPT-1001 : Successfully optimized 0 instances
OPT-1001 : End pin optimization;  0.003308s wall, 0.015625s user + 0.000000s system = 0.015625s CPU (472.4%)

OPT-1001 : Current memory(MB): used = 393, reserved = 379, peak = 393.
OPT-1001 : End Stage 3.2.5 | Swap Pins; Time: 0.004170s wall, 0.015625s user + 0.000000s system = 0.015625s CPU (374.7%); Memory(MB): used = 393, reserved = 379, peak = 393;

OPT-1001 : Stage 3.2.6 | Optimize Beeline
OPT-1001 : Start beeline optimization...
OPT-1001 : Start: SWNS 939 STNS 0 NUM_FEPS 0
PHY-1001 : Beeline DP, 9 out of 23 (39.13)%; hop = 9.
PHY-1001 : Beeline optimization intraPLB, 34 1-hop(37.36%), 47 2-hop(51.65%), 7 3-hop( 7.69%), 3 others ( 3.30%)
PHY-1001 :  0.143433s wall, 0.078125s user + 0.015625s system = 0.093750s CPU (65.4%)

RUN-1001 : Beeline optimization outerPLB: 1-hop 22, 2-hop 40, 3-hop 17, 4-hop 3, other 11 
OPT-1001 : End beeline optimization;  0.165052s wall, 0.093750s user + 0.015625s system = 0.109375s CPU (66.3%)

OPT-1001 : Update timing in Manhattan mode
OPT-1001 : End timing update;  0.006849s wall, 0.000000s user + 0.000000s system = 0.000000s CPU (n/a%)

OPT-1001 : End Stage 3.2.6 | Optimize Beeline; Time: 0.182950s wall, 0.109375s user + 0.015625s system = 0.125000s CPU (68.3%); Memory(MB): used = 406, reserved = 392, peak = 406;

OPT-0007 : End flow postpack: SWNS 939 STNS 0 NUM_FEPS 0
RUN-1001 : Generating global routing grids ...
PHY-1001 : Generate routing nets ...
PHY-1001 : Reuse net number 70/79.
PHY-1001 : Global iterations in 20 thread ...
PHY-1002 : len = 9152, over cnt = 1(0%), over = 1, worst = 1
PHY-1002 : len = 9296, over cnt = 0(0%), over = 0, worst = 0
PHY-1001 : End global iterations;  0.004124s wall, 0.000000s user + 0.000000s system = 0.000000s CPU (n/a%)

PHY-1001 : Congestion index:
PHY-1001 : top1  = 9.48(S 4.11, N 6.66, E 7.10, W 4.99, I 8.42, O 10.77)
PHY-1001 : top5  = 2.96(S 0.81, N 1.54, E 1.67, W 0.99, I 1.67, O 2.13)
PHY-1001 : top10 = 1.48(S 0.41, N 0.77, E 0.83, W 0.49, I 0.83, O 1.07)
PHY-1001 : top15 = 0.99(S 0.27, N 0.51, E 0.56, W 0.33, I 0.56, O 0.71)
RUN-1001 : QoR Analysis:
OPT-0007 :   SWNS 939 STNS 0 NUM_FEPS 0
RUN-1001 :   No local congestion issue, and most congested 1% tile average routing util is 9.131579
RUN-1001 :   Top critical paths
RUN-1001 :       #1 path slack 939ps with logic level 2 
RUN-1001 :       #2 path slack 939ps with logic level 2 
RUN-1001 :       #3 path slack 939ps with logic level 2 
RUN-1001 :       #4 path slack 1020ps with logic level 2 
OPT-1001 : End physical optimization;  0.359454s wall, 0.296875s user + 0.015625s system = 0.312500s CPU (86.9%)

PHY-1001 : End Stage 3.2 | Optimize Design; Time: 0.359562s wall, 0.296875s user + 0.015625s system = 0.312500s CPU (86.9%); Memory(MB): used = 406, reserved = 392, peak = 406;

RUN-1001 : Report Control nets information:
RUN-1001 : DFF Distribution
RUN-1001 : -------------------------------------
RUN-1001 :   CE   |  SSR  |  ASR  |  DFF Count  
RUN-1001 : -------------------------------------
RUN-1001 :   No   |  No   |  No   |      0      
RUN-1001 :   No   |  No   |  Yes  |      0      
RUN-1001 :   No   |  Yes  |  No   |      0      
RUN-1001 :   Yes  |  No   |  No   |     13      
RUN-1001 :   Yes  |  No   |  Yes  |     88      
RUN-1001 :   Yes  |  Yes  |  No   |      0      
RUN-1001 : -------------------------------------
RUN-1001 : Control Group Statistic
RUN-1001 : -----------------------------
RUN-1001 :   #CLK  |  #CE  |  #SSR/ASR  
RUN-1001 : -----------------------------
RUN-1001 :    2    |   6   |     4      
RUN-1001 : -----------------------------
RUN-0007 : Control Set = 11
PHY-1001 : End Stage 3 | Detailed Placement; Time: 0.479302s wall, 0.406250s user + 0.031250s system = 0.437500s CPU (91.3%); Memory(MB): used = 406, reserved = 392, peak = 406;

PHY-1001 : Populate physical database on model positive_hd60_top.
PHY-1001 : Stage 4 | Optimize Design
PHY-3001 : Start incremental legalization ...
PHY-1001 : Populate physical database on model positive_hd60_top.
PHY-3001 : Target density is 60%
PHY-3001 : Target density is 60%
PHY-3001 : Initial: Len = 8083.6, Over = 0
PHY-1001 : Stage 4.1 | Spreading
PHY-3001 : Design contains 1 ce signals.
PHY-3001 : Spreading for sector grids.
PHY-3001 : Iter 1, total overflow: 0
PHY-3001 : tot_capacity: 12, usage_cnt: 2, movable_cnt: 12
PHY-3001 : Spreading for clock grids.
PHY-3001 : clock grid count for 24 x 4 grids
PHY-3001 : Spreading for plb grids.
PHY-3001 : total displace: 0, max displace: 0.
PHY-3001 : End spreading;  0.009489s wall, 0.015625s user + 0.000000s system = 0.015625s CPU (164.7%)

PHY-1001 : End Stage 4.1 | Spreading; Time: 0.009587s wall, 0.015625s user + 0.000000s system = 0.015625s CPU (163.0%); Memory(MB): used = 406, reserved = 392, peak = 406;

PHY-3001 : Final: Len = 8083.6, Over = 0
PHY-3001 : End incremental legalization;  0.020968s wall, 0.015625s user + 0.000000s system = 0.015625s CPU (74.5%)

RUN-1002 : start command "report_qor -step place -file place.qor"
RUN-1002 : start command "start_timer"
TMR-2502 : Net delay update with mode: Placed
RUN-1001 : Generating global routing grids ...
-----------------------------------------------------------
| QoR metrics               |         value               |
-----------------------------------------------------------
| Timing                    |                             |
|     Setup WNS             |          939                |
|     Setup TNS             |            0                |
|     Num of violated S-EP  |            0                |
|     FMAX                  |   570.125MHz                |
|     SWNS path clock period |       2693ps                |
|     Hold WNS              |           48                |
|     Hold TNS              |            0                |
|     Num of violated H-EP  |            0                |
-----------------------------------------------------------
| Routing Resource          |                             |
|     Wire length           |         8057                |
|     Route Net Num         |          140                |
|     DontRoute Net Num     |           30                |
|     RouteSinks Num        |          466                |
-----------------------------------------------------------
| Utilization               |                             |
|     #slices               |           90                |
|     slices percentage     |        0.42%                |
|     #RAMs                 |            0                |
|     #DSPs                 |            0                |
|     #DRAMHARDCON          |            0                |
-----------------------------------------------------------
| Congestion                |                             |
|     Top 1% tile util      |            6                |
|     Top 1% tile avg util  |        9.13%                |
|     Over 100% util #tile  |            0                |
-----------------------------------------------------------
Report place stage QoR done.

PHY-1001 : End Stage 4 | Optimize Design; Time: 0.122697s wall, 0.093750s user + 0.015625s system = 0.109375s CPU (89.1%); Memory(MB): used = 407, reserved = 392, peak = 407;

PHY-1001 : Stage 5 | DRC Check
PHY-1001 : Stage 5.1 | Slice Attributes Check
PHY-1001 : Check pass.
PHY-1001 : End Stage 5.1 | Slice Attributes Check; Time: 0.000491s wall, 0.000000s user + 0.000000s system = 0.000000s CPU (n/a%); Memory(MB): used = 407, reserved = 392, peak = 407;

PHY-1001 : Stage 5.2 | Clock Bound Check
PHY-1001 : Check pass.
PHY-1001 : End Stage 5.2 | Clock Bound Check; Time: 0.000057s wall, 0.000000s user + 0.000000s system = 0.000000s CPU (n/a%); Memory(MB): used = 407, reserved = 392, peak = 407;

PHY-1001 : Stage 5.3 | Force Route Constraint Check
PHY-1001 : Check Pass.
PHY-1001 : End Stage 5.3 | Force Route Constraint Check; Time: 0.000074s wall, 0.000000s user + 0.000000s system = 0.000000s CPU (n/a%); Memory(MB): used = 407, reserved = 392, peak = 407;

PHY-1001 : Stage 5.4 | Sigmap Check
PHY-1001 : Check pass.
PHY-1001 : End Stage 5.4 | Sigmap Check; Time: 0.000467s wall, 0.000000s user + 0.000000s system = 0.000000s CPU (n/a%); Memory(MB): used = 407, reserved = 392, peak = 407;

PHY-1001 : Stage 5.5 | Duplicated SelfDriven Check
PHY-1001 : Check pass.
PHY-1001 : End Stage 5.5 | Duplicated SelfDriven Check; Time: 0.003048s wall, 0.000000s user + 0.000000s system = 0.000000s CPU (n/a%); Memory(MB): used = 407, reserved = 392, peak = 407;

PHY-1001 : Stage 5.6 | Clock Rule Check
PHY-1001 : End Stage 5.6 | Clock Rule Check; Time: 0.000620s wall, 0.000000s user + 0.000000s system = 0.000000s CPU (n/a%); Memory(MB): used = 407, reserved = 392, peak = 407;

PHY-1001 : End Stage 5 | DRC Check; Time: 0.028941s wall, 0.000000s user + 0.015625s system = 0.015625s CPU (54.0%); Memory(MB): used = 407, reserved = 392, peak = 407;

OPT-1001 : QoR tracer report on placement steps:
    SWNS [   incr ]    STNS [   incr ]    FEPS [   incr ]    CRIT [   incr ]      CELL [     incr ]        WL [     incr ]    CONG [   incr ]    PDES [   incr ]   RT(s) [   incr ]   MEM(mb) [     incr ]
       0 [      0 ]       0 [      0 ]       0 [      0 ]       0 [      0 ]       232 [        0 ]         0 [        0 ]    0.00 [   0.00 ]       0 [      0 ]       0 [      0 ]       335 [        0 ] : preplace:simplify_lut
       0 [      0 ]       0 [      0 ]       0 [      0 ]       0 [      0 ]       232 [        0 ]         0 [        0 ]    0.00 [   0.00 ]       0 [      0 ]       0 [      0 ]       335 [        0 ] : preplace:sweep
       0 [      0 ]       0 [      0 ]       0 [      0 ]       0 [      0 ]       232 [        0 ]         0 [        0 ]    0.00 [   0.00 ]       0 [      0 ]       0 [      0 ]       335 [        0 ] : preplace:lut_merge
       0 [      0 ]       0 [      0 ]       0 [      0 ]       0 [      0 ]       232 [        0 ]         0 [        0 ]    0.00 [   0.00 ]       0 [      0 ]       0 [      0 ]       335 [        0 ] : preplace:hfn_opt
    -543 [   -543 ]   -2724 [  -2724 ]       8 [      8 ]    1342 [   1342 ]       233 [        1 ]     12431 [    12431 ]    0.00 [   0.00 ]       0 [      0 ]       0 [      0 ]       342 [        7 ] : step1_gp
    -543 [      0 ]   -2724 [      0 ]       8 [      0 ]    1342 [      0 ]       233 [        0 ]     12431 [        0 ]    0.00 [   0.00 ]       0 [      0 ]       0 [      0 ]       342 [        0 ] : step1_legal
    -543 [      0 ]   -2724 [      0 ]       8 [      0 ]    1342 [      0 ]       233 [        0 ]     12431 [        0 ]    0.00 [   0.00 ]       0 [      0 ]       0 [      0 ]       342 [        0 ] : step1_dp
     410 [    953 ]       0 [   2724 ]       0 [     -8 ]    1454 [    112 ]       233 [        0 ]      6102 [    -6329 ]   15.68 [  15.68 ]       0 [      0 ]       1 [      1 ]       374 [       32 ] : step2_gp
     410 [      0 ]       0 [      0 ]       0 [      0 ]    1454 [      0 ]       233 [        0 ]      6102 [        0 ]   15.68 [   0.00 ]       0 [      0 ]       1 [      0 ]       374 [        0 ] : step2_dp
     410 [      0 ]       0 [      0 ]       0 [      0 ]    1454 [      0 ]       233 [        0 ]      6102 [        0 ]   15.68 [   0.00 ]       0 [      0 ]       1 [      0 ]       374 [        0 ] : prepack_spreading
     599 [    189 ]       0 [      0 ]       0 [      0 ]    1454 [      0 ]       235 [        2 ]      6213 [      111 ]    9.45 [  -6.24 ]       0 [      0 ]       1 [      0 ]       375 [        1 ] : prepack:hfn_opt
     609 [     10 ]       0 [      0 ]       0 [      0 ]    1454 [      0 ]       235 [        0 ]      6293 [       80 ]    8.95 [  -0.50 ]       0 [      0 ]       1 [      0 ]       376 [        1 ] : prepack:global_opt
     480 [   -129 ]       0 [      0 ]       0 [      0 ]    1497 [     43 ]       110 [     -125 ]     11029 [     4736 ]    8.79 [  -0.16 ]       0 [      0 ]       5 [      4 ]       392 [       16 ] : direct_legalization
     480 [      0 ]       0 [      0 ]       0 [      0 ]    1497 [      0 ]       110 [        0 ]     11029 [        0 ]    8.79 [   0.00 ]       0 [      0 ]       5 [      0 ]       392 [        0 ] : post_pack_spreading
     675 [    195 ]       0 [      0 ]       0 [      0 ]    1623 [    126 ]       110 [        0 ]      7657 [    -3372 ]   11.08 [   2.29 ]       0 [      0 ]       5 [      0 ]       392 [        0 ] : post_pack_dp
     675 [      0 ]       0 [      0 ]       0 [      0 ]    1623 [      0 ]       109 [       -1 ]      7551 [     -106 ]   11.08 [   0.00 ]       0 [      0 ]       5 [      0 ]       392 [        0 ] : postpack:optimize_equivalent_quick
     675 [      0 ]       0 [      0 ]       0 [      0 ]    1623 [      0 ]       109 [        0 ]      7551 [        0 ]   11.08 [   0.00 ]       0 [      0 ]       5 [      0 ]       392 [        0 ] : postpack:hfn_opt
     939 [    264 ]       0 [      0 ]       0 [      0 ]    1623 [      0 ]       108 [       -1 ]      7743 [      192 ]    9.45 [  -1.63 ]       0 [      0 ]       5 [      0 ]       393 [        1 ] : postpack:path_opt
     939 [      0 ]       0 [      0 ]       0 [      0 ]    1623 [      0 ]       108 [        0 ]      7743 [        0 ]    9.45 [   0.00 ]       0 [      0 ]       5 [      0 ]       393 [        0 ] : postpack:optimize_equivalent
     939 [      0 ]       0 [      0 ]       0 [      0 ]    1623 [      0 ]       108 [        0 ]      7743 [        0 ]    9.45 [   0.00 ]       0 [      0 ]       5 [      0 ]       393 [        0 ] : postpack:pin_opt
     939 [      0 ]       0 [      0 ]       0 [      0 ]    1623 [      0 ]       108 [        0 ]      8057 [      314 ]    9.45 [   0.00 ]       0 [      0 ]       5 [      0 ]       406 [       13 ] : postpack:beeline_opt

RUN-1003 : finish command "place" in  5.750904s wall, 30.812500s user + 1.687500s system = 32.500000s CPU (565.1%)

RUN-1004 : used memory is 407 MB, reserved memory is 392 MB, peak memory is 407 MB
RUN-1002 : start command "update_timing -mode manhattan"
RUN-1002 : start command "start_timer"
RUN-1002 : start command "report_timing_status -file positive_hd60_place.ts"
RUN-1002 : start command "report_timing_summary -file positive_hd60_place.timing"
RUN-1002 : start command "report_area -io_info -file positive_hd60_phy.area"
SYN-4034 : The count of slices with lut is 69.
SYN-4035 : The count of slices with lut+ripple is 12.
RUN-1001 : standard
***Report Model: positive_hd60_top Device: PH1P35MDG324***

Design Statistics
#IO                         6   out of    160    3.75%
  #input                    2
  #output                   4
  #inout                    0
#lut6                      81   out of  21216    0.38%
#reg                      101
  #slice reg              101   out of  42432    0.24%
  #pad reg                  0

Utilization Statistics
#slice                     90   out of  21216    0.42%
  #used ram                 0
    #dram lut               0
    #shifter lut            0
  #used logic              90
    #with luts             69
    #with adder            12
    #reg only               9
#f7mux                      0   out of  10608    0.00%
#f8mux                      0   out of   5304    0.00%
#eram                       0   out of    108    0.00%
  #eram20k                  0
  #fifo20k                  0
#dsp                        0   out of     40    0.00%
#ddr_byte                   0   out of     12    0.00%
#mipi_tx                    0   out of      2    0.00%
#mipi_rx                    0   out of      2    0.00%
#pad                       10   out of    160    6.25%
#pll                        2   out of      6   33.33%
#gclk                       3   out of     32    9.38%
#lclk                       0   out of     12    0.00%
#sclk                       0   out of     48    0.00%
#mlclk                      0   out of      6    0.00%
#ioclk                      0   out of     18    0.00%

RUN-1002 : start command "flow_status -file place_flow.status"
Location         : C:\Users\Li47\Desktop\aa\native_positive_hd60_r1_20261009\td_project\positive_hd60_Runs\phy_1
Running with     : Tang Dynasty v6.2.178840
                   Copyright (c) 2012-2025 Anlogic Inc.
Top Model        : positive_hd60_top
Device           : PH1P35MDG324
Speed            : 3

Timing Mode      : manhattan
Setup            : WNS   939ps  TNS        0ps  NUM_FEPS     0
Hold             : WNS    48ps  TNS        0ps  NUM_FEPS     0

Flow Statistics  :
RUN-1001 : Flow Statistics:
RUN-1001 : --------------------------------------------------------------------------------------------------
RUN-1001 :      command     |  #calls  |  wall time  |  cpu time(s)  |  used memory(mb)  |  peak memory(mb)  
RUN-1001 : --------------------------------------------------------------------------------------------------
RUN-1001 :       place      |    1     |   5s(71%)   |    31(96%)    |        407        |        407        
RUN-1001 :   import_device  |    1     |   2s(28%)   |     1(3%)     |        333        |        333        
RUN-1001 :     import_db    |    1     |   0s(0%)    |     0(0%)     |        334        |        334        
RUN-1001 : --------------------------------------------------------------------------------------------------
RUN-1001 :       total      |    3     |     7s      |      32       |        407        |        407        
RUN-1001 : --------------------------------------------------------------------------------------------------
RUN-1002 : start command "report_clock_utilization -file place_clock_utilization.txt"
RUN-1002 : start command "export_db positive_hd60_place.db"
RUN-1001 : Exported flow parameters
RUN-1001 : Exported /
RUN-1001 : Exported libs
RUN-1001 : Exported entities
RUN-1001 : Exported ports
RUN-1001 : Exported pins
RUN-1001 : Exported instances
RUN-1001 : Exported nets
RUN-1001 : Exported buses
RUN-1001 : Exported models
RUN-1001 : Exported phy database
RUN-1001 : Exported packer
RUN-1001 : Exported congestions
RUN-1001 : Exported violations
RUN-1001 : Exported ATMR Setting
RUN-1001 : Exported timing constraints
RUN-1001 : Exported IO constraints
RUN-1001 : Exported Inst constraints
RUN-1001 : Exported ChipWatcher
RUN-1002 : start command "commit_param -step route"
RUN-1001 : Print Global Property
RUN-1001 : -------------------------------------------------------------
RUN-1001 :     Parameters    |   Settings   |  Default Values  |  Note  
RUN-1001 : -------------------------------------------------------------
RUN-1001 :    enable_seed    |     off      |       off        |        
RUN-1001 :    hfn_to_clock   |  1000000000  |    1000000000    |        
RUN-1001 :      message      |   standard   |     standard     |        
RUN-1001 :    qor_monitor    |      on      |        on        |        
RUN-1001 :   speedup_effort  |      0       |        0         |        
RUN-1001 :    syn_ip_flow    |     off      |       off        |        
RUN-1001 :       thread      |     auto     |       auto       |        
RUN-1001 : -------------------------------------------------------------
RUN-1001 : Print Route Property
RUN-1001 : ---------------------------------------------------------------
RUN-1001 :       Parameters      |  Settings  |  Default Values  |  Note  
RUN-1001 : ---------------------------------------------------------------
RUN-1001 :         effort        |   normal   |      normal      |        
RUN-1001 :        fix_hold       |     on     |        on        |        
RUN-1001 :   hold_fix_iteration  |     5      |        5         |        
RUN-1001 :     post_route_opt    |    auto    |       auto       |        
RUN-1001 :         timing        |     on     |        on        |        
RUN-1001 : ---------------------------------------------------------------
RUN-1002 : start command "route"
RUN-1001 : Open license file D:/td6.2.1/license/Anlogic.lic
PHY-1001 : Reconnected 2 VDD pins with routing demanding
PHY-1001 : Populate physical database on model positive_hd60_top.
RUN-1001 : Dedicate pll clock connection statistics:
RUN-1001 : Clock Region s_0_l [0,0][23,39]; Utilization: 1 out of 12
RUN-1001 : --------------------------------------------------------------------------------------------------------------------------------------------------------------------------
RUN-1001 :   Index  |                             Leading Clock                              |                                     Special Sink                                      
RUN-1001 : --------------------------------------------------------------------------------------------------------------------------------------------------------------------------
RUN-1001 :     1    |  u_video/u_pll/u_output/ph1p_phy_pll_wrapper_25a56e5ce2f9_Inst/refclk  |  u_video/u_pll/u_output/ph1p_phy_pll_wrapper_25a56e5ce2f9_Inst/u_PH1P_PHY_PLL.refclk  
RUN-1001 : --------------------------------------------------------------------------------------------------------------------------------------------------------------------------
PHY-1001 : Working orders of clock nets being processed in bank assignment:
PHY-1001 : u_video/u_pll/u_output/ph1p_phy_pll_wrapper_25a56e5ce2f9_Inst/refclk;
PHY-1001 : u_video/u_phy/u0_lane_lvds_8_1/I_serial_clk_syn_1;
PHY-1001 : u_video/pixel;
PHY-1001 : Internal bound Intnl_25_40_19_40 is being created by clock u_video/u_pll/u_output/ph1p_phy_pll_wrapper_25a56e5ce2f9_Inst/u_PH1P_PHY_PLL.clkc[1] through SCLK.
RUN-1001 : Clock region assignment statistics:
RUN-1001 : Clock Region s_0_l [0,0][23,39]; Utilization: 1 out of 12
RUN-1001 : --------------------------------------------------------------------------------------------------------------------------------------------------------------------------------------------------
RUN-1001 :   Bank  |                             Leading Clock                              |       Type        |                             Buffer                              |  Regional Clock Fanouts  
RUN-1001 : --------------------------------------------------------------------------------------------------------------------------------------------------------------------------------------------------
RUN-1001 :    1    |  u_video/u_pll/u_output/ph1p_phy_pll_wrapper_25a56e5ce2f9_Inst/refclk  |  (infered sclk)   |  u_video/u_pll/u_ref/bufg_feedback_auto_created_sclk_s_0_l_bk1  |            1             
RUN-1001 : --------------------------------------------------------------------------------------------------------------------------------------------------------------------------------------------------
RUN-1001 : Clock Region s_1_r [24,40][43,79]; Utilization: 2 out of 12
RUN-1001 : ----------------------------------------------------------------------------------------------------------------------------------------------------------------------------------------------------------
RUN-1001 :   Bank  |                    Leading Clock                    |       Type        |                                           Buffer                                           |  Regional Clock Fanouts  
RUN-1001 : ----------------------------------------------------------------------------------------------------------------------------------------------------------------------------------------------------------
RUN-1001 :    1    |  u_video/u_phy/u0_lane_lvds_8_1/I_serial_clk_syn_1  |  (infered sclk)   |  u_video/u_phy/u0_lane_lvds_8_1/I_serial_clk_created_gclkinst_auto_created_sclk_s_1_r_bk1  |            37            
RUN-1001 :    2    |                    u_video/pixel                    |  (infered sclk)   |              u_video/u_pll/u_output/bufg_feedback_auto_created_sclk_s_1_r_bk2              |            36            
RUN-1001 : ----------------------------------------------------------------------------------------------------------------------------------------------------------------------------------------------------------
PHY-1001 : Populate physical database on model positive_hd60_top.
PHY-1001 : Route runs in 20 thread(s)
RUN-1001 : There are total 129 instances
RUN-1001 : 0 mslices, 90 lslices, 8 pads, 0 brams, 0 dsps
RUN-1001 : There are total 189 nets
RUN-1001 : 124 nets have 2 pins
RUN-1001 : 32 nets have [3 - 5] pins
RUN-1001 : 22 nets have [6 - 10] pins
RUN-1001 : 4 nets have [11 - 20] pins
RUN-1001 : 7 nets have [21 - 99] pins
RUN-1002 : start command "start_timer"
PHY-1001 : 0 mslices, 90 lslices, 8 pads, 0 brams, 0 dsps

PHY-1001 : Stage 1 | Global Routing
PHY-1001 : Start global routing, caller is route ...
RUN-1001 : Generating global routing grids ...
PHY-1001 : Generate routing nets ...
RUN-1001 : Generate nets statistics:
RUN-1001 : ---------------------------
RUN-1001 :        Type       |  Nets  
RUN-1001 : ---------------------------
RUN-1001 :   TotalRouteNets  |  143   
RUN-1001 :   DontRouteNets   |   64   
RUN-1001 :     RouteNets     |   79   
RUN-1001 :     RouteSinks    |  135   
RUN-1001 : ---------------------------
PHY-1001 : Global iterations in 20 thread ...
PHY-1002 : len = 8960, over cnt = 4(0%), over = 5, worst = 2
PHY-1002 : len = 9152, over cnt = 0(0%), over = 0, worst = 0
PHY-1001 : End global iterations;  0.017678s wall, 0.015625s user + 0.000000s system = 0.015625s CPU (88.4%)

PHY-1001 : Congestion index:
PHY-1001 : top1  = 9.56(S 3.95, N 6.37, E 7.26, W 5.48, I 8.42, O 10.77)
PHY-1001 : top5  = 2.97(S 0.78, N 1.48, E 1.70, W 1.08, I 1.67, O 2.13)
PHY-1001 : top10 = 1.49(S 0.39, N 0.74, E 0.85, W 0.54, I 0.83, O 1.07)
PHY-1001 : top15 = 0.99(S 0.26, N 0.49, E 0.57, W 0.36, I 0.56, O 0.71)
PHY-1001 : End global routing;  0.049579s wall, 0.031250s user + 0.015625s system = 0.046875s CPU (94.5%)

PHY-1001 : End Stage 1 | Global Routing; Time: 0.049743s wall, 0.031250s user + 0.015625s system = 0.046875s CPU (94.2%); Memory(MB): used = 410, reserved = 513, peak = 410;

PHY-1001 : Stage 2 | Detail Routing
PHY-1001 : Stage 2.1 | Build Routing Design
PHY-1001 : Routing in high effort: false
PHY-1001 : Routing Mode: normal
PHY-1001 : Generate detailed routing grids ...
RUN-1001 : Constructing routing connections ...
PHY-1001 : End build routing graph; 4.321579s wall, 20.828125s user + 0.109375s system = 20.937500s CPU (484.5%)

PHY-1001 : Generate nets ...
RUN-1001 : Generate nets statistics:
RUN-1001 : -----------------------------
RUN-1001 :         Type        |  Nets  
RUN-1001 : -----------------------------
RUN-1001 :        Route        |  160   
RUN-1001 :      DontRoute      |   29   
RUN-1001 :      RouteSinks     |  565   
RUN-1001 :   RouteEntitySinks  |   0    
RUN-1001 :       Lut2Dff       |   0    
RUN-1001 :       Ram2Dff       |   0    
RUN-1001 :      Carry2Dff      |   0    
RUN-1001 : -----------------------------
RUN-1001 : DR clock net summary:
RUN-1001 : ---------------------------------------------------------------------------------------------------
RUN-1001 :   Net Idx  |                                Net Name                                |  Clock Type  
RUN-1001 : ---------------------------------------------------------------------------------------------------
RUN-1001 :      1     |                            I_sys_clk_dup_1                             |    Normal    
RUN-1001 :      2     |                             u_video/pixel                              |    Normal    
RUN-1001 :      3     |              u_video/u_phy/u0_lane_lvds_8_1/I_serial_clk               |    Normal    
RUN-1001 :      4     |           u_video/u_phy/u0_lane_lvds_8_1/I_serial_clk_syn_1            |    Normal    
RUN-1001 :      5     |                    u_video/u_pll/u_output/clk0_buf                     |    Normal    
RUN-1001 :      6     |  u_video/u_pll/u_output/ph1p_phy_pll_wrapper_25a56e5ce2f9_Inst/refclk  |    Normal    
RUN-1001 :      7     |                      u_video/u_pll/u_ref/clk0_buf                      |    Normal    
RUN-1001 : ---------------------------------------------------------------------------------------------------
RUN-1001 : DR clock buffer summary:
RUN-1001 : ----------------------------------------------------------------------------------------------------
RUN-1001 :   Idx  |                                            Name                                            
RUN-1001 : ----------------------------------------------------------------------------------------------------
RUN-1001 :    1   |               u_video/u_pll/u_ref/bufg_feedback_auto_created_sclk_s_0_l_bk1                
RUN-1001 :    2   |  u_video/u_phy/u0_lane_lvds_8_1/I_serial_clk_created_gclkinst_auto_created_sclk_s_1_r_bk1  
RUN-1001 :    3   |              u_video/u_pll/u_output/bufg_feedback_auto_created_sclk_s_1_r_bk2              
RUN-1001 : ----------------------------------------------------------------------------------------------------
PHY-1001 : End Stage 2.1 | Build Routing Design; Time: 4.329245s wall, 20.828125s user + 0.109375s system = 20.937500s CPU (483.6%); Memory(MB): used = 702, reserved = 687, peak = 702;

RUN-1001 : Top Percentage Crit. Net Stat.
RUN-1001 : -------------------------------------------------------
RUN-1001 :   Top %  |  Net Count  |  Avg. Fanout  |  Avg. Slack   
RUN-1001 : -------------------------------------------------------
RUN-1001 :     1    |      1      |   55.000000   |  939.000000   
RUN-1001 :     2    |      3      |   26.333333   |  1108.666667  
RUN-1001 :     3    |      5      |   16.800000   |  1268.400000  
RUN-1001 :     4    |      7      |   12.714286   |  1346.857143  
RUN-1001 :     5    |      9      |   10.444444   |  1407.000000  
RUN-1001 :     6    |     11      |   8.727273    |  1462.000000  
RUN-1001 :     7    |     13      |   7.538462    |  1510.384615  
RUN-1001 :     8    |     15      |   6.666667    |  1549.466667  
RUN-1001 :     9    |     17      |   6.000000    |  1581.411765  
RUN-1001 :    10    |     18      |   5.722222    |  1594.777778  
RUN-1001 : -------------------------------------------------------
PHY-1001 : Stage 2.2 | Tile Base Routing
PHY-1001 : 5 nets need to preroute.
PHY-1001 : len = 0, over cnt = 0(0%), over = 0, worst = 0, crit = 0
PHY-1001 : End Stage 2.2 | Tile Base Routing; Time: 0.020820s wall, 0.015625s user + 0.000000s system = 0.015625s CPU (75.0%); Memory(MB): used = 703, reserved = 687, peak = 703;

PHY-1001 : Stage 2.3 | Clock Nets Routing
PHY-1001 : Routed 6% nets.
PHY-1001 : len = 12336, over cnt = 0(0%), over = 0, worst = 0, crit = 0
PHY-1001 : End Stage 2.3 | Clock Nets Routing; Time: 0.075508s wall, 0.078125s user + 0.000000s system = 0.078125s CPU (103.5%); Memory(MB): used = 708, reserved = 692, peak = 708;

PHY-1001 : Stage 2.4 | Routing Initialization
PHY-1001 : Mark 1% net(place mode slack < 939ps) as critical nets.
PHY-1001 : Stage 2.4.1 | Normal Nets Routing

PHY-1001 : Routed 81% nets.
PHY-1001 : len = 24224, over cnt = 44(0%), over = 45, worst = 2, crit = 0
PHY-1001 : End Stage 2.4.1 | Normal Nets Routing; Time: 0.114778s wall, 0.109375s user + 0.000000s system = 0.109375s CPU (95.3%); Memory(MB): used = 725, reserved = 710, peak = 725;

PHY-1001 : Stage 2.4.2 | Update Timing
RUN-1002 : start command "start_timer"
PHY-1001 : 2/143(1%) critical/total net(s).
PHY-1001 : Setup: WNS(ns) = -0.032, TNS(ns) = -0.032, FEP = 1 | Hold: WNS(ns) = -0.028, TNS(ns) = -0.038, FEP = 2.
PHY-1001 : End Stage 2.4.2 | Update Timing; Time: 0.155924s wall, 0.156250s user + 0.000000s system = 0.156250s CPU (100.2%); Memory(MB): used = 726, reserved = 711, peak = 726;

PHY-1001 : Stage 2.4.3 | Deskew Clock Tree
PHY-1001 : 2/143(1%) critical/total net(s).
PHY-1001 : Setup: WNS(ns) = -0.032, TNS(ns) = -0.032, FEP = 1 | Hold: WNS(ns) = -0.028, TNS(ns) = -0.038, FEP = 2.
PHY-1001 : End Stage 2.4.3 | Deskew Clock Tree; Time: 0.156524s wall, 0.156250s user + 0.000000s system = 0.156250s CPU (99.8%); Memory(MB): used = 727, reserved = 711, peak = 727;

PHY-1001 : End Stage 2.4 | Routing Initialization; Time: 0.442596s wall, 0.437500s user + 0.000000s system = 0.437500s CPU (98.8%); Memory(MB): used = 727, reserved = 711, peak = 727;

PHY-1001 : Stage 2.5 | Routing Optimization
PHY-1001 : Build lut bridge;  0.037555s wall, 0.046875s user + 0.000000s system = 0.046875s CPU (124.8%)

PHY-1001 : Stage 2.5.1 | Phase 1
PHY-1001 : Stage 2.5.1.1 | Hold TimeOptimization
PHY-1001 : Iter 0; Processed 3 pins with HWNS -0.010ns HTNS -0.010ns FEP 1 took 0.0048868 seconds.
PHY-1001 : Iter 1; Processed 5 pins with HWNS 0.033ns HTNS 0.000ns FEP 0 took 0.0041206 seconds.
PHY-1001 : len = 24576, over cnt = 41(0%), over = 42, worst = 2, crit = 0
PHY-1001 : End Stage 2.5.1.1 | Hold TimeOptimization; Time: 0.017574s wall, 0.015625s user + 0.000000s system = 0.015625s CPU (88.9%); Memory(MB): used = 765, reserved = 749, peak = 765;

PHY-1001 : Stage 2.5.1.2 | High Fanout Nets Optimization
PHY-1001 : High fanout net optimize summary:
PHY-1001 : Process 0 nets and 0 pins with SWNS -0.032ns STNS -0.032ns FEP 1.
PHY-1001 : len = 24576, over cnt = 41(0%), over = 42, worst = 2, crit = 0
PHY-1001 : End Stage 2.5.1.2 | High Fanout Nets Optimization; Time: 0.009847s wall, 0.000000s user + 0.000000s system = 0.000000s CPU (n/a%); Memory(MB): used = 765, reserved = 749, peak = 765;

PHY-1001 : Stage 2.5.1.3 | Setup TimeOptimization
PHY-1001 : Start to optimize setup violation with net base ...
PHY-1001 : Iter 1; Processed 1 pins with SWNS 0.166ns STNS 0.000ns FEP 0 took 0.0035739 seconds.
PHY-1001 : len = 24672, over cnt = 41(0%), over = 42, worst = 2, crit = 0
PHY-1001 : End Stage 2.5.1.3 | Setup TimeOptimization; Time: 0.012070s wall, 0.015625s user + 0.000000s system = 0.015625s CPU (129.4%); Memory(MB): used = 766, reserved = 750, peak = 766;

PHY-1001 : Stage 2.5.1.4 | Rip-up And ReRoute
PHY-0007 : Congestion: {12.66, 3.84, 1.92, 1.28}; Timing: {0.166ns, 0.000ns, 0}
PHY-1001 : Iter 1: len = 24880, over cnt = 15(0%), over = 15, worst = 1, crit = 0, time(s) = 0.02
PHY-1001 : Iter 2: len = 24880, over cnt = 9(0%), over = 9, worst = 1, crit = 0, time(s) = 0.02
PHY-1001 : Iter 3: len = 24880, over cnt = 9(0%), over = 9, worst = 1, crit = 0, time(s) = 0.01
PHY-1001 : Iter 4: len = 25056, over cnt = 0(0%), over = 0, worst = 0, crit = 0, time(s) = 0.01
PHY-1001 : Commit 130 pin swap with 0 error; 0.022331s wall, 0.015625s user + 0.000000s system = 0.015625s CPU (70.0%)

PHY-1001 : Update congestion ...
PHY-1001 : Congestion index:
PHY-1001 : top1  = 13.95(S 6.40, N 8.93, E 10.07, W 7.94, I 8.42, O 10.77)
PHY-1001 : top5  = 4.32(S 1.27, N 2.01, E 2.35, W 1.57, I 1.67, O 2.13)
PHY-1001 : top10 = 2.16(S 0.63, N 1.01, E 1.17, W 0.79, I 0.83, O 1.07)
PHY-1001 : top15 = 1.44(S 0.42, N 0.67, E 0.78, W 0.52, I 0.56, O 0.71)
PHY-1001 : End update congestion; 0.011889s wall, 0.000000s user + 0.000000s system = 0.000000s CPU (n/a%)

PHY-1001 : End Stage 2.5.1.4 | Rip-up And ReRoute; Time: 0.142121s wall, 0.281250s user + 0.000000s system = 0.281250s CPU (197.9%); Memory(MB): used = 767, reserved = 751, peak = 767;

PHY-1001 : Stage 2.5.1.5 | Update Timing
RUN-1002 : start command "start_timer"
PHY-1001 : 0/143(0%) critical/total net(s).
PHY-1001 : Setup: WNS(ns) = 0.166, TNS(ns) = 0.000, FEP = 0 | Hold: WNS(ns) = -0.008, TNS(ns) = -0.016, FEP = 2.
PHY-1001 : End Stage 2.5.1.5 | Update Timing; Time: 0.137002s wall, 0.125000s user + 0.000000s system = 0.125000s CPU (91.2%); Memory(MB): used = 767, reserved = 751, peak = 767;

PHY-1001 : Stage 2.5.1.6 | Commit Data
PHY-1001 : Commit better result to database ...
PHY-1001 : End Stage 2.5.1.6 | Commit Data; Time: 0.000542s wall, 0.000000s user + 0.000000s system = 0.000000s CPU (n/a%); Memory(MB): used = 767, reserved = 751, peak = 767;

PHY-1001 : End Stage 2.5.1 | Phase 1; Time: 0.477453s wall, 0.593750s user + 0.000000s system = 0.593750s CPU (124.4%); Memory(MB): used = 767, reserved = 751, peak = 767;

PHY-1001 : End Stage 2.5 | Routing Optimization; Time: 0.654099s wall, 0.937500s user + 0.000000s system = 0.937500s CPU (143.3%); Memory(MB): used = 767, reserved = 751, peak = 767;

PHY-1001 : Stage 2.6 | Multi-try route Optimization
PHY-1001 : End Stage 2.6 | Multi-try route Optimization; Time: 0.000480s wall, 0.000000s user + 0.000000s system = 0.000000s CPU (n/a%); Memory(MB): used = 767, reserved = 751, peak = 767;

PHY-1003 : Routed, final wirelength = 25056
RUN-1001 : Clock region assignment statistics:
PHY-1001 : Sector 0, clock routing of x0y19_clk_auto_gnd.fbclk[0,39] is not in assigned region.
RUN-1001 : Clock Region s_0_l [0,0][23,39]; Utilization: 2 out of 12
RUN-1001 : -------------------------------------------------------------------------------------------------------------------------------------------------------------------------------------------------------------------------------------------------------------------
RUN-1001 :   Bank  |                             Assigned Clock                             |                              Route Clock                               |  Marking  |                             Buffer                              |  Regional Clock Fanouts  
RUN-1001 : -------------------------------------------------------------------------------------------------------------------------------------------------------------------------------------------------------------------------------------------------------------------
RUN-1001 :    1    |  u_video/u_pll/u_output/ph1p_phy_pll_wrapper_25a56e5ce2f9_Inst/refclk  |  u_video/u_pll/u_output/ph1p_phy_pll_wrapper_25a56e5ce2f9_Inst/refclk  |           |  u_video/u_pll/u_ref/bufg_feedback_auto_created_sclk_s_0_l_bk1  |            1             
RUN-1001 :    2    |                                   -                                    |                           x0y19_clk_auto_gnd                           |     +     |                                -                                |            0             
RUN-1001 : -------------------------------------------------------------------------------------------------------------------------------------------------------------------------------------------------------------------------------------------------------------------
PHY-1001 : Sector 3, clock routing of x43y59_clk_auto_gnd.fbclk[43,79] is not in assigned region.
RUN-1001 : Clock Region s_1_r [24,40][43,79]; Utilization: 3 out of 12
RUN-1001 : --------------------------------------------------------------------------------------------------------------------------------------------------------------------------------------------------------------------------------------------------------
RUN-1001 :   Bank  |                   Assigned Clock                    |                     Route Clock                     |  Marking  |                                           Buffer                                           |  Regional Clock Fanouts  
RUN-1001 : --------------------------------------------------------------------------------------------------------------------------------------------------------------------------------------------------------------------------------------------------------
RUN-1001 :    1    |  u_video/u_phy/u0_lane_lvds_8_1/I_serial_clk_syn_1  |  u_video/u_phy/u0_lane_lvds_8_1/I_serial_clk_syn_1  |           |  u_video/u_phy/u0_lane_lvds_8_1/I_serial_clk_created_gclkinst_auto_created_sclk_s_1_r_bk1  |            37            
RUN-1001 :    2    |                    u_video/pixel                    |                    u_video/pixel                    |           |              u_video/u_pll/u_output/bufg_feedback_auto_created_sclk_s_1_r_bk2              |            36            
RUN-1001 :    12   |                          -                          |                 x43y59_clk_auto_gnd                 |     +     |                                             -                                              |            0             
RUN-1001 : --------------------------------------------------------------------------------------------------------------------------------------------------------------------------------------------------------------------------------------------------------
RUN-1002 : start command "export_db positive_hd60_pr.db"
RUN-1001 : Exported flow parameters
RUN-1001 : Exported /
RUN-1001 : Exported libs
RUN-1001 : Exported entities
RUN-1001 : Exported ports
RUN-1001 : Exported pins
RUN-1001 : Exported instances
RUN-1001 : Exported nets
RUN-1001 : Exported buses
RUN-1001 : Exported models
RUN-1001 : Exported phy database
RUN-1001 : Exported packer
RUN-1001 : Exported congestions
RUN-1001 : Exported violations
RUN-1001 : Exported ATMR Setting
RUN-1001 : Exported timing constraints
RUN-1001 : Exported IO constraints
RUN-1001 : Exported Inst constraints
RUN-1001 : Exported ChipWatcher
PHY-1001 : Current memory(MB): used = 769, reserved = 888, peak = 769.
PHY-1001 : End export database. 0.075723s wall, 0.031250s user + 0.000000s system = 0.031250s CPU (41.3%)

PHY-1001 : End detail routing;  5.719983s wall, 22.437500s user + 0.125000s system = 22.562500s CPU (394.5%)

PHY-1001 : End Stage 2 | Detail Routing; Time: 5.720176s wall, 22.437500s user + 0.125000s system = 22.562500s CPU (394.4%); Memory(MB): used = 769, reserved = 888, peak = 769;

RUN-1002 : start command "fix_hold"

PHY-1001 : Stage 3 | Hold Fix
PHY-1001 : Stage 3.1 | Load Design Data
PHY-1034 : Refresh detailed routing grids ...
PHY-1001 : Generate nets ...
PHY-1001 : eco open net = 0
PHY-1001 : End Stage 3.1 | Load Design Data; Time: 0.025142s wall, 0.015625s user + 0.000000s system = 0.015625s CPU (62.1%); Memory(MB): used = 769, reserved = 888, peak = 769;

PHY-1001 : Stage 3.2 | Hold Fix Optimization
RUN-1002 : start command "start_timer"
PHY-1001 : Timing info: SWNS 0.166ns | STNS 0.000ns | HWNS -0.008ns | HTNS -0.016ns.
PHY-1001 : Processing hold violation on 2 end-point, worst slack = -8ps, best slack = -8ps.
PHY-1001 : End timing refresh.  0.134169s wall, 0.125000s user + 0.000000s system = 0.125000s CPU (93.2%)

PHY-1001 : Stage 3.2.1 | Phase 1
PHY-1001 : Stage 3.2.1.1 | Hold Fix By LutBridge
PHY-1001 : len = 25104, over cnt = 0(0%), over = 0, worst = 0, crit = 0
PHY-1001 : Bridge count = 0; unresolved count = 0.
PHY-1001 : 0 out of 2 ((0.00)%) EP fixed by LB.
PHY-1001 : End Stage 3.2.1.1 | Hold Fix By LutBridge; Time: 0.009387s wall, 0.000000s user + 0.000000s system = 0.000000s CPU (n/a%); Memory(MB): used = 769, reserved = 888, peak = 769;

PHY-1001 : Timing info: SWNS 0.166ns | STNS 0.000ns | HWNS 0.022ns | HTNS 0.000ns.
PHY-1001 : End timing refresh.  0.000302s wall, 0.000000s user + 0.000000s system = 0.000000s CPU (n/a%)

PHY-1001 : End Stage 3.2.1 | Phase 1; Time: 0.009890s wall, 0.000000s user + 0.000000s system = 0.000000s CPU (n/a%); Memory(MB): used = 769, reserved = 888, peak = 769;

PHY-1001 : End Stage 3.2 | Hold Fix Optimization; Time: 0.144440s wall, 0.125000s user + 0.000000s system = 0.125000s CPU (86.5%); Memory(MB): used = 769, reserved = 888, peak = 769;

PHY-1001 : End Stage 3 | Hold Fix; Time: 0.190380s wall, 0.171875s user + 0.000000s system = 0.171875s CPU (90.3%); Memory(MB): used = 769, reserved = 888, peak = 769;

PHY-1001 : Stage 4 | Report Route Qor
RUN-1002 : start command "report_qor -step route -file route.qor"
RUN-1002 : start command "start_timer"
TMR-2502 : Net delay update with mode: Routed
-----------------------------------------------------------
| QoR metrics               |         value               |
-----------------------------------------------------------
| Timing                    |                             |
|     Setup WNS             |          166                |
|     Setup TNS             |            0                |
|     Num of violated S-EP  |            0                |
|     Hold WNS              |           22                |
|     Hold TNS              |            0                |
|     Num of violated H-EP  |            0                |
-----------------------------------------------------------
| Routing Resource          |                             |
|     Wire length           |        25104                |
-----------------------------------------------------------
| Utilization               |                             |
|     #slices               |           90                |
|     slices percentage     |        0.42%                |
|     #RAMs                 |            0                |
|     #DSPs                 |            0                |
|     #DRAMHARDCON          |            0                |
-----------------------------------------------------------
Report route stage QoR done.

RUN-1002 : start command "update_timing -mode final"
RUN-1002 : start command "start_timer"
RUN-1002 : start command "report_timing_summary -file final_timing.rpt"
OPT-1001 : QoR tracer report on route step:
    SWNS [   incr ]    STNS [   incr ]  S-FEPS [   incr ]    HWNS [   incr ]      HTNS [     incr ]    H-FEPS [     incr ]    CELL [   incr ]      WL [   incr ]   RT(s) [   incr ]   MEM(mb) [     incr ]
     -32 [      0 ]     -32 [      0 ]       1 [      0 ]     -28 [      0 ]       -38 [        0 ]         2 [        0 ]     129 [      0 ]   24224 [      0 ]       5 [      0 ]       727 [        0 ] : dr_initialization
     166 [    198 ]       0 [     32 ]       0 [     -1 ]      33 [     61 ]         0 [       38 ]         0 [       -2 ]     129 [      0 ]   24672 [    448 ]       5 [      0 ]       766 [       39 ] : dr_timing_opt_phase1
     166 [      0 ]       0 [      0 ]       0 [      0 ]      -8 [    -41 ]       -16 [      -16 ]         2 [        2 ]     129 [      0 ]   25056 [    384 ]       5 [      0 ]       767 [        1 ] : dr_opt_phase1
     166 [      0 ]       0 [      0 ]       0 [      0 ]      -8 [      0 ]       -16 [        0 ]         2 [        0 ]     129 [      0 ]   25056 [      0 ]       5 [      0 ]       767 [        0 ] : multi_try_opt
     166 [      0 ]       0 [      0 ]       0 [      0 ]      22 [     30 ]         0 [       16 ]         0 [       -2 ]     129 [      0 ]   25104 [     48 ]       6 [      1 ]       769 [        2 ] : fix_hold_opt

PHY-1001 : End Stage 4 | Report Route Qor; Time: 0.294165s wall, 0.281250s user + 0.000000s system = 0.281250s CPU (95.6%); Memory(MB): used = 769, reserved = 888, peak = 769;

PHY-1001 : Stage 5 | Design Rule Check
PHY-1001 : Stage 5.1 | Check And Add Lut-bridge
PHY-1001 : End Stage 5.1 | Check And Add Lut-bridge; Time: 0.000536s wall, 0.015625s user + 0.000000s system = 0.015625s CPU (n/a%); Memory(MB): used = 769, reserved = 888, peak = 769;

PHY-1001 : Stage 5.2 | Lut Bridge Check
PHY-1001 : End Stage 5.2 | Lut Bridge Check; Time: 0.001471s wall, 0.000000s user + 0.000000s system = 0.000000s CPU (n/a%); Memory(MB): used = 769, reserved = 888, peak = 769;

PHY-1001 : Stage 5.3 | Pin swap Check
PHY-1001 : End Stage 5.3 | Pin swap Check; Time: 0.000185s wall, 0.000000s user + 0.000000s system = 0.000000s CPU (n/a%); Memory(MB): used = 769, reserved = 888, peak = 769;

PHY-1001 : Stage 5.4 | Physical Net Status Check
PHY-1001 : End Stage 5.4 | Physical Net Status Check; Time: 0.000162s wall, 0.000000s user + 0.000000s system = 0.000000s CPU (n/a%); Memory(MB): used = 769, reserved = 888, peak = 769;

PHY-1001 : Start multi-drive drc check......
PHY-1001 : No multi-drive.
PHY-1001 : Stage 5.5 | Clock Net Status Check
PHY-1001 : All clock nets do not utilize local routing resource.
PHY-1001 : End Stage 5.5 | Clock Net Status Check; Time: 0.000235s wall, 0.000000s user + 0.000000s system = 0.000000s CPU (n/a%); Memory(MB): used = 769, reserved = 888, peak = 769;

PHY-1001 : Stage 5.6 | Abnormal Timing Path check
PHY-1001 : No abnormal timing path.
PHY-1001 : End Stage 5.6 | Abnormal Timing Path check; Time: 0.001082s wall, 0.000000s user + 0.000000s system = 0.000000s CPU (n/a%); Memory(MB): used = 769, reserved = 888, peak = 769;

PHY-1001 : Stage 5.7 | Bound Check
PHY-1001 : Check Pass.
PHY-1001 : End Stage 5.7 | Bound Check; Time: 0.000086s wall, 0.000000s user + 0.000000s system = 0.000000s CPU (n/a%); Memory(MB): used = 769, reserved = 888, peak = 769;

PHY-1001 : End Stage 5 | Design Rule Check; Time: 0.011284s wall, 0.015625s user + 0.000000s system = 0.015625s CPU (138.5%); Memory(MB): used = 769, reserved = 888, peak = 769;

RUN-1003 : finish command "route" in  6.354211s wall, 23.015625s user + 0.156250s system = 23.171875s CPU (364.7%)

RUN-1004 : used memory is 769 MB, reserved memory is 888 MB, peak memory is 769 MB
RUN-1002 : start command "report_area -io_info -file positive_hd60_phy.area"
SYN-4034 : The count of slices with lut is 69.
SYN-4035 : The count of slices with lut+ripple is 12.
RUN-1001 : standard
***Report Model: positive_hd60_top Device: PH1P35MDG324***

Design Statistics
#IO                         6   out of    160    3.75%
  #input                    2
  #output                   4
  #inout                    0
#lut6                      81   out of  21216    0.38%
#reg                      101
  #slice reg              101   out of  42432    0.24%
  #pad reg                  0

Utilization Statistics
#slice                     90   out of  21216    0.42%
  #used ram                 0
    #dram lut               0
    #shifter lut            0
  #used logic              90
    #with luts             69
    #with adder            12
    #reg only               9
#feedthrough               11
#f7mux                      0   out of  10608    0.00%
#f8mux                      0   out of   5304    0.00%
#eram                       0   out of    108    0.00%
  #eram20k                  0
  #fifo20k                  0
#dsp                        0   out of     40    0.00%
#ddr_byte                   0   out of     12    0.00%
#mipi_tx                    0   out of      2    0.00%
#mipi_rx                    0   out of      2    0.00%
#pad                       10   out of    160    6.25%
#pll                        2   out of      6   33.33%
#gclk                       3   out of     32    9.38%
#lclk                       0   out of     12    0.00%
#sclk                       3   out of     48    6.25%
#mlclk                      0   out of      6    0.00%
#ioclk                      0   out of     18    0.00%


DataNet Average Fanout:

   Index     Fanout    Nets  
    #1         1        99   
    #2         2        9    
    #3         3        15   
    #4         4        6    
    #5        5-10      21   
    #6       11-50      2    
  Average     2.22           

RUN-1002 : start command "update_timing -mode final"
RUN-1002 : start command "start_timer"
RUN-1002 : start command "report_timing_status -file positive_hd60_phy.ts"
RUN-1002 : start command "report_timing_summary -file positive_hd60_pr.timing"
RUN-1002 : start command "report_timing_exception -file positive_hd60_exception.timing"
RUN-1002 : start command "check_timing -verbose -file positive_hd60_chk.timing"
RUN-1002 : start command "flow_status -file route_flow.status"
Location         : C:\Users\Li47\Desktop\aa\native_positive_hd60_r1_20261009\td_project\positive_hd60_Runs\phy_1
Running with     : Tang Dynasty v6.2.178840
                   Copyright (c) 2012-2025 Anlogic Inc.
Top Model        : positive_hd60_top
Device           : PH1P35MDG324
Speed            : 3

Timing Mode      : final
Setup            : WNS   166ps  TNS        0ps  NUM_FEPS     0
Hold             : WNS    22ps  TNS        0ps  NUM_FEPS     0

Flow Statistics  :
RUN-1001 : Flow Statistics:
RUN-1001 : --------------------------------------------------------------------------------------------------
RUN-1001 :      command     |  #calls  |  wall time  |  cpu time(s)  |  used memory(mb)  |  peak memory(mb)  
RUN-1001 : --------------------------------------------------------------------------------------------------
RUN-1001 :       route      |    1     |   6s(46%)   |    23(41%)    |        769        |        769        
RUN-1001 :       place      |    1     |   5s(38%)   |    31(56%)    |        407        |        407        
RUN-1001 :   import_device  |    1     |   2s(15%)   |     1(1%)     |        333        |        333        
RUN-1001 :     fix_hold     |    1     |   0s(0%)    |     0(0%)     |        769        |        769        
RUN-1001 :     import_db    |    1     |   0s(0%)    |     0(0%)     |        334        |        334        
RUN-1001 : --------------------------------------------------------------------------------------------------
RUN-1001 :       total      |    5     |     13s     |      55       |        769        |        769        
RUN-1001 : --------------------------------------------------------------------------------------------------
RUN-1002 : start command "report_clock_utilization -file route_clock_utilization.txt"
RUN-1002 : start command "export_db positive_hd60_pr.db"
RUN-1001 : Exported flow parameters
RUN-1001 : Exported /
RUN-1001 : Exported libs
RUN-1001 : Exported entities
RUN-1001 : Exported ports
RUN-1001 : Exported pins
RUN-1001 : Exported instances
RUN-1001 : Exported nets
RUN-1001 : Exported buses
RUN-1001 : Exported models
RUN-1001 : Exported phy database
RUN-1001 : Exported packer
RUN-1001 : Exported congestions
RUN-1001 : Exported violations
RUN-1001 : Exported ATMR Setting
RUN-1001 : Exported timing constraints
RUN-1001 : Exported IO constraints
RUN-1001 : Exported Inst constraints
RUN-1001 : Exported ChipWatcher
RUN-1002 : start command "commit_param -step bitgen"
RUN-1001 : Print Global Property
RUN-1001 : -------------------------------------------------------------
RUN-1001 :     Parameters    |   Settings   |  Default Values  |  Note  
RUN-1001 : -------------------------------------------------------------
RUN-1001 :    enable_seed    |     off      |       off        |        
RUN-1001 :    hfn_to_clock   |  1000000000  |    1000000000    |        
RUN-1001 :      message      |   standard   |     standard     |        
RUN-1001 :    qor_monitor    |      on      |        on        |        
RUN-1001 :   speedup_effort  |      0       |        0         |        
RUN-1001 :    syn_ip_flow    |     off      |       off        |        
RUN-1001 :       thread      |     auto     |       auto       |        
RUN-1001 : -------------------------------------------------------------
RUN-1001 : Print Bitgen Property
RUN-1001 : -------------------------------------------------------------
RUN-1001 :      Parameters     |  Settings  |  Default Values  |  Note  
RUN-1001 : -------------------------------------------------------------
RUN-1001 :         bin         |    off     |       off        |        
RUN-1001 :       compress      |    off     |       off        |        
RUN-1001 :       gen_mask      |    off     |       off        |        
RUN-1001 :      max_stream     |     on     |        on        |        
RUN-1001 :      time_info      |     on     |        on        |        
RUN-1001 :   unused_io_status  |   pullup   |      pullup      |        
RUN-1001 :       version       |    0x00    |       0x00       |        
RUN-1001 : -------------------------------------------------------------
RUN-1002 : start command "bitgen -bit positive_hd60.bit"
RUN-1002 : start command "export_bid positive_hd60_inst.bid"
BIT-1003 : Start to generate bitstream. 
BIT-1002 : Bitgen processed 4 pll_pd instances.
BIT-1002 : Init instances with 20 threads.
BIT-1002 : Init instances completely, inst num: 131
BIT-1002 : Init pips with 20 threads.
BIT-1002 : Init pips completely, net num: 160, pip num: 1572
BIT-1002 : Init feedthrough with 20 threads.
BIT-1002 : Init feedthrough completely, num: 11
BIT-1003 : Multithreading accelaration with 20 threads.
BIT-1003 : Generate bitstream completely, there are 4764 bits set as '1'.
BIT-1004 : Generate file positive_hd60.bit.
RUN-1002 : start command "setup_debugger"
RUN-1002 : start command "export_bitgen_param -file .bitgen_param.f"
RUN-1002 : start command "export_flow_status -s opt_place -e bitgen"
RUN-1002 : start command "flow_status"

Location         : C:\Users\Li47\Desktop\aa\native_positive_hd60_r1_20261009\td_project\positive_hd60_Runs\phy_1
Running with     : Tang Dynasty v6.2.178840
                   Copyright (c) 2012-2025 Anlogic Inc.
Top Model        : positive_hd60_top
Device           : PH1P35MDG324
Speed            : 3

Timing Mode      : final
Setup            : WNS   166ps  TNS        0ps  NUM_FEPS     0
Hold             : WNS    22ps  TNS        0ps  NUM_FEPS     0

RUN-1001 : Flow Statistics:
RUN-1001 : --------------------------------------------------------------------------------------------------
RUN-1001 :      command     |  #calls  |  wall time  |  cpu time(s)  |  used memory(mb)  |  peak memory(mb)  
RUN-1001 : --------------------------------------------------------------------------------------------------
RUN-1001 :       route      |    1     |   6s(46%)   |    23(41%)    |        769        |        769        
RUN-1001 :       place      |    1     |   5s(38%)   |    31(55%)    |        407        |        407        
RUN-1001 :   import_device  |    1     |   2s(15%)   |     1(1%)     |        333        |        333        
RUN-1001 :      bitgen      |    1     |   0s(0%)    |     1(1%)     |        774        |        774        
RUN-1001 :     fix_hold     |    1     |   0s(0%)    |     0(0%)     |        769        |        769        
RUN-1001 :     import_db    |    1     |   0s(0%)    |     0(0%)     |        334        |        334        
RUN-1001 : --------------------------------------------------------------------------------------------------
RUN-1001 :       total      |    6     |     13s     |      56       |        774        |        774        
RUN-1001 : --------------------------------------------------------------------------------------------------
RUN-1002 : start command "check_timing -file constraint_coverage.txt -verbose"
