Model Technology ModelSim SE-64 vlog 10.5 Compiler 2016.02 Feb 13 2016
Start time: 21:18:08 on Oct 08,2026
vlog -work test_fhd_hdmi ../user_source/hdl_source/vtc/uivtc.v ../user_source/hdl_source/hdmi_tx.v ../user_source/hdl_source/hdmi_1_4b_transmitter_core_wrapper.enc.v ../user_source/hdl_source/hdmi_phy_warpper.v ../user_source/hdl_source/lane_lvds_10_1.v ../user_source/hdl_source/I2S_receiver.v ../user_source/hdl_source/audio_arc_calculate.v ../user_source/hdl_source/key_remove_shakes.v 
-- Compiling module uivtc
-- Compiling module hdmi_tx
-- Compiling module hdmi_1_4b_transmitter_core_wrapper
** Warning: ../user_source/hdl_source/hdmi_1_4b_transmitter_core_wrapper.enc.v(125): (vlog-2600) <protected>
** Warning: ../user_source/hdl_source/hdmi_1_4b_transmitter_core_wrapper.enc.v(125): (vlog-2600) <protected>
** Warning: ../user_source/hdl_source/hdmi_1_4b_transmitter_core_wrapper.enc.v(125): (vlog-2600) <protected>
** Warning: ../user_source/hdl_source/hdmi_1_4b_transmitter_core_wrapper.enc.v(125): (vlog-2600) <protected>
** Warning: ../user_source/hdl_source/hdmi_1_4b_transmitter_core_wrapper.enc.v(125): (vlog-2600) <protected>
** Warning: ../user_source/hdl_source/hdmi_1_4b_transmitter_core_wrapper.enc.v(125): (vlog-2600) <protected>
** Warning: ../user_source/hdl_source/hdmi_1_4b_transmitter_core_wrapper.enc.v(125): (vlog-2600) <protected>
** Warning: ../user_source/hdl_source/hdmi_1_4b_transmitter_core_wrapper.enc.v(125): (vlog-2600) <protected>
** Warning: ../user_source/hdl_source/hdmi_1_4b_transmitter_core_wrapper.enc.v(125): (vlog-2600) <protected>
** Warning: ../user_source/hdl_source/hdmi_1_4b_transmitter_core_wrapper.enc.v(125): (vlog-2600) <protected>
** Warning: ../user_source/hdl_source/hdmi_1_4b_transmitter_core_wrapper.enc.v(125): (vlog-2600) <protected>
** Warning: ../user_source/hdl_source/hdmi_1_4b_transmitter_core_wrapper.enc.v(125): (vlog-2600) <protected>
** Warning: ../user_source/hdl_source/hdmi_1_4b_transmitter_core_wrapper.enc.v(125): (vlog-2600) <protected>
** Warning: ../user_source/hdl_source/hdmi_1_4b_transmitter_core_wrapper.enc.v(125): (vlog-2600) <protected>
** Warning: ../user_source/hdl_source/hdmi_1_4b_transmitter_core_wrapper.enc.v(125): (vlog-2600) <protected>
** Warning: ../user_source/hdl_source/hdmi_1_4b_transmitter_core_wrapper.enc.v(125): (vlog-2600) <protected>
** Warning: ../user_source/hdl_source/hdmi_1_4b_transmitter_core_wrapper.enc.v(125): (vlog-2600) <protected>
** Warning: ../user_source/hdl_source/hdmi_1_4b_transmitter_core_wrapper.enc.v(125): (vlog-2600) <protected>
** Warning: ../user_source/hdl_source/hdmi_1_4b_transmitter_core_wrapper.enc.v(125): (vlog-2600) <protected>
** Warning: ../user_source/hdl_source/hdmi_1_4b_transmitter_core_wrapper.enc.v(125): (vlog-2600) <protected>
** Warning: ../user_source/hdl_source/hdmi_1_4b_transmitter_core_wrapper.enc.v(125): (vlog-2600) <protected>
** Warning: ../user_source/hdl_source/hdmi_1_4b_transmitter_core_wrapper.enc.v(125): (vlog-2600) <protected>
** Warning: ../user_source/hdl_source/hdmi_1_4b_transmitter_core_wrapper.enc.v(125): (vlog-2600) <protected>
** Warning: ../user_source/hdl_source/hdmi_1_4b_transmitter_core_wrapper.enc.v(125): (vlog-2600) <protected>
** Warning: ../user_source/hdl_source/hdmi_1_4b_transmitter_core_wrapper.enc.v(125): (vlog-2600) <protected>
** Warning: ../user_source/hdl_source/hdmi_1_4b_transmitter_core_wrapper.enc.v(125): (vlog-2600) <protected>
** Warning: ../user_source/hdl_source/hdmi_1_4b_transmitter_core_wrapper.enc.v(125): (vlog-2600) <protected>
** Warning: ../user_source/hdl_source/hdmi_1_4b_transmitter_core_wrapper.enc.v(125): (vlog-2600) <protected>
** Warning: ../user_source/hdl_source/hdmi_1_4b_transmitter_core_wrapper.enc.v(125): (vlog-2600) <protected>
** Warning: ../user_source/hdl_source/hdmi_1_4b_transmitter_core_wrapper.enc.v(125): (vlog-2600) <protected>
** Warning: ../user_source/hdl_source/hdmi_1_4b_transmitter_core_wrapper.enc.v(125): (vlog-2600) <protected>
** Warning: ../user_source/hdl_source/hdmi_1_4b_transmitter_core_wrapper.enc.v(125): (vlog-2600) <protected>
** Warning: ../user_source/hdl_source/hdmi_1_4b_transmitter_core_wrapper.enc.v(125): (vlog-2600) <protected>
** Warning: ../user_source/hdl_source/hdmi_1_4b_transmitter_core_wrapper.enc.v(125): (vlog-2600) <protected>
** Warning: ../user_source/hdl_source/hdmi_1_4b_transmitter_core_wrapper.enc.v(125): (vlog-2600) <protected>
** Warning: ../user_source/hdl_source/hdmi_1_4b_transmitter_core_wrapper.enc.v(125): (vlog-2600) <protected>
** Warning: ../user_source/hdl_source/hdmi_1_4b_transmitter_core_wrapper.enc.v(125): (vlog-2600) <protected>
** Warning: ../user_source/hdl_source/hdmi_1_4b_transmitter_core_wrapper.enc.v(125): (vlog-2600) <protected>
** Warning: ../user_source/hdl_source/hdmi_1_4b_transmitter_core_wrapper.enc.v(125): (vlog-2600) <protected>
** Warning: ../user_source/hdl_source/hdmi_1_4b_transmitter_core_wrapper.enc.v(125): (vlog-2600) <protected>
** Warning: ../user_source/hdl_source/hdmi_1_4b_transmitter_core_wrapper.enc.v(125): (vlog-2600) <protected>
** Warning: ../user_source/hdl_source/hdmi_1_4b_transmitter_core_wrapper.enc.v(125): (vlog-2600) <protected>
** Warning: ../user_source/hdl_source/hdmi_1_4b_transmitter_core_wrapper.enc.v(125): (vlog-2600) <protected>
** Warning: ../user_source/hdl_source/hdmi_1_4b_transmitter_core_wrapper.enc.v(125): (vlog-2600) <protected>
** Warning: ../user_source/hdl_source/hdmi_1_4b_transmitter_core_wrapper.enc.v(125): (vlog-2600) <protected>
** Warning: ../user_source/hdl_source/hdmi_1_4b_transmitter_core_wrapper.enc.v(125): (vlog-2600) <protected>
** Warning: ../user_source/hdl_source/hdmi_1_4b_transmitter_core_wrapper.enc.v(125): (vlog-2600) <protected>
** Warning: ../user_source/hdl_source/hdmi_1_4b_transmitter_core_wrapper.enc.v(125): (vlog-2600) <protected>
** Warning: ../user_source/hdl_source/hdmi_1_4b_transmitter_core_wrapper.enc.v(125): (vlog-2600) <protected>
** Warning: ../user_source/hdl_source/hdmi_1_4b_transmitter_core_wrapper.enc.v(125): (vlog-2600) <protected>
** Warning: ../user_source/hdl_source/hdmi_1_4b_transmitter_core_wrapper.enc.v(125): (vlog-2600) <protected>
** Warning: ../user_source/hdl_source/hdmi_1_4b_transmitter_core_wrapper.enc.v(125): (vlog-2600) <protected>
** Warning: ../user_source/hdl_source/hdmi_1_4b_transmitter_core_wrapper.enc.v(125): (vlog-2600) <protected>
** Warning: ../user_source/hdl_source/hdmi_1_4b_transmitter_core_wrapper.enc.v(125): (vlog-2600) <protected>
** Warning: ../user_source/hdl_source/hdmi_1_4b_transmitter_core_wrapper.enc.v(125): (vlog-2600) <protected>
** Warning: ../user_source/hdl_source/hdmi_1_4b_transmitter_core_wrapper.enc.v(125): (vlog-2600) <protected>
** Warning: ../user_source/hdl_source/hdmi_1_4b_transmitter_core_wrapper.enc.v(125): (vlog-2600) <protected>
** Warning: ../user_source/hdl_source/hdmi_1_4b_transmitter_core_wrapper.enc.v(125): (vlog-2600) <protected>
** Warning: ../user_source/hdl_source/hdmi_1_4b_transmitter_core_wrapper.enc.v(125): (vlog-2600) <protected>
** Warning: ../user_source/hdl_source/hdmi_1_4b_transmitter_core_wrapper.enc.v(125): (vlog-2600) <protected>
** Warning: ../user_source/hdl_source/hdmi_1_4b_transmitter_core_wrapper.enc.v(125): (vlog-2600) <protected>
** Warning: ../user_source/hdl_source/hdmi_1_4b_transmitter_core_wrapper.enc.v(125): (vlog-2600) <protected>
** Warning: ../user_source/hdl_source/hdmi_1_4b_transmitter_core_wrapper.enc.v(125): (vlog-2600) <protected>
** Warning: ../user_source/hdl_source/hdmi_1_4b_transmitter_core_wrapper.enc.v(125): (vlog-2600) <protected>
** Warning: ../user_source/hdl_source/hdmi_1_4b_transmitter_core_wrapper.enc.v(125): (vlog-2600) <protected>
** Warning: ../user_source/hdl_source/hdmi_1_4b_transmitter_core_wrapper.enc.v(125): (vlog-2600) <protected>
** Warning: ../user_source/hdl_source/hdmi_1_4b_transmitter_core_wrapper.enc.v(125): (vlog-2600) <protected>
** Warning: ../user_source/hdl_source/hdmi_1_4b_transmitter_core_wrapper.enc.v(125): (vlog-2600) <protected>
** Warning: ../user_source/hdl_source/hdmi_1_4b_transmitter_core_wrapper.enc.v(125): (vlog-2600) <protected>
** Warning: ../user_source/hdl_source/hdmi_1_4b_transmitter_core_wrapper.enc.v(125): (vlog-2600) <protected>
** Warning: ../user_source/hdl_source/hdmi_1_4b_transmitter_core_wrapper.enc.v(125): (vlog-2600) <protected>
** Warning: ../user_source/hdl_source/hdmi_1_4b_transmitter_core_wrapper.enc.v(125): (vlog-2600) <protected>
** Warning: ../user_source/hdl_source/hdmi_1_4b_transmitter_core_wrapper.enc.v(125): (vlog-2600) <protected>
** Warning: ../user_source/hdl_source/hdmi_1_4b_transmitter_core_wrapper.enc.v(125): (vlog-2600) <protected>
** Warning: ../user_source/hdl_source/hdmi_1_4b_transmitter_core_wrapper.enc.v(125): (vlog-2600) <protected>
** Warning: ../user_source/hdl_source/hdmi_1_4b_transmitter_core_wrapper.enc.v(125): (vlog-2600) <protected>
** Warning: ../user_source/hdl_source/hdmi_1_4b_transmitter_core_wrapper.enc.v(125): (vlog-2600) <protected>
** Warning: ../user_source/hdl_source/hdmi_1_4b_transmitter_core_wrapper.enc.v(125): (vlog-2600) <protected>
** Warning: ../user_source/hdl_source/hdmi_1_4b_transmitter_core_wrapper.enc.v(125): (vlog-2600) <protected>
** Warning: ../user_source/hdl_source/hdmi_1_4b_transmitter_core_wrapper.enc.v(125): (vlog-2600) <protected>
-- Compiling module hdmi_phy_wrapper
-- Compiling module lane_lvds_10_1
-- Compiling module I2S_receiver
-- Compiling module audio_arc_calculate
-- Compiling module key_remove_shakes

Top level modules:
	uivtc
	hdmi_tx
End time: 21:18:08 on Oct 08,2026, Elapsed time: 0:00:00
Errors: 0, Warnings: 80
Model Technology ModelSim SE-64 vlog 10.5 Compiler 2016.02 Feb 13 2016
Start time: 21:18:08 on Oct 08,2026
vlog -sv -work test_fhd_hdmi tb_fhd_hdmi.v 
-- Compiling module tb_fhd_hdmi

Top level modules:
	tb_fhd_hdmi
End time: 21:18:08 on Oct 08,2026, Elapsed time: 0:00:00
Errors: 0, Warnings: 0
