============================================================
   Tang Dynasty, V6.2.178840
   Copyright (c) 2012-2025 Anlogic Inc.
   Executable = D:/td6.2.1/bin/td_commands_prompt.exe
   Built at =   14:07:58 Sep  4 2025
   Run by =     Li47
   Run Date =   Fri Oct  9 21:06:21 2026

   Run on =     LI474747
============================================================
RUN-1002 : start command "import_device ph1_35p.db -package PH1P35MDG324 -speed 3"
ARC-1001 : Device Initialization.
ARC-1001 : ----------------------------------------------------------------
ARC-1001 :           OPTION          |          IO           |   SETTING   
ARC-1001 : ----------------------------------------------------------------
ARC-1001 :   non_jtag_persist(none)  |        35 IOs         |    gpio    
ARC-1001 :            jtag           |  P13/P15/L14/R13/T13  |  dedicate  
ARC-1001 : ----------------------------------------------------------------
RUN-1003 : finish command "import_device ph1_35p.db -package PH1P35MDG324 -speed 3" in  1.702012s wall, 1.234375s user + 0.093750s system = 1.328125s CPU (78.0%)

RUN-1004 : used memory is 333 MB, reserved memory is 330 MB, peak memory is 333 MB
RUN-1002 : start command "open_project sync_aligned_fhd30.prj -noanalyze"
RUN-1002 : start command "import_db ../syn_1/sync_aligned_fhd30_gate.db"
RUN-1001 : Importing database generated by Tang Dynasty, V6.2.178840.
RUN-1001 : Database version number 46207
RUN-1001 : Import flow parameters
RUN-1001 : Import netlist
RUN-1001 : Import timing constraints
RUN-1001 : Import IO constraints
RUN-1001 : Import Inst constraints
RUN-1001 : Import ChipWatcher
RUN-1001 : Import design success TD_VERSION=6.2.178840 , DB_VERSION=46207
RUN-1002 : start command "commit_param -step place"
RUN-1001 : Print Global Property
RUN-1001 : -------------------------------------------------------------
RUN-1001 :     Parameters    |   Settings   |  Default Values  |  Note  
RUN-1001 : -------------------------------------------------------------
RUN-1001 :    enable_seed    |     off      |       off        |        
RUN-1001 :    hfn_to_clock   |  1000000000  |    1000000000    |        
RUN-1001 :      message      |   standard   |     standard     |        
RUN-1001 :    qor_monitor    |      on      |        on        |        
RUN-1001 :   speedup_effort  |      0       |        0         |        
RUN-1001 :    syn_ip_flow    |     off      |       off        |        
RUN-1001 :       thread      |     auto     |       auto       |        
RUN-1001 : -------------------------------------------------------------
RUN-1001 : Print Place Property
RUN-1001 : --------------------------------------------------------------
RUN-1001 :      Parameters      |  Settings  |  Default Values  |  Note  
RUN-1001 : --------------------------------------------------------------
RUN-1001 :        effort        |   medium   |      medium      |        
RUN-1001 :       floorplan      |    off     |       off        |        
RUN-1001 :    hfn_opt_effort    |   medium   |      medium      |        
RUN-1001 :    logic_level_opt   |    off     |       off        |        
RUN-1001 :   macro_performance  |    auto    |       auto       |        
RUN-1001 :      max_fanout      |   999999   |      999999      |        
RUN-1001 :      opt_timing      |   medium   |      medium      |        
RUN-1001 :    post_place_opt    |    auto    |       auto       |        
RUN-1001 :      pr_strategy     |     1      |        1         |        
RUN-1001 : --------------------------------------------------------------
RUN-1002 : start command "insert_debugger"
RUN-1002 : start command "place"
RUN-1001 : Open license file D:/td6.2.1/license/Anlogic.lic
PHY-3001 : Placer runs in 20 thread(s).
PHY-1001 : Stage 1 | Initialize Design
PHY-1001 : Stage 1.1 | Build Design
PHY-1001 : 104 luts, 101 seqs, 0 mslices, 12 lslices, 8 pads, 0 brams, 0 dsps
RUN-1002 : start command "legalize_phy_inst"
SYN-1011 : Flatten model sync_aligned_fhd30_top
PHY-1001 : Remove keep and sweep redundant instances ...
PHY-1001 : 104 luts, 101 seqs, 0 mslices, 12 lslices, 8 pads, 0 brams, 0 dsps
PHY-1001 : End Stage 1.1 | Build Design; Time: 0.001569s wall, 0.000000s user + 0.000000s system = 0.000000s CPU (n/a%); Memory(MB): used = 335, reserved = 330, peak = 335;

PHY-1001 : Stage 1.2 | Optimize Design
OPT-1001 : Stage 1.2.1 | Simplify Lut
OPT-1001 : End Stage 1.2.1 | Simplify Lut; Time: 0.000338s wall, 0.000000s user + 0.000000s system = 0.000000s CPU (n/a%); Memory(MB): used = 335, reserved = 330, peak = 335;

OPT-1001 : Stage 1.2.2 | Sweep
OPT-1001 : End Stage 1.2.2 | Sweep; Time: 0.000127s wall, 0.000000s user + 0.000000s system = 0.000000s CPU (n/a%); Memory(MB): used = 335, reserved = 330, peak = 335;

OPT-1001 : Stage 1.2.3 | Merge Lut
OPT-1001 : Start remap optimization ...
RUN-1001 :   Added 0 lut1 for undup drivers
OPT-1001 : skip lut merge since lut number 104 is similar to or less than reg number 101
OPT-1001 : End Stage 1.2.3 | Merge Lut; Time: 0.000243s wall, 0.000000s user + 0.000000s system = 0.000000s CPU (n/a%); Memory(MB): used = 335, reserved = 330, peak = 335;

OPT-1001 : Stage 1.2.4 | Synthesize High-fanout Net
OPT-1001 : Start high-fanout net optimization in pre-place flow with medium effort ...
RUN-1001 : HFN opt statistic
RUN-1001 : ------------------------------------------------------
RUN-1001 :   DriverCell type  |  HFN count  |  Duplicated count  
RUN-1001 : ------------------------------------------------------
RUN-1001 :       LSLICE       |      0      |         0          
RUN-1001 :       MSLICE       |      0      |         0          
RUN-1001 :        TOTAL       |      0      |         0          
RUN-1001 : ------------------------------------------------------
OPT-1001 : End high-fanout net optimization;  0.000258s wall, 0.000000s user + 0.000000s system = 0.000000s CPU (n/a%)

OPT-1001 : Current memory(MB): used = 335, reserved = 330, peak = 335.
OPT-1001 : End Stage 1.2.4 | Synthesize High-fanout Net; Time: 0.000386s wall, 0.000000s user + 0.000000s system = 0.000000s CPU (n/a%); Memory(MB): used = 335, reserved = 330, peak = 335;

OPT-1001 : End physical optimization;  0.001308s wall, 0.000000s user + 0.000000s system = 0.000000s CPU (n/a%)

PHY-1001 : End Stage 1.2 | Optimize Design; Time: 0.001418s wall, 0.000000s user + 0.000000s system = 0.000000s CPU (n/a%); Memory(MB): used = 335, reserved = 330, peak = 335;

PHY-1001 : Stage 1.3 | Initialize Clock
PHY-1001 : Start to synthesize physical clock networks.
RUN-1002 : start command "start_timer"
USR-1002 : Derived clock:  create_generated_clock -name {u_video/u_pll/u_ref/ph1p_phy_pll_wrapper_25a56e5ce2f9_Inst/u_PH1P_PHY_PLL.clkc[0]} -source [get_ports I_sys_clk] -master_clock {sys_clk_50m} -divide_by 1.4815 -duty_cycle 50.0000 [get_pins {u_video/u_pll/u_ref/ph1p_phy_pll_wrapper_25a56e5ce2f9_Inst/u_PH1P_PHY_PLL.clkc[0]}]
USR-1002 : Derived clock:  create_generated_clock -name {u_video/u_pll/u_output/ph1p_phy_pll_wrapper_25a56e5ce2f9_Inst/u_PH1P_PHY_PLL.clkc[0]} -source [get_pins {u_video/u_pll/u_ref/ph1p_phy_pll_wrapper_25a56e5ce2f9_Inst/u_PH1P_PHY_PLL.clkc[0]}] -master_clock {u_video/u_pll/u_ref/ph1p_phy_pll_wrapper_25a56e5ce2f9_Inst/u_PH1P_PHY_PLL.clkc[0]} -multiply_by 2.2000 -duty_cycle 50.0000 [get_pins {u_video/u_pll/u_output/ph1p_phy_pll_wrapper_25a56e5ce2f9_Inst/u_PH1P_PHY_PLL.clkc[0]}]
USR-1002 : Derived clock:  create_generated_clock -name {u_video/u_pll/u_output/ph1p_phy_pll_wrapper_25a56e5ce2f9_Inst/u_PH1P_PHY_PLL.clkc[1]} -source [get_pins {u_video/u_pll/u_ref/ph1p_phy_pll_wrapper_25a56e5ce2f9_Inst/u_PH1P_PHY_PLL.clkc[0]}] -master_clock {u_video/u_pll/u_ref/ph1p_phy_pll_wrapper_25a56e5ce2f9_Inst/u_PH1P_PHY_PLL.clkc[0]} -multiply_by 11.0000 -duty_cycle 50.0000 [get_pins {u_video/u_pll/u_output/ph1p_phy_pll_wrapper_25a56e5ce2f9_Inst/u_PH1P_PHY_PLL.clkc[1]}]
TMR-2502 : Net delay update with mode: Synthesized
PHY-1001 : Populate physical database on model sync_aligned_fhd30_top.
RUN-1001 : There are total 235 instances
RUN-0007 : 104 luts, 101 seqs, 0 mslices, 12 lslices, 8 pads, 0 brams, 0 dsps
RUN-1001 : There are total 256 nets
RUN-1001 : 190 nets have 2 pins
RUN-1001 : 31 nets have [3 - 5] pins
RUN-1001 : 26 nets have [6 - 10] pins
RUN-1001 : 2 nets have [11 - 20] pins
RUN-1001 : 7 nets have [21 - 99] pins
PHY-1001 : End Stage 1.3 | Initialize Clock; Time: 0.016751s wall, 0.000000s user + 0.015625s system = 0.015625s CPU (93.3%); Memory(MB): used = 338, reserved = 330, peak = 338;

PHY-1001 : End Stage 1 | Initialize Design; Time: 0.020280s wall, 0.000000s user + 0.015625s system = 0.015625s CPU (77.0%); Memory(MB): used = 338, reserved = 330, peak = 338;

PHY-1001 : Stage 2 | Global Placement
RUN-1001 : Report Control nets information:
RUN-1001 : DFF Distribution
RUN-1001 : -------------------------------------
RUN-1001 :   CE   |  SSR  |  ASR  |  DFF Count  
RUN-1001 : -------------------------------------
RUN-1001 :   No   |  No   |  No   |     13      
RUN-1001 :   No   |  No   |  Yes  |     77      
RUN-1001 :   No   |  Yes  |  No   |      0      
RUN-1001 :   Yes  |  No   |  No   |      0      
RUN-1001 :   Yes  |  No   |  Yes  |     11      
RUN-1001 :   Yes  |  Yes  |  No   |      0      
RUN-1001 : -------------------------------------
RUN-1001 : Control Group Statistic
RUN-1001 : -----------------------------
RUN-1001 :   #CLK  |  #CE  |  #SSR/ASR  
RUN-1001 : -----------------------------
RUN-1001 :    2    |   2   |     3      
RUN-1001 : -----------------------------
RUN-0007 : Control Set = 5
PHY-1001 : Stage 2.1 | Place Fixed Instances
PHY-5016 WARNING: PLL clkc is driving an IO without location.
PHY-5016 WARNING: PLL clkc is not driving a clock-capable IO.
PHY-5016 WARNING: PLL clkc is driving an IO without location.
PHY-1001 : End Stage 2.1 | Place Fixed Instances; Time: 0.001303s wall, 0.015625s user + 0.000000s system = 0.015625s CPU (1199.6%); Memory(MB): used = 339, reserved = 330, peak = 339;

PHY-1001 : Stage 2.2 | Pre-Place DRC Check
PHY-1001 : Stage 2.2.1 | Force Route Constraint Check
PHY-1001 : Check Pass.
PHY-1001 : End Stage 2.2.1 | Force Route Constraint Check; Time: 0.000065s wall, 0.000000s user + 0.000000s system = 0.000000s CPU (n/a%); Memory(MB): used = 339, reserved = 330, peak = 339;

PHY-1001 : Stage 2.2.2 | Sigmap Check
PHY-1001 : Check pass.
PHY-1001 : End Stage 2.2.2 | Sigmap Check; Time: 0.000194s wall, 0.000000s user + 0.000000s system = 0.000000s CPU (n/a%); Memory(MB): used = 339, reserved = 330, peak = 339;

PHY-1001 : End Stage 2.2 | Pre-Place DRC Check; Time: 0.000341s wall, 0.000000s user + 0.000000s system = 0.000000s CPU (n/a%); Memory(MB): used = 339, reserved = 330, peak = 339;

PHY-1001 : Clock GCLK Statistics:
RUN-1001 : GCLK Index: 
RUN-1001 : ----------------------------------------------------------------------------------------
RUN-1001 :   Index  |                           Clock GCLK                           |  Location   
RUN-1001 : ----------------------------------------------------------------------------------------
RUN-1001 :     1    |  u_video/u_phy/u0_lane_lvds_8_1/I_serial_clk_created_gclkinst  |  x23y39z0   
RUN-1001 :     2    |              u_video/u_pll/u_output/bufg_feedback              |  x23y39z1   
RUN-1001 :     3    |               u_video/u_pll/u_ref/bufg_feedback                |  x23y39z16  
RUN-1001 : ----------------------------------------------------------------------------------------
RUN-1001 : Clock Nets Connect To GCLK Statistics: 
RUN-1001 : -----------------------------------------------------------------------------------------------------------------------------------------------------------------------------
RUN-1001 :   Index  |                  Leading Net                  |  CLK/DATA/IO/PLL Sink(s)  |                       Following Net                       |  CLK/DATA/IO/PLL Sink(s)  
RUN-1001 : -----------------------------------------------------------------------------------------------------------------------------------------------------------------------------
RUN-1001 :     1    |  u_video/u_phy/u0_lane_lvds_8_1/I_serial_clk  |          1/0/0/0          |     u_video/u_phy/u0_lane_lvds_8_1/I_serial_clk_syn_1     |         59/0/0/0          
RUN-1001 :     2    |        u_video/u_pll/u_output/clk0_buf        |          1/0/0/0          |                       u_video/pixel                       |         50/0/0/0          
RUN-1001 :     3    |         u_video/u_pll/u_ref/clk0_buf          |          1/0/0/0          | u_video/u_pll/u_output/ph1p_phy_pll_wrapper_25a56e5ce...  |          1/0/0/0          
RUN-1001 : -----------------------------------------------------------------------------------------------------------------------------------------------------------------------------
PHY-1001 : Stage 2.3 | Global Placement Step 1
PHY-3001 : Target density is 60%
PHY-1001 : Stage 2.3.1 | Update Timing
RUN-1002 : start command "start_timer"
PHY-1001 : SWNS: 349, STNS: 0, FEP: 0
PHY-3001 : tot_pins 2661 tot_hfn_pins 0 perc. 0 tot_hhfn_pins 0 perc. 0
PHY-1001 : End Stage 2.3.1 | Update Timing; Time: 0.011877s wall, 0.000000s user + 0.000000s system = 0.000000s CPU (n/a%); Memory(MB): used = 340, reserved = 331, peak = 340;

PHY-0007 : Cell area utilization is 0%
PHY-3001 : Clustering ...
PHY-3001 : End clustering;  0.000035s wall, 0.000000s user + 0.000000s system = 0.000000s CPU (n/a%)

PHY-3001 : Target density is 60%
PHY-1001 : Stage 2.3.2 | GP Iteration
PHY-1001 : End Stage 2.3.2 | GP Iteration; Time: 0.103546s wall, 0.312500s user + 0.156250s system = 0.468750s CPU (452.7%); Memory(MB): used = 340, reserved = 331, peak = 340;

PHY-3001 : Multithread accelerating rate: 4.46
RUN-1002 : start command "start_timer"
PHY-3001 : No need to merge 9x9 Dsps.
PHY-1001 : Populate physical database on model sync_aligned_fhd30_top.
PHY-1001 : End Stage 2.3 | Global Placement Step 1; Time: 0.136396s wall, 0.328125s user + 0.171875s system = 0.500000s CPU (366.6%); Memory(MB): used = 340, reserved = 331, peak = 340;

PHY-1001 : Stage 2.4 | RAM/DSP Legalization and Detailed Placement
PHY-1001 : Stage 2.4.1 | Legalization
PHY-3001 : Before Legalized: Len = 11079.4
PHY-3001 : After Legalized: Len = 11079.4, Over = 0 with grid_size = 640
PHY-1001 : End Stage 2.4.1 | Legalization; Time: 0.001326s wall, 0.000000s user + 0.000000s system = 0.000000s CPU (n/a%); Memory(MB): used = 340, reserved = 331, peak = 340;

PHY-1001 : Stage 2.4.2 | Detailed Placement
PHY-1001 : Stage 2.4.2.1 | Simulated Annealing Based DP
PHY-3001 : No movable unit~
PHY-1001 : End Stage 2.4.2.1 | Simulated Annealing Based DP; Time: 0.000095s wall, 0.000000s user + 0.000000s system = 0.000000s CPU (n/a%); Memory(MB): used = 340, reserved = 331, peak = 340;

PHY-3001 : End Detailed Place; 
PHY-1001 : End Stage 2.4.2 | Detailed Placement; Time: 0.001079s wall, 0.000000s user + 0.015625s system = 0.015625s CPU (1448.2%); Memory(MB): used = 340, reserved = 331, peak = 340;

PHY-1001 : End Stage 2.4 | RAM/DSP Legalization and Detailed Placement; Time: 0.002640s wall, 0.000000s user + 0.015625s system = 0.015625s CPU (591.9%); Memory(MB): used = 340, reserved = 331, peak = 340;

PHY-1001 : Stage 2.5 | Global Placement Step 2
PHY-3001 : Target density is 60%
PHY-1001 : Stage 2.5.1 | Update Timing
PHY-1001 : SWNS: -394, STNS: -1272, FEP: 7
PHY-1001 : End Stage 2.5.1 | Update Timing; Time: 0.000794s wall, 0.000000s user + 0.000000s system = 0.000000s CPU (n/a%); Memory(MB): used = 340, reserved = 331, peak = 340;

PHY-1001 : Stage 2.5.2 | Refresh Congestion
RUN-1001 : Generating global routing grids ...
RUN-1001 : Building simple global routing graph ...
PHY-1001 : Generate routing nets ...
PHY-1001 : Reuse net number 0/130.
PHY-1001 : Global iterations in 20 thread ...
PHY-1002 : len = 11296, over cnt = 9(0%), over = 46, worst = 12
PHY-1001 : End global iterations;  0.006570s wall, 0.015625s user + 0.000000s system = 0.015625s CPU (237.8%)

PHY-1001 : Congestion index:
PHY-1001 : top1  = 13.92(S 4.05, N 8.52, E 10.87, W 4.12, I 12.23, O 16.20)
PHY-1001 : top5  = 4.15(S 0.80, N 2.00, E 2.51, W 0.82, I 2.42, O 3.21)
PHY-1001 : top10 = 2.08(S 0.40, N 1.00, E 1.25, W 0.41, I 1.21, O 1.60)
PHY-1001 : top15 = 1.38(S 0.27, N 0.67, E 0.84, W 0.27, I 0.81, O 1.07)
PHY-1001 : End Stage 2.5.2 | Refresh Congestion; Time: 0.208025s wall, 0.203125s user + 0.000000s system = 0.203125s CPU (97.6%); Memory(MB): used = 371, reserved = 362, peak = 371;

PHY-1001 : Stage 2.5.3 | GP Iteration
PHY-1001 : End Stage 2.5.3 | GP Iteration; Time: 0.374928s wall, 0.812500s user + 0.359375s system = 1.171875s CPU (312.6%); Memory(MB): used = 372, reserved = 363, peak = 372;

PHY-3001 : Multithread accelerating rate: 3.11
PHY-3001 : Low accelerating rate: 3.11. This may happen when it is heavy-loaded.
PHY-1001 : End Stage 2.5 | Global Placement Step 2; Time: 0.592580s wall, 1.031250s user + 0.359375s system = 1.390625s CPU (234.7%); Memory(MB): used = 372, reserved = 363, peak = 372;

PHY-1001 : Stage 2.6 | RAM/DSP Detailed Placement
PHY-1001 : Stage 2.6.1 | Detailed Placement
PHY-1001 : Stage 2.6.1.1 | Simulated Annealing Based DP
PHY-3001 : No movable unit~
PHY-1001 : End Stage 2.6.1.1 | Simulated Annealing Based DP; Time: 0.000069s wall, 0.000000s user + 0.000000s system = 0.000000s CPU (n/a%); Memory(MB): used = 372, reserved = 363, peak = 372;

PHY-3001 : End Detailed Place; 
PHY-1001 : End Stage 2.6.1 | Detailed Placement; Time: 0.000899s wall, 0.000000s user + 0.000000s system = 0.000000s CPU (n/a%); Memory(MB): used = 372, reserved = 363, peak = 372;

PHY-1001 : Stage 2.6.2 | Spreading
OPT-1001 : Total overflow 6.50 peak overflow 4.19
PHY-3001 : Spreading for sector grids.
PHY-3001 : Iter 1, total overflow: 0
PHY-3001 : tot_capacity: 12, usage_cnt: 2, movable_cnt: 12
PHY-3001 : End spreading;  0.001697s wall, 0.000000s user + 0.000000s system = 0.000000s CPU (n/a%)

PHY-1001 : End Stage 2.6.2 | Spreading; Time: 0.001762s wall, 0.000000s user + 0.000000s system = 0.000000s CPU (n/a%); Memory(MB): used = 372, reserved = 363, peak = 372;

PHY-1001 : End Stage 2.6 | RAM/DSP Detailed Placement; Time: 0.003754s wall, 0.000000s user + 0.000000s system = 0.000000s CPU (n/a%); Memory(MB): used = 372, reserved = 363, peak = 372;

PHY-1001 : Stage 2.7 | Optimize Design
OPT-1001 : Start physical optimization ...
OPT-1001 : Total overflow 6.50 peak overflow 4.19
OPT-1001 : Stage 2.7.1 | Synthesize High-fanout Net
OPT-1001 : Start high-fanout net optimization in pre-pack flow with medium effort ...
OPT-1001 : Update timing in Manhattan mode
OPT-1001 : End timing update;  0.006635s wall, 0.000000s user + 0.000000s system = 0.000000s CPU (n/a%)

OPT-1001 : Start: SWNS 371 STNS 0 NUM_FEPS 0
OPT-1001 : Total overflow 6.50 peak overflow 4.19
DBG-001 :  select 1 high fanout candidates
DBG-001 :  crit level 1 net count 0 (fanout thres 50)
DBG-001 :  crit level 2 net count 0 (fanout thres 50)
DBG-001 :  crit level 3 net count 0 (fanout thres 40)
DBG-001 :  crit level 4 net count 0 (fanout thres 30)
DBG-001 :  crit level 5 net count 0 (fanout thres 30)
DBG-001 :  crit level 6 net count 1 (fanout thres 30)
PHY-1001 : Populate physical database on model sync_aligned_fhd30_top.
OPT-1001 : 1 high-fanout net processed.
PHY-3001 : Start incremental placement ...
PHY-1001 : Populate physical database on model sync_aligned_fhd30_top.
PHY-3001 : Target density is 60%
PHY-3001 : Target density is 60%
PHY-1001 : Stage 2.7.1.1 | Update Timing
PHY-1001 : SWNS: 599, STNS: 0, FEP: 0
PHY-1001 : End Stage 2.7.1.1 | Update Timing; Time: 0.000997s wall, 0.000000s user + 0.000000s system = 0.000000s CPU (n/a%); Memory(MB): used = 373, reserved = 364, peak = 373;

PHY-1001 : Stage 2.7.1.2 | Refresh Congestion
RUN-1001 : Generating global routing grids ...
PHY-1001 : Generate routing nets ...
PHY-1001 : Reuse net number 0/74.
PHY-1001 : Global iterations in 20 thread ...
PHY-1002 : len = 6560, over cnt = 4(0%), over = 30, worst = 14
PHY-1001 : End global iterations;  0.004187s wall, 0.015625s user + 0.000000s system = 0.015625s CPU (373.1%)

PHY-1001 : Congestion index:
PHY-1001 : top1  = 10.81(S 1.34, N 5.79, E 8.39, W 3.12, I 12.55, O 17.19)
PHY-1001 : top5  = 2.80(S 0.27, N 1.23, E 1.66, W 0.62, I 2.48, O 3.40)
PHY-1001 : top10 = 1.40(S 0.13, N 0.61, E 0.83, W 0.31, I 1.24, O 1.70)
PHY-1001 : top15 = 0.93(S 0.09, N 0.41, E 0.55, W 0.21, I 0.83, O 1.13)
PHY-1001 : End Stage 2.7.1.2 | Refresh Congestion; Time: 0.027312s wall, 0.031250s user + 0.000000s system = 0.031250s CPU (114.4%); Memory(MB): used = 373, reserved = 364, peak = 373;

PHY-1001 : Stage 2.7.1.3 | GP Iteration
PHY-1001 : End Stage 2.7.1.3 | GP Iteration; Time: 0.208321s wall, 0.890625s user + 0.312500s system = 1.203125s CPU (577.5%); Memory(MB): used = 373, reserved = 364, peak = 373;

PHY-3001 : Multithread accelerating rate: 5.74
OPT-1001 : Total overflow 6.53 peak overflow 4.38
PHY-3001 : Spreading for sector grids.
PHY-3001 : Iter 1, total overflow: 0
PHY-3001 : tot_capacity: 12, usage_cnt: 2, movable_cnt: 12
PHY-3001 : End spreading;  0.001787s wall, 0.109375s user + 0.093750s system = 0.203125s CPU (11366.8%)

PHY-3001 : Final: Len = 6470.9, Over = 3.25
PHY-3001 : End incremental placement;  0.244379s wall, 1.031250s user + 0.406250s system = 1.437500s CPU (588.2%)

OPT-1001 : Total overflow 6.53 peak overflow 4.38
RUN-1001 : HFN opt statistic
RUN-1001 : ------------------------------------------------------
RUN-1001 :   DriverCell type  |  HFN count  |  Duplicated count  
RUN-1001 : ------------------------------------------------------
RUN-1001 :         REG        |      1      |         2          
RUN-1001 :        LUT6        |      0      |         0          
RUN-1001 :        LUT5        |      0      |         0          
RUN-1001 :        LUT4        |      0      |         0          
RUN-1001 :        LUT3        |      0      |         0          
RUN-1001 :        LUT2        |      0      |         0          
RUN-1001 :        TOTAL       |      1      |         2          
RUN-1001 : ------------------------------------------------------
OPT-1001 : End high-fanout net optimization;  0.261777s wall, 1.078125s user + 0.515625s system = 1.593750s CPU (608.8%)

OPT-1001 : Update timing in Manhattan mode
OPT-1001 : End timing update;  0.006366s wall, 0.000000s user + 0.000000s system = 0.000000s CPU (n/a%)

OPT-1001 : Current memory(MB): used = 373, reserved = 364, peak = 373.
OPT-1001 : End Stage 2.7.1 | Synthesize High-fanout Net; Time: 0.269124s wall, 1.078125s user + 0.515625s system = 1.593750s CPU (592.2%); Memory(MB): used = 373, reserved = 364, peak = 373;

OPT-1001 : Stage 2.7.2 | Global Optimization
OPT-1001 : Start global optimization ...
OPT-0007 : Start: SWNS 668 STNS 0 NUM_FEPS 0
OPT-1001 : Start congestion update ...
RUN-1001 : Generating global routing grids ...
PHY-1001 : Generate routing nets ...
PHY-1001 : Reuse net number 52/65.
PHY-1001 : Global iterations in 20 thread ...
PHY-1002 : len = 6496, over cnt = 3(0%), over = 20, worst = 9
PHY-1002 : len = 7072, over cnt = 1(0%), over = 1, worst = 1
PHY-1002 : len = 7104, over cnt = 0(0%), over = 0, worst = 0
PHY-1001 : End global iterations;  0.006184s wall, 0.015625s user + 0.000000s system = 0.015625s CPU (252.7%)

PHY-1001 : Congestion index:
PHY-1001 : top1  = 9.83(S 2.24, N 6.53, E 6.74, W 2.80, I 12.61, O 17.02)
PHY-1001 : top5  = 2.63(S 0.44, N 1.39, E 1.33, W 0.55, I 2.50, O 3.37)
PHY-1001 : top10 = 1.31(S 0.22, N 0.70, E 0.67, W 0.28, I 1.25, O 1.68)
PHY-1001 : top15 = 0.88(S 0.15, N 0.46, E 0.44, W 0.18, I 0.83, O 1.12)
OPT-1001 : End congestion update;  0.029463s wall, 0.015625s user + 0.015625s system = 0.031250s CPU (106.1%)

OPT-0007 : Iter 1: improved SWNS 668 STNS 0 NUM_FEPS 0 with 2 cells processed and 0 slack improved
OPT-0007 : Iter 2: improved SWNS 668 STNS 0 NUM_FEPS 0 with 0 cells processed and 0 slack improved
OPT-1001 : Overall commit ratio 0.50
OPT-1001 : End global optimization;  0.030350s wall, 0.015625s user + 0.015625s system = 0.031250s CPU (103.0%)

OPT-1001 : Current memory(MB): used = 374, reserved = 364, peak = 374.
OPT-1001 : End Stage 2.7.2 | Global Optimization; Time: 0.032721s wall, 0.015625s user + 0.015625s system = 0.031250s CPU (95.5%); Memory(MB): used = 374, reserved = 364, peak = 374;

OPT-0007 : End flow prepack: SWNS 668 STNS 0 NUM_FEPS 0
OPT-1001 : End physical optimization;  0.303416s wall, 1.093750s user + 0.531250s system = 1.625000s CPU (535.6%)

PHY-1001 : End Stage 2.7 | Optimize Design; Time: 0.303490s wall, 1.093750s user + 0.531250s system = 1.625000s CPU (535.4%); Memory(MB): used = 374, reserved = 364, peak = 374;

PHY-1001 : Stage 2.8 | Pack and Legalization
PHY-1001 : Stage 2.8.1 | Direct Legalization
PHY-3001 : Start Direct Legalization ...
PHY-3001 : Get top1 grid util = 0.047088, top1_avg = 0.047088.
PHY-1001 : Populate physical database on model sync_aligned_fhd30_top.
PHY-3001 : Target density is 60%
PHY-3001 : Before Legalization for Slice Macros, Len = 6501.2.
RUN-1001 : Legalization top10 inst displacement:
RUN-1001 : ---------------------------------------------------------------------------------------------------------------------
RUN-1001 :   Index  |  Bounded  |  Height  |        Location        |  Disp. (slots)  |  Disp. (grids)  |         Name          
RUN-1001 : ---------------------------------------------------------------------------------------------------------------------
RUN-1001 :     1    |     N     |    12    |  x36y46z5 to x36y46z4  |        1        |        0        |  u_video/add1_syn_74  
RUN-1001 : ---------------------------------------------------------------------------------------------------------------------
PHY-3001 : After Legalization for Slice Macros, Len = 6568.2.
RUN-1001 : Generating global routing grids ...
PHY-1001 : Generate routing nets ...
PHY-1001 : Reuse net number 57/65.
RUN-1002 : start command "update_timing -mode MANHATTAN"
RUN-1002 : start command "start_timer"
PHY-1001 : Global iterations in 20 thread ...
PHY-1002 : len = 7136, over cnt = 0(0%), over = 0, worst = 0
PHY-1001 : End global iterations;  0.001515s wall, 0.000000s user + 0.000000s system = 0.000000s CPU (n/a%)

PHY-1001 : Congestion index:
PHY-1001 : top1  = 9.83(S 2.16, N 6.53, E 6.91, W 2.80, I 12.42, O 17.11)
PHY-1001 : top5  = 2.63(S 0.43, N 1.39, E 1.37, W 0.55, I 2.46, O 3.39)
PHY-1001 : top10 = 1.31(S 0.21, N 0.70, E 0.68, W 0.28, I 1.23, O 1.69)
PHY-1001 : top15 = 0.88(S 0.14, N 0.46, E 0.46, W 0.18, I 0.82, O 1.13)
PHY-3001 : Total Iter 76, legal = 200 / 200 (100.00%), avg_move = 40.80, max_move = 252.
PHY-3001 : There are no illegal insts.
PHY-1001 : Populate physical database on model sync_aligned_fhd30_top.
PHY-3001 : End Direct Legalization;  1.643990s wall, 14.265625s user + 0.296875s system = 14.562500s CPU (885.8%)

RUN-1001 : Summary of LUT-FF Pairs
RUN-1001 : -------------------------------------------------------------
RUN-1001 :   Num of Fanout Seqs  |  1x  |  2x  |  3~5  |  6~10  |  >10  
RUN-1001 : -------------------------------------------------------------
RUN-1001 :         Total         |  78  |  0   |   0   |   0    |   0   
RUN-1001 :          Grid         |  78  |  0   |   0   |   0    |   0   
RUN-1001 :          Bank         |  74  |  0   |   0   |   0    |   0   
RUN-1001 :         Paired        |  74  |  0   |   0   |   0    |   0   
RUN-1001 : -------------------------------------------------------------
RUN-1001 : Summary of LUT Pairs
RUN-1001 : ---------------------------------------------------------------------------------------------------------------------
RUN-1001 :            |           |           |           |           |           |  O5 + O6  |  Only O5  |  Only O6  |  Total  
RUN-1001 : ---------------------------------------------------------------------------------------------------------------------
RUN-1001 :   5 Share  |  4 Share  |  3 Share  |  2 Share  |  1 Share  |  0 Share  |           |           |           |         
RUN-1001 :      0     |     0     |     4     |    16     |    12     |    14     |    46     |    17     |    19     |   82    
RUN-1001 : ---------------------------------------------------------------------------------------------------------------------
PHY-1001 : End Stage 2.8.1 | Direct Legalization; Time: 1.644869s wall, 14.281250s user + 0.296875s system = 14.578125s CPU (886.3%); Memory(MB): used = 390, reserved = 379, peak = 390;

PHY-3001 : Target density is 60%
PHY-3001 : After Direct Legalization, Len = 10035.
PHY-1001 : End Stage 2.8 | Pack and Legalization; Time: 1.647730s wall, 14.281250s user + 0.296875s system = 14.578125s CPU (884.7%); Memory(MB): used = 390, reserved = 379, peak = 390;

RUN-1002 : start command "start_timer"
PHY-1001 : End Stage 2 | Global Placement; Time: 2.711832s wall, 16.765625s user + 1.375000s system = 18.140625s CPU (668.9%); Memory(MB): used = 390, reserved = 379, peak = 390;

PHY-1001 : Stage 3 | Detailed Placement
PHY-1001 : Stage 3.1 | SLICE Detailed Placement
PHY-1001 : Stage 3.1.1 | Spreading
PHY-3001 : Design contains 1 ce signals.
PHY-3001 : Spreading for sector grids.
PHY-3001 : Iter 1, total overflow: 0
PHY-3001 : tot_capacity: 12, usage_cnt: 2, movable_cnt: 11
PHY-3001 : Spreading for clock grids.
PHY-3001 : clock grid count for 24 x 4 grids
PHY-3001 : Spreading for plb grids.
PHY-3001 : total displace: 0, max displace: 0.
PHY-3001 : End spreading;  0.006804s wall, 0.000000s user + 0.000000s system = 0.000000s CPU (n/a%)

PHY-1001 : End Stage 3.1.1 | Spreading; Time: 0.006887s wall, 0.000000s user + 0.000000s system = 0.000000s CPU (n/a%); Memory(MB): used = 390, reserved = 379, peak = 390;

PHY-1001 : Stage 3.1.2 | Simulated Annealing Based DP
RUN-1001 : Generating global routing grids ...
PHY-1001 : Generate routing nets ...
PHY-1001 : Reuse net number 0/81.
PHY-1001 : Global iterations in 20 thread ...
PHY-1002 : len = 9776, over cnt = 4(0%), over = 12, worst = 5
PHY-1002 : len = 9936, over cnt = 2(0%), over = 2, worst = 1
PHY-1002 : len = 9952, over cnt = 0(0%), over = 0, worst = 0
PHY-1001 : End global iterations;  0.012455s wall, 0.000000s user + 0.000000s system = 0.000000s CPU (n/a%)

PHY-1001 : Congestion index:
PHY-1001 : top1  = 12.12(S 4.70, N 6.19, E 9.15, W 6.11, I 9.05, O 11.35)
PHY-1001 : top5  = 3.28(S 0.93, N 1.38, E 2.01, W 1.21, I 1.79, O 2.25)
PHY-1001 : top10 = 1.64(S 0.46, N 0.69, E 1.00, W 0.60, I 0.90, O 1.12)
PHY-1001 : top15 = 1.09(S 0.31, N 0.46, E 0.67, W 0.40, I 0.60, O 0.75)
PHY-0007 : Initial: WL Cost = 697.553, TD Cost = 1638.94, SWNS = 480, STNS = 0, Nums per T = 810, Range Limit = 4x8
PHY-0007 : Finally: WL Cost = 592.39, TD Cost = 789.805, WL Ratio = 0.84924, TD Ratio = 0.4819, SWNS = 665, STNS = 0
RUN-1001 : Print Detailed placement's Summary information
RUN-1001 : -----------------------------------------------------------------------------------------------------------------------------
RUN-1001 :           |  Total  |  Accept  |  Reject by overFlow  |  Reject by worseCost  |  Failed by noTarget  |  Failed by gridCheck  
RUN-1001 : -----------------------------------------------------------------------------------------------------------------------------
RUN-1001 :   Slices  |  4050   |   163    |          0           |         3868          |          0           |          19           
RUN-1001 :   Macros  |   52    |    0     |          0           |          52           |          0           |           0           
RUN-1001 : -----------------------------------------------------------------------------------------------------------------------------
PHY-1001 : End Stage 3.1.2 | Simulated Annealing Based DP; Time: 0.074125s wall, 0.078125s user + 0.000000s system = 0.078125s CPU (105.4%); Memory(MB): used = 390, reserved = 379, peak = 390;

PHY-3001 : End Detailed Place; 
PHY-3001 : Final: Len = 8587, Over = 0
PHY-1001 : End Stage 3.1 | SLICE Detailed Placement; Time: 0.083421s wall, 0.078125s user + 0.000000s system = 0.078125s CPU (93.7%); Memory(MB): used = 390, reserved = 379, peak = 390;

PHY-3001 : End Detailed Place; 
PHY-1001 : Stage 3.2 | Optimize Design
OPT-1001 : Start physical optimization ...
OPT-1001 : Total overflow 0.00 peak overflow 0.00
OPT-1001 : Stage 3.2.1 | Physical Optimization
OPT-1001 : Start high-fanout net optimization in optimize equivalent flow with medium effort ...
OPT-1001 : Clean unloaded insts before merging registers
PHY-1001 : Populate physical database on model sync_aligned_fhd30_top.
PHY-1001 : Populate physical database on model sync_aligned_fhd30_top.
OPT-1001 : Total overflow 0.00 peak overflow 0.00
OPT-1001 : End optimize duplicated nets. Total 2 instances are merged and 0 sinks are reconnected,  0.016129s wall, 0.015625s user + 0.000000s system = 0.015625s CPU (96.9%)

OPT-1001 : End high-fanout net optimization;  0.016248s wall, 0.015625s user + 0.000000s system = 0.015625s CPU (96.2%)

OPT-1001 : Update timing in Manhattan mode
RUN-1002 : start command "start_timer"
OPT-1001 : End timing update;  0.017587s wall, 0.031250s user + 0.000000s system = 0.031250s CPU (177.7%)

OPT-1001 : Current memory(MB): used = 390, reserved = 379, peak = 390.
OPT-1001 : End Stage 3.2.1 | Physical Optimization; Time: 0.034918s wall, 0.046875s user + 0.000000s system = 0.046875s CPU (134.2%); Memory(MB): used = 390, reserved = 379, peak = 390;

OPT-1001 : Stage 3.2.2 | Synthesize High-fanout Net
OPT-1001 : Start high-fanout net optimization in post-pack flow with medium effort ...
OPT-1001 : Start: SWNS 600 STNS 0 NUM_FEPS 0
OPT-1001 : Total overflow 0.00 peak overflow 0.00
DBG-001 :  select 0 high fanout candidates
DBG-001 :  crit level 1 net count 0 (fanout thres 50)
DBG-001 :  crit level 2 net count 0 (fanout thres 50)
DBG-001 :  crit level 3 net count 0 (fanout thres 40)
DBG-001 :  crit level 4 net count 0 (fanout thres 30)
DBG-001 :  crit level 5 net count 0 (fanout thres 30)
DBG-001 :  crit level 6 net count 0 (fanout thres 30)
PHY-1001 : Populate physical database on model sync_aligned_fhd30_top.
OPT-1001 : 0 high-fanout net processed.
OPT-1001 : Total overflow 0.00 peak overflow 0.00
RUN-1001 : HFN opt statistic
RUN-1001 : ------------------------------------------------------
RUN-1001 :   DriverCell type  |  HFN count  |  Duplicated count  
RUN-1001 : ------------------------------------------------------
RUN-1001 :       LSLICE       |      0      |         0          
RUN-1001 :       MSLICE       |      0      |         0          
RUN-1001 :        TOTAL       |      0      |         0          
RUN-1001 : ------------------------------------------------------
OPT-1001 : End high-fanout net optimization;  0.004233s wall, 0.000000s user + 0.000000s system = 0.000000s CPU (n/a%)

OPT-1001 : Current memory(MB): used = 390, reserved = 379, peak = 390.
OPT-1001 : End Stage 3.2.2 | Synthesize High-fanout Net; Time: 0.005383s wall, 0.000000s user + 0.000000s system = 0.000000s CPU (n/a%); Memory(MB): used = 390, reserved = 379, peak = 390;

OPT-1001 : Stage 3.2.3 | Optimize Path
OPT-1001 : Start unpack path based optimization ...
OPT-0007 : Start: SWNS 600 STNS 0 NUM_FEPS 0 with mode 2
OPT-1001 : Start congestion update ...
RUN-1001 : Generating global routing grids ...
PHY-1001 : Generate routing nets ...
PHY-1001 : Reuse net number 32/90.
PHY-1001 : Global iterations in 20 thread ...
PHY-1002 : len = 10128, over cnt = 7(0%), over = 12, worst = 4
PHY-1002 : len = 10416, over cnt = 1(0%), over = 1, worst = 1
PHY-1002 : len = 10448, over cnt = 0(0%), over = 0, worst = 0
PHY-1001 : End global iterations;  0.010668s wall, 0.015625s user + 0.000000s system = 0.015625s CPU (146.5%)

PHY-1001 : Congestion index:
PHY-1001 : top1  = 11.64(S 6.42, N 6.57, E 8.55, W 5.43, I 9.02, O 11.18)
PHY-1001 : top5  = 3.31(S 1.32, N 1.59, E 1.86, W 1.07, I 1.78, O 2.21)
PHY-1001 : top10 = 1.65(S 0.66, N 0.80, E 0.93, W 0.54, I 0.89, O 1.11)
PHY-1001 : top15 = 1.10(S 0.44, N 0.53, E 0.62, W 0.36, I 0.59, O 0.74)
OPT-1001 : End congestion update;  0.033001s wall, 0.031250s user + 0.000000s system = 0.031250s CPU (94.7%)

OPT-0007 : Iter 1: improved SWNS 928 STNS 0 NUM_FEPS 0 with 1(2) cells and 1(1) paths processed with 328 slack improved, crit_thod: 600 ratio: 1.00(1/1) rt: 0.0s
OPT-0007 : Iter 2: improved SWNS 928 STNS 0 NUM_FEPS 0 with 0(2) cells and 1(1) paths processed with 0 slack improved, crit_thod: 928 ratio: -1.00(0/0) rt: 0.0s
OPT-1001 : End path based optimization;  0.040473s wall, 0.046875s user + 0.000000s system = 0.046875s CPU (115.8%)

OPT-1001 : Current memory(MB): used = 390, reserved = 379, peak = 390.
OPT-1001 : End Stage 3.2.3 | Optimize Path; Time: 0.041117s wall, 0.046875s user + 0.000000s system = 0.046875s CPU (114.0%); Memory(MB): used = 390, reserved = 379, peak = 390;

OPT-1001 : Stage 3.2.4 | Optimize Duplicated Nets
OPT-1001 : Start: WNS 928 TNS 0 NUM_FEPS 0
OPT-1001 : Clean unloaded insts before merging registers
PHY-1001 : Populate physical database on model sync_aligned_fhd30_top.
PHY-1001 : Populate physical database on model sync_aligned_fhd30_top.
OPT-1001 : Total overflow 0.00 peak overflow 0.00
OPT-1001 : End optimize duplicated nets. Total 0 instances are merged and 0 sinks are reconnected,  0.011393s wall, 0.000000s user + 0.000000s system = 0.000000s CPU (n/a%)

OPT-1001 : Update timing in Manhattan mode
RUN-1002 : start command "start_timer"
OPT-1001 : End timing update;  0.017433s wall, 0.015625s user + 0.000000s system = 0.015625s CPU (89.6%)

OPT-1001 : Current memory(MB): used = 390, reserved = 379, peak = 390.
OPT-1001 : End Stage 3.2.4 | Optimize Duplicated Nets; Time: 0.029580s wall, 0.015625s user + 0.000000s system = 0.015625s CPU (52.8%); Memory(MB): used = 390, reserved = 379, peak = 390;

OPT-1001 : Stage 3.2.5 | Swap Pins
OPT-1001 : Start pin optimization...
OPT-1001 : Start: SWNS 928 STNS 0 NUM_FEPS 0
OPT-1001 : Successfully optimized 4 instances
OPT-1001 : Successfully optimized 0 instances
OPT-1001 : End pin optimization;  0.002791s wall, 0.015625s user + 0.000000s system = 0.015625s CPU (559.8%)

OPT-1001 : Current memory(MB): used = 390, reserved = 379, peak = 390.
OPT-1001 : End Stage 3.2.5 | Swap Pins; Time: 0.003440s wall, 0.015625s user + 0.000000s system = 0.015625s CPU (454.2%); Memory(MB): used = 390, reserved = 379, peak = 390;

OPT-1001 : Stage 3.2.6 | Optimize Beeline
OPT-1001 : Start beeline optimization...
OPT-1001 : Start: SWNS 928 STNS 0 NUM_FEPS 0
PHY-1001 : Beeline DP, 7 out of 14 (50.00)%; hop = 9.
PHY-1001 : Beeline DP, 1 out of 12 (8.33)%; hop = 2.
PHY-1001 : Beeline optimization intraPLB, 33 1-hop(48.53%), 31 2-hop(45.59%), 4 3-hop( 5.88%), 0 others ( 0.00%)
PHY-1001 :  0.042152s wall, 0.015625s user + 0.000000s system = 0.015625s CPU (37.1%)

RUN-1001 : Beeline optimization outerPLB: 1-hop 15, 2-hop 36, 3-hop 13, 4-hop 11, other 17 
OPT-1001 : End beeline optimization;  0.057326s wall, 0.031250s user + 0.000000s system = 0.031250s CPU (54.5%)

OPT-1001 : Update timing in Manhattan mode
OPT-1001 : End timing update;  0.005046s wall, 0.000000s user + 0.000000s system = 0.000000s CPU (n/a%)

OPT-1001 : End Stage 3.2.6 | Optimize Beeline; Time: 0.068842s wall, 0.046875s user + 0.000000s system = 0.046875s CPU (68.1%); Memory(MB): used = 404, reserved = 392, peak = 404;

OPT-0007 : End flow postpack: SWNS 928 STNS 0 NUM_FEPS 0
RUN-1001 : Generating global routing grids ...
PHY-1001 : Generate routing nets ...
PHY-1001 : Reuse net number 76/86.
PHY-1001 : Global iterations in 20 thread ...
PHY-1002 : len = 10576, over cnt = 2(0%), over = 2, worst = 1
PHY-1002 : len = 10608, over cnt = 0(0%), over = 0, worst = 0
PHY-1001 : End global iterations;  0.004385s wall, 0.015625s user + 0.000000s system = 0.015625s CPU (356.3%)

PHY-1001 : Congestion index:
PHY-1001 : top1  = 11.85(S 6.55, N 6.86, E 8.22, W 6.09, I 9.02, O 11.18)
PHY-1001 : top5  = 3.43(S 1.35, N 1.67, E 1.86, W 1.20, I 1.78, O 2.21)
PHY-1001 : top10 = 1.71(S 0.68, N 0.84, E 0.93, W 0.60, I 0.89, O 1.11)
PHY-1001 : top15 = 1.14(S 0.45, N 0.56, E 0.62, W 0.40, I 0.59, O 0.74)
RUN-1001 : QoR Analysis:
OPT-0007 :   SWNS 928 STNS 0 NUM_FEPS 0
RUN-1001 :   No local congestion issue, and most congested 1% tile average routing util is 11.447368
RUN-1001 :   Top critical paths
RUN-1001 :       #1 path slack 928ps with logic level 2 
RUN-1001 :       #2 path slack 949ps with logic level 2 
OPT-1001 : End physical optimization;  0.211882s wall, 0.203125s user + 0.000000s system = 0.203125s CPU (95.9%)

PHY-1001 : End Stage 3.2 | Optimize Design; Time: 0.211973s wall, 0.203125s user + 0.000000s system = 0.203125s CPU (95.8%); Memory(MB): used = 404, reserved = 392, peak = 404;

RUN-1001 : Report Control nets information:
RUN-1001 : DFF Distribution
RUN-1001 : -------------------------------------
RUN-1001 :   CE   |  SSR  |  ASR  |  DFF Count  
RUN-1001 : -------------------------------------
RUN-1001 :   No   |  No   |  No   |      0      
RUN-1001 :   No   |  No   |  Yes  |      0      
RUN-1001 :   No   |  Yes  |  No   |      0      
RUN-1001 :   Yes  |  No   |  No   |     13      
RUN-1001 :   Yes  |  No   |  Yes  |     88      
RUN-1001 :   Yes  |  Yes  |  No   |      0      
RUN-1001 : -------------------------------------
RUN-1001 : Control Group Statistic
RUN-1001 : -----------------------------
RUN-1001 :   #CLK  |  #CE  |  #SSR/ASR  
RUN-1001 : -----------------------------
RUN-1001 :    2    |   7   |     4      
RUN-1001 : -----------------------------
RUN-0007 : Control Set = 12
PHY-1001 : End Stage 3 | Detailed Placement; Time: 0.296686s wall, 0.281250s user + 0.000000s system = 0.281250s CPU (94.8%); Memory(MB): used = 404, reserved = 392, peak = 404;

PHY-1001 : Populate physical database on model sync_aligned_fhd30_top.
PHY-1001 : Stage 4 | Optimize Design
PHY-3001 : Start incremental legalization ...
PHY-1001 : Populate physical database on model sync_aligned_fhd30_top.
PHY-3001 : Target density is 60%
PHY-3001 : Target density is 60%
PHY-3001 : Initial: Len = 8858.6, Over = 0
PHY-1001 : Stage 4.1 | Spreading
PHY-3001 : Design contains 1 ce signals.
PHY-3001 : Spreading for sector grids.
PHY-3001 : Iter 1, total overflow: 0
PHY-3001 : tot_capacity: 12, usage_cnt: 2, movable_cnt: 12
PHY-3001 : Spreading for clock grids.
PHY-3001 : clock grid count for 24 x 4 grids
PHY-3001 : Spreading for plb grids.
PHY-3001 : total displace: 0, max displace: 0.
PHY-3001 : End spreading;  0.006595s wall, 0.000000s user + 0.000000s system = 0.000000s CPU (n/a%)

PHY-1001 : End Stage 4.1 | Spreading; Time: 0.006665s wall, 0.000000s user + 0.000000s system = 0.000000s CPU (n/a%); Memory(MB): used = 404, reserved = 392, peak = 404;

PHY-3001 : Final: Len = 8858.6, Over = 0
PHY-3001 : End incremental legalization;  0.014985s wall, 0.203125s user + 0.000000s system = 0.203125s CPU (1355.5%)

RUN-1002 : start command "report_qor -step place -file place.qor"
RUN-1002 : start command "start_timer"
TMR-2502 : Net delay update with mode: Placed
RUN-1001 : Generating global routing grids ...
-----------------------------------------------------------
| QoR metrics               |         value               |
-----------------------------------------------------------
| Timing                    |                             |
|     Setup WNS             |          928                |
|     Setup TNS             |            0                |
|     Num of violated S-EP  |            0                |
|     FMAX                  |   566.572MHz                |
|     SWNS path clock period |       2693ps                |
|     Hold WNS              |           51                |
|     Hold TNS              |            0                |
|     Num of violated H-EP  |            0                |
-----------------------------------------------------------
| Routing Resource          |                             |
|     Wire length           |         8831                |
|     Route Net Num         |          145                |
|     DontRoute Net Num     |           30                |
|     RouteSinks Num        |          483                |
-----------------------------------------------------------
| Utilization               |                             |
|     #slices               |           91                |
|     slices percentage     |        0.43%                |
|     #RAMs                 |            0                |
|     #DSPs                 |            0                |
|     #DRAMHARDCON          |            0                |
-----------------------------------------------------------
| Congestion                |                             |
|     Top 1% tile util      |            5                |
|     Top 1% tile avg util  |       11.45%                |
|     Over 100% util #tile  |            0                |
-----------------------------------------------------------
Report place stage QoR done.

PHY-1001 : End Stage 4 | Optimize Design; Time: 0.086955s wall, 0.265625s user + 0.000000s system = 0.265625s CPU (305.5%); Memory(MB): used = 404, reserved = 392, peak = 404;

PHY-1001 : Stage 5 | DRC Check
PHY-1001 : Stage 5.1 | Slice Attributes Check
PHY-1001 : Check pass.
PHY-1001 : End Stage 5.1 | Slice Attributes Check; Time: 0.000377s wall, 0.000000s user + 0.000000s system = 0.000000s CPU (n/a%); Memory(MB): used = 405, reserved = 392, peak = 405;

PHY-1001 : Stage 5.2 | Clock Bound Check
PHY-1001 : Check pass.
PHY-1001 : End Stage 5.2 | Clock Bound Check; Time: 0.000047s wall, 0.000000s user + 0.000000s system = 0.000000s CPU (n/a%); Memory(MB): used = 405, reserved = 392, peak = 405;

PHY-1001 : Stage 5.3 | Force Route Constraint Check
PHY-1001 : Check Pass.
PHY-1001 : End Stage 5.3 | Force Route Constraint Check; Time: 0.000056s wall, 0.000000s user + 0.000000s system = 0.000000s CPU (n/a%); Memory(MB): used = 405, reserved = 392, peak = 405;

PHY-1001 : Stage 5.4 | Sigmap Check
PHY-1001 : Check pass.
PHY-1001 : End Stage 5.4 | Sigmap Check; Time: 0.000370s wall, 0.000000s user + 0.000000s system = 0.000000s CPU (n/a%); Memory(MB): used = 405, reserved = 392, peak = 405;

PHY-1001 : Stage 5.5 | Duplicated SelfDriven Check
PHY-1001 : Check pass.
PHY-1001 : End Stage 5.5 | Duplicated SelfDriven Check; Time: 0.002210s wall, 0.000000s user + 0.000000s system = 0.000000s CPU (n/a%); Memory(MB): used = 405, reserved = 392, peak = 405;

PHY-1001 : Stage 5.6 | Clock Rule Check
PHY-1001 : End Stage 5.6 | Clock Rule Check; Time: 0.000422s wall, 0.000000s user + 0.000000s system = 0.000000s CPU (n/a%); Memory(MB): used = 405, reserved = 392, peak = 405;

PHY-1001 : End Stage 5 | DRC Check; Time: 0.020050s wall, 0.031250s user + 0.000000s system = 0.031250s CPU (155.9%); Memory(MB): used = 405, reserved = 392, peak = 405;

OPT-1001 : QoR tracer report on placement steps:
    SWNS [   incr ]    STNS [   incr ]    FEPS [   incr ]    CRIT [   incr ]      CELL [     incr ]        WL [     incr ]    CONG [   incr ]    PDES [   incr ]   RT(s) [   incr ]   MEM(mb) [     incr ]
       0 [      0 ]       0 [      0 ]       0 [      0 ]       0 [      0 ]       234 [        0 ]         0 [        0 ]    0.00 [   0.00 ]       0 [      0 ]       0 [      0 ]       335 [        0 ] : preplace:simplify_lut
       0 [      0 ]       0 [      0 ]       0 [      0 ]       0 [      0 ]       234 [        0 ]         0 [        0 ]    0.00 [   0.00 ]       0 [      0 ]       0 [      0 ]       335 [        0 ] : preplace:sweep
       0 [      0 ]       0 [      0 ]       0 [      0 ]       0 [      0 ]       234 [        0 ]         0 [        0 ]    0.00 [   0.00 ]       0 [      0 ]       0 [      0 ]       335 [        0 ] : preplace:lut_merge
       0 [      0 ]       0 [      0 ]       0 [      0 ]       0 [      0 ]       234 [        0 ]         0 [        0 ]    0.00 [   0.00 ]       0 [      0 ]       0 [      0 ]       335 [        0 ] : preplace:hfn_opt
    -394 [   -394 ]   -1272 [  -1272 ]       7 [      7 ]    1428 [   1428 ]       235 [        1 ]     11056 [    11056 ]    0.00 [   0.00 ]       0 [      0 ]       0 [      0 ]       340 [        5 ] : step1_gp
    -394 [      0 ]   -1272 [      0 ]       7 [      0 ]    1428 [      0 ]       235 [        0 ]     11056 [        0 ]    0.00 [   0.00 ]       0 [      0 ]       0 [      0 ]       340 [        0 ] : step1_legal
    -394 [      0 ]   -1272 [      0 ]       7 [      0 ]    1428 [      0 ]       235 [        0 ]     11056 [        0 ]    0.00 [   0.00 ]       0 [      0 ]       0 [      0 ]       340 [        0 ] : step1_dp
     371 [    765 ]       0 [   1272 ]       0 [     -7 ]    1444 [     16 ]       235 [        0 ]      6406 [    -4650 ]   13.50 [  13.50 ]       0 [      0 ]       0 [      0 ]       372 [       32 ] : step2_gp
     371 [      0 ]       0 [      0 ]       0 [      0 ]    1444 [      0 ]       235 [        0 ]      6406 [        0 ]   13.50 [   0.00 ]       0 [      0 ]       0 [      0 ]       372 [        0 ] : step2_dp
     371 [      0 ]       0 [      0 ]       0 [      0 ]    1444 [      0 ]       235 [        0 ]      6406 [        0 ]   13.50 [   0.00 ]       0 [      0 ]       0 [      0 ]       372 [        0 ] : prepack_spreading
     668 [    297 ]       0 [      0 ]       0 [      0 ]    1454 [     10 ]       237 [        2 ]      6422 [       16 ]   10.50 [  -3.00 ]       0 [      0 ]       1 [      1 ]       373 [        1 ] : prepack:hfn_opt
     668 [      0 ]       0 [      0 ]       0 [      0 ]    1454 [      0 ]       237 [        0 ]      6474 [       52 ]    9.50 [  -1.00 ]       0 [      0 ]       1 [      0 ]       374 [        1 ] : prepack:global_opt
     480 [   -188 ]       0 [      0 ]       0 [      0 ]    1606 [    152 ]       110 [     -127 ]     10007 [     3533 ]    9.50 [   0.00 ]       0 [      0 ]       2 [      1 ]       390 [       16 ] : direct_legalization
     480 [      0 ]       0 [      0 ]       0 [      0 ]    1606 [      0 ]       110 [        0 ]     10007 [        0 ]    9.50 [   0.00 ]       0 [      0 ]       2 [      0 ]       390 [        0 ] : post_pack_spreading
     665 [    185 ]       0 [      0 ]       0 [      0 ]    1623 [     17 ]       110 [        0 ]      8559 [    -1448 ]   11.76 [   2.26 ]       0 [      0 ]       2 [      0 ]       390 [        0 ] : post_pack_dp
     600 [    -65 ]       0 [      0 ]       0 [      0 ]    1623 [      0 ]       109 [       -1 ]      8401 [     -158 ]   11.76 [   0.00 ]       0 [      0 ]       2 [      0 ]       390 [        0 ] : postpack:optimize_equivalent_quick
     600 [      0 ]       0 [      0 ]       0 [      0 ]    1623 [      0 ]       109 [        0 ]      8401 [        0 ]   11.76 [   0.00 ]       0 [      0 ]       2 [      0 ]       390 [        0 ] : postpack:hfn_opt
     928 [    328 ]       0 [      0 ]       0 [      0 ]    1623 [      0 ]       109 [        0 ]      8593 [      192 ]   11.21 [  -0.55 ]       0 [      0 ]       2 [      0 ]       390 [        0 ] : postpack:path_opt
     928 [      0 ]       0 [      0 ]       0 [      0 ]    1623 [      0 ]       109 [        0 ]      8593 [        0 ]   11.21 [   0.00 ]       0 [      0 ]       2 [      0 ]       390 [        0 ] : postpack:optimize_equivalent
     928 [      0 ]       0 [      0 ]       0 [      0 ]    1623 [      0 ]       109 [        0 ]      8593 [        0 ]   11.21 [   0.00 ]       0 [      0 ]       2 [      0 ]       390 [        0 ] : postpack:pin_opt
     928 [      0 ]       0 [      0 ]       0 [      0 ]    1623 [      0 ]       109 [        0 ]      8831 [      238 ]   11.21 [   0.00 ]       0 [      0 ]       3 [      1 ]       404 [       14 ] : postpack:beeline_opt

RUN-1003 : finish command "place" in  3.167328s wall, 17.375000s user + 1.390625s system = 18.765625s CPU (592.5%)

RUN-1004 : used memory is 405 MB, reserved memory is 392 MB, peak memory is 405 MB
RUN-1002 : start command "update_timing -mode manhattan"
RUN-1002 : start command "start_timer"
RUN-1002 : start command "report_timing_status -file sync_aligned_fhd30_place.ts"
RUN-1002 : start command "report_timing_summary -file sync_aligned_fhd30_place.timing"
RUN-1002 : start command "report_area -io_info -file sync_aligned_fhd30_phy.area"
SYN-4034 : The count of slices with lut is 70.
SYN-4035 : The count of slices with lut+ripple is 12.
RUN-1001 : standard
***Report Model: sync_aligned_fhd30_top Device: PH1P35MDG324***

Design Statistics
#IO                         6   out of    160    3.75%
  #input                    2
  #output                   4
  #inout                    0
#lut6                      82   out of  21216    0.39%
#reg                      101
  #slice reg              101   out of  42432    0.24%
  #pad reg                  0

Utilization Statistics
#slice                     91   out of  21216    0.43%
  #used ram                 0
    #dram lut               0
    #shifter lut            0
  #used logic              91
    #with luts             70
    #with adder            12
    #reg only               9
#f7mux                      0   out of  10608    0.00%
#f8mux                      0   out of   5304    0.00%
#eram                       0   out of    108    0.00%
  #eram20k                  0
  #fifo20k                  0
#dsp                        0   out of     40    0.00%
#ddr_byte                   0   out of     12    0.00%
#mipi_tx                    0   out of      2    0.00%
#mipi_rx                    0   out of      2    0.00%
#pad                       10   out of    160    6.25%
#pll                        2   out of      6   33.33%
#gclk                       3   out of     32    9.38%
#lclk                       0   out of     12    0.00%
#sclk                       0   out of     48    0.00%
#mlclk                      0   out of      6    0.00%
#ioclk                      0   out of     18    0.00%

RUN-1002 : start command "flow_status -file place_flow.status"
Location         : C:\Users\Li47\Desktop\aa\native_c_sync_r2_20261009\td_project\sync_aligned_fhd30_Runs\phy_1
Running with     : Tang Dynasty v6.2.178840
                   Copyright (c) 2012-2025 Anlogic Inc.
Top Model        : sync_aligned_fhd30_top
Device           : PH1P35MDG324
Speed            : 3

Timing Mode      : manhattan
Setup            : WNS   928ps  TNS        0ps  NUM_FEPS     0
Hold             : WNS    51ps  TNS        0ps  NUM_FEPS     0

Flow Statistics  :
RUN-1001 : Flow Statistics:
RUN-1001 : --------------------------------------------------------------------------------------------------
RUN-1001 :      command     |  #calls  |  wall time  |  cpu time(s)  |  used memory(mb)  |  peak memory(mb)  
RUN-1001 : --------------------------------------------------------------------------------------------------
RUN-1001 :       place      |    1     |   3s(75%)   |    18(94%)    |        405        |        405        
RUN-1001 :   import_device  |    1     |   1s(25%)   |     1(5%)     |        333        |        333        
RUN-1001 :     import_db    |    1     |   0s(0%)    |     0(0%)     |        334        |        334        
RUN-1001 : --------------------------------------------------------------------------------------------------
RUN-1001 :       total      |    3     |     4s      |      19       |        405        |        405        
RUN-1001 : --------------------------------------------------------------------------------------------------
RUN-1002 : start command "report_clock_utilization -file place_clock_utilization.txt"
RUN-1002 : start command "export_db sync_aligned_fhd30_place.db"
RUN-1001 : Exported flow parameters
RUN-1001 : Exported /
RUN-1001 : Exported libs
RUN-1001 : Exported entities
RUN-1001 : Exported ports
RUN-1001 : Exported pins
RUN-1001 : Exported instances
RUN-1001 : Exported nets
RUN-1001 : Exported buses
RUN-1001 : Exported models
RUN-1001 : Exported phy database
RUN-1001 : Exported packer
RUN-1001 : Exported congestions
RUN-1001 : Exported violations
RUN-1001 : Exported ATMR Setting
RUN-1001 : Exported timing constraints
RUN-1001 : Exported IO constraints
RUN-1001 : Exported Inst constraints
RUN-1001 : Exported ChipWatcher
RUN-1002 : start command "commit_param -step route"
RUN-1001 : Print Global Property
RUN-1001 : -------------------------------------------------------------
RUN-1001 :     Parameters    |   Settings   |  Default Values  |  Note  
RUN-1001 : -------------------------------------------------------------
RUN-1001 :    enable_seed    |     off      |       off        |        
RUN-1001 :    hfn_to_clock   |  1000000000  |    1000000000    |        
RUN-1001 :      message      |   standard   |     standard     |        
RUN-1001 :    qor_monitor    |      on      |        on        |        
RUN-1001 :   speedup_effort  |      0       |        0         |        
RUN-1001 :    syn_ip_flow    |     off      |       off        |        
RUN-1001 :       thread      |     auto     |       auto       |        
RUN-1001 : -------------------------------------------------------------
RUN-1001 : Print Route Property
RUN-1001 : ---------------------------------------------------------------
RUN-1001 :       Parameters      |  Settings  |  Default Values  |  Note  
RUN-1001 : ---------------------------------------------------------------
RUN-1001 :         effort        |   normal   |      normal      |        
RUN-1001 :        fix_hold       |     on     |        on        |        
RUN-1001 :   hold_fix_iteration  |     5      |        5         |        
RUN-1001 :     post_route_opt    |    auto    |       auto       |        
RUN-1001 :         timing        |     on     |        on        |        
RUN-1001 : ---------------------------------------------------------------
RUN-1002 : start command "route"
RUN-1001 : Open license file D:/td6.2.1/license/Anlogic.lic
PHY-1001 : Reconnected 2 VDD pins with routing demanding
PHY-1001 : Populate physical database on model sync_aligned_fhd30_top.
RUN-1001 : Dedicate pll clock connection statistics:
RUN-1001 : Clock Region s_0_l [0,0][23,39]; Utilization: 1 out of 12
RUN-1001 : --------------------------------------------------------------------------------------------------------------------------------------------------------------------------
RUN-1001 :   Index  |                             Leading Clock                              |                                     Special Sink                                      
RUN-1001 : --------------------------------------------------------------------------------------------------------------------------------------------------------------------------
RUN-1001 :     1    |  u_video/u_pll/u_output/ph1p_phy_pll_wrapper_25a56e5ce2f9_Inst/refclk  |  u_video/u_pll/u_output/ph1p_phy_pll_wrapper_25a56e5ce2f9_Inst/u_PH1P_PHY_PLL.refclk  
RUN-1001 : --------------------------------------------------------------------------------------------------------------------------------------------------------------------------
PHY-1001 : Working orders of clock nets being processed in bank assignment:
PHY-1001 : u_video/u_pll/u_output/ph1p_phy_pll_wrapper_25a56e5ce2f9_Inst/refclk;
PHY-1001 : u_video/u_phy/u0_lane_lvds_8_1/I_serial_clk_syn_1;
PHY-1001 : u_video/pixel;
PHY-1001 : Internal bound Intnl_25_40_19_40 is being created by clock u_video/u_pll/u_output/ph1p_phy_pll_wrapper_25a56e5ce2f9_Inst/u_PH1P_PHY_PLL.clkc[1] through SCLK.
RUN-1001 : Clock region assignment statistics:
RUN-1001 : Clock Region s_0_l [0,0][23,39]; Utilization: 1 out of 12
RUN-1001 : --------------------------------------------------------------------------------------------------------------------------------------------------------------------------------------------------
RUN-1001 :   Bank  |                             Leading Clock                              |       Type        |                             Buffer                              |  Regional Clock Fanouts  
RUN-1001 : --------------------------------------------------------------------------------------------------------------------------------------------------------------------------------------------------
RUN-1001 :    1    |  u_video/u_pll/u_output/ph1p_phy_pll_wrapper_25a56e5ce2f9_Inst/refclk  |  (infered sclk)   |  u_video/u_pll/u_ref/bufg_feedback_auto_created_sclk_s_0_l_bk1  |            1             
RUN-1001 : --------------------------------------------------------------------------------------------------------------------------------------------------------------------------------------------------
RUN-1001 : Clock Region s_1_r [24,40][43,79]; Utilization: 2 out of 12
RUN-1001 : ----------------------------------------------------------------------------------------------------------------------------------------------------------------------------------------------------------
RUN-1001 :   Bank  |                    Leading Clock                    |       Type        |                                           Buffer                                           |  Regional Clock Fanouts  
RUN-1001 : ----------------------------------------------------------------------------------------------------------------------------------------------------------------------------------------------------------
RUN-1001 :    1    |  u_video/u_phy/u0_lane_lvds_8_1/I_serial_clk_syn_1  |  (infered sclk)   |  u_video/u_phy/u0_lane_lvds_8_1/I_serial_clk_created_gclkinst_auto_created_sclk_s_1_r_bk1  |            37            
RUN-1001 :    2    |                    u_video/pixel                    |  (infered sclk)   |              u_video/u_pll/u_output/bufg_feedback_auto_created_sclk_s_1_r_bk2              |            33            
RUN-1001 : ----------------------------------------------------------------------------------------------------------------------------------------------------------------------------------------------------------
PHY-1001 : Populate physical database on model sync_aligned_fhd30_top.
PHY-1001 : Route runs in 20 thread(s)
RUN-1001 : There are total 130 instances
RUN-1001 : 0 mslices, 91 lslices, 8 pads, 0 brams, 0 dsps
RUN-1001 : There are total 194 nets
RUN-1001 : 125 nets have 2 pins
RUN-1001 : 41 nets have [3 - 5] pins
RUN-1001 : 16 nets have [6 - 10] pins
RUN-1001 : 5 nets have [11 - 20] pins
RUN-1001 : 7 nets have [21 - 99] pins
RUN-1002 : start command "start_timer"
PHY-1001 : 0 mslices, 91 lslices, 8 pads, 0 brams, 0 dsps

PHY-1001 : Stage 1 | Global Routing
PHY-1001 : Start global routing, caller is route ...
RUN-1001 : Generating global routing grids ...
PHY-1001 : Generate routing nets ...
RUN-1001 : Generate nets statistics:
RUN-1001 : ---------------------------
RUN-1001 :        Type       |  Nets  
RUN-1001 : ---------------------------
RUN-1001 :   TotalRouteNets  |  148   
RUN-1001 :   DontRouteNets   |   62   
RUN-1001 :     RouteNets     |   86   
RUN-1001 :     RouteSinks    |  172   
RUN-1001 : ---------------------------
PHY-1001 : Global iterations in 20 thread ...
PHY-1002 : len = 10000, over cnt = 8(0%), over = 18, worst = 3
PHY-1002 : len = 10320, over cnt = 2(0%), over = 2, worst = 1
PHY-1002 : len = 10384, over cnt = 0(0%), over = 0, worst = 0
PHY-1001 : End global iterations;  0.014204s wall, 0.015625s user + 0.000000s system = 0.015625s CPU (110.0%)

PHY-1001 : Congestion index:
PHY-1001 : top1  = 11.89(S 6.38, N 6.16, E 8.47, W 6.09, I 9.02, O 11.18)
PHY-1001 : top5  = 3.43(S 1.32, N 1.54, E 1.92, W 1.20, I 1.78, O 2.21)
PHY-1001 : top10 = 1.71(S 0.66, N 0.77, E 0.96, W 0.60, I 0.89, O 1.11)
PHY-1001 : top15 = 1.14(S 0.44, N 0.51, E 0.64, W 0.40, I 0.59, O 0.74)
PHY-1001 : End global routing;  0.038907s wall, 0.031250s user + 0.000000s system = 0.031250s CPU (80.3%)

PHY-1001 : End Stage 1 | Global Routing; Time: 0.038990s wall, 0.031250s user + 0.000000s system = 0.031250s CPU (80.1%); Memory(MB): used = 407, reserved = 529, peak = 407;

PHY-1001 : Stage 2 | Detail Routing
PHY-1001 : Stage 2.1 | Build Routing Design
PHY-1001 : Routing in high effort: false
PHY-1001 : Routing Mode: normal
PHY-1001 : Generate detailed routing grids ...
RUN-1001 : Constructing routing connections ...
PHY-1001 : End build routing graph; 2.244460s wall, 14.578125s user + 0.078125s system = 14.656250s CPU (653.0%)

PHY-1001 : Generate nets ...
RUN-1001 : Generate nets statistics:
RUN-1001 : -----------------------------
RUN-1001 :         Type        |  Nets  
RUN-1001 : -----------------------------
RUN-1001 :        Route        |  165   
RUN-1001 :      DontRoute      |   29   
RUN-1001 :      RouteSinks     |  582   
RUN-1001 :   RouteEntitySinks  |   0    
RUN-1001 :       Lut2Dff       |   0    
RUN-1001 :       Ram2Dff       |   0    
RUN-1001 :      Carry2Dff      |   0    
RUN-1001 : -----------------------------
RUN-1001 : DR clock net summary:
RUN-1001 : ---------------------------------------------------------------------------------------------------
RUN-1001 :   Net Idx  |                                Net Name                                |  Clock Type  
RUN-1001 : ---------------------------------------------------------------------------------------------------
RUN-1001 :      1     |                            I_sys_clk_dup_1                             |    Normal    
RUN-1001 :      2     |                             u_video/pixel                              |    Normal    
RUN-1001 :      3     |              u_video/u_phy/u0_lane_lvds_8_1/I_serial_clk               |    Normal    
RUN-1001 :      4     |           u_video/u_phy/u0_lane_lvds_8_1/I_serial_clk_syn_1            |    Normal    
RUN-1001 :      5     |                    u_video/u_pll/u_output/clk0_buf                     |    Normal    
RUN-1001 :      6     |  u_video/u_pll/u_output/ph1p_phy_pll_wrapper_25a56e5ce2f9_Inst/refclk  |    Normal    
RUN-1001 :      7     |                      u_video/u_pll/u_ref/clk0_buf                      |    Normal    
RUN-1001 : ---------------------------------------------------------------------------------------------------
RUN-1001 : DR clock buffer summary:
RUN-1001 : ----------------------------------------------------------------------------------------------------
RUN-1001 :   Idx  |                                            Name                                            
RUN-1001 : ----------------------------------------------------------------------------------------------------
RUN-1001 :    1   |               u_video/u_pll/u_ref/bufg_feedback_auto_created_sclk_s_0_l_bk1                
RUN-1001 :    2   |  u_video/u_phy/u0_lane_lvds_8_1/I_serial_clk_created_gclkinst_auto_created_sclk_s_1_r_bk1  
RUN-1001 :    3   |              u_video/u_pll/u_output/bufg_feedback_auto_created_sclk_s_1_r_bk2              
RUN-1001 : ----------------------------------------------------------------------------------------------------
PHY-1001 : End Stage 2.1 | Build Routing Design; Time: 2.250153s wall, 14.578125s user + 0.078125s system = 14.656250s CPU (651.3%); Memory(MB): used = 700, reserved = 687, peak = 700;

RUN-1001 : Top Percentage Crit. Net Stat.
RUN-1001 : -------------------------------------------------------
RUN-1001 :   Top %  |  Net Count  |  Avg. Fanout  |  Avg. Slack   
RUN-1001 : -------------------------------------------------------
RUN-1001 :     1    |      1      |   53.000000   |  928.000000   
RUN-1001 :     2    |      3      |   19.666667   |  1075.000000  
RUN-1001 :     3    |      5      |   16.600000   |  1220.800000  
RUN-1001 :     4    |      7      |   12.571429   |  1314.428571  
RUN-1001 :     5    |      9      |   10.333333   |  1380.777778  
RUN-1001 :     6    |     11      |   8.636364    |  1436.363636  
RUN-1001 :     7    |     13      |   7.461538    |  1477.000000  
RUN-1001 :     8    |     15      |   6.800000    |  1512.066667  
RUN-1001 :     9    |     17      |   6.117647    |  1542.058824  
RUN-1001 :    10    |     19      |   5.578947    |  1567.315789  
RUN-1001 : -------------------------------------------------------
PHY-1001 : Stage 2.2 | Tile Base Routing
PHY-1001 : 5 nets need to preroute.
PHY-1001 : len = 0, over cnt = 0(0%), over = 0, worst = 0, crit = 0
PHY-1001 : End Stage 2.2 | Tile Base Routing; Time: 0.016937s wall, 0.015625s user + 0.000000s system = 0.015625s CPU (92.3%); Memory(MB): used = 701, reserved = 687, peak = 701;

PHY-1001 : Stage 2.3 | Clock Nets Routing
PHY-1001 : Routed 6% nets.
PHY-1001 : len = 13200, over cnt = 0(0%), over = 0, worst = 0, crit = 0
PHY-1001 : End Stage 2.3 | Clock Nets Routing; Time: 0.047252s wall, 0.296875s user + 0.000000s system = 0.296875s CPU (628.3%); Memory(MB): used = 706, reserved = 692, peak = 706;

PHY-1001 : Stage 2.4 | Routing Initialization
PHY-1001 : Mark 1% net(place mode slack < 928ps) as critical nets.
PHY-1001 : Stage 2.4.1 | Normal Nets Routing
PHY-1001 : Routed 82% nets.
PHY-1001 : len = 26464, over cnt = 31(0%), over = 31, worst = 1, crit = 0
PHY-1001 : End Stage 2.4.1 | Normal Nets Routing; Time: 0.085516s wall, 0.078125s user + 0.000000s system = 0.078125s CPU (91.4%); Memory(MB): used = 722, reserved = 708, peak = 722;

PHY-1001 : Stage 2.4.2 | Update Timing
RUN-1002 : start command "start_timer"
PHY-1001 : 0/148(0%) critical/total net(s).
PHY-1001 : Setup: WNS(ns) = 0.211, TNS(ns) = 0.000, FEP = 0 | Hold: WNS(ns) = -0.101, TNS(ns) = -0.200, FEP = 2.
PHY-1001 : End Stage 2.4.2 | Update Timing; Time: 0.145998s wall, 0.140625s user + 0.000000s system = 0.140625s CPU (96.3%); Memory(MB): used = 722, reserved = 709, peak = 722;

PHY-1001 : Stage 2.4.3 | Deskew Clock Tree
PHY-1001 : 0/148(0%) critical/total net(s).
PHY-1001 : Setup: WNS(ns) = 0.211, TNS(ns) = 0.000, FEP = 0 | Hold: WNS(ns) = -0.101, TNS(ns) = -0.200, FEP = 2.
PHY-1001 : End Stage 2.4.3 | Deskew Clock Tree; Time: 0.109284s wall, 0.109375s user + 0.000000s system = 0.109375s CPU (100.1%); Memory(MB): used = 723, reserved = 709, peak = 723;

PHY-1001 : End Stage 2.4 | Routing Initialization; Time: 0.346754s wall, 0.343750s user + 0.000000s system = 0.343750s CPU (99.1%); Memory(MB): used = 723, reserved = 709, peak = 723;

PHY-1001 : Stage 2.5 | Routing Optimization
PHY-1001 : Build lut bridge;  0.031432s wall, 0.031250s user + 0.000000s system = 0.031250s CPU (99.4%)

PHY-1001 : Stage 2.5.1 | Phase 1
PHY-1001 : Stage 2.5.1.1 | Hold TimeOptimization
PHY-1001 : Iter 0; Processed 4 pins with HWNS 0.026ns HTNS 0.000ns FEP 0 took 0.0033236 seconds.
PHY-1001 : len = 26848, over cnt = 28(0%), over = 28, worst = 1, crit = 0
PHY-1001 : End Stage 2.5.1.1 | Hold TimeOptimization; Time: 0.010797s wall, 0.015625s user + 0.000000s system = 0.015625s CPU (144.7%); Memory(MB): used = 761, reserved = 748, peak = 761;

PHY-1001 : Stage 2.5.1.2 | High Fanout Nets Optimization
PHY-1001 : High fanout net optimize summary:
PHY-1001 : Process 0 nets and 0 pins with SWNS 0.211ns STNS 0.000ns FEP 0.
PHY-1001 : len = 26848, over cnt = 28(0%), over = 28, worst = 1, crit = 0
PHY-1001 : End Stage 2.5.1.2 | High Fanout Nets Optimization; Time: 0.008716s wall, 0.000000s user + 0.000000s system = 0.000000s CPU (n/a%); Memory(MB): used = 761, reserved = 748, peak = 761;

PHY-1001 : Stage 2.5.1.3 | Setup TimeOptimization
PHY-1001 : len = 26848, over cnt = 28(0%), over = 28, worst = 1, crit = 0
PHY-1001 : End Stage 2.5.1.3 | Setup TimeOptimization; Time: 0.007927s wall, 0.015625s user + 0.000000s system = 0.015625s CPU (197.1%); Memory(MB): used = 761, reserved = 748, peak = 761;

PHY-1001 : Stage 2.5.1.4 | Rip-up And ReRoute
PHY-0007 : Congestion: {14.14, 4.22, 2.11, 1.41}; Timing: {0.211ns, 0.000ns, 0}
PHY-1001 : Iter 1: len = 26928, over cnt = 11(0%), over = 11, worst = 1, crit = 0, time(s) = 0.02
PHY-1001 : Iter 2: len = 26976, over cnt = 5(0%), over = 5, worst = 1, crit = 0, time(s) = 0.02
PHY-1001 : Iter 3: len = 26976, over cnt = 5(0%), over = 5, worst = 1, crit = 0, time(s) = 0.01
PHY-1001 : Iter 4: len = 27120, over cnt = 0(0%), over = 0, worst = 0, crit = 0, time(s) = 0.01
PHY-1001 : Commit 148 pin swap with 0 error; 0.019579s wall, 0.000000s user + 0.015625s system = 0.015625s CPU (79.8%)

PHY-1001 : Update congestion ...
PHY-1001 : Congestion index:
PHY-1001 : top1  = 15.49(S 8.39, N 8.69, E 10.73, W 8.17, I 9.02, O 11.18)
PHY-1001 : top5  = 4.59(S 1.71, N 1.98, E 2.35, W 1.62, I 1.78, O 2.21)
PHY-1001 : top10 = 2.30(S 0.86, N 0.99, E 1.17, W 0.81, I 0.89, O 1.11)
PHY-1001 : top15 = 1.53(S 0.57, N 0.66, E 0.78, W 0.54, I 0.59, O 0.74)
PHY-1001 : End update congestion; 0.009301s wall, 0.000000s user + 0.000000s system = 0.000000s CPU (n/a%)

PHY-1001 : End Stage 2.5.1.4 | Rip-up And ReRoute; Time: 0.130564s wall, 0.359375s user + 0.015625s system = 0.375000s CPU (287.2%); Memory(MB): used = 763, reserved = 749, peak = 763;

PHY-1001 : Stage 2.5.1.5 | Update Timing
RUN-1002 : start command "start_timer"
PHY-1001 : 0/148(0%) critical/total net(s).
PHY-1001 : Setup: WNS(ns) = 0.134, TNS(ns) = 0.000, FEP = 0 | Hold: WNS(ns) = -0.030, TNS(ns) = -0.030, FEP = 1.
PHY-1001 : End Stage 2.5.1.5 | Update Timing; Time: 0.117959s wall, 0.109375s user + 0.015625s system = 0.125000s CPU (106.0%); Memory(MB): used = 763, reserved = 749, peak = 763;

PHY-1001 : Stage 2.5.1.6 | Commit Data
PHY-1001 : Commit better result to database ...
PHY-1001 : End Stage 2.5.1.6 | Commit Data; Time: 0.000516s wall, 0.000000s user + 0.000000s system = 0.000000s CPU (n/a%); Memory(MB): used = 763, reserved = 749, peak = 763;

PHY-1001 : End Stage 2.5.1 | Phase 1; Time: 0.388163s wall, 0.609375s user + 0.031250s system = 0.640625s CPU (165.0%); Memory(MB): used = 763, reserved = 749, peak = 763;

PHY-1001 : End Stage 2.5 | Routing Optimization; Time: 0.518744s wall, 0.734375s user + 0.031250s system = 0.765625s CPU (147.6%); Memory(MB): used = 763, reserved = 749, peak = 763;

PHY-1001 : Stage 2.6 | Multi-try route Optimization
PHY-1001 : End Stage 2.6 | Multi-try route Optimization; Time: 0.000256s wall, 0.000000s user + 0.000000s system = 0.000000s CPU (n/a%); Memory(MB): used = 763, reserved = 749, peak = 763;

PHY-1003 : Routed, final wirelength = 27120
RUN-1001 : Clock region assignment statistics:
PHY-1001 : Sector 0, clock routing of x0y19_clk_auto_gnd.fbclk[0,39] is not in assigned region.
RUN-1001 : Clock Region s_0_l [0,0][23,39]; Utilization: 2 out of 12
RUN-1001 : -------------------------------------------------------------------------------------------------------------------------------------------------------------------------------------------------------------------------------------------------------------------
RUN-1001 :   Bank  |                             Assigned Clock                             |                              Route Clock                               |  Marking  |                             Buffer                              |  Regional Clock Fanouts  
RUN-1001 : -------------------------------------------------------------------------------------------------------------------------------------------------------------------------------------------------------------------------------------------------------------------
RUN-1001 :    1    |  u_video/u_pll/u_output/ph1p_phy_pll_wrapper_25a56e5ce2f9_Inst/refclk  |  u_video/u_pll/u_output/ph1p_phy_pll_wrapper_25a56e5ce2f9_Inst/refclk  |           |  u_video/u_pll/u_ref/bufg_feedback_auto_created_sclk_s_0_l_bk1  |            1             
RUN-1001 :    2    |                                   -                                    |                           x0y19_clk_auto_gnd                           |     +     |                                -                                |            0             
RUN-1001 : -------------------------------------------------------------------------------------------------------------------------------------------------------------------------------------------------------------------------------------------------------------------
PHY-1001 : Sector 3, clock routing of x43y59_clk_auto_gnd.fbclk[43,79] is not in assigned region.
RUN-1001 : Clock Region s_1_r [24,40][43,79]; Utilization: 3 out of 12
RUN-1001 : --------------------------------------------------------------------------------------------------------------------------------------------------------------------------------------------------------------------------------------------------------
RUN-1001 :   Bank  |                   Assigned Clock                    |                     Route Clock                     |  Marking  |                                           Buffer                                           |  Regional Clock Fanouts  
RUN-1001 : --------------------------------------------------------------------------------------------------------------------------------------------------------------------------------------------------------------------------------------------------------
RUN-1001 :    1    |  u_video/u_phy/u0_lane_lvds_8_1/I_serial_clk_syn_1  |  u_video/u_phy/u0_lane_lvds_8_1/I_serial_clk_syn_1  |           |  u_video/u_phy/u0_lane_lvds_8_1/I_serial_clk_created_gclkinst_auto_created_sclk_s_1_r_bk1  |            37            
RUN-1001 :    2    |                    u_video/pixel                    |                    u_video/pixel                    |           |              u_video/u_pll/u_output/bufg_feedback_auto_created_sclk_s_1_r_bk2              |            33            
RUN-1001 :    12   |                          -                          |                 x43y59_clk_auto_gnd                 |     +     |                                             -                                              |            0             
RUN-1001 : --------------------------------------------------------------------------------------------------------------------------------------------------------------------------------------------------------------------------------------------------------
RUN-1002 : start command "export_db sync_aligned_fhd30_pr.db"
RUN-1001 : Exported flow parameters
RUN-1001 : Exported /
RUN-1001 : Exported libs
RUN-1001 : Exported entities
RUN-1001 : Exported ports
RUN-1001 : Exported pins
RUN-1001 : Exported instances
RUN-1001 : Exported nets
RUN-1001 : Exported buses
RUN-1001 : Exported models
RUN-1001 : Exported phy database
RUN-1001 : Exported packer
RUN-1001 : Exported congestions
RUN-1001 : Exported violations
RUN-1001 : Exported ATMR Setting
RUN-1001 : Exported timing constraints
RUN-1001 : Exported IO constraints
RUN-1001 : Exported Inst constraints
RUN-1001 : Exported ChipWatcher
PHY-1001 : Current memory(MB): used = 765, reserved = 887, peak = 765.
PHY-1001 : End export database. 0.074367s wall, 0.015625s user + 0.015625s system = 0.031250s CPU (42.0%)

PHY-1001 : End detail routing;  3.357041s wall, 16.078125s user + 0.125000s system = 16.203125s CPU (482.7%)

PHY-1001 : End Stage 2 | Detail Routing; Time: 3.357199s wall, 16.078125s user + 0.125000s system = 16.203125s CPU (482.6%); Memory(MB): used = 765, reserved = 887, peak = 765;

RUN-1002 : start command "fix_hold"

PHY-1001 : Stage 3 | Hold Fix
PHY-1001 : Stage 3.1 | Load Design Data
PHY-1034 : Refresh detailed routing grids ...
PHY-1001 : Generate nets ...
PHY-1001 : eco open net = 0
PHY-1001 : End Stage 3.1 | Load Design Data; Time: 0.021543s wall, 0.218750s user + 0.015625s system = 0.234375s CPU (1088.0%); Memory(MB): used = 766, reserved = 887, peak = 766;

PHY-1001 : Stage 3.2 | Hold Fix Optimization
RUN-1002 : start command "start_timer"
PHY-1001 : Timing info: SWNS 0.134ns | STNS 0.000ns | HWNS -0.030ns | HTNS -0.030ns.
PHY-1001 : Processing hold violation on 2 end-point, worst slack = -30ps, best slack = -30ps.
PHY-1001 : End timing refresh.  0.110995s wall, 0.109375s user + 0.000000s system = 0.109375s CPU (98.5%)

PHY-1001 : Stage 3.2.1 | Phase 1
PHY-1001 : Stage 3.2.1.1 | Hold Fix By LutBridge
PHY-1001 : len = 27152, over cnt = 0(0%), over = 0, worst = 0, crit = 0
PHY-1001 : Bridge count = 0; unresolved count = 0.
PHY-1001 : 0 out of 1 ((0.00)%) EP fixed by LB.
PHY-1001 : End Stage 3.2.1.1 | Hold Fix By LutBridge; Time: 0.008153s wall, 0.000000s user + 0.000000s system = 0.000000s CPU (n/a%); Memory(MB): used = 766, reserved = 887, peak = 766;

PHY-1001 : Timing info: SWNS 0.134ns | STNS 0.000ns | HWNS 0.026ns | HTNS 0.000ns.
PHY-1001 : End timing refresh.  0.000214s wall, 0.000000s user + 0.000000s system = 0.000000s CPU (n/a%)

PHY-1001 : End Stage 3.2.1 | Phase 1; Time: 0.008540s wall, 0.000000s user + 0.000000s system = 0.000000s CPU (n/a%); Memory(MB): used = 766, reserved = 887, peak = 766;

PHY-1001 : End Stage 3.2 | Hold Fix Optimization; Time: 0.119886s wall, 0.109375s user + 0.000000s system = 0.109375s CPU (91.2%); Memory(MB): used = 766, reserved = 887, peak = 766;

PHY-1001 : End Stage 3 | Hold Fix; Time: 0.159417s wall, 0.343750s user + 0.015625s system = 0.359375s CPU (225.4%); Memory(MB): used = 766, reserved = 887, peak = 766;

PHY-1001 : Stage 4 | Report Route Qor
RUN-1002 : start command "report_qor -step route -file route.qor"
RUN-1002 : start command "start_timer"
TMR-2502 : Net delay update with mode: Routed
-----------------------------------------------------------
| QoR metrics               |         value               |
-----------------------------------------------------------
| Timing                    |                             |
|     Setup WNS             |          134                |
|     Setup TNS             |            0                |
|     Num of violated S-EP  |            0                |
|     Hold WNS              |           26                |
|     Hold TNS              |            0                |
|     Num of violated H-EP  |            0                |
-----------------------------------------------------------
| Routing Resource          |                             |
|     Wire length           |        27152                |
-----------------------------------------------------------
| Utilization               |                             |
|     #slices               |           91                |
|     slices percentage     |        0.43%                |
|     #RAMs                 |            0                |
|     #DSPs                 |            0                |
|     #DRAMHARDCON          |            0                |
-----------------------------------------------------------
Report route stage QoR done.

RUN-1002 : start command "update_timing -mode final"
RUN-1002 : start command "start_timer"
RUN-1002 : start command "report_timing_summary -file final_timing.rpt"
OPT-1001 : QoR tracer report on route step:
    SWNS [   incr ]    STNS [   incr ]  S-FEPS [   incr ]    HWNS [   incr ]      HTNS [     incr ]    H-FEPS [     incr ]    CELL [   incr ]      WL [   incr ]   RT(s) [   incr ]   MEM(mb) [     incr ]
     211 [      0 ]       0 [      0 ]       0 [      0 ]    -101 [      0 ]      -200 [        0 ]         2 [        0 ]     130 [      0 ]   26464 [      0 ]       2 [      0 ]       723 [        0 ] : dr_initialization
     211 [      0 ]       0 [      0 ]       0 [      0 ]      26 [    127 ]         0 [      200 ]         0 [       -2 ]     130 [      0 ]   26848 [    384 ]       3 [      1 ]       761 [       38 ] : dr_timing_opt_phase1
     134 [    -77 ]       0 [      0 ]       0 [      0 ]     -30 [    -56 ]       -30 [      -30 ]         1 [        1 ]     130 [      0 ]   27120 [    272 ]       3 [      0 ]       763 [        2 ] : dr_opt_phase1
     134 [      0 ]       0 [      0 ]       0 [      0 ]     -30 [      0 ]       -30 [        0 ]         1 [        0 ]     130 [      0 ]   27120 [      0 ]       3 [      0 ]       763 [        0 ] : multi_try_opt
     134 [      0 ]       0 [      0 ]       0 [      0 ]      26 [     56 ]         0 [       30 ]         0 [       -1 ]     130 [      0 ]   27152 [     32 ]       3 [      0 ]       766 [        3 ] : fix_hold_opt

PHY-1001 : End Stage 4 | Report Route Qor; Time: 0.236525s wall, 0.218750s user + 0.015625s system = 0.234375s CPU (99.1%); Memory(MB): used = 766, reserved = 887, peak = 766;

PHY-1001 : Stage 5 | Design Rule Check
PHY-1001 : Stage 5.1 | Check And Add Lut-bridge
PHY-1001 : End Stage 5.1 | Check And Add Lut-bridge; Time: 0.000504s wall, 0.000000s user + 0.000000s system = 0.000000s CPU (n/a%); Memory(MB): used = 766, reserved = 887, peak = 766;

PHY-1001 : Stage 5.2 | Lut Bridge Check
PHY-1001 : End Stage 5.2 | Lut Bridge Check; Time: 0.000854s wall, 0.000000s user + 0.000000s system = 0.000000s CPU (n/a%); Memory(MB): used = 766, reserved = 887, peak = 766;

PHY-1001 : Stage 5.3 | Pin swap Check
PHY-1001 : End Stage 5.3 | Pin swap Check; Time: 0.000095s wall, 0.000000s user + 0.000000s system = 0.000000s CPU (n/a%); Memory(MB): used = 766, reserved = 887, peak = 766;

PHY-1001 : Stage 5.4 | Physical Net Status Check
PHY-1001 : End Stage 5.4 | Physical Net Status Check; Time: 0.000158s wall, 0.000000s user + 0.000000s system = 0.000000s CPU (n/a%); Memory(MB): used = 766, reserved = 887, peak = 766;

PHY-1001 : Start multi-drive drc check......
PHY-1001 : No multi-drive.
PHY-1001 : Stage 5.5 | Clock Net Status Check
PHY-1001 : All clock nets do not utilize local routing resource.
PHY-1001 : End Stage 5.5 | Clock Net Status Check; Time: 0.000184s wall, 0.000000s user + 0.000000s system = 0.000000s CPU (n/a%); Memory(MB): used = 766, reserved = 887, peak = 766;

PHY-1001 : Stage 5.6 | Abnormal Timing Path check
PHY-1001 : No abnormal timing path.
PHY-1001 : End Stage 5.6 | Abnormal Timing Path check; Time: 0.000895s wall, 0.000000s user + 0.000000s system = 0.000000s CPU (n/a%); Memory(MB): used = 766, reserved = 887, peak = 766;

PHY-1001 : Stage 5.7 | Bound Check
PHY-1001 : Check Pass.
PHY-1001 : End Stage 5.7 | Bound Check; Time: 0.000063s wall, 0.000000s user + 0.000000s system = 0.000000s CPU (n/a%); Memory(MB): used = 766, reserved = 887, peak = 766;

PHY-1001 : End Stage 5 | Design Rule Check; Time: 0.009461s wall, 0.000000s user + 0.000000s system = 0.000000s CPU (n/a%); Memory(MB): used = 766, reserved = 887, peak = 766;

RUN-1003 : finish command "route" in  3.859498s wall, 16.718750s user + 0.187500s system = 16.906250s CPU (438.0%)

RUN-1004 : used memory is 766 MB, reserved memory is 887 MB, peak memory is 766 MB
RUN-1002 : start command "report_area -io_info -file sync_aligned_fhd30_phy.area"
SYN-4034 : The count of slices with lut is 70.
SYN-4035 : The count of slices with lut+ripple is 12.
RUN-1001 : standard
***Report Model: sync_aligned_fhd30_top Device: PH1P35MDG324***

Design Statistics
#IO                         6   out of    160    3.75%
  #input                    2
  #output                   4
  #inout                    0
#lut6                      82   out of  21216    0.39%
#reg                      101
  #slice reg              101   out of  42432    0.24%
  #pad reg                  0

Utilization Statistics
#slice                     91   out of  21216    0.43%
  #used ram                 0
    #dram lut               0
    #shifter lut            0
  #used logic              91
    #with luts             70
    #with adder            12
    #reg only               9
#feedthrough               13
#f7mux                      0   out of  10608    0.00%
#f8mux                      0   out of   5304    0.00%
#eram                       0   out of    108    0.00%
  #eram20k                  0
  #fifo20k                  0
#dsp                        0   out of     40    0.00%
#ddr_byte                   0   out of     12    0.00%
#mipi_tx                    0   out of      2    0.00%
#mipi_rx                    0   out of      2    0.00%
#pad                       10   out of    160    6.25%
#pll                        2   out of      6   33.33%
#gclk                       3   out of     32    9.38%
#lclk                       0   out of     12    0.00%
#sclk                       3   out of     48    6.25%
#mlclk                      0   out of      6    0.00%
#ioclk                      0   out of     18    0.00%


DataNet Average Fanout:

   Index     Fanout    Nets  
    #1         1       100   
    #2         2        12   
    #3         3        16   
    #4         4        11   
    #5        5-10      16   
    #6       11-50      2    
  Average     2.31           

RUN-1002 : start command "update_timing -mode final"
RUN-1002 : start command "start_timer"
RUN-1002 : start command "report_timing_status -file sync_aligned_fhd30_phy.ts"
RUN-1002 : start command "report_timing_summary -file sync_aligned_fhd30_pr.timing"
RUN-1002 : start command "report_timing_exception -file sync_aligned_fhd30_exception.timing"
RUN-1002 : start command "check_timing -verbose -file sync_aligned_fhd30_chk.timing"
RUN-1002 : start command "flow_status -file route_flow.status"
Location         : C:\Users\Li47\Desktop\aa\native_c_sync_r2_20261009\td_project\sync_aligned_fhd30_Runs\phy_1
Running with     : Tang Dynasty v6.2.178840
                   Copyright (c) 2012-2025 Anlogic Inc.
Top Model        : sync_aligned_fhd30_top
Device           : PH1P35MDG324
Speed            : 3

Timing Mode      : final
Setup            : WNS   134ps  TNS        0ps  NUM_FEPS     0
Hold             : WNS    26ps  TNS        0ps  NUM_FEPS     0

Flow Statistics  :
RUN-1001 : Flow Statistics:
RUN-1001 : --------------------------------------------------------------------------------------------------
RUN-1001 :      command     |  #calls  |  wall time  |  cpu time(s)  |  used memory(mb)  |  peak memory(mb)  
RUN-1001 : --------------------------------------------------------------------------------------------------
RUN-1001 :       place      |    1     |   3s(42%)   |    18(51%)    |        405        |        405        
RUN-1001 :       route      |    1     |   3s(42%)   |    16(45%)    |        766        |        766        
RUN-1001 :   import_device  |    1     |   1s(14%)   |     1(2%)     |        333        |        333        
RUN-1001 :     fix_hold     |    1     |   0s(0%)    |     0(0%)     |        766        |        766        
RUN-1001 :     import_db    |    1     |   0s(0%)    |     0(0%)     |        334        |        334        
RUN-1001 : --------------------------------------------------------------------------------------------------
RUN-1001 :       total      |    5     |     7s      |      35       |        766        |        766        
RUN-1001 : --------------------------------------------------------------------------------------------------
RUN-1002 : start command "report_clock_utilization -file route_clock_utilization.txt"
RUN-1002 : start command "export_db sync_aligned_fhd30_pr.db"
RUN-1001 : Exported flow parameters
RUN-1001 : Exported /
RUN-1001 : Exported libs
RUN-1001 : Exported entities
RUN-1001 : Exported ports
RUN-1001 : Exported pins
RUN-1001 : Exported instances
RUN-1001 : Exported nets
RUN-1001 : Exported buses
RUN-1001 : Exported models
RUN-1001 : Exported phy database
RUN-1001 : Exported packer
RUN-1001 : Exported congestions
RUN-1001 : Exported violations
RUN-1001 : Exported ATMR Setting
RUN-1001 : Exported timing constraints
RUN-1001 : Exported IO constraints
RUN-1001 : Exported Inst constraints
RUN-1001 : Exported ChipWatcher
RUN-1002 : start command "commit_param -step bitgen"
RUN-1001 : Print Global Property
RUN-1001 : -------------------------------------------------------------
RUN-1001 :     Parameters    |   Settings   |  Default Values  |  Note  
RUN-1001 : -------------------------------------------------------------
RUN-1001 :    enable_seed    |     off      |       off        |        
RUN-1001 :    hfn_to_clock   |  1000000000  |    1000000000    |        
RUN-1001 :      message      |   standard   |     standard     |        
RUN-1001 :    qor_monitor    |      on      |        on        |        
RUN-1001 :   speedup_effort  |      0       |        0         |        
RUN-1001 :    syn_ip_flow    |     off      |       off        |        
RUN-1001 :       thread      |     auto     |       auto       |        
RUN-1001 : -------------------------------------------------------------
RUN-1001 : Print Bitgen Property
RUN-1001 : -------------------------------------------------------------
RUN-1001 :      Parameters     |  Settings  |  Default Values  |  Note  
RUN-1001 : -------------------------------------------------------------
RUN-1001 :         bin         |    off     |       off        |        
RUN-1001 :       compress      |    off     |       off        |        
RUN-1001 :       gen_mask      |    off     |       off        |        
RUN-1001 :      max_stream     |     on     |        on        |        
RUN-1001 :      time_info      |     on     |        on        |        
RUN-1001 :   unused_io_status  |   pullup   |      pullup      |        
RUN-1001 :       version       |    0x00    |       0x00       |        
RUN-1001 : -------------------------------------------------------------
RUN-1002 : start command "bitgen -bit sync_aligned_fhd30.bit"
RUN-1002 : start command "export_bid sync_aligned_fhd30_inst.bid"
BIT-1003 : Start to generate bitstream. 
BIT-1002 : Bitgen processed 4 pll_pd instances.
BIT-1002 : Init instances with 20 threads.
BIT-1002 : Init instances completely, inst num: 132
BIT-1002 : Init pips with 20 threads.
BIT-1002 : Init pips completely, net num: 165, pip num: 1629
BIT-1002 : Init feedthrough with 20 threads.
BIT-1002 : Init feedthrough completely, num: 13
BIT-1003 : Multithreading accelaration with 20 threads.
BIT-1003 : Generate bitstream completely, there are 4956 bits set as '1'.
BIT-1004 : Generate file sync_aligned_fhd30.bit.
RUN-1002 : start command "setup_debugger"
RUN-1002 : start command "export_bitgen_param -file .bitgen_param.f"
RUN-1002 : start command "export_flow_status -s opt_place -e bitgen"
RUN-1002 : start command "flow_status"

Location         : C:\Users\Li47\Desktop\aa\native_c_sync_r2_20261009\td_project\sync_aligned_fhd30_Runs\phy_1
Running with     : Tang Dynasty v6.2.178840
                   Copyright (c) 2012-2025 Anlogic Inc.
Top Model        : sync_aligned_fhd30_top
Device           : PH1P35MDG324
Speed            : 3

Timing Mode      : final
Setup            : WNS   134ps  TNS        0ps  NUM_FEPS     0
Hold             : WNS    26ps  TNS        0ps  NUM_FEPS     0

RUN-1001 : Flow Statistics:
RUN-1001 : --------------------------------------------------------------------------------------------------
RUN-1001 :      command     |  #calls  |  wall time  |  cpu time(s)  |  used memory(mb)  |  peak memory(mb)  
RUN-1001 : --------------------------------------------------------------------------------------------------
RUN-1001 :       place      |    1     |   3s(42%)   |    18(50%)    |        405        |        405        
RUN-1001 :       route      |    1     |   3s(42%)   |    16(44%)    |        766        |        766        
RUN-1001 :   import_device  |    1     |   1s(14%)   |     1(2%)     |        333        |        333        
RUN-1001 :      bitgen      |    1     |   0s(0%)    |     1(2%)     |        776        |        776        
RUN-1001 :     fix_hold     |    1     |   0s(0%)    |     0(0%)     |        766        |        766        
RUN-1001 :     import_db    |    1     |   0s(0%)    |     0(0%)     |        334        |        334        
RUN-1001 : --------------------------------------------------------------------------------------------------
RUN-1001 :       total      |    6     |     7s      |      36       |        776        |        776        
RUN-1001 : --------------------------------------------------------------------------------------------------
RUN-1002 : start command "check_timing -file constraint_coverage.txt -verbose"
