============================================================
   Tang Dynasty, V6.2.178840
   Copyright (c) 2012-2025 Anlogic Inc.
   Executable = D:/td6.2.1/bin/td_commands_prompt.exe
   Built at =   14:07:58 Sep  4 2025
   Run by =     Li47
   Run Date =   Thu Oct  8 22:11:43 2026

   Run on =     LI474747
============================================================
RUN-1002 : start command "import_device ph1_35p.db -package PH1P35MDG324 -speed 3"
ARC-1001 : Device Initialization.
ARC-1001 : ----------------------------------------------------------------
ARC-1001 :           OPTION          |          IO           |   SETTING   
ARC-1001 : ----------------------------------------------------------------
ARC-1001 :   non_jtag_persist(none)  |        35 IOs         |    gpio    
ARC-1001 :            jtag           |  P13/P15/L14/R13/T13  |  dedicate  
ARC-1001 : ----------------------------------------------------------------
RUN-1003 : finish command "import_device ph1_35p.db -package PH1P35MDG324 -speed 3" in  1.697146s wall, 1.187500s user + 0.062500s system = 1.250000s CPU (73.7%)

RUN-1004 : used memory is 333 MB, reserved memory is 330 MB, peak memory is 333 MB
RUN-1002 : start command "open_project hdmi_tpg.prj"
PRJ-5611 WARNING: ../../hdmi_tpg.sdc and ../../pin.adc have the same CompileOrder value.
RUN-1002 : start command "commit_param -step design"
RUN-1001 : Print Global Property
RUN-1001 : -------------------------------------------------------------
RUN-1001 :     Parameters    |   Settings   |  Default Values  |  Note  
RUN-1001 : -------------------------------------------------------------
RUN-1001 :    enable_seed    |     off      |       off        |        
RUN-1001 :    hfn_to_clock   |  1000000000  |    1000000000    |        
RUN-1001 :      message      |   standard   |     standard     |        
RUN-1001 :    qor_monitor    |      on      |        on        |        
RUN-1001 :   speedup_effort  |      0       |        0         |        
RUN-1001 :    syn_ip_flow    |     off      |       off        |        
RUN-1001 :       thread      |     auto     |       auto       |        
RUN-1001 : -------------------------------------------------------------
RUN-1001 : Print Design Property
RUN-1001 : ----------------------------------------------------------------
RUN-1001 :       Parameters       |  Settings  |  Default Values  |  Note  
RUN-1001 : ----------------------------------------------------------------
RUN-1001 :   default_reg_initial  |    auto    |       auto       |        
RUN-1001 :    hdl_warning_level   |   normal   |      normal      |        
RUN-1001 : ----------------------------------------------------------------
RUN-1002 : start command "commit_param -step design"
RUN-1001 : Print Global Property
RUN-1001 : -------------------------------------------------------------
RUN-1001 :     Parameters    |   Settings   |  Default Values  |  Note  
RUN-1001 : -------------------------------------------------------------
RUN-1001 :    enable_seed    |     off      |       off        |        
RUN-1001 :    hfn_to_clock   |  1000000000  |    1000000000    |        
RUN-1001 :      message      |   standard   |     standard     |        
RUN-1001 :    qor_monitor    |      on      |        on        |        
RUN-1001 :   speedup_effort  |      0       |        0         |        
RUN-1001 :    syn_ip_flow    |     off      |       off        |        
RUN-1001 :       thread      |     auto     |       auto       |        
RUN-1001 : -------------------------------------------------------------
RUN-1001 : Print Design Property
RUN-1001 : ----------------------------------------------------------------
RUN-1001 :       Parameters       |  Settings  |  Default Values  |  Note  
RUN-1001 : ----------------------------------------------------------------
RUN-1001 :   default_reg_initial  |    auto    |       auto       |        
RUN-1001 :    hdl_warning_level   |   normal   |      normal      |        
RUN-1001 : ----------------------------------------------------------------
HDL-1007 : analyze verilog file ../../../diagnostics/hdmi_1080p30_tpg/hdmi_tpg_top.v
HDL-1007 : analyze verilog file ../../../user_source/hdl_source/native_hdmi_pll.v
HDL-1007 : analyze verilog file ../../../user_source/ip_source/PLL/RTL/ph1p_phy_pll_wrapper_25a56e5ce2f9.v
HDL-1007 : analyze verilog file ../../../user_source/hdl_source/hdmi_1_4b_transmitter_core_wrapper.enc.v
Copyright (c) 1998-2019 The OpenSSL Project.  All rights reserved.
This product includes software developed by the OpenSSL Project
for use in the OpenSSL Toolkit (http://www.openssl.org/)
Copyright (C) 1995-1998 Eric Young (eay@cryptsoft.com)
All rights reserved.
This product includes cryptographic software written by Eric Young (eay@cryptsoft.com)
HDL-1007 : undeclared symbol '**', assumed default net type '**' in ../../../user_source/hdl_source/hdmi_1_4b_transmitter_core_wrapper.enc.v(2614)
HDL-1007 : undeclared symbol '**', assumed default net type '**' in ../../../user_source/hdl_source/hdmi_1_4b_transmitter_core_wrapper.enc.v(2716)
HDL-1007 : undeclared symbol '**', assumed default net type '**' in ../../../user_source/hdl_source/hdmi_1_4b_transmitter_core_wrapper.enc.v(2724)
HDL-1007 : undeclared symbol '**', assumed default net type '**' in ../../../user_source/hdl_source/hdmi_1_4b_transmitter_core_wrapper.enc.v(4936)
HDL-1007 : undeclared symbol '**', assumed default net type '**' in ../../../user_source/hdl_source/hdmi_1_4b_transmitter_core_wrapper.enc.v(5989)
HDL-1007 : back to file '../../../user_source/hdl_source/hdmi_1_4b_transmitter_core_wrapper.enc.v' in ../../../user_source/hdl_source/hdmi_1_4b_transmitter_core_wrapper.enc.v(77)
HDL-1007 : analyze verilog file ../../../user_source/hdl_source/hdmi_phy_warpper.v
HDL-1007 : analyze verilog file ../../../user_source/hdl_source/lane_lvds_10_1.v
PRJ-1401 : Successfully analyzed 6 source files.
RUN-1002 : start command "commit_param -step design"
RUN-1001 : Print Global Property
RUN-1001 : -------------------------------------------------------------
RUN-1001 :     Parameters    |   Settings   |  Default Values  |  Note  
RUN-1001 : -------------------------------------------------------------
RUN-1001 :    enable_seed    |     off      |       off        |        
RUN-1001 :    hfn_to_clock   |  1000000000  |    1000000000    |        
RUN-1001 :      message      |   standard   |     standard     |        
RUN-1001 :    qor_monitor    |      on      |        on        |        
RUN-1001 :   speedup_effort  |      0       |        0         |        
RUN-1001 :    syn_ip_flow    |     off      |       off        |        
RUN-1001 :       thread      |     auto     |       auto       |        
RUN-1001 : -------------------------------------------------------------
RUN-1001 : Print Design Property
RUN-1001 : ----------------------------------------------------------------
RUN-1001 :       Parameters       |  Settings  |  Default Values  |  Note  
RUN-1001 : ----------------------------------------------------------------
RUN-1001 :   default_reg_initial  |    auto    |       auto       |        
RUN-1001 :    hdl_warning_level   |   normal   |      normal      |        
RUN-1001 : ----------------------------------------------------------------
RUN-1002 : start command "elaborate -top hdmi_tpg_top"
HDL-1007 : elaborate module hdmi_tpg_top in ../../../diagnostics/hdmi_1080p30_tpg/hdmi_tpg_top.v(3)
HDL-1007 : elaborate module HDMI_PLL in ../../../user_source/hdl_source/native_hdmi_pll.v(5)
HDL-1007 : elaborate module HDMI_PLL_STAGE(FIN_MHZ="50.000000000",N=5,M=108,C0=32,C1=32,CAP=16,ENABLE_C1="DISABLE") in ../../../user_source/hdl_source/native_hdmi_pll.v(24)
HDL-1007 : elaborate module PH1P_LOGIC_BUFG in D:\td6.2.1\arch/ph1p_macro.v(8085)
HDL-1007 : elaborate module ph1p_phy_pll_wrapper_25a56e5ce2f9(FBKCLK="VCO_PHASE0",FIN="50.000000000",REFCLK_DIV=5,FBCLK_DIV=108,CLKC0_ENABLE="ENABLE",CLKC0_DIV=32,CLKC0_CPHASE=31,CLKC0_DUTY_INT=16,CLKC1_DIV=32,CLKC1_CPHASE=31,CLKC1_DUTY_INT=16,CLKC4_DIV=25,CLKC4_CPHASE=24,CLKC4_DUTY_INT=13,CLKC5_DIV=5,CLKC5_CPHASE=4,CLKC5_DUTY_INT=3,LPF_CAP=16,ICP_CUR=0,FEEDBK_MODE="NOCOMP") in ../../../user_source/ip_source/PLL/RTL/ph1p_phy_pll_wrapper_25a56e5ce2f9.v(2)
HDL-1007 : elaborate module PH1P_PHY_PLL_V2(FBKCLK="VCO_PHASE0",FIN="50.000000000",REFCLK_DIV=5,FBCLK_DIV=108,CLKC0_CPHASE=31,CLKC1_CPHASE=31,CLKC4_CPHASE=24,CLKC5_CPHASE=4,CLKC0_DIV=32,CLKC1_DIV=32,CLKC4_DIV=25,CLKC5_DIV=5,CLKC0_DUTY_INT=16,CLKC1_DUTY_INT=16,CLKC4_DUTY_INT=13,CLKC5_DUTY_INT=3,CLKC0_ENABLE="ENABLE",LPF_CAP=16,ICP_CUR=0,FEEDBK_MODE="NOCOMP") in D:\td6.2.1\arch/ph1p_macro.v(1091)
HDL-1007 : elaborate module HDMI_PLL_STAGE in ../../../user_source/hdl_source/native_hdmi_pll.v(24)
HDL-1007 : elaborate module ph1p_phy_pll_wrapper_25a56e5ce2f9(FBKCLK="VCO_PHASE0",FIN="33.750000000",FBCLK_DIV=33,CLKC0_ENABLE="ENABLE",CLKC0_DIV=15,CLKC0_CPHASE=14,CLKC0_DUTY_INT=8,CLKC1_ENABLE="ENABLE",CLKC1_DIV=3,CLKC1_CPHASE=2,CLKC1_DUTY_INT=2,CLKC4_DIV=25,CLKC4_CPHASE=24,CLKC4_DUTY_INT=13,CLKC5_DIV=5,CLKC5_CPHASE=4,CLKC5_DUTY_INT=3,LPF_CAP=0,ICP_CUR=0,FEEDBK_MODE="NOCOMP") in ../../../user_source/ip_source/PLL/RTL/ph1p_phy_pll_wrapper_25a56e5ce2f9.v(2)
HDL-1007 : elaborate module PH1P_PHY_PLL_V2(FBKCLK="VCO_PHASE0",FIN="33.750000000",FBCLK_DIV=33,CLKC0_CPHASE=14,CLKC1_CPHASE=2,CLKC4_CPHASE=24,CLKC5_CPHASE=4,CLKC0_DIV=15,CLKC1_DIV=3,CLKC4_DIV=25,CLKC5_DIV=5,CLKC0_DUTY_INT=8,CLKC1_DUTY_INT=2,CLKC4_DUTY_INT=13,CLKC5_DUTY_INT=3,CLKC0_ENABLE="ENABLE",CLKC1_ENABLE="ENABLE",LPF_CAP=0,ICP_CUR=0,FEEDBK_MODE="NOCOMP") in D:\td6.2.1\arch/ph1p_macro.v(1091)
HDL-1007 : elaborate module hdmi_1_4b_transmitter_core_wrapper(DEVICE="PH1P",VIDEO_VIC=34) in ../../../user_source/hdl_source/hdmi_1_4b_transmitter_core_wrapper.enc.v(2)
HDL-1007 : elaborate module ** in ../../../user_source/hdl_source/hdmi_1_4b_transmitter_core_wrapper.enc.v(91)
HDL-1007 : elaborate module ** in ../../../user_source/hdl_source/hdmi_1_4b_transmitter_core_wrapper.enc.v(137)
HDL-1007 : elaborate module ** in ../../../user_source/hdl_source/hdmi_1_4b_transmitter_core_wrapper.enc.v(208)
HDL-1007 : elaborate module ** in ../../../user_source/hdl_source/hdmi_1_4b_transmitter_core_wrapper.enc.v(285)
HDL-1007 : elaborate module ** in ../../../user_source/hdl_source/hdmi_1_4b_transmitter_core_wrapper.enc.v(396)
HDL-1007 : elaborate module ** in ../../../user_source/hdl_source/hdmi_1_4b_transmitter_core_wrapper.enc.v(803)
HDL-1007 : elaborate module PH1P_LOGIC_RAMFIFO(DATA_WIDTH=11,ADDR_WIDTH=10) in D:\td6.2.1\arch/ph1p_macro.v(327)
HDL-1007 : elaborate module ** in ../../../user_source/hdl_source/hdmi_1_4b_transmitter_core_wrapper.enc.v(1338)
HDL-1007 : elaborate module ** in ../../../user_source/hdl_source/hdmi_1_4b_transmitter_core_wrapper.enc.v(1480)
HDL-1007 : elaborate module PH1P_LOGIC_RAMFIFO(DATA_WIDTH=9,ADDR_WIDTH=10) in D:\td6.2.1\arch/ph1p_macro.v(327)
HDL-1007 : elaborate module ** in ../../../user_source/hdl_source/hdmi_1_4b_transmitter_core_wrapper.enc.v(2012)
HDL-1007 : port '**' remains unconnected for this instance in ../../../user_source/hdl_source/hdmi_1_4b_transmitter_core_wrapper.enc.v(2733)
HDL-1007 : elaborate module ** in ../../../user_source/hdl_source/hdmi_1_4b_transmitter_core_wrapper.enc.v(2403)
HDL-1007 : elaborate module ** in ../../../user_source/hdl_source/hdmi_1_4b_transmitter_core_wrapper.enc.v(2842)
HDL-1007 : elaborate module ** in ../../../user_source/hdl_source/hdmi_1_4b_transmitter_core_wrapper.enc.v(2939)
HDL-1007 : elaborate module ** in ../../../user_source/hdl_source/hdmi_1_4b_transmitter_core_wrapper.enc.v(3138)
HDL-1007 : elaborate module ** in ../../../user_source/hdl_source/hdmi_1_4b_transmitter_core_wrapper.enc.v(3177)
HDL-1007 : elaborate module ** in ../../../user_source/hdl_source/hdmi_1_4b_transmitter_core_wrapper.enc.v(3511)
HDL-1007 : elaborate module ** in ../../../user_source/hdl_source/hdmi_1_4b_transmitter_core_wrapper.enc.v(3666)
HDL-1007 : elaborate module ** in ../../../user_source/hdl_source/hdmi_1_4b_transmitter_core_wrapper.enc.v(3730)
HDL-1007 : elaborate module ** in ../../../user_source/hdl_source/hdmi_1_4b_transmitter_core_wrapper.enc.v(3860)
HDL-5007 WARNING: actual bit length ** differs from formal bit length *** for port '**' in ../../../user_source/hdl_source/hdmi_1_4b_transmitter_core_wrapper.enc.v(3307)
HDL-1007 : elaborate module ** in ../../../user_source/hdl_source/hdmi_1_4b_transmitter_core_wrapper.enc.v(3949)
HDL-5007 WARNING: actual bit length ** differs from formal bit length *** for port '**' in ../../../user_source/hdl_source/hdmi_1_4b_transmitter_core_wrapper.enc.v(3318)
HDL-1007 : elaborate module ** in ../../../user_source/hdl_source/hdmi_1_4b_transmitter_core_wrapper.enc.v(4034)
HDL-1007 : elaborate module ** in ../../../user_source/hdl_source/hdmi_1_4b_transmitter_core_wrapper.enc.v(4127)
HDL-1007 : elaborate module ** in ../../../user_source/hdl_source/hdmi_1_4b_transmitter_core_wrapper.enc.v(4285)
HDL-1007 : elaborate module ** in ../../../user_source/hdl_source/hdmi_1_4b_transmitter_core_wrapper.enc.v(4586)
HDL-1007 : elaborate module PH1P_LOGIC_RAMFIFO(DATA_WIDTH=96,ADDR_WIDTH=10) in D:\td6.2.1\arch/ph1p_macro.v(327)
HDL-1007 : elaborate module ** in ../../../user_source/hdl_source/hdmi_1_4b_transmitter_core_wrapper.enc.v(5534)
HDL-1007 : elaborate module ** in ../../../user_source/hdl_source/hdmi_1_4b_transmitter_core_wrapper.enc.v(5657)
HDL-1007 : elaborate module PH1P_LOGIC_RAMFIFO(DATA_WIDTH=24,ADDR_WIDTH=10) in D:\td6.2.1\arch/ph1p_macro.v(327)
HDL-1007 : elaborate module ** in ../../../user_source/hdl_source/hdmi_1_4b_transmitter_core_wrapper.enc.v(6273)
HDL-1007 : elaborate module ** in ../../../user_source/hdl_source/hdmi_1_4b_transmitter_core_wrapper.enc.v(6501)
HDL-1007 : elaborate module ** in ../../../user_source/hdl_source/hdmi_1_4b_transmitter_core_wrapper.enc.v(6575)
HDL-1007 : elaborate module ** in ../../../user_source/hdl_source/hdmi_1_4b_transmitter_core_wrapper.enc.v(6924)
HDL-1007 : elaborate module ** in ../../../user_source/hdl_source/hdmi_1_4b_transmitter_core_wrapper.enc.v(6994)
HDL-1007 : elaborate module ** in ../../../user_source/hdl_source/hdmi_1_4b_transmitter_core_wrapper.enc.v(6994)
HDL-1007 : elaborate module ** in ../../../user_source/hdl_source/hdmi_1_4b_transmitter_core_wrapper.enc.v(6994)
HDL-1007 : elaborate module hdmi_phy_wrapper(DEVICE="PH1P") in ../../../user_source/hdl_source/hdmi_phy_warpper.v(3)
HDL-1007 : elaborate module lane_lvds_10_1(DEVICE="PH1P") in ../../../user_source/hdl_source/lane_lvds_10_1.v(4)
HDL-1007 : elaborate module PH1P_LOGIC_ODDR in D:\td6.2.1\arch/ph1p_macro.v(8343)
HDL-1200 : Current top model is hdmi_tpg_top
HDL-1100 : Inferred 0 RAMs.
RUN-1002 : start command "read_adc ../../pin.adc"
RUN-1002 : start command "set_pin_assignment  I_sys_clk   LOCATION = C4; IOSTANDARD  = LVCMOS33; PULLTYPE = PULLUP; "
RUN-1002 : start command "set_pin_assignment  I_rst_n   LOCATION = R10; IOSTANDARD = LVCMOS33; PULLTYPE = PULLUP; "
RUN-1002 : start command "set_pin_assignment  O_tmds_ch0_p   LOCATION = G16; IOSTANDARD = TMDS33; PULLTYPE = NONE; "
RUN-1002 : start command "set_pin_assignment  O_tmds_ch1_p   LOCATION = F17; IOSTANDARD = TMDS33; PULLTYPE = NONE; "
RUN-1002 : start command "set_pin_assignment  O_tmds_ch2_p   LOCATION = H14; IOSTANDARD = TMDS33; PULLTYPE = NONE; "
RUN-1002 : start command "set_pin_assignment  O_tmds_clk_p   LOCATION = C17; IOSTANDARD = TMDS33; PULLTYPE = NONE; "
RUN-1001 : Starting of IO setups legality check.
RUN-1002 : start command "read_sdc ../../hdmi_tpg.sdc"
RUN-1002 : start command "export_db hdmi_tpg_elaborate.db"
RUN-1001 : Exported flow parameters
RUN-1001 : Exported /
RUN-1001 : Exported libs
RUN-1001 : Exported entities
RUN-1001 : Exported ports
RUN-1001 : Exported pins
RUN-1001 : Exported instances
RUN-1001 : Exported nets
RUN-1001 : Exported buses
RUN-1001 : Exported models
RUN-1001 : Exported packer
RUN-1001 : Exported congestions
RUN-1001 : Exported violations
RUN-1001 : Exported ATMR Setting
RUN-1001 : Exported timing constraints
RUN-1001 : Exported IO constraints
RUN-1001 : Exported Inst constraints
RUN-1001 : Exported ChipWatcher
RUN-1002 : start command "commit_param -step rtl"
RUN-1001 : Print Global Property
RUN-1001 : -------------------------------------------------------------
RUN-1001 :     Parameters    |   Settings   |  Default Values  |  Note  
RUN-1001 : -------------------------------------------------------------
RUN-1001 :    enable_seed    |     off      |       off        |        
RUN-1001 :    hfn_to_clock   |  1000000000  |    1000000000    |        
RUN-1001 :      message      |   standard   |     standard     |        
RUN-1001 :    qor_monitor    |      on      |        on        |        
RUN-1001 :   speedup_effort  |      0       |        0         |        
RUN-1001 :    syn_ip_flow    |     off      |       off        |        
RUN-1001 :       thread      |     auto     |       auto       |        
RUN-1001 : -------------------------------------------------------------
RUN-1001 : Print Rtl Property
RUN-1001 : -------------------------------------------------------------------
RUN-1001 :         Parameters        |  Settings  |  Default Values  |  Note  
RUN-1001 : -------------------------------------------------------------------
RUN-1001 :        fix_undriven       |     0      |        0         |        
RUN-1001 :   gated_clock_conversion  |    off     |       off        |        
RUN-1001 :         infer_fsm         |    auto    |       auto       |        
RUN-1001 :         infer_rom         |     on     |        on        |        
RUN-1001 :       infer_shifter       |     on     |        on        |        
RUN-1001 :       keep_hierarchy      |    auto    |       auto       |        
RUN-1001 :        merge_equal        |     on     |        on        |        
RUN-1001 :      min_control_set      |     8      |        8         |        
RUN-1001 :       min_ripple_len      |    auto    |       auto       |        
RUN-1001 :          seq_syn          |     on     |        on        |        
RUN-1001 : -------------------------------------------------------------------
RUN-1002 : start command "insert_debugger"
RUN-1002 : start command "optimize_rtl"
RUN-1001 : Open license file D:/td6.2.1/license/Anlogic.lic
SYN-1001 : Stage 1 | Optimize RTL
SYN-1001 : Stage 1.1 | Check Design Sanity
SYN-1001 : End Stage 1.1 | Check Design Sanity; Time: 0.006009s wall, 0.000000s user + 0.000000s system = 0.000000s CPU (n/a%); Memory(MB): used = 367, reserved = 485, peak = 367;

SYN-1079 : finish stage Check Design Sanity. Total instances: 13101, Total nets: 25817.

SYN-1001 : Stage 1.2 | Initialize Design
SYN-1001 : End Stage 1.2 | Initialize Design; Time: 0.371499s wall, 0.359375s user + 0.015625s system = 0.375000s CPU (100.9%); Memory(MB): used = 367, reserved = 485, peak = 367;

SYN-1079 : finish stage Initialize Design. Total instances: 1772, Total nets: 13865.

SYN-1001 : Stage 1.3 | Flatten Module
SYN-1011 : Flatten model hdmi_tpg_top
SYN-1001 : End Stage 1.3 | Flatten Module; Time: 0.067346s wall, 0.062500s user + 0.000000s system = 0.062500s CPU (92.8%); Memory(MB): used = 368, reserved = 485, peak = 368;

SYN-1079 : finish stage Flatten Module. Total instances: 3501, Total nets: 11584.

SYN-1001 : Stage 1.4 | Uniform Instance
SYN-1001 : End Stage 1.4 | Uniform Instance; Time: 0.016235s wall, 0.015625s user + 0.000000s system = 0.015625s CPU (96.2%); Memory(MB): used = 360, reserved = 358, peak = 368;

SYN-1079 : finish stage Uniform Instance. Total instances: 1848, Total nets: 9930.

SYN-1001 : Stage 1.5 | Optimize Design
SYN-1001 : Optimize 1 less-than instances
SYN-1001 : Optimize 1 less-than instances
SYN-1032 : 7889/949 useful/useless nets, 1506/10 useful/useless insts
SYN-1001 : Bypass 1 mux instances
SYN-1021 : Optimized 1 onehot mux instances.
SYN-1016 : Merged 319 instances.
USR-1002 : Derived clock:  create_generated_clock -name {u_hdmi_pll/u_ref/ph1p_phy_pll_wrapper_25a56e5ce2f9_Inst/u_PH1P_PHY_PLL.clkc[0]} -source [get_ports I_sys_clk] -master_clock {sys_clk_50m} -divide_by 1.4815 -duty_cycle 50.0000 [get_pins {u_hdmi_pll/u_ref/ph1p_phy_pll_wrapper_25a56e5ce2f9_Inst/u_PH1P_PHY_PLL.clkc[0]}]
USR-1002 : Derived clock:  create_generated_clock -name {u_hdmi_pll/u_output/ph1p_phy_pll_wrapper_25a56e5ce2f9_Inst/u_PH1P_PHY_PLL.clkc[0]} -source [get_pins {u_hdmi_pll/u_ref/ph1p_phy_pll_wrapper_25a56e5ce2f9_Inst/u_PH1P_PHY_PLL.clkc[0]}] -master_clock {u_hdmi_pll/u_ref/ph1p_phy_pll_wrapper_25a56e5ce2f9_Inst/u_PH1P_PHY_PLL.clkc[0]} -multiply_by 2.2000 -duty_cycle 50.0000 [get_pins {u_hdmi_pll/u_output/ph1p_phy_pll_wrapper_25a56e5ce2f9_Inst/u_PH1P_PHY_PLL.clkc[0]}]
USR-1002 : Derived clock:  create_generated_clock -name {u_hdmi_pll/u_output/ph1p_phy_pll_wrapper_25a56e5ce2f9_Inst/u_PH1P_PHY_PLL.clkc[1]} -source [get_pins {u_hdmi_pll/u_ref/ph1p_phy_pll_wrapper_25a56e5ce2f9_Inst/u_PH1P_PHY_PLL.clkc[0]}] -master_clock {u_hdmi_pll/u_ref/ph1p_phy_pll_wrapper_25a56e5ce2f9_Inst/u_PH1P_PHY_PLL.clkc[0]} -multiply_by 11.0000 -duty_cycle 50.0000 [get_pins {u_hdmi_pll/u_output/ph1p_phy_pll_wrapper_25a56e5ce2f9_Inst/u_PH1P_PHY_PLL.clkc[1]}]
SYN-1016 : Merged 2277 instances.
SYN-1001 : End Stage 1.5 | Optimize Design; Time: 0.471095s wall, 0.453125s user + 0.015625s system = 0.468750s CPU (99.5%); Memory(MB): used = 369, reserved = 358, peak = 375;

SYN-1079 : finish stage Optimize Design. Total instances: 2819, Total nets: 3286.

SYN-1001 : Stage 1.6 | Optimize Iteratively
SYN-1019 : Optimized 4 mux instances.
SYN-1014 : Optimize round 1
SYN-1044 : Optimized 97 inv instances.
SYN-1017 : Remove 13 const input seq instances
SYN-1019 : Optimized 20 mux instances.
SYN-1020 : Optimized 70 distributor mux.
SYN-1001 : Optimize 10 less-than instances
SYN-1016 : Merged 226 instances.
SYN-1015 : Optimize round 1, 535 better
SYN-1014 : Optimize round 2
SYN-1044 : Optimized 1 inv instances.
SYN-1017 : Remove 18 const input seq instances
SYN-1019 : Optimized 14 mux instances.
SYN-1020 : Optimized 29 distributor mux.
SYN-1016 : Merged 105 instances.
SYN-1015 : Optimize round 2, 209 better
SYN-3010 : Optimized 59 DFF(s)
SYN-1014 : Optimize round 1
SYN-1017 : Remove 2 const input seq instances
SYN-1019 : Optimized 9 mux instances.
SYN-1016 : Merged 1 instances.
SYN-1015 : Optimize round 1, 24 better
SYN-1014 : Optimize round 2
SYN-1015 : Optimize round 2, 0 better
SYN-1001 : End Stage 1.6 | Optimize Iteratively; Time: 1.008586s wall, 0.968750s user + 0.031250s system = 1.000000s CPU (99.1%); Memory(MB): used = 365, reserved = 358, peak = 381;

SYN-1079 : finish stage Optimize Iteratively. Total instances: 2311, Total nets: 2756.

SYN-1001 : Stage 1.7 | Check Design
SYN-1001 : End Stage 1.7 | Check Design; Time: 0.000376s wall, 0.000000s user + 0.000000s system = 0.000000s CPU (n/a%); Memory(MB): used = 365, reserved = 358, peak = 381;

SYN-1079 : finish stage Check Design. Total instances: 2311, Total nets: 2756.

SYN-1001 : End Stage 1 | Optimize RTL; Time: 1.942769s wall, 1.859375s user + 0.062500s system = 1.921875s CPU (98.9%); Memory(MB): used = 365, reserved = 358, peak = 381;

SYN-1079 : finish stage Optimize RTL. Total instances: 2311, Total nets: 2756.

RUN-1003 : finish command "optimize_rtl" in  1.957317s wall, 1.875000s user + 0.062500s system = 1.937500s CPU (99.0%)

RUN-1004 : used memory is 365 MB, reserved memory is 358 MB, peak memory is 381 MB
RUN-1002 : start command "report_area -file hdmi_tpg_rtl.area"
RUN-1001 : standard
***Report Model: hdmi_tpg_top Device: PH1P35MDG324***

IO Statistics
#IO                         6
  #input                    2
  #output                   4
  #inout                    0

Gate Statistics
#Basic gates             1554
  #and                     37
  #nand                     0
  #or                      15
  #nor                      0
  #xor                     22
  #xnor                     0
  #buf                      0
  #not                    119
  #bufif1                   0
  #MX21                   237
  #FADD                     0
  #DFF                   1124
  #LATCH                    0
#MACRO_ADD                128
#MACRO_EQ                  31
#MACRO_MUX                586
#MACRO_OTHERS               8

RUN-1002 : start command "export_db hdmi_tpg_rtl.db"
RUN-1001 : Exported flow parameters
RUN-1001 : Exported /
RUN-1001 : Exported libs
RUN-1001 : Exported entities
RUN-1001 : Exported ports
RUN-1001 : Exported pins
RUN-1001 : Exported instances
RUN-1001 : Exported nets
RUN-1001 : Exported buses
RUN-1001 : Exported models
RUN-1001 : Exported packer
RUN-1001 : Exported congestions
RUN-1001 : Exported violations
RUN-1001 : Exported ATMR Setting
RUN-1001 : Exported timing constraints
RUN-1001 : Exported IO constraints
RUN-1001 : Exported Inst constraints
RUN-1001 : Exported ChipWatcher
RUN-1002 : start command "commit_param -step gate"
RUN-1001 : Print Global Property
RUN-1001 : -------------------------------------------------------------
RUN-1001 :     Parameters    |   Settings   |  Default Values  |  Note  
RUN-1001 : -------------------------------------------------------------
RUN-1001 :    enable_seed    |     off      |       off        |        
RUN-1001 :    hfn_to_clock   |  1000000000  |    1000000000    |        
RUN-1001 :      message      |   standard   |     standard     |        
RUN-1001 :    qor_monitor    |      on      |        on        |        
RUN-1001 :   speedup_effort  |      0       |        0         |        
RUN-1001 :    syn_ip_flow    |     off      |       off        |        
RUN-1001 :       thread      |     auto     |       auto       |        
RUN-1001 : -------------------------------------------------------------
RUN-1001 : Print Gate Property
RUN-1001 : ----------------------------------------------------------------
RUN-1001 :       Parameters       |  Settings  |  Default Values  |  Note  
RUN-1001 : ----------------------------------------------------------------
RUN-1001 :   eram_cascade_height  |    auto    |       auto       |        
RUN-1001 :        map_mode        |    auto    |       auto       |        
RUN-1001 :      map_strategy      |     1      |        1         |        
RUN-1001 :       pack_effort      |   medium   |      medium      |        
RUN-1001 :     pack_seq_in_io     |    auto    |       auto       |        
RUN-1001 :         report         |  standard  |     standard     |        
RUN-1001 : ----------------------------------------------------------------
RUN-1002 : start command "optimize_gate -packarea hdmi_tpg_gate.area"
RUN-1001 : Open license file D:/td6.2.1/license/Anlogic.lic
SYN-1001 : Stage 2 | Optimize Gate
SYN-1001 : Stage 2.1 | Map Reg
SYN-1001 : End Stage 2.1 | Map Reg; Time: 0.041857s wall, 0.031250s user + 0.015625s system = 0.046875s CPU (112.0%); Memory(MB): used = 365, reserved = 359, peak = 381;

SYN-1079 : finish stage Map Reg. Total instances: 2311, Total nets: 2756.

SYN-1001 : Stage 2.2 | Map IO
SYN-2001 : Map 6 IOs to PADs of model 'hdmi_tpg_top'
SYN-1001 : End Stage 2.2 | Map IO; Time: 0.119623s wall, 0.109375s user + 0.015625s system = 0.125000s CPU (104.5%); Memory(MB): used = 367, reserved = 361, peak = 381;

SYN-1001 : Stage 2.3 | Map Macro
RUN-1002 : start command "update_pll_param -module hdmi_tpg_top"
SYN-2501 : Processed 0 LOGIC_BUF instances.
SYN-2501 : 2 BUFG to GCLK
SYN-2541 : Logic Ram FIFO "u_core/u_hdmi_tx_controller_wrapper/u_hdmi_island_data_gen/U_audio_sample_packet_2_channel/u_w96_d1024_fifo/u_logic_ramfifo"
SYN-2541 : Logic Ram FIFO "u_core/u_hdmi_tx_controller_wrapper/u_video_axi_stream_receiver/u_w24_d1024_fifo/u_logic_ramfifo"
SYN-1019 : Optimized 4 mux instances.
SYN-2571 : Optimize after map_dsp, round 1
SYN-1016 : Merged 44 instances.
SYN-2571 : Optimize after map_dsp, round 1, 44 better
SYN-2571 : Optimize after map_dsp, round 2
SYN-2571 : Optimize after map_dsp, round 2, 0 better
SYN-1001 : Throwback 11 control mux instances
SYN-1001 : Generate 21 bigger adders
USR-1002 : Derived clock:  create_generated_clock -name {u_hdmi_pll/u_ref/ph1p_phy_pll_wrapper_25a56e5ce2f9_Inst/u_PH1P_PHY_PLL.clkc[0]} -source [get_ports I_sys_clk] -master_clock {sys_clk_50m} -divide_by 1.4815 -duty_cycle 50.0000 [get_pins {u_hdmi_pll/u_ref/ph1p_phy_pll_wrapper_25a56e5ce2f9_Inst/u_PH1P_PHY_PLL.clkc[0]}]
USR-1002 : Derived clock:  create_generated_clock -name {u_hdmi_pll/u_output/ph1p_phy_pll_wrapper_25a56e5ce2f9_Inst/u_PH1P_PHY_PLL.clkc[0]} -source [get_pins {u_hdmi_pll/u_ref/ph1p_phy_pll_wrapper_25a56e5ce2f9_Inst/u_PH1P_PHY_PLL.clkc[0]}] -master_clock {u_hdmi_pll/u_ref/ph1p_phy_pll_wrapper_25a56e5ce2f9_Inst/u_PH1P_PHY_PLL.clkc[0]} -multiply_by 2.2000 -duty_cycle 50.0000 [get_pins {u_hdmi_pll/u_output/ph1p_phy_pll_wrapper_25a56e5ce2f9_Inst/u_PH1P_PHY_PLL.clkc[0]}]
USR-1002 : Derived clock:  create_generated_clock -name {u_hdmi_pll/u_output/ph1p_phy_pll_wrapper_25a56e5ce2f9_Inst/u_PH1P_PHY_PLL.clkc[1]} -source [get_pins {u_hdmi_pll/u_ref/ph1p_phy_pll_wrapper_25a56e5ce2f9_Inst/u_PH1P_PHY_PLL.clkc[0]}] -master_clock {u_hdmi_pll/u_ref/ph1p_phy_pll_wrapper_25a56e5ce2f9_Inst/u_PH1P_PHY_PLL.clkc[0]} -multiply_by 11.0000 -duty_cycle 50.0000 [get_pins {u_hdmi_pll/u_output/ph1p_phy_pll_wrapper_25a56e5ce2f9_Inst/u_PH1P_PHY_PLL.clkc[1]}]
SYN-1001 : Optimize 21 adders
SYN-1001 : Convert 6 adder
SYN-2501 : Optimize round 1
SYN-1016 : Merged 117 instances.
SYN-2501 : Optimize round 1, 404 better
SYN-2501 : Optimize round 2
SYN-2501 : Optimize round 2, 0 better
SYN-2501 : Optimize round 1
SYN-1016 : Merged 20 instances.
SYN-2501 : Optimize round 1, 31 better
SYN-2501 : Optimize round 2
SYN-1017 : Remove 2 const input seq instances
SYN-2501 : Optimize round 2, 3 better
SYN-2501 : Optimize round 3
SYN-2501 : Optimize round 3, 11 better
SYN-2501 : Optimize round 4
SYN-2501 : Optimize round 4, 0 better
SYN-2501 : Map 89 macro adder(s)
SYN-1019 : Optimized 46 mux instances.
SYN-1016 : Merged 382 instances.
SYN-1001 : End Stage 2.3 | Map Macro; Time: 0.870302s wall, 0.812500s user + 0.062500s system = 0.875000s CPU (100.5%); Memory(MB): used = 387, reserved = 368, peak = 387;

SYN-1079 : finish stage Map Macro. Total instances: 3293, Total nets: 3605.

SYN-1001 : Stage 2.4 | Map Gate
SYN-3001 : Collect 860 PI 675 PO (5 timing unconstrained) for mapping
SYN-2581 : Mapping with K=6, #lut = 877 (3.65), #lev = 6 (1.99), #crit_level = 0
SYN-2551 : Post LUT mapping optimization.
SYN-2581 : Mapping with K=6, #lut = 840 (3.60), #lev = 6 (2.03), #crit_level = 0
SYN-3001 : Logic optimization opt = 0.31 sec, map = 0.07 sec, post map opt = 0.29 sec.
SYN-1001 : End Stage 2.4 | Map Gate; Time: 1.062890s wall, 1.046875s user + 0.015625s system = 1.062500s CPU (100.0%); Memory(MB): used = 409, reserved = 392, peak = 409;

SYN-1001 : Packing model "hdmi_tpg_top" ...
SYN-1001 : Stage 2.5 | Pack Gate
SYN-4010 : Pack lib has 43 rtl pack models with 26 top pack blocks
SYN-1014 : Optimize round 1
SYN-1015 : Optimize round 1, 0 better
SYN-4002 : Packing 1079 DFF/LATCH to SEQ ...
SYN-1001 : Remove 4 carry adders
RUN-1002 : start command "start_timer"
USR-1002 : Derived clock:  create_generated_clock -name {u_hdmi_pll/u_ref/ph1p_phy_pll_wrapper_25a56e5ce2f9_Inst/u_PH1P_PHY_PLL.clkc[0]} -source [get_ports I_sys_clk] -master_clock {sys_clk_50m} -divide_by 1.4815 -duty_cycle 50.0000 [get_pins {u_hdmi_pll/u_ref/ph1p_phy_pll_wrapper_25a56e5ce2f9_Inst/u_PH1P_PHY_PLL.clkc[0]}]
USR-1002 : Derived clock:  create_generated_clock -name {u_hdmi_pll/u_output/ph1p_phy_pll_wrapper_25a56e5ce2f9_Inst/u_PH1P_PHY_PLL.clkc[0]} -source [get_pins {u_hdmi_pll/u_ref/ph1p_phy_pll_wrapper_25a56e5ce2f9_Inst/u_PH1P_PHY_PLL.clkc[0]}] -master_clock {u_hdmi_pll/u_ref/ph1p_phy_pll_wrapper_25a56e5ce2f9_Inst/u_PH1P_PHY_PLL.clkc[0]} -multiply_by 2.2000 -duty_cycle 50.0000 [get_pins {u_hdmi_pll/u_output/ph1p_phy_pll_wrapper_25a56e5ce2f9_Inst/u_PH1P_PHY_PLL.clkc[0]}]
USR-1002 : Derived clock:  create_generated_clock -name {u_hdmi_pll/u_output/ph1p_phy_pll_wrapper_25a56e5ce2f9_Inst/u_PH1P_PHY_PLL.clkc[1]} -source [get_pins {u_hdmi_pll/u_ref/ph1p_phy_pll_wrapper_25a56e5ce2f9_Inst/u_PH1P_PHY_PLL.clkc[0]}] -master_clock {u_hdmi_pll/u_ref/ph1p_phy_pll_wrapper_25a56e5ce2f9_Inst/u_PH1P_PHY_PLL.clkc[0]} -multiply_by 11.0000 -duty_cycle 50.0000 [get_pins {u_hdmi_pll/u_output/ph1p_phy_pll_wrapper_25a56e5ce2f9_Inst/u_PH1P_PHY_PLL.clkc[1]}]
TMR-2502 : Net delay update with mode: Synthesized
RUN-1002 : start command "end_timer"
SYN-4009 : Pack 4 carry chain into lslice
SYN-1001 : End Stage 2.5 | Pack Gate; Time: 0.569233s wall, 0.234375s user + 0.343750s system = 0.578125s CPU (101.6%); Memory(MB): used = 395, reserved = 379, peak = 409;

RUN-1002 : start command "report_qor -step gate -file gate.qor"
RUN-1002 : start command "start_timer"
TMR-2502 : Net delay update with mode: Synthesized
-----------------------------------------------------------
| QoR metrics               |         value               |
-----------------------------------------------------------
| Timing                    |                             |
|     Setup WNS             |          470                |
|     Setup TNS             |            0                |
|     Num of violated S-EP  |            0                |
|     Hold WNS              |          220                |
|     Hold TNS              |            0                |
|     Num of violated H-EP  |            0                |
-----------------------------------------------------------
| Utilization               |                             |
|     #registers            |         1079                |
|     #luts                 |          840                |
|     #lut1                 |           21                |
|     #lut1(~A)             |           21                |
|     #slices               |           72                |
|     slices percentage     |        0.34%                |
|     #RAMs                 |            5                |
|     #DSPs                 |            0                |
|     #f7mux                |        0.00%                |
|     #MACROs               |            6                |
|     #insts in MACRO       |           74                |
-----------------------------------------------------------
| kept_net                  |                             |
|     #syn_keep             |            0                |
|     #keep_hier            |            0                |
|     #dont_touch           |            0                |
|     #mark_debug           |            0                |
|     #max_fanout_keep      |            0                |
|     #async_reg            |            0                |
-----------------------------------------------------------
| Top 10% datanet fanout#   |        39.50                |
| dff(single fanout)->dff   |          229                |
| dff(single fanout)->dram  |            0                |
-----------------------------------------------------------
| Over-quota path num*      |                             |
|     Total Number          |            0                |
|     Total Exceed Level    |            0                |
|     Worst Level Slack     |            2                |
-----------------------------------------------------------
| Rent**                    |                             |
-----------------------------------------------------------
Note*: Over-quota path shows the over-path-level-threshold path number of each clock.
       The clock will not be shown if no path is with path level over the threshold.
       The threshold is defined as worst path_margin / 800ps.
Note**: Rent shows the rent exponent value of the modules whose rent value exceeds the threshold.
        Only modules under top are reported, and the threshold is defined as 0.7.

Logic Level Distribution
---------------------------------------------------------------------------------------------------------------------------------------------------------------
  Clock                                                                              |  Period            |  0     |  1    |  2    |  3   |  4    |  5   |  6
---------------------------------------------------------------------------------------------------------------------------------------------------------------
  sys_clk_50m                                                                        |  20.000ns (50MHz)  |  0     |  0    |  0    |  0   |  0    |  0   |  0
  u_hdmi_pll/u_output/ph1p_phy_pll_wrapper_25a56e5ce2f9_Inst/u_PH1P_PHY_PLL.clkc[0]  |  13.468ns (74MHz)  |  1014  |  637  |  109  |  70  |  100  |  59  |  8
  u_hdmi_pll/u_output/ph1p_phy_pll_wrapper_25a56e5ce2f9_Inst/u_PH1P_PHY_PLL.clkc[1]  |  2.693ns (371MHz)  |  54    |  41   |  0    |  0   |  0    |  0   |  0
  u_hdmi_pll/u_ref/ph1p_phy_pll_wrapper_25a56e5ce2f9_Inst/u_PH1P_PHY_PLL.clkc[0]     |  29.630ns (33MHz)  |  0     |  0    |  0    |  0   |  0    |  0   |  0
  Total                                                                              |  NA                |  1068  |  678  |  109  |  70  |  100  |  59  |  8
---------------------------------------------------------------------------------------------------------------------------------------------------------------
Note: The table count the worst 100000 paths, each endpoint count only one time.(2092 paths analyzed)

Hierarchical Rent Exponent Report
+--------------------------------------------------------------------------------------+
|Inst     |Model                                |Rent     |Cell     |Pin     |Term     |
+--------------------------------------------------------------------------------------+
|top      |hdmi_tpg_top                         |0.06     |2006     |7731    |6        |
|  u_core |hdmi_1_4b_transmitter_core_wrapper_1 |0.28     |1910     |7436    |32       |
+--------------------------------------------------------------------------------------+
Note: Cell represents total number of cells inside module; Pin represents total number of pins
      which have net connection inside module; Term represents total number of PIs and POs of module.
      Rent represents the relationship between number of terms and number of cells in module.
      A module with higher rent corresponds to highly connected logic and strong connectivity with others.
Report gate stage QoR done.

RUN-1002 : start command "report_area -file hdmi_tpg_gate.area"
SYN-4034 : The count of slices with lut is 0.
SYN-4035 : The count of slices with lut+ripple is 56.
RUN-1001 : standard
***Report Model: hdmi_tpg_top Device: PH1P35MDG324***

Design Statistics
#IO                         6   out of    160    3.75%
  #input                    2
  #output                   4
  #inout                    0
#lut                      912
  #lut1                    21
  #lut2                   214
  #lut3                   255
  #lut4                    85
  #lut5                   121
  #lut6                   216
#reg                     1079
  #slice reg             1079   out of  42432    2.54%
  #pad reg                  0

Utilization Statistics
#slice*                   701   out of  21216    3.30%
  #used ram                16
    #dram lut               0
    #shifter lut           16
  #used logic             685
    #with luts*           528
    #with adder            56
    #reg only*            101
#f7mux                      0   out of  10608    0.00%
#f8mux                      0   out of   5304    0.00%
#eram                       5   out of    108    4.63%
  #eram20k                  5
  #fifo20k                  0
#dsp                        0   out of     40    0.00%
#ddr_byte                   0   out of     12    0.00%
#mipi_tx                    0   out of      2    0.00%
#mipi_rx                    0   out of      2    0.00%
#pad                       10   out of    160    6.25%
#pll                        2   out of      6   33.33%
#gclk                       2   out of     32    6.25%
#lclk                       0   out of     12    0.00%
#sclk                       0   out of     48    0.00%
#mlclk                      0   out of      6    0.00%
#ioclk                      0   out of     18    0.00%

* Note! The LUT and Slice count after Optimize-Gate is not the final value, Run Optimize-place for a more realistic count.

SYN-1001 : End Stage 2 | Optimize Gate; Time: 2.979841s wall, 2.531250s user + 0.453125s system = 2.984375s CPU (100.2%); Memory(MB): used = 399, reserved = 382, peak = 409;

RUN-1003 : finish command "optimize_gate -packarea hdmi_tpg_gate.area" in  2.989241s wall, 2.531250s user + 0.453125s system = 2.984375s CPU (99.8%)

RUN-1004 : used memory is 399 MB, reserved memory is 382 MB, peak memory is 409 MB
RUN-1002 : start command "legalize_phy_inst"
SYN-1001 : Stage 3 | Legalize Phy Inst
SYN-1011 : Flatten model hdmi_tpg_top
SYN-1001 : End Stage 3 | Legalize Phy Inst; Time: 0.004865s wall, 0.000000s user + 0.000000s system = 0.000000s CPU (n/a%); Memory(MB): used = 399, reserved = 382, peak = 409;

RUN-1002 : start command "update_timing"
RUN-1002 : start command "start_timer"
RUN-1002 : start command "report_timing_status -file hdmi_tpg_gate.ts"
RUN-1002 : start command "report_timing_summary -file hdmi_tpg_gate.timing"
RUN-1002 : start command "flow_status -file flow.status"
Location         : C:\Users\Li47\Desktop\aa\native_1080p30_hdmi_tpg_r8_20261008\td_project\hdmi_tpg_Runs\syn_1
Running with     : Tang Dynasty v6.2.178840
                   Copyright (c) 2012-2025 Anlogic Inc.
Top Model        : hdmi_tpg_top
Device           : PH1P35MDG324
Speed            : 3

Timing Mode      : basic
Setup            : WNS   470ps  TNS        0ps  NUM_FEPS     0
Hold             : WNS   220ps  TNS        0ps  NUM_FEPS     0

Flow Statistics  :
RUN-1001 : Flow Statistics:
RUN-1001 : --------------------------------------------------------------------------------------------------
RUN-1001 :      command     |  #calls  |  wall time  |  cpu time(s)  |  used memory(mb)  |  peak memory(mb)  
RUN-1001 : --------------------------------------------------------------------------------------------------
RUN-1001 :   optimize_gate  |    1     |   2s(50%)   |    2(50%)     |        399        |        409        
RUN-1001 :   import_device  |    1     |   1s(25%)   |    1(25%)     |        333        |        333        
RUN-1001 :   optimize_rtl   |    1     |   1s(25%)   |    1(25%)     |        365        |        381        
RUN-1001 :     read_adc     |    1     |   0s(0%)    |     0(0%)     |        359        |        359        
RUN-1001 :     read_sdc     |    1     |   0s(0%)    |     0(0%)     |        359        |        359        
RUN-1001 : --------------------------------------------------------------------------------------------------
RUN-1001 :       total      |    5     |     4s      |       4       |        399        |        409        
RUN-1001 : --------------------------------------------------------------------------------------------------
RUN-1002 : start command "export_db hdmi_tpg_gate.db"
RUN-1001 : Exported flow parameters
RUN-1001 : Exported /
RUN-1001 : Exported libs
RUN-1001 : Exported entities
RUN-1001 : Exported ports
RUN-1001 : Exported pins
RUN-1001 : Exported instances
RUN-1001 : Exported nets
RUN-1001 : Exported buses
RUN-1001 : Exported models
RUN-1001 : Exported packer
RUN-1001 : Exported congestions
RUN-1001 : Exported violations
RUN-1001 : Exported ATMR Setting
RUN-1001 : Exported timing constraints
RUN-1001 : Exported IO constraints
RUN-1001 : Exported Inst constraints
RUN-1001 : Exported ChipWatcher
RUN-1002 : start command "export_flow_status -s read_design -e opt_gate"
RUN-1002 : start command "flow_status"

Location         : C:\Users\Li47\Desktop\aa\native_1080p30_hdmi_tpg_r8_20261008\td_project\hdmi_tpg_Runs\syn_1
Running with     : Tang Dynasty v6.2.178840
                   Copyright (c) 2012-2025 Anlogic Inc.
Top Model        : hdmi_tpg_top
Device           : PH1P35MDG324
Speed            : 3

Timing Mode      : basic
Setup            : WNS   470ps  TNS        0ps  NUM_FEPS     0
Hold             : WNS   220ps  TNS        0ps  NUM_FEPS     0

RUN-1001 : Flow Statistics:
RUN-1001 : --------------------------------------------------------------------------------------------------
RUN-1001 :      command     |  #calls  |  wall time  |  cpu time(s)  |  used memory(mb)  |  peak memory(mb)  
RUN-1001 : --------------------------------------------------------------------------------------------------
RUN-1001 :   optimize_gate  |    1     |   2s(50%)   |    2(50%)     |        399        |        409        
RUN-1001 :   import_device  |    1     |   1s(25%)   |    1(25%)     |        333        |        333        
RUN-1001 :   optimize_rtl   |    1     |   1s(25%)   |    1(25%)     |        365        |        381        
RUN-1001 :     read_adc     |    1     |   0s(0%)    |     0(0%)     |        359        |        359        
RUN-1001 :     read_sdc     |    1     |   0s(0%)    |     0(0%)     |        359        |        359        
RUN-1001 : --------------------------------------------------------------------------------------------------
RUN-1001 :       total      |    5     |     4s      |       4       |        399        |        409        
RUN-1001 : --------------------------------------------------------------------------------------------------
RUN-1002 : start command "check_timing -file constraint_coverage.txt -verbose"
