Reading D:/modelsim/tcl/vsim/pref.tcl

# 2019.2

# vsim -c -L anlogic_sim -voptargs="+acc" -onfinish exit -l modelsim_work/cdc/transcript.log -wlf modelsim_work/cdc/wave.wlf -do "log /tb_cdc/*; run -all; quit -code 1 -force" test_cdc.tb_cdc 
# Start time: 19:15:00 on Oct 06,2026
# ** Note: (vsim-8009) Loading existing optimized design _opt1
# //  ModelSim SE-64 2019.2 Apr 17 2019
# //
# //  Copyright 1991-2019 Mentor Graphics Corporation
# //  All Rights Reserved.
# //
# //  ModelSim SE-64 and its associated documentation contain trade
# //  secrets and commercial or financial information that are the property of
# //  Mentor Graphics Corporation and are privileged, confidential,
# //  and exempt from disclosure under the Freedom of Information Act,
# //  5 U.S.C. Section 552. Furthermore, this information
# //  is prohibited from disclosure under the Trade Secrets Act,
# //  18 U.S.C. Section 1905.
# //
# Loading sv_std.std
# Loading work.tb_cdc(fast)
# Loading work.status_cdc(fast)
# log /tb_cdc/*
#  run -all
# PASS CDC: asynchronous changing payload, atomic pairs, stopped clocks, reset
# ** Note: $finish    : tb_cdc.v(22)
#    Time: 8652 ns  Iteration: 0  Instance: /tb_cdc
# End time: 19:15:01 on Oct 06,2026, Elapsed time: 0:00:01
# Errors: 0, Warnings: 0
