Reading D:/modelsim/tcl/vsim/pref.tcl

# 2019.2

# vsim -c -L anlogic_sim -voptargs="+acc" -onfinish exit -l modelsim_work/roi_core/transcript.log -wlf modelsim_work/roi_core/wave.wlf -do "log /tb_roi_core/*; run -all; quit -code 1 -force" test_roi_core.tb_roi_core 
# Start time: 19:17:41 on Oct 06,2026
# ** Note: (vsim-8009) Loading existing optimized design _opt
# //  ModelSim SE-64 2019.2 Apr 17 2019
# //
# //  Copyright 1991-2019 Mentor Graphics Corporation
# //  All Rights Reserved.
# //
# //  ModelSim SE-64 and its associated documentation contain trade
# //  secrets and commercial or financial information that are the property of
# //  Mentor Graphics Corporation and are privileged, confidential,
# //  and exempt from disclosure under the Freedom of Information Act,
# //  5 U.S.C. Section 552. Furthermore, this information
# //  is prohibited from disclosure under the Trade Secrets Act,
# //  18 U.S.C. Section 1905.
# //
# Loading sv_std.std
# Loading work.tb_roi_core(fast)
# Loading work.roi_statistics(fast)
# log /tb_roi_core/*
#  run -all
# PASS core ROI: 6400 pixels, independent sum/mean/min/max, outside black/white unchanged, full-scale and bubbles
# ** Note: $finish    : tb_roi_core.v(51)
#    Time: 5275430 ns  Iteration: 1  Instance: /tb_roi_core
# End time: 19:17:43 on Oct 06,2026, Elapsed time: 0:00:02
# Errors: 0, Warnings: 0
