============================================================
   Tang Dynasty, V6.1.155545
   Copyright (c) 2012-2025 Anlogic Inc.
   Executable = E:/Anlogic/TD_6.1.2_PH1P35_Release_155.545/bin/td.exe
   Built at =   17:41:46 Mar 24 2025
   Run by =     Administrator
   Run Date =   Fri Dec 26 09:36:00 2025

   Run on =     BF-202403070915
============================================================
RUN-1002 : start command "import_db F:/al_data/F02_PH1P35/08_csi_dsi_cs500_cun/td_project/camera_to_dsi_display_Runs/phy_1/camera_to_dsi_display_pr.db"
RUN-1001 : Importing database generated by Tang Dynasty, V6.1.155545.
RUN-1001 : Database version number 46204.
RUN-1001 : Import flow parameters
RUN-1001 : Import netlist
RUN-1001 : Constructing routing connections ...
PHY-1001 : End build routing graph; 1.828173s wall, 4.125000s user + 0.015625s system = 4.140625s CPU (226.5%)

RUN-1001 : Import timing constraints
RUN-1001 : Import IO constraints
RUN-1001 : Import Inst constraints
RUN-1001 : Import ChipWatcher
RUN-1001 : Import design success TD_VERSION=6.1.155545 , DB_VERSION=46204
RUN-1001 : Start design rule checking ...
PHY-1001 : 2 clock net(s) utilize local routing resource.
PHY-5079 WARNING: Marked 1 clock net(s) utilize the local routing resources. Please check log message and the sinks of clock nets.
RUN-1001 : CTS Local Wire Summary
RUN-1001 : ---------------------------------------------------------------------------------------------------------------------------------------------------------
RUN-1001 :   ClockName  |   DriverType    |  Clock/Fanout  |  LocalWireNum  |                                  NetName                                   |  Marked  
RUN-1001 : ---------------------------------------------------------------------------------------------------------------------------------------------------------
RUN-1001 :       -      |  AL_PHY_LSLICE  |      1/3       |       12       |                      u_uicfgcs500/uii2c_inst/scl_clk                       |    -     
RUN-1001 :       -      |   AL_PHY_SCLK   |     40/41      |       8        |  O_cam_24m_dup_1_created_gclkinst_auto_created_sclk_s_0_l_bk5_sclk_outnet  |   true   
RUN-1001 : ---------------------------------------------------------------------------------------------------------------------------------------------------------
RUN-1003 : finish command "import_db F:/al_data/F02_PH1P35/08_csi_dsi_cs500_cun/td_project/camera_to_dsi_display_Runs/phy_1/camera_to_dsi_display_pr.db" in  3.460894s wall, 4.765625s user + 0.062500s system = 4.828125s CPU (139.5%)

RUN-1004 : used memory is 1179 MB, reserved memory is 1174 MB, peak memory is 1225 MB
RUN-1002 : start command "update_timing -mode final -ctr"
RUN-1002 : start command "start_timer"
USR-1002 : Derived clock:  create_generated_clock -name {u_PLL/ph1p_phy_pll_wrapper_25a56e5ce2f9_Inst/u_PH1P_PHY_PLL.clkc[0]} -source [get_ports {I_sys_clk}] -master_clock {sys_clk_25m} -multiply_by 4.0000 -duty_cycle 50.0000 [get_pins {u_PLL/ph1p_phy_pll_wrapper_25a56e5ce2f9_Inst/u_PH1P_PHY_PLL.clkc[0]}]
USR-1002 : Derived clock:  create_generated_clock -name {u_PLL/ph1p_phy_pll_wrapper_25a56e5ce2f9_Inst/u_PH1P_PHY_PLL.clkc[1]} -source [get_ports {I_sys_clk}] -master_clock {sys_clk_25m} -divide_by 1.0417 -duty_cycle 50.0000 [get_pins {u_PLL/ph1p_phy_pll_wrapper_25a56e5ce2f9_Inst/u_PH1P_PHY_PLL.clkc[1]}]
USR-1002 : Derived clock:  create_generated_clock -name {u_PLL/ph1p_phy_pll_wrapper_25a56e5ce2f9_Inst/u_PH1P_PHY_PLL.clkc[2]} -source [get_ports {I_sys_clk}] -master_clock {sys_clk_25m} -multiply_by 2.0870 -duty_cycle 50.0000 [get_pins {u_PLL/ph1p_phy_pll_wrapper_25a56e5ce2f9_Inst/u_PH1P_PHY_PLL.clkc[2]}]
USR-1002 : Derived clock:  create_generated_clock -name {u_PLL/ph1p_phy_pll_wrapper_25a56e5ce2f9_Inst/u_PH1P_PHY_PLL.clkc[3]} -source [get_ports {I_sys_clk}] -master_clock {sys_clk_25m} -divide_by 2.5000 -duty_cycle 50.0000 [get_pins {u_PLL/ph1p_phy_pll_wrapper_25a56e5ce2f9_Inst/u_PH1P_PHY_PLL.clkc[3]}]
USR-1002 : Derived clock:  create_generated_clock -name {u_ph1p35_324_ddr_wrapper/u_ddr2/ph1p_ddrmc_wrapper/u_ddr_phy/u_ddrphy_top/u_ddrphy_clk/u_pll0/u_pll_inst.clkc[0]} -source [get_ports {I_sys_clk}] -master_clock {sys_clk_25m} -multiply_by 5.3125 -duty_cycle 50.0000 [get_pins {u_ph1p35_324_ddr_wrapper/u_ddr2/ph1p_ddrmc_wrapper/u_ddr_phy/u_ddrphy_top/u_ddrphy_clk/u_pll0/u_pll_inst.clkc[0]}]
USR-1002 : Derived clock:  create_generated_clock -name {u_ph1p35_324_ddr_wrapper/u_ddr2/ph1p_ddrmc_wrapper/u_ddr_phy/u_ddrphy_top/u_ddrphy_clk/u_pll0/u_pll_inst.clkc[1]} -source [get_ports {I_sys_clk}] -master_clock {sys_clk_25m} -multiply_by 5.3125 -duty_cycle 50.0000 [get_pins {u_ph1p35_324_ddr_wrapper/u_ddr2/ph1p_ddrmc_wrapper/u_ddr_phy/u_ddrphy_top/u_ddrphy_clk/u_pll0/u_pll_inst.clkc[1]}]
USR-1002 : Derived clock:  create_generated_clock -name {u_ph1p35_324_ddr_wrapper/u_ddr2/ph1p_ddrmc_wrapper/u_ddr_phy/u_ddrphy_top/u_ddrphy_clk/u_pll0/u_pll_inst.clkc[2]} -source [get_ports {I_sys_clk}] -master_clock {sys_clk_25m} -multiply_by 21.2500 -duty_cycle 50.0000 [get_pins {u_ph1p35_324_ddr_wrapper/u_ddr2/ph1p_ddrmc_wrapper/u_ddr_phy/u_ddrphy_top/u_ddrphy_clk/u_pll0/u_pll_inst.clkc[2]}]
USR-1002 : Derived clock:  create_generated_clock -name {u_ph1p35_324_ddr_wrapper/u_ddr2/ph1p_ddrmc_wrapper/u_ddr_phy/u_ddrphy_top/u_ddrphy_clk/u_pll0/u_pll_inst.clkc[3]} -source [get_ports {I_sys_clk}] -master_clock {sys_clk_25m} -multiply_by 2.0238 -duty_cycle 50.0000 [get_pins {u_ph1p35_324_ddr_wrapper/u_ddr2/ph1p_ddrmc_wrapper/u_ddr_phy/u_ddrphy_top/u_ddrphy_clk/u_pll0/u_pll_inst.clkc[3]}]
USR-1002 : Derived clock:  create_generated_clock -name {u_ph1p35_324_ddr_wrapper/u_ddr2/ph1p_ddrmc_wrapper/u_ddr_phy/u_ddrphy_top/u_ddrphy_clk/u_pll1/u_pll_inst.clkc[0]} -source [get_pins {u_ph1p35_324_ddr_wrapper/u_ddr2/ph1p_ddrmc_wrapper/u_ddr_phy/u_ddrphy_top/u_ddrphy_clk/u_pll0/u_pll_inst.clkc[0]}] -master_clock {u_ph1p35_324_ddr_wrapper/u_ddr2/ph1p_ddrmc_wrapper/u_ddr_phy/u_ddrphy_top/u_ddrphy_clk/u_pll0/u_pll_inst.clkc[0]} -multiply_by 1.0000 -duty_cycle 50.0000 [get_pins {u_ph1p35_324_ddr_wrapper/u_ddr2/ph1p_ddrmc_wrapper/u_ddr_phy/u_ddrphy_top/u_ddrphy_clk/u_pll1/u_pll_inst.clkc[0]}]
RUN-1003 : finish command "start_timer" in  2.506100s wall, 1.921875s user + 0.031250s system = 1.953125s CPU (77.9%)

RUN-1004 : used memory is 1384 MB, reserved memory is 1384 MB, peak memory is 1384 MB
TMR-2502 : Net delay update with mode: Routed
RUN-1003 : finish command "update_timing -mode final -ctr" in  6.160357s wall, 5.265625s user + 0.046875s system = 5.312500s CPU (86.2%)

RUN-1004 : used memory is 1619 MB, reserved memory is 1629 MB, peak memory is 1619 MB
RUN-1002 : start command "report_timing_summary -include_ignored -name routed_timing_report_1 -path_num 1 -ep_num 10 -report_type max_min"
Report file design_top_wrapper_route.timingsummary generated in F:\al_data\F02_PH1P35\08_csi_dsi_cs500_cun\td_project
PRJ-1412 : reset_run syn_1 phy_1.
PRJ-1409 : launch_runs syn_1 phy_1  -jobs 6.
PRJ-1410 : Run syn_1 success.
RUN-1002 : start command "save_best_bits"
PRJ-1410 : Run phy_1 success.
PRJ-1424 : The implemented result of phy_1 is saved as best result.
RUN-1002 : start command "import_db F:/al_data/F02_PH1P35/08_csi_dsi_cs500_cun/td_project/camera_to_dsi_display_Runs/phy_1/camera_to_dsi_display_pr.db"
RUN-1001 : Importing database generated by Tang Dynasty, V6.1.155545.
RUN-1001 : Database version number 46204.
RUN-1001 : Import flow parameters
RUN-1001 : Import netlist
RUN-1001 : Constructing routing connections ...
PHY-1001 : End build routing graph; 0.867059s wall, 3.359375s user + 0.015625s system = 3.375000s CPU (389.2%)

RUN-1001 : Import timing constraints
RUN-1001 : Import IO constraints
RUN-1001 : Import Inst constraints
RUN-1001 : Import ChipWatcher
RUN-1001 : Import design success TD_VERSION=6.1.155545 , DB_VERSION=46204
RUN-1001 : Start design rule checking ...
PHY-1001 : 2 clock net(s) utilize local routing resource.
PHY-5079 WARNING: Marked 1 clock net(s) utilize the local routing resources. Please check log message and the sinks of clock nets.
RUN-1001 : CTS Local Wire Summary
RUN-1001 : ---------------------------------------------------------------------------------------------------------------------------------------------------------
RUN-1001 :   ClockName  |   DriverType    |  Clock/Fanout  |  LocalWireNum  |                                  NetName                                   |  Marked  
RUN-1001 : ---------------------------------------------------------------------------------------------------------------------------------------------------------
RUN-1001 :       -      |  AL_PHY_LSLICE  |      1/3       |       12       |                      u_uicfgcs500/uii2c_inst/scl_clk                       |    -     
RUN-1001 :       -      |   AL_PHY_SCLK   |     40/41      |       8        |  O_cam_24m_dup_1_created_gclkinst_auto_created_sclk_s_0_l_bk5_sclk_outnet  |   true   
RUN-1001 : ---------------------------------------------------------------------------------------------------------------------------------------------------------
RUN-1003 : finish command "import_db F:/al_data/F02_PH1P35/08_csi_dsi_cs500_cun/td_project/camera_to_dsi_display_Runs/phy_1/camera_to_dsi_display_pr.db" in  3.026538s wall, 4.421875s user + 0.125000s system = 4.546875s CPU (150.2%)

RUN-1004 : used memory is 1396 MB, reserved memory is 1401 MB, peak memory is 1875 MB
RUN-1002 : start command "update_timing -mode final -ctr"
RUN-1002 : start command "start_timer"
USR-1002 : Derived clock:  create_generated_clock -name {u_PLL/ph1p_phy_pll_wrapper_25a56e5ce2f9_Inst/u_PH1P_PHY_PLL.clkc[0]} -source [get_ports {I_sys_clk}] -master_clock {sys_clk_25m} -multiply_by 4.0000 -duty_cycle 50.0000 [get_pins {u_PLL/ph1p_phy_pll_wrapper_25a56e5ce2f9_Inst/u_PH1P_PHY_PLL.clkc[0]}]
USR-1002 : Derived clock:  create_generated_clock -name {u_PLL/ph1p_phy_pll_wrapper_25a56e5ce2f9_Inst/u_PH1P_PHY_PLL.clkc[1]} -source [get_ports {I_sys_clk}] -master_clock {sys_clk_25m} -divide_by 1.0417 -duty_cycle 50.0000 [get_pins {u_PLL/ph1p_phy_pll_wrapper_25a56e5ce2f9_Inst/u_PH1P_PHY_PLL.clkc[1]}]
USR-1002 : Derived clock:  create_generated_clock -name {u_PLL/ph1p_phy_pll_wrapper_25a56e5ce2f9_Inst/u_PH1P_PHY_PLL.clkc[2]} -source [get_ports {I_sys_clk}] -master_clock {sys_clk_25m} -multiply_by 2.0870 -duty_cycle 50.0000 [get_pins {u_PLL/ph1p_phy_pll_wrapper_25a56e5ce2f9_Inst/u_PH1P_PHY_PLL.clkc[2]}]
USR-1002 : Derived clock:  create_generated_clock -name {u_PLL/ph1p_phy_pll_wrapper_25a56e5ce2f9_Inst/u_PH1P_PHY_PLL.clkc[3]} -source [get_ports {I_sys_clk}] -master_clock {sys_clk_25m} -divide_by 2.5000 -duty_cycle 50.0000 [get_pins {u_PLL/ph1p_phy_pll_wrapper_25a56e5ce2f9_Inst/u_PH1P_PHY_PLL.clkc[3]}]
USR-1002 : Derived clock:  create_generated_clock -name {u_ph1p35_324_ddr_wrapper/u_ddr2/ph1p_ddrmc_wrapper/u_ddr_phy/u_ddrphy_top/u_ddrphy_clk/u_pll0/u_pll_inst.clkc[0]} -source [get_ports {I_sys_clk}] -master_clock {sys_clk_25m} -multiply_by 5.3125 -duty_cycle 50.0000 [get_pins {u_ph1p35_324_ddr_wrapper/u_ddr2/ph1p_ddrmc_wrapper/u_ddr_phy/u_ddrphy_top/u_ddrphy_clk/u_pll0/u_pll_inst.clkc[0]}]
USR-1002 : Derived clock:  create_generated_clock -name {u_ph1p35_324_ddr_wrapper/u_ddr2/ph1p_ddrmc_wrapper/u_ddr_phy/u_ddrphy_top/u_ddrphy_clk/u_pll0/u_pll_inst.clkc[1]} -source [get_ports {I_sys_clk}] -master_clock {sys_clk_25m} -multiply_by 5.3125 -duty_cycle 50.0000 [get_pins {u_ph1p35_324_ddr_wrapper/u_ddr2/ph1p_ddrmc_wrapper/u_ddr_phy/u_ddrphy_top/u_ddrphy_clk/u_pll0/u_pll_inst.clkc[1]}]
USR-1002 : Derived clock:  create_generated_clock -name {u_ph1p35_324_ddr_wrapper/u_ddr2/ph1p_ddrmc_wrapper/u_ddr_phy/u_ddrphy_top/u_ddrphy_clk/u_pll0/u_pll_inst.clkc[2]} -source [get_ports {I_sys_clk}] -master_clock {sys_clk_25m} -multiply_by 21.2500 -duty_cycle 50.0000 [get_pins {u_ph1p35_324_ddr_wrapper/u_ddr2/ph1p_ddrmc_wrapper/u_ddr_phy/u_ddrphy_top/u_ddrphy_clk/u_pll0/u_pll_inst.clkc[2]}]
USR-1002 : Derived clock:  create_generated_clock -name {u_ph1p35_324_ddr_wrapper/u_ddr2/ph1p_ddrmc_wrapper/u_ddr_phy/u_ddrphy_top/u_ddrphy_clk/u_pll0/u_pll_inst.clkc[3]} -source [get_ports {I_sys_clk}] -master_clock {sys_clk_25m} -multiply_by 2.0238 -duty_cycle 50.0000 [get_pins {u_ph1p35_324_ddr_wrapper/u_ddr2/ph1p_ddrmc_wrapper/u_ddr_phy/u_ddrphy_top/u_ddrphy_clk/u_pll0/u_pll_inst.clkc[3]}]
USR-1002 : Derived clock:  create_generated_clock -name {u_ph1p35_324_ddr_wrapper/u_ddr2/ph1p_ddrmc_wrapper/u_ddr_phy/u_ddrphy_top/u_ddrphy_clk/u_pll1/u_pll_inst.clkc[0]} -source [get_pins {u_ph1p35_324_ddr_wrapper/u_ddr2/ph1p_ddrmc_wrapper/u_ddr_phy/u_ddrphy_top/u_ddrphy_clk/u_pll0/u_pll_inst.clkc[0]}] -master_clock {u_ph1p35_324_ddr_wrapper/u_ddr2/ph1p_ddrmc_wrapper/u_ddr_phy/u_ddrphy_top/u_ddrphy_clk/u_pll0/u_pll_inst.clkc[0]} -multiply_by 1.0000 -duty_cycle 50.0000 [get_pins {u_ph1p35_324_ddr_wrapper/u_ddr2/ph1p_ddrmc_wrapper/u_ddr_phy/u_ddrphy_top/u_ddrphy_clk/u_pll1/u_pll_inst.clkc[0]}]
RUN-1003 : finish command "start_timer" in  2.495971s wall, 1.953125s user + 0.015625s system = 1.968750s CPU (78.9%)

RUN-1004 : used memory is 1592 MB, reserved memory is 1605 MB, peak memory is 1875 MB
TMR-2502 : Net delay update with mode: Routed
RUN-1003 : finish command "update_timing -mode final -ctr" in  6.147764s wall, 4.640625s user + 0.031250s system = 4.671875s CPU (76.0%)

RUN-1004 : used memory is 1804 MB, reserved memory is 1825 MB, peak memory is 1875 MB
RUN-1002 : start command "report_timing_summary -include_ignored -name routed_timing_report_2 -path_num 1 -ep_num 10 -report_type max_min"
Report file design_top_wrapper_route.timingsummary generated in F:\al_data\F02_PH1P35\08_csi_dsi_cs500_cun\td_project
RUN-1002 : start command "clear_sdc"
RUN-1002 : start command "read_sdc camera_to_dsi_display.sdc"
RUN-1002 : start command "read_sdc -ip ddr2 ../user_source/hdl_source/ph1p35_ddr/ddr2/src/sdc/ddr2.sdc"
RUN-1002 : start command "read_sdc -ip w128_d512_fifo ../user_source/ip_source/w128_d512_fifo/w128_d512_fifo.tcl"
RUN-1002 : start command "get_ports I_sys_clk"
RUN-1002 : start command "create_clock -name sys_clk_25m -period 40.000 -waveform 0.000 20.000 "
RUN-1002 : start command "get_nets IO_rx_clk_pad_p"
RUN-1002 : start command "create_clock -name mipi_rx_ck_pad -period 2.222 -waveform 0.000 1.111 "
RUN-1002 : start command "derive_clocks"
USR-1002 : Derived clock:  create_generated_clock -name {u_PLL/ph1p_phy_pll_wrapper_25a56e5ce2f9_Inst/u_PH1P_PHY_PLL.clkc[0]} -source [get_ports {I_sys_clk}] -master_clock {sys_clk_25m} -multiply_by 4.0000 -duty_cycle 50.0000 [get_pins {u_PLL/ph1p_phy_pll_wrapper_25a56e5ce2f9_Inst/u_PH1P_PHY_PLL.clkc[0]}]
RUN-1002 : start command "get_ports I_sys_clk"
RUN-1002 : start command "get_pins u_PLL/ph1p_phy_pll_wrapper_25a56e5ce2f9_Inst/u_PH1P_PHY_PLL.clkc[0]"
RUN-1002 : start command "create_generated_clock -name u_PLL/ph1p_phy_pll_wrapper_25a56e5ce2f9_Inst/u_PH1P_PHY_PLL.clkc[0] -source  -master_clock sys_clk_25m -multiply_by 4.0000 -duty_cycle 50.0000 "
USR-1002 : Derived clock:  create_generated_clock -name {u_PLL/ph1p_phy_pll_wrapper_25a56e5ce2f9_Inst/u_PH1P_PHY_PLL.clkc[1]} -source [get_ports {I_sys_clk}] -master_clock {sys_clk_25m} -divide_by 1.0417 -duty_cycle 50.0000 [get_pins {u_PLL/ph1p_phy_pll_wrapper_25a56e5ce2f9_Inst/u_PH1P_PHY_PLL.clkc[1]}]
RUN-1002 : start command "get_ports I_sys_clk"
RUN-1002 : start command "get_pins u_PLL/ph1p_phy_pll_wrapper_25a56e5ce2f9_Inst/u_PH1P_PHY_PLL.clkc[1]"
RUN-1002 : start command "create_generated_clock -name u_PLL/ph1p_phy_pll_wrapper_25a56e5ce2f9_Inst/u_PH1P_PHY_PLL.clkc[1] -source  -master_clock sys_clk_25m -divide_by 1.0417 -duty_cycle 50.0000 "
USR-1002 : Derived clock:  create_generated_clock -name {u_PLL/ph1p_phy_pll_wrapper_25a56e5ce2f9_Inst/u_PH1P_PHY_PLL.clkc[2]} -source [get_ports {I_sys_clk}] -master_clock {sys_clk_25m} -multiply_by 2.0870 -duty_cycle 50.0000 [get_pins {u_PLL/ph1p_phy_pll_wrapper_25a56e5ce2f9_Inst/u_PH1P_PHY_PLL.clkc[2]}]
RUN-1002 : start command "get_ports I_sys_clk"
RUN-1002 : start command "get_pins u_PLL/ph1p_phy_pll_wrapper_25a56e5ce2f9_Inst/u_PH1P_PHY_PLL.clkc[2]"
RUN-1002 : start command "create_generated_clock -name u_PLL/ph1p_phy_pll_wrapper_25a56e5ce2f9_Inst/u_PH1P_PHY_PLL.clkc[2] -source  -master_clock sys_clk_25m -multiply_by 2.0870 -duty_cycle 50.0000 "
USR-1002 : Derived clock:  create_generated_clock -name {u_PLL/ph1p_phy_pll_wrapper_25a56e5ce2f9_Inst/u_PH1P_PHY_PLL.clkc[3]} -source [get_ports {I_sys_clk}] -master_clock {sys_clk_25m} -divide_by 2.5000 -duty_cycle 50.0000 [get_pins {u_PLL/ph1p_phy_pll_wrapper_25a56e5ce2f9_Inst/u_PH1P_PHY_PLL.clkc[3]}]
RUN-1002 : start command "get_ports I_sys_clk"
RUN-1002 : start command "get_pins u_PLL/ph1p_phy_pll_wrapper_25a56e5ce2f9_Inst/u_PH1P_PHY_PLL.clkc[3]"
RUN-1002 : start command "create_generated_clock -name u_PLL/ph1p_phy_pll_wrapper_25a56e5ce2f9_Inst/u_PH1P_PHY_PLL.clkc[3] -source  -master_clock sys_clk_25m -divide_by 2.5000 -duty_cycle 50.0000 "
USR-1002 : Derived clock:  create_generated_clock -name {u_ph1p35_324_ddr_wrapper/u_ddr2/ph1p_ddrmc_wrapper/u_ddr_phy/u_ddrphy_top/u_ddrphy_clk/u_pll0/u_pll_inst.clkc[0]} -source [get_ports {I_sys_clk}] -master_clock {sys_clk_25m} -multiply_by 5.3125 -duty_cycle 50.0000 [get_pins {u_ph1p35_324_ddr_wrapper/u_ddr2/ph1p_ddrmc_wrapper/u_ddr_phy/u_ddrphy_top/u_ddrphy_clk/u_pll0/u_pll_inst.clkc[0]}]
RUN-1002 : start command "get_ports I_sys_clk"
RUN-1002 : start command "get_pins u_ph1p35_324_ddr_wrapper/u_ddr2/ph1p_ddrmc_wrapper/u_ddr_phy/u_ddrphy_top/u_ddrphy_clk/u_pll0/u_pll_inst.clkc[0]"
RUN-1002 : start command "create_generated_clock -name u_ph1p35_324_ddr_wrapper/u_ddr2/ph1p_ddrmc_wrapper/u_ddr_phy/u_ddrphy_top/u_ddrphy_clk/u_pll0/u_pll_inst.clkc[0] -source  -master_clock sys_clk_25m -multiply_by 5.3125 -duty_cycle 50.0000 "
USR-1002 : Derived clock:  create_generated_clock -name {u_ph1p35_324_ddr_wrapper/u_ddr2/ph1p_ddrmc_wrapper/u_ddr_phy/u_ddrphy_top/u_ddrphy_clk/u_pll0/u_pll_inst.clkc[1]} -source [get_ports {I_sys_clk}] -master_clock {sys_clk_25m} -multiply_by 5.3125 -duty_cycle 50.0000 [get_pins {u_ph1p35_324_ddr_wrapper/u_ddr2/ph1p_ddrmc_wrapper/u_ddr_phy/u_ddrphy_top/u_ddrphy_clk/u_pll0/u_pll_inst.clkc[1]}]
RUN-1002 : start command "get_ports I_sys_clk"
RUN-1002 : start command "get_pins u_ph1p35_324_ddr_wrapper/u_ddr2/ph1p_ddrmc_wrapper/u_ddr_phy/u_ddrphy_top/u_ddrphy_clk/u_pll0/u_pll_inst.clkc[1]"
RUN-1002 : start command "create_generated_clock -name u_ph1p35_324_ddr_wrapper/u_ddr2/ph1p_ddrmc_wrapper/u_ddr_phy/u_ddrphy_top/u_ddrphy_clk/u_pll0/u_pll_inst.clkc[1] -source  -master_clock sys_clk_25m -multiply_by 5.3125 -duty_cycle 50.0000 "
USR-1002 : Derived clock:  create_generated_clock -name {u_ph1p35_324_ddr_wrapper/u_ddr2/ph1p_ddrmc_wrapper/u_ddr_phy/u_ddrphy_top/u_ddrphy_clk/u_pll0/u_pll_inst.clkc[2]} -source [get_ports {I_sys_clk}] -master_clock {sys_clk_25m} -multiply_by 21.2500 -duty_cycle 50.0000 [get_pins {u_ph1p35_324_ddr_wrapper/u_ddr2/ph1p_ddrmc_wrapper/u_ddr_phy/u_ddrphy_top/u_ddrphy_clk/u_pll0/u_pll_inst.clkc[2]}]
RUN-1002 : start command "get_ports I_sys_clk"
RUN-1002 : start command "get_pins u_ph1p35_324_ddr_wrapper/u_ddr2/ph1p_ddrmc_wrapper/u_ddr_phy/u_ddrphy_top/u_ddrphy_clk/u_pll0/u_pll_inst.clkc[2]"
RUN-1002 : start command "create_generated_clock -name u_ph1p35_324_ddr_wrapper/u_ddr2/ph1p_ddrmc_wrapper/u_ddr_phy/u_ddrphy_top/u_ddrphy_clk/u_pll0/u_pll_inst.clkc[2] -source  -master_clock sys_clk_25m -multiply_by 21.2500 -duty_cycle 50.0000 "
USR-1002 : Derived clock:  create_generated_clock -name {u_ph1p35_324_ddr_wrapper/u_ddr2/ph1p_ddrmc_wrapper/u_ddr_phy/u_ddrphy_top/u_ddrphy_clk/u_pll0/u_pll_inst.clkc[3]} -source [get_ports {I_sys_clk}] -master_clock {sys_clk_25m} -multiply_by 2.0238 -duty_cycle 50.0000 [get_pins {u_ph1p35_324_ddr_wrapper/u_ddr2/ph1p_ddrmc_wrapper/u_ddr_phy/u_ddrphy_top/u_ddrphy_clk/u_pll0/u_pll_inst.clkc[3]}]
RUN-1002 : start command "get_ports I_sys_clk"
RUN-1002 : start command "get_pins u_ph1p35_324_ddr_wrapper/u_ddr2/ph1p_ddrmc_wrapper/u_ddr_phy/u_ddrphy_top/u_ddrphy_clk/u_pll0/u_pll_inst.clkc[3]"
RUN-1002 : start command "create_generated_clock -name u_ph1p35_324_ddr_wrapper/u_ddr2/ph1p_ddrmc_wrapper/u_ddr_phy/u_ddrphy_top/u_ddrphy_clk/u_pll0/u_pll_inst.clkc[3] -source  -master_clock sys_clk_25m -multiply_by 2.0238 -duty_cycle 50.0000 "
USR-1002 : Derived clock:  create_generated_clock -name {u_ph1p35_324_ddr_wrapper/u_ddr2/ph1p_ddrmc_wrapper/u_ddr_phy/u_ddrphy_top/u_ddrphy_clk/u_pll1/u_pll_inst.clkc[0]} -source [get_pins {u_ph1p35_324_ddr_wrapper/u_ddr2/ph1p_ddrmc_wrapper/u_ddr_phy/u_ddrphy_top/u_ddrphy_clk/u_pll0/u_pll_inst.clkc[0]}] -master_clock {u_ph1p35_324_ddr_wrapper/u_ddr2/ph1p_ddrmc_wrapper/u_ddr_phy/u_ddrphy_top/u_ddrphy_clk/u_pll0/u_pll_inst.clkc[0]} -multiply_by 1.0000 -duty_cycle 50.0000 [get_pins {u_ph1p35_324_ddr_wrapper/u_ddr2/ph1p_ddrmc_wrapper/u_ddr_phy/u_ddrphy_top/u_ddrphy_clk/u_pll1/u_pll_inst.clkc[0]}]
RUN-1002 : start command "get_pins u_ph1p35_324_ddr_wrapper/u_ddr2/ph1p_ddrmc_wrapper/u_ddr_phy/u_ddrphy_top/u_ddrphy_clk/u_pll0/u_pll_inst.clkc[0]"
RUN-1002 : start command "get_pins u_ph1p35_324_ddr_wrapper/u_ddr2/ph1p_ddrmc_wrapper/u_ddr_phy/u_ddrphy_top/u_ddrphy_clk/u_pll1/u_pll_inst.clkc[0]"
RUN-1002 : start command "create_generated_clock -name u_ph1p35_324_ddr_wrapper/u_ddr2/ph1p_ddrmc_wrapper/u_ddr_phy/u_ddrphy_top/u_ddrphy_clk/u_pll1/u_pll_inst.clkc[0] -source  -master_clock u_ph1p35_324_ddr_wrapper/u_ddr2/ph1p_ddrmc_wrapper/u_ddr_phy/u_ddrphy_top/u_ddrphy_clk/u_pll0/u_pll_inst.clkc[0] -multiply_by 1.0000 -duty_cycle 50.0000 "
RUN-1002 : start command "get_clocks u_PLL/ph1p_phy_pll_wrapper_25a56e5ce2f9_Inst/u_PH1P_PHY_PLL.clkc[0]"
RUN-1002 : start command "rename_clock -name pll_clk_100m "
RUN-1002 : start command "get_clocks u_PLL/ph1p_phy_pll_wrapper_25a56e5ce2f9_Inst/u_PH1P_PHY_PLL.clkc[1]"
RUN-1002 : start command "rename_clock -name pll_clk_24m "
RUN-1002 : start command "get_clocks u_PLL/ph1p_phy_pll_wrapper_25a56e5ce2f9_Inst/u_PH1P_PHY_PLL.clkc[2]"
RUN-1002 : start command "rename_clock -name dpll_ref_clk "
RUN-1002 : start command "get_clocks u_PLL/ph1p_phy_pll_wrapper_25a56e5ce2f9_Inst/u_PH1P_PHY_PLL.clkc[3]"
RUN-1002 : start command "rename_clock -name pll_clk_10m "
RUN-1002 : start command "get_clocks u_mipi_dphy_rx_ph1p_mipiio_wrapper/u_ph1p_mipiio_rx_wrapper/u_PH1P_LOGIC_DPHY_MIPI_RX.o_fabric_div4_8_clk"
RUN-1002 : start command "rename_clock -name MIPI_RX_BYTE_CLK "
RUN-1002 : start command "get_clocks u_mipi_dphy_tx_over_ph1p_mipiio_wrapper/u_ph1p_mipiio_tx_wrapper/u_PH1P_LOGIC_DPHY_MIPI_TX.o_fabric_div4_8_clk"
RUN-1002 : start command "rename_clock -name MIPI_TX_BYTE_CLK "
RUN-1002 : start command "get_clocks MIPI_RX_BYTE_CLK"
RUN-1002 : start command "get_clocks MIPI_TX_BYTE_CLK"
RUN-1002 : start command "get_clocks mipi_rx_ck_pad"
RUN-1002 : start command "set_clock_groups -name group -exclusive -group  -group  -group "
RUN-1002 : start command "get_clocks dpll_ref_clk"
RUN-1002 : start command "get_clocks pll_clk_100m"
RUN-1002 : start command "get_clocks pll_clk_10m"
RUN-1002 : start command "get_clocks pll_clk_24m"
RUN-1002 : start command "get_clocks sys_clk_25m"
RUN-1002 : start command "get_clocks u_ph1p35_324_ddr_wrapper/u_ddr2/ddr_clk"
RUN-1002 : start command "get_clocks u_ph1p35_324_ddr_wrapper/u_ddr2/usr_clk"
RUN-1002 : start command "derive_pll_clocks"
RUN-1002 : start command "get_clocks ph1p_ddrmc_wrapper/u_ddr_phy/u_ddrphy_top/u_ddrphy_clk/u_pll0/u_pll_inst.clkc[0]"
RUN-1002 : start command "rename_clock -name ref_clk "
RUN-1002 : start command "get_clocks ph1p_ddrmc_wrapper/u_ddr_phy/u_ddrphy_top/u_ddrphy_clk/u_pll0/u_pll_inst.clkc[1]"
RUN-1002 : start command "rename_clock -name ctl_clk "
RUN-1002 : start command "get_clocks ph1p_ddrmc_wrapper/u_ddr_phy/u_ddrphy_top/u_ddrphy_clk/u_pll0/u_pll_inst.clkc[2]"
RUN-1002 : start command "rename_clock -name ddr_clk "
RUN-1002 : start command "get_clocks ph1p_ddrmc_wrapper/u_ddr_phy/u_ddrphy_top/u_ddrphy_clk/u_pll0/u_pll_inst.clkc[3]"
RUN-1002 : start command "rename_clock -name mcu_clk "
RUN-1002 : start command "get_clocks ph1p_ddrmc_wrapper/u_ddr_phy/u_ddrphy_top/u_ddrphy_clk/u_pll1/u_pll_inst.clkc[0]"
RUN-1002 : start command "rename_clock -name usr_clk "
RUN-1002 : start command "get_clocks mcu_clk"
RUN-1002 : start command "set_clock_groups -asynchronous -group "
RUN-1002 : start command "get_ports clkw"
RUN-1002 : start command "get_nets  clkw  "
RUN-1002 : start command "get_clocks -nowarn -of nets 269019571552256"
RUN-1002 : start command "get_ports clkr"
RUN-1002 : start command "get_nets  clkr  "
RUN-1002 : start command "get_clocks -nowarn -of nets 353673376956416"
RUN-1002 : start command "get_property -nowarn -max PERIOD "
RUN-1002 : start command "get_property -nowarn -max PERIOD "
RUN-1002 : start command "get_regs -nowarn */primary_addr_gray_reg[*]"
RUN-1002 : start command "get_regs -nowarn */sync_r1[*]"
RUN-1002 : start command "set_max_delay -from  -to  7.229000 -nowarn -datapath_only"
RUN-1002 : start command "get_regs -nowarn */primary_addr_gray_reg[*]"
RUN-1002 : start command "get_regs -nowarn */sync_r1[*]"
RUN-1002 : start command "set_false_path -nowarn -from  -to  -hold 7.229000"
RUN-1002 : start command "get_ports clkw"
RUN-1002 : start command "get_nets  clkw  "
RUN-1002 : start command "get_clocks -nowarn -of nets 353673376956416"
RUN-1002 : start command "get_ports clkr"
RUN-1002 : start command "get_nets  clkr  "
RUN-1002 : start command "get_clocks -nowarn -of nets 301764402216960"
RUN-1002 : start command "get_property -nowarn -max PERIOD "
RUN-1002 : start command "get_property -nowarn -max PERIOD "
RUN-1002 : start command "get_regs -nowarn */primary_addr_gray_reg[*]"
RUN-1002 : start command "get_regs -nowarn */sync_r1[*]"
RUN-1002 : start command "set_max_delay -from  -to  7.229000 -nowarn -datapath_only"
RUN-1002 : start command "get_regs -nowarn */primary_addr_gray_reg[*]"
RUN-1002 : start command "get_regs -nowarn */sync_r1[*]"
RUN-1002 : start command "set_false_path -nowarn -from  -to  -hold 7.229000"
RUN-1002 : start command "get_clocks u_mipi_dphy_rx_ph1p_mipiio_wrapper/u_ph1p_mipiio_rx_wrapper/u_PH1P_LOGIC_DPHY_MIPI_RX.o_fabric_div4_8_clk"
RUN-1002 : start command "rename_clock -name MIPI_RX_BYTE_CLK "
RUN-1002 : start command "get_clocks u_mipi_dphy_tx_over_ph1p_mipiio_wrapper/u_ph1p_mipiio_tx_wrapper/u_PH1P_LOGIC_DPHY_MIPI_TX.o_fabric_div4_8_clk"
RUN-1002 : start command "rename_clock -name MIPI_TX_BYTE_CLK "
RUN-1002 : start command "get_clocks MIPI_RX_BYTE_CLK"
RUN-1002 : start command "get_clocks MIPI_TX_BYTE_CLK"
RUN-1002 : start command "get_clocks mipi_rx_ck_pad"
RUN-1002 : start command "set_clock_groups -name group -exclusive -group  -group  -group "
RUN-1002 : start command "get_clocks dpll_ref_clk"
RUN-1002 : start command "get_clocks pll_clk_100m"
RUN-1002 : start command "get_clocks pll_clk_10m"
RUN-1002 : start command "get_clocks pll_clk_24m"
RUN-1002 : start command "get_clocks sys_clk_25m"
RUN-1002 : start command "get_clocks u_ph1p35_324_ddr_wrapper/u_ddr2/ddr_clk"
RUN-1002 : start command "get_clocks u_ph1p35_324_ddr_wrapper/u_ddr2/usr_clk"
PRJ-1412 : reset_run syn_1 phy_1.
PRJ-1409 : launch_runs syn_1 phy_1  -jobs 6.
PRJ-1410 : Run syn_1 success.
PRJ-1410 : Run phy_1 success.
RUN-1002 : start command "save_best_bits"
PRJ-1424 : The implemented result of phy_1 is saved as best result.
RUN-1002 : start command "import_db F:/al_data/F02_PH1P35/08_csi_dsi_cs500_cun/td_project/camera_to_dsi_display_Runs/phy_1/camera_to_dsi_display_pr.db"
RUN-1001 : Importing database generated by Tang Dynasty, V6.1.155545.
RUN-1001 : Database version number 46204.
RUN-1001 : Import flow parameters
RUN-1001 : Import netlist
RUN-1001 : Constructing routing connections ...
PHY-1001 : End build routing graph; 0.880383s wall, 3.109375s user + 0.015625s system = 3.125000s CPU (355.0%)

RUN-1001 : Import timing constraints
RUN-1001 : Import IO constraints
RUN-1001 : Import Inst constraints
RUN-1001 : Import ChipWatcher
RUN-1001 : Import design success TD_VERSION=6.1.155545 , DB_VERSION=46204
RUN-1001 : Start design rule checking ...
PHY-1001 : 2 clock net(s) utilize local routing resource.
PHY-5079 WARNING: Marked 1 clock net(s) utilize the local routing resources. Please check log message and the sinks of clock nets.
RUN-1001 : CTS Local Wire Summary
RUN-1001 : ---------------------------------------------------------------------------------------------------------------------------------------------------------
RUN-1001 :   ClockName  |   DriverType    |  Clock/Fanout  |  LocalWireNum  |                                  NetName                                   |  Marked  
RUN-1001 : ---------------------------------------------------------------------------------------------------------------------------------------------------------
RUN-1001 :       -      |  AL_PHY_LSLICE  |      1/3       |       14       |                      u_uicfgcs500/uii2c_inst/scl_clk                       |    -     
RUN-1001 :       -      |   AL_PHY_SCLK   |     63/64      |       8        |  O_cam_24m_dup_1_created_gclkinst_auto_created_sclk_s_0_l_bk5_sclk_outnet  |   true   
RUN-1001 : ---------------------------------------------------------------------------------------------------------------------------------------------------------
RUN-1003 : finish command "import_db F:/al_data/F02_PH1P35/08_csi_dsi_cs500_cun/td_project/camera_to_dsi_display_Runs/phy_1/camera_to_dsi_display_pr.db" in  3.174442s wall, 4.109375s user + 0.078125s system = 4.187500s CPU (131.9%)

RUN-1004 : used memory is 1395 MB, reserved memory is 1421 MB, peak memory is 2073 MB
RUN-1002 : start command "update_timing -mode final -ctr"
RUN-1002 : start command "start_timer"
USR-1002 : Derived clock:  create_generated_clock -name {u_PLL/ph1p_phy_pll_wrapper_25a56e5ce2f9_Inst/u_PH1P_PHY_PLL.clkc[0]} -source [get_ports {I_sys_clk}] -master_clock {sys_clk_25m} -multiply_by 4.0000 -duty_cycle 50.0000 [get_pins {u_PLL/ph1p_phy_pll_wrapper_25a56e5ce2f9_Inst/u_PH1P_PHY_PLL.clkc[0]}]
USR-1002 : Derived clock:  create_generated_clock -name {u_PLL/ph1p_phy_pll_wrapper_25a56e5ce2f9_Inst/u_PH1P_PHY_PLL.clkc[1]} -source [get_ports {I_sys_clk}] -master_clock {sys_clk_25m} -divide_by 1.0417 -duty_cycle 50.0000 [get_pins {u_PLL/ph1p_phy_pll_wrapper_25a56e5ce2f9_Inst/u_PH1P_PHY_PLL.clkc[1]}]
USR-1002 : Derived clock:  create_generated_clock -name {u_PLL/ph1p_phy_pll_wrapper_25a56e5ce2f9_Inst/u_PH1P_PHY_PLL.clkc[2]} -source [get_ports {I_sys_clk}] -master_clock {sys_clk_25m} -multiply_by 2.0870 -duty_cycle 50.0000 [get_pins {u_PLL/ph1p_phy_pll_wrapper_25a56e5ce2f9_Inst/u_PH1P_PHY_PLL.clkc[2]}]
USR-1002 : Derived clock:  create_generated_clock -name {u_PLL/ph1p_phy_pll_wrapper_25a56e5ce2f9_Inst/u_PH1P_PHY_PLL.clkc[3]} -source [get_ports {I_sys_clk}] -master_clock {sys_clk_25m} -divide_by 2.5000 -duty_cycle 50.0000 [get_pins {u_PLL/ph1p_phy_pll_wrapper_25a56e5ce2f9_Inst/u_PH1P_PHY_PLL.clkc[3]}]
USR-1002 : Derived clock:  create_generated_clock -name {u_ph1p35_324_ddr_wrapper/u_ddr2/ph1p_ddrmc_wrapper/u_ddr_phy/u_ddrphy_top/u_ddrphy_clk/u_pll0/u_pll_inst.clkc[0]} -source [get_ports {I_sys_clk}] -master_clock {sys_clk_25m} -multiply_by 5.3125 -duty_cycle 50.0000 [get_pins {u_ph1p35_324_ddr_wrapper/u_ddr2/ph1p_ddrmc_wrapper/u_ddr_phy/u_ddrphy_top/u_ddrphy_clk/u_pll0/u_pll_inst.clkc[0]}]
USR-1002 : Derived clock:  create_generated_clock -name {u_ph1p35_324_ddr_wrapper/u_ddr2/ph1p_ddrmc_wrapper/u_ddr_phy/u_ddrphy_top/u_ddrphy_clk/u_pll0/u_pll_inst.clkc[1]} -source [get_ports {I_sys_clk}] -master_clock {sys_clk_25m} -multiply_by 5.3125 -duty_cycle 50.0000 [get_pins {u_ph1p35_324_ddr_wrapper/u_ddr2/ph1p_ddrmc_wrapper/u_ddr_phy/u_ddrphy_top/u_ddrphy_clk/u_pll0/u_pll_inst.clkc[1]}]
USR-1002 : Derived clock:  create_generated_clock -name {u_ph1p35_324_ddr_wrapper/u_ddr2/ph1p_ddrmc_wrapper/u_ddr_phy/u_ddrphy_top/u_ddrphy_clk/u_pll0/u_pll_inst.clkc[2]} -source [get_ports {I_sys_clk}] -master_clock {sys_clk_25m} -multiply_by 21.2500 -duty_cycle 50.0000 [get_pins {u_ph1p35_324_ddr_wrapper/u_ddr2/ph1p_ddrmc_wrapper/u_ddr_phy/u_ddrphy_top/u_ddrphy_clk/u_pll0/u_pll_inst.clkc[2]}]
USR-1002 : Derived clock:  create_generated_clock -name {u_ph1p35_324_ddr_wrapper/u_ddr2/ph1p_ddrmc_wrapper/u_ddr_phy/u_ddrphy_top/u_ddrphy_clk/u_pll0/u_pll_inst.clkc[3]} -source [get_ports {I_sys_clk}] -master_clock {sys_clk_25m} -multiply_by 2.0238 -duty_cycle 50.0000 [get_pins {u_ph1p35_324_ddr_wrapper/u_ddr2/ph1p_ddrmc_wrapper/u_ddr_phy/u_ddrphy_top/u_ddrphy_clk/u_pll0/u_pll_inst.clkc[3]}]
USR-1002 : Derived clock:  create_generated_clock -name {u_ph1p35_324_ddr_wrapper/u_ddr2/ph1p_ddrmc_wrapper/u_ddr_phy/u_ddrphy_top/u_ddrphy_clk/u_pll1/u_pll_inst.clkc[0]} -source [get_pins {u_ph1p35_324_ddr_wrapper/u_ddr2/ph1p_ddrmc_wrapper/u_ddr_phy/u_ddrphy_top/u_ddrphy_clk/u_pll0/u_pll_inst.clkc[0]}] -master_clock {u_ph1p35_324_ddr_wrapper/u_ddr2/ph1p_ddrmc_wrapper/u_ddr_phy/u_ddrphy_top/u_ddrphy_clk/u_pll0/u_pll_inst.clkc[0]} -multiply_by 1.0000 -duty_cycle 50.0000 [get_pins {u_ph1p35_324_ddr_wrapper/u_ddr2/ph1p_ddrmc_wrapper/u_ddr_phy/u_ddrphy_top/u_ddrphy_clk/u_pll1/u_pll_inst.clkc[0]}]
RUN-1003 : finish command "start_timer" in  2.493416s wall, 1.859375s user + 0.031250s system = 1.890625s CPU (75.8%)

RUN-1004 : used memory is 1584 MB, reserved memory is 1599 MB, peak memory is 2073 MB
TMR-2502 : Net delay update with mode: Routed
RUN-1003 : finish command "update_timing -mode final -ctr" in  6.149755s wall, 4.750000s user + 0.078125s system = 4.828125s CPU (78.5%)

RUN-1004 : used memory is 1797 MB, reserved memory is 1824 MB, peak memory is 2073 MB
RUN-1002 : start command "report_timing_summary -include_ignored -name routed_timing_report_3 -path_num 1 -ep_num 10 -report_type max_min"
Report file design_top_wrapper_route.timingsummary generated in F:\al_data\F02_PH1P35\08_csi_dsi_cs500_cun\td_project
