Reading D:/modeltech64_10.5/tcl/vsim/pref.tcl

# 10.5

# vsim -c -L anlogic_sim -voptargs="+acc=rn+/tb_isp_writer_stop" -onfinish exit -l stop_m3_g98_t200_s1_transcript.log -wlf stop_m3_g98_t200_s1.wlf -do "run -all; quit -code 1 -force" stop_work.tb_isp_writer_stop anlogic_sim.glbl anlogic_sim.PH1P_PHY_GSR "+GAP=98" "+TAIL=200" "+BETWEEN=900" "+STOP=1" "+MODE=3" 
# Start time: 18:07:17 on Oct 07,2026
# ** Note: (vsim-8009) Loading existing optimized design _opt
# //  ModelSim SE-64 10.5 Feb 13 2016 
# //
# //  Copyright 1991-2016 Mentor Graphics Corporation
# //  All Rights Reserved.
# //
# //  ModelSim SE-64 and its associated documentation contain trade
# //  secrets and commercial or financial information that are the property of
# //  Mentor Graphics Corporation and are privileged, confidential,
# //  and exempt from disclosure under the Freedom of Information Act,
# //  5 U.S.C. Section 552. Furthermore, this information
# //  is prohibited from disclosure under the Trade Secrets Act,
# //  18 U.S.C. Section 1905.
# //
# Loading sv_std.std
# Loading work.tb_isp_writer_stop(fast)
# Loading work.observation_controls(fast)
# Loading work.status_cdc(fast)
# Loading work.uial2axis(fast)
# Loading work.isp_top(fast)
# Loading work.divider(fast)
# Loading anlogic_sim.AL_MAP_LUT5(fast)
# Loading anlogic_sim.AL_MAP_LUT6(fast)
# Loading anlogic_sim.AL_MAP_LUT6(fast__1)
# Loading anlogic_sim.AL_MAP_LUT5(fast__1)
# Loading anlogic_sim.AL_MAP_LUT2(fast)
# Loading anlogic_sim.AL_MAP_LUT3(fast)
# Loading anlogic_sim.AL_MAP_ADDER(fast__1)
# Loading anlogic_sim.AL_MAP_LUT3(fast__1)
# Loading anlogic_sim.AL_MAP_LUT4(fast)
# Loading anlogic_sim.AL_MAP_LUT4(fast__1)
# Loading anlogic_sim.AL_MAP_LUT6(fast__2)
# Loading anlogic_sim.AL_MAP_LUT5(fast__2)
# Loading anlogic_sim.AL_MAP_LUT4(fast__2)
# Loading anlogic_sim.AL_MAP_LUT3(fast__2)
# Loading anlogic_sim.AL_MAP_LUT5(fast__3)
# Loading anlogic_sim.AL_MAP_LUT5(fast__4)
# Loading anlogic_sim.AL_MAP_LUT4(fast__3)
# Loading anlogic_sim.AL_MAP_LUT3(fast__3)
# Loading anlogic_sim.AL_MAP_LUT6(fast__3)
# Loading anlogic_sim.AL_MAP_LUT6(fast__4)
# Loading anlogic_sim.AL_MAP_LUT6(fast__5)
# Loading anlogic_sim.AL_MAP_LUT2(fast__1)
# Loading anlogic_sim.AL_MAP_LUT6(fast__6)
# Loading anlogic_sim.AL_MAP_LUT5(fast__5)
# Loading anlogic_sim.AL_MAP_LUT4(fast__4)
# Loading anlogic_sim.AL_MAP_LUT3(fast__4)
# Loading anlogic_sim.AL_MAP_LUT2(fast__2)
# Loading anlogic_sim.AL_MAP_LUT2(fast__3)
# Loading anlogic_sim.AL_MAP_LUT6(fast__7)
# Loading anlogic_sim.AL_MAP_LUT4(fast__5)
# Loading anlogic_sim.AL_MAP_LUT5(fast__6)
# Loading anlogic_sim.AL_MAP_LUT5(fast__7)
# Loading anlogic_sim.AL_MAP_LUT6(fast__8)
# Loading anlogic_sim.AL_MAP_LUT6(fast__9)
# Loading anlogic_sim.AL_MAP_LUT3(fast__5)
# Loading anlogic_sim.AL_MAP_LUT3(fast__6)
# Loading anlogic_sim.AL_MAP_LUT6(fast__10)
# Loading anlogic_sim.AL_MAP_LUT5(fast__8)
# Loading anlogic_sim.AL_MAP_LUT3(fast__7)
# Loading anlogic_sim.AL_MAP_LUT5(fast__9)
# Loading anlogic_sim.AL_MAP_LUT5(fast__10)
# Loading anlogic_sim.AL_MAP_LUT5(fast__11)
# Loading anlogic_sim.AL_MAP_LUT5(fast__12)
# Loading anlogic_sim.AL_MAP_LUT5(fast__13)
# Loading anlogic_sim.AL_MAP_LUT5(fast__14)
# Loading anlogic_sim.AL_MAP_LUT6(fast__11)
# Loading anlogic_sim.AL_MAP_LUT6(fast__12)
# Loading anlogic_sim.AL_MAP_LUT5(fast__15)
# Loading work.video_in(fast)
# Loading anlogic_sim.glbl(fast)
# Loading anlogic_sim.PH1P_PHY_GSR(fast)
# run -all
# PASS actual diagnostic latch prefix=1 old_reason=0 old_LP=0 old_WS=0 new_reason=0 new_LPWS=00000000
# WRITER_RESULT frame=1 tail=200 LP=738 reason=8 AWB=1024 VIEW=1024 PACK=768 WR=0 camera_count=60 written=0 good=0 bad=1 completed=0 capture=0 lost=0 overflow=0 core=0 legacy=2000000 observation=000000000000002000000
# WRITER_TAIL mode=3 stop=1 raw_fe=-1 AWB_last=-1 view_last=-1 pack_last=-1 frame_good=-1 count=60 words=0 done=00
# OBS ISP prefix=1 rows=4 request=0 receive=0 tag=0 frame_mode=0 early_cycle=1047 pixel_cycle=1101 AWB=1024 view=1024 guard_bad=1 video_bad=1 invalid_after_early=704 bad_after_early=2952 good=0
# PASS actual diagnostic latch prefix=2 old_reason=8 old_LP=738 old_WS=0 new_reason=0 new_LPWS=00000000
# WRITER_RESULT frame=2 tail=200 LP=738 reason=0 AWB=153600 VIEW=153600 PACK=115200 WR=115200 camera_count=115200 written=115200 good=1 bad=0 completed=1 capture=1 lost=1 overflow=0 core=6400 legacy=9646464 observation=000000000000079646464
# WRITER_TAIL mode=3 stop=1 raw_fe=447901 AWB_last=447915 view_last=447916 pack_last=447917 frame_good=447918 count=115200 words=115200 done=11
# OBS ISP prefix=2 rows=600 request=7 receive=7 tag=7 frame_mode=3 early_cycle=5544 pixel_cycle=5598 AWB=153600 view=153600 guard_bad=0 video_bad=0 invalid_after_early=0 bad_after_early=0 good=1
# PASS independent native/full AWB line period native=640+GAP measured_AWB=738 measured_LP=738
# PASS actual diagnostic latch prefix=3 old_reason=0 old_LP=738 old_WS=0 new_reason=0 new_LPWS=00000000
# WRITER_RESULT frame=3 tail=200 LP=738 reason=0 AWB=1024 VIEW=691 PACK=517 WR=268 camera_count=517 written=268 good=0 bad=0 completed=1 capture=1 lost=1 overflow=0 core=0 legacy=9646464 observation=000000000000079646464
# WRITER_TAIL mode=3 stop=1 raw_fe=447901 AWB_last=447915 view_last=447916 pack_last=447917 frame_good=447918 count=517 words=268 done=00
# OBS ISP prefix=3 rows=4 request=7 receive=7 tag=7 frame_mode=3 early_cycle=449471 pixel_cycle=449525 AWB=1024 view=691 guard_bad=0 video_bad=0 invalid_after_early=0 bad_after_early=0 good=0
# PASS actual ISP full epoch: native600 rows/614400 pixels, EDGE153600 RGB beats, actual frame_good/guard completion, next early snapshots clean reason0/LP/nonzero/WS0 then clears good/new epoch
# ** Note: $finish    : tb_isp_writer_stop.v(156)
#    Time: 85621991 ns  Iteration: 0  Instance: /tb_isp_writer_stop
# End time: 18:07:43 on Oct 07,2026, Elapsed time: 0:00:26
# Errors: 0, Warnings: 0
