============================================================
   Tang Dynasty, V6.2.178840
   Copyright (c) 2012-2025 Anlogic Inc.
   Executable = D:/td6.2.1/bin/td_commands_prompt.exe
   Built at =   14:07:58 Sep  4 2025
   Run by =     Li47
   Run Date =   Sat Oct 10 16:41:51 2026

   Run on =     LI474747
============================================================
RUN-1002 : start command "import_device ph1_35p.db -package PH1P35MDG324 -speed 3"
ARC-1001 : Device Initialization.
ARC-1001 : ----------------------------------------------------------------
ARC-1001 :           OPTION          |          IO           |   SETTING   
ARC-1001 : ----------------------------------------------------------------
ARC-1001 :   non_jtag_persist(none)  |        35 IOs         |    gpio    
ARC-1001 :            jtag           |  P13/P15/L14/R13/T13  |  dedicate  
ARC-1001 : ----------------------------------------------------------------
RUN-1003 : finish command "import_device ph1_35p.db -package PH1P35MDG324 -speed 3" in  1.651946s wall, 1.156250s user + 0.046875s system = 1.203125s CPU (72.8%)

RUN-1004 : used memory is 332 MB, reserved memory is 330 MB, peak memory is 332 MB
RUN-1002 : start command "open_project dual_mode.prj -noanalyze"
RUN-1002 : start command "import_db ../syn_1/dual_mode_gate.db"
RUN-1001 : Importing database generated by Tang Dynasty, V6.2.178840.
RUN-1001 : Database version number 46207
RUN-1001 : Import flow parameters
RUN-1001 : Import netlist
RUN-1001 : Import timing constraints
RUN-1001 : Import IO constraints
RUN-1001 : Import Inst constraints
RUN-1001 : Import ChipWatcher
RUN-1001 : Import design success TD_VERSION=6.2.178840 , DB_VERSION=46207
RUN-1002 : start command "commit_param -step place"
RUN-1001 : Print Global Property
RUN-1001 : -------------------------------------------------------------
RUN-1001 :     Parameters    |   Settings   |  Default Values  |  Note  
RUN-1001 : -------------------------------------------------------------
RUN-1001 :    enable_seed    |     off      |       off        |        
RUN-1001 :    hfn_to_clock   |  1000000000  |    1000000000    |        
RUN-1001 :      message      |   standard   |     standard     |        
RUN-1001 :    qor_monitor    |      on      |        on        |        
RUN-1001 :   speedup_effort  |      0       |        0         |        
RUN-1001 :    syn_ip_flow    |     off      |       off        |        
RUN-1001 :       thread      |     auto     |       auto       |        
RUN-1001 : -------------------------------------------------------------
RUN-1001 : Print Place Property
RUN-1001 : --------------------------------------------------------------
RUN-1001 :      Parameters      |  Settings  |  Default Values  |  Note  
RUN-1001 : --------------------------------------------------------------
RUN-1001 :        effort        |   medium   |      medium      |        
RUN-1001 :       floorplan      |    off     |       off        |        
RUN-1001 :    hfn_opt_effort    |   medium   |      medium      |        
RUN-1001 :    logic_level_opt   |    off     |       off        |        
RUN-1001 :   macro_performance  |    auto    |       auto       |        
RUN-1001 :      max_fanout      |   999999   |      999999      |        
RUN-1001 :      opt_timing      |   medium   |      medium      |        
RUN-1001 :    post_place_opt    |    auto    |       auto       |        
RUN-1001 :      pr_strategy     |     1      |        1         |        
RUN-1001 : --------------------------------------------------------------
RUN-1002 : start command "insert_debugger"
RUN-1002 : start command "place"
RUN-1001 : Open license file D:/td6.2.1/license/Anlogic.lic
PHY-3001 : Placer runs in 20 thread(s).
PHY-1001 : Stage 1 | Initialize Design
PHY-1001 : Stage 1.1 | Build Design
PHY-1001 : 156 luts, 127 seqs, 0 mslices, 41 lslices, 8 pads, 0 brams, 0 dsps
RUN-1002 : start command "legalize_phy_inst"
SYN-1011 : Flatten model dual_mode_top
PHY-1001 : Remove keep and sweep redundant instances ...
PHY-1001 : 156 luts, 127 seqs, 0 mslices, 41 lslices, 8 pads, 0 brams, 0 dsps
PHY-1001 : End Stage 1.1 | Build Design; Time: 0.001593s wall, 0.000000s user + 0.000000s system = 0.000000s CPU (n/a%); Memory(MB): used = 334, reserved = 330, peak = 334;

PHY-1001 : Stage 1.2 | Optimize Design
OPT-1001 : Stage 1.2.1 | Simplify Lut
OPT-1001 : End Stage 1.2.1 | Simplify Lut; Time: 0.000491s wall, 0.000000s user + 0.000000s system = 0.000000s CPU (n/a%); Memory(MB): used = 334, reserved = 330, peak = 334;

OPT-1001 : Stage 1.2.2 | Sweep
OPT-1001 : End Stage 1.2.2 | Sweep; Time: 0.000140s wall, 0.000000s user + 0.000000s system = 0.000000s CPU (n/a%); Memory(MB): used = 334, reserved = 330, peak = 334;

OPT-1001 : Stage 1.2.3 | Merge Lut
OPT-1001 : Start remap optimization ...
RUN-1001 :   Added 0 lut1 for undup drivers
OPT-1001 : Update timing in basic mode
RUN-1002 : start command "start_timer"
USR-1002 : Derived clock:  create_generated_clock -name {u_pll/u_ref/ph1p_phy_pll_wrapper_25a56e5ce2f9_Inst/u_PH1P_PHY_PLL.clkc[0]} -source [get_ports I_sys_clk] -master_clock {sys_clk_50m} -divide_by 1.4815 -duty_cycle 50.0000 [get_pins {u_pll/u_ref/ph1p_phy_pll_wrapper_25a56e5ce2f9_Inst/u_PH1P_PHY_PLL.clkc[0]}]
USR-1002 : Derived clock:  create_generated_clock -name {u_pll/u_output/ph1p_phy_pll_wrapper_25a56e5ce2f9_Inst/u_PH1P_PHY_PLL.clkc[0]} -source [get_pins {u_pll/u_ref/ph1p_phy_pll_wrapper_25a56e5ce2f9_Inst/u_PH1P_PHY_PLL.clkc[0]}] -master_clock {u_pll/u_ref/ph1p_phy_pll_wrapper_25a56e5ce2f9_Inst/u_PH1P_PHY_PLL.clkc[0]} -multiply_by 2.2000 -duty_cycle 50.0000 [get_pins {u_pll/u_output/ph1p_phy_pll_wrapper_25a56e5ce2f9_Inst/u_PH1P_PHY_PLL.clkc[0]}]
USR-1002 : Derived clock:  create_generated_clock -name {u_pll/u_output/ph1p_phy_pll_wrapper_25a56e5ce2f9_Inst/u_PH1P_PHY_PLL.clkc[1]} -source [get_pins {u_pll/u_ref/ph1p_phy_pll_wrapper_25a56e5ce2f9_Inst/u_PH1P_PHY_PLL.clkc[0]}] -master_clock {u_pll/u_ref/ph1p_phy_pll_wrapper_25a56e5ce2f9_Inst/u_PH1P_PHY_PLL.clkc[0]} -multiply_by 11.0000 -duty_cycle 50.0000 [get_pins {u_pll/u_output/ph1p_phy_pll_wrapper_25a56e5ce2f9_Inst/u_PH1P_PHY_PLL.clkc[1]}]
TMR-2502 : Net delay update with mode: Synthesized
OPT-1001 : End timing update;  0.019657s wall, 0.000000s user + 0.015625s system = 0.015625s CPU (79.5%)

OPT-0007 : Start: SWNS 312 STNS 0 NUM_FEPS 0
OPT-1001 : RemapOpt: identify 0 lut pair candidates and remap 0 pairs successfully
OPT-1001 : End remap optimization;  0.026437s wall, 0.000000s user + 0.015625s system = 0.015625s CPU (59.1%)

OPT-1001 : End Stage 1.2.3 | Merge Lut; Time: 0.026703s wall, 0.000000s user + 0.015625s system = 0.015625s CPU (58.5%); Memory(MB): used = 337, reserved = 330, peak = 337;

OPT-1001 : Stage 1.2.4 | Synthesize High-fanout Net
OPT-1001 : Start high-fanout net optimization in pre-place flow with medium effort ...
RUN-1001 : HFN opt statistic
RUN-1001 : ------------------------------------------------------
RUN-1001 :   DriverCell type  |  HFN count  |  Duplicated count  
RUN-1001 : ------------------------------------------------------
RUN-1001 :       LSLICE       |      0      |         0          
RUN-1001 :       MSLICE       |      0      |         0          
RUN-1001 :        TOTAL       |      0      |         0          
RUN-1001 : ------------------------------------------------------
OPT-1001 : End high-fanout net optimization;  0.000531s wall, 0.000000s user + 0.000000s system = 0.000000s CPU (n/a%)

OPT-1001 : Current memory(MB): used = 337, reserved = 330, peak = 337.
OPT-1001 : End Stage 1.2.4 | Synthesize High-fanout Net; Time: 0.000749s wall, 0.000000s user + 0.000000s system = 0.000000s CPU (n/a%); Memory(MB): used = 337, reserved = 330, peak = 337;

OPT-1001 : End physical optimization;  0.029100s wall, 0.000000s user + 0.015625s system = 0.015625s CPU (53.7%)

PHY-1001 : End Stage 1.2 | Optimize Design; Time: 0.029160s wall, 0.000000s user + 0.015625s system = 0.015625s CPU (53.6%); Memory(MB): used = 337, reserved = 330, peak = 337;

PHY-1001 : Stage 1.3 | Initialize Clock
PHY-1001 : Start to synthesize physical clock networks.
PHY-1001 : Populate physical database on model dual_mode_top.
RUN-1001 : There are total 343 instances
RUN-0007 : 156 luts, 127 seqs, 0 mslices, 41 lslices, 8 pads, 0 brams, 0 dsps
RUN-1001 : There are total 410 nets
RUN-1001 : 316 nets have 2 pins
RUN-1001 : 47 nets have [3 - 5] pins
RUN-1001 : 29 nets have [6 - 10] pins
RUN-1001 : 6 nets have [11 - 20] pins
RUN-1001 : 11 nets have [21 - 99] pins
RUN-1001 : 1 nets have 100+ pins
PHY-1001 : End Stage 1.3 | Initialize Clock; Time: 0.003370s wall, 0.000000s user + 0.000000s system = 0.000000s CPU (n/a%); Memory(MB): used = 337, reserved = 330, peak = 337;

PHY-1001 : End Stage 1 | Initialize Design; Time: 0.035234s wall, 0.000000s user + 0.015625s system = 0.015625s CPU (44.3%); Memory(MB): used = 337, reserved = 330, peak = 337;

PHY-1001 : Stage 2 | Global Placement
RUN-1001 : Report Control nets information:
RUN-1001 : DFF Distribution
RUN-1001 : -------------------------------------
RUN-1001 :   CE   |  SSR  |  ASR  |  DFF Count  
RUN-1001 : -------------------------------------
RUN-1001 :   No   |  No   |  No   |     13      
RUN-1001 :   No   |  No   |  Yes  |     82      
RUN-1001 :   No   |  Yes  |  No   |      0      
RUN-1001 :   Yes  |  No   |  No   |      0      
RUN-1001 :   Yes  |  No   |  Yes  |     32      
RUN-1001 :   Yes  |  Yes  |  No   |      0      
RUN-1001 : -------------------------------------
RUN-1001 : Control Group Statistic
RUN-1001 : -----------------------------
RUN-1001 :   #CLK  |  #CE  |  #SSR/ASR  
RUN-1001 : -----------------------------
RUN-1001 :    2    |   3   |     3      
RUN-1001 : -----------------------------
RUN-0007 : Control Set = 6
PHY-1001 : Stage 2.1 | Place Fixed Instances
PHY-5016 WARNING: PLL clkc is driving an IO without location.
PHY-5016 WARNING: PLL clkc is not driving a clock-capable IO.
PHY-5016 WARNING: PLL clkc is driving an IO without location.
PHY-1001 : End Stage 2.1 | Place Fixed Instances; Time: 0.003868s wall, 0.015625s user + 0.000000s system = 0.015625s CPU (403.9%); Memory(MB): used = 338, reserved = 330, peak = 338;

PHY-1001 : Stage 2.2 | Pre-Place DRC Check
PHY-1001 : Stage 2.2.1 | Force Route Constraint Check
PHY-1001 : Check Pass.
PHY-1001 : End Stage 2.2.1 | Force Route Constraint Check; Time: 0.000068s wall, 0.000000s user + 0.000000s system = 0.000000s CPU (n/a%); Memory(MB): used = 338, reserved = 330, peak = 338;

PHY-1001 : Stage 2.2.2 | Sigmap Check
PHY-1001 : Check pass.
PHY-1001 : End Stage 2.2.2 | Sigmap Check; Time: 0.001472s wall, 0.000000s user + 0.000000s system = 0.000000s CPU (n/a%); Memory(MB): used = 338, reserved = 330, peak = 338;

PHY-1001 : End Stage 2.2 | Pre-Place DRC Check; Time: 0.001756s wall, 0.000000s user + 0.000000s system = 0.000000s CPU (n/a%); Memory(MB): used = 338, reserved = 330, peak = 338;

PHY-1001 : Clock GCLK Statistics:
RUN-1001 : GCLK Index: 
RUN-1001 : --------------------------------------------------------------------------------
RUN-1001 :   Index  |                       Clock GCLK                       |  Location   
RUN-1001 : --------------------------------------------------------------------------------
RUN-1001 :     1    |              u_pll/u_output/bufg_feedback              |  x23y39z0   
RUN-1001 :     2    |  u_phy/u0_lane_lvds_8_1/I_serial_clk_created_gclkinst  |  x23y39z1   
RUN-1001 :     3    |               u_pll/u_ref/bufg_feedback                |  x23y39z16  
RUN-1001 : --------------------------------------------------------------------------------
RUN-1001 : Clock Nets Connect To GCLK Statistics: 
RUN-1001 : ---------------------------------------------------------------------------------------------------------------------------------------------------------------------
RUN-1001 :   Index  |              Leading Net              |  CLK/DATA/IO/PLL Sink(s)  |                       Following Net                       |  CLK/DATA/IO/PLL Sink(s)  
RUN-1001 : ---------------------------------------------------------------------------------------------------------------------------------------------------------------------
RUN-1001 :     1    |        u_pll/u_output/clk0_buf        |          1/0/0/0          |                           pixel                           |         76/0/0/0          
RUN-1001 :     2    |  u_phy/u0_lane_lvds_8_1/I_serial_clk  |          1/0/0/0          |         u_phy/u0_lane_lvds_8_1/I_serial_clk_syn_1         |         59/0/0/0          
RUN-1001 :     3    |         u_pll/u_ref/clk0_buf          |          1/0/0/0          | u_pll/u_output/ph1p_phy_pll_wrapper_25a56e5ce2f9_Inst...  |          1/0/0/0          
RUN-1001 : ---------------------------------------------------------------------------------------------------------------------------------------------------------------------
PHY-1001 : Stage 2.3 | Global Placement Step 1
PHY-3001 : Target density is 60%
PHY-1001 : Stage 2.3.1 | Update Timing
RUN-1002 : start command "start_timer"
PHY-1001 : SWNS: 312, STNS: 0, FEP: 0
PHY-1001 : End Stage 2.3.1 | Update Timing; Time: 0.017330s wall, 0.015625s user + 0.000000s system = 0.015625s CPU (90.2%); Memory(MB): used = 339, reserved = 331, peak = 339;

PHY-0007 : Cell area utilization is 0%
PHY-3001 : Clustering ...
PHY-3001 : End clustering;  0.000021s wall, 0.000000s user + 0.000000s system = 0.000000s CPU (n/a%)

PHY-3001 : Target density is 60%
PHY-1001 : Stage 2.3.2 | GP Iteration
PHY-1001 : End Stage 2.3.2 | GP Iteration; Time: 0.076907s wall, 0.203125s user + 0.203125s system = 0.406250s CPU (528.2%); Memory(MB): used = 339, reserved = 331, peak = 339;

PHY-3001 : Multithread accelerating rate: 5.08
RUN-1002 : start command "start_timer"
PHY-3001 : No need to merge 9x9 Dsps.
PHY-1001 : Populate physical database on model dual_mode_top.
PHY-1001 : End Stage 2.3 | Global Placement Step 1; Time: 0.122768s wall, 0.250000s user + 0.203125s system = 0.453125s CPU (369.1%); Memory(MB): used = 339, reserved = 331, peak = 339;

PHY-1001 : Stage 2.4 | RAM/DSP Legalization and Detailed Placement
PHY-1001 : Stage 2.4.1 | Legalization
PHY-3001 : Before Legalized: Len = 16131.3
PHY-3001 : After Legalized: Len = 16131.3, Over = 0 with grid_size = 640
PHY-1001 : End Stage 2.4.1 | Legalization; Time: 0.002171s wall, 0.000000s user + 0.000000s system = 0.000000s CPU (n/a%); Memory(MB): used = 339, reserved = 331, peak = 339;

PHY-1001 : Stage 2.4.2 | Detailed Placement
PHY-1001 : Stage 2.4.2.1 | Simulated Annealing Based DP
PHY-3001 : No movable unit~
PHY-1001 : End Stage 2.4.2.1 | Simulated Annealing Based DP; Time: 0.000538s wall, 0.000000s user + 0.000000s system = 0.000000s CPU (n/a%); Memory(MB): used = 339, reserved = 331, peak = 339;

PHY-3001 : End Detailed Place; 
PHY-1001 : End Stage 2.4.2 | Detailed Placement; Time: 0.002081s wall, 0.000000s user + 0.000000s system = 0.000000s CPU (n/a%); Memory(MB): used = 339, reserved = 331, peak = 339;

PHY-1001 : End Stage 2.4 | RAM/DSP Legalization and Detailed Placement; Time: 0.004406s wall, 0.000000s user + 0.000000s system = 0.000000s CPU (n/a%); Memory(MB): used = 339, reserved = 331, peak = 339;

PHY-1001 : Stage 2.5 | Global Placement Step 2
PHY-3001 : Target density is 60%
PHY-1001 : Stage 2.5.1 | Update Timing
PHY-1001 : SWNS: -1126, STNS: -7430, FEP: 8
PHY-1001 : End Stage 2.5.1 | Update Timing; Time: 0.000958s wall, 0.000000s user + 0.000000s system = 0.000000s CPU (n/a%); Memory(MB): used = 339, reserved = 331, peak = 339;

PHY-1001 : Stage 2.5.2 | Refresh Congestion
RUN-1001 : Generating global routing grids ...
RUN-1001 : Building simple global routing graph ...
PHY-1001 : Generate routing nets ...
PHY-1001 : Reuse net number 0/215.
PHY-1001 : Global iterations in 20 thread ...
PHY-1002 : len = 16960, over cnt = 26(0%), over = 94, worst = 11
PHY-1001 : End global iterations;  0.009156s wall, 0.000000s user + 0.015625s system = 0.015625s CPU (170.7%)

PHY-1001 : Congestion index:
PHY-1001 : top1  = 18.67(S 9.34, N 11.86, E 12.99, W 8.25, I 18.83, O 22.94)
PHY-1001 : top5  = 6.52(S 2.22, N 3.00, E 3.52, W 1.70, I 3.79, O 4.64)
PHY-1001 : top10 = 3.26(S 1.11, N 1.50, E 1.76, W 0.85, I 1.90, O 2.32)
PHY-1001 : top15 = 2.17(S 0.74, N 1.00, E 1.17, W 0.57, I 1.26, O 1.55)
PHY-1001 : End Stage 2.5.2 | Refresh Congestion; Time: 0.198376s wall, 0.171875s user + 0.031250s system = 0.203125s CPU (102.4%); Memory(MB): used = 373, reserved = 365, peak = 373;

PHY-1001 : Stage 2.5.3 | GP Iteration
PHY-1001 : End Stage 2.5.3 | GP Iteration; Time: 0.357048s wall, 1.125000s user + 0.500000s system = 1.625000s CPU (455.1%); Memory(MB): used = 374, reserved = 366, peak = 374;

PHY-3001 : Multithread accelerating rate: 4.53
PHY-1001 : End Stage 2.5 | Global Placement Step 2; Time: 0.568686s wall, 1.296875s user + 0.531250s system = 1.828125s CPU (321.5%); Memory(MB): used = 374, reserved = 366, peak = 374;

PHY-1001 : Stage 2.6 | RAM/DSP Detailed Placement
PHY-1001 : Stage 2.6.1 | Detailed Placement
PHY-1001 : Stage 2.6.1.1 | Simulated Annealing Based DP
PHY-3001 : No movable unit~
PHY-1001 : End Stage 2.6.1.1 | Simulated Annealing Based DP; Time: 0.000053s wall, 0.000000s user + 0.000000s system = 0.000000s CPU (n/a%); Memory(MB): used = 374, reserved = 366, peak = 374;

PHY-3001 : End Detailed Place; 
PHY-1001 : End Stage 2.6.1 | Detailed Placement; Time: 0.001279s wall, 0.000000s user + 0.000000s system = 0.000000s CPU (n/a%); Memory(MB): used = 374, reserved = 366, peak = 374;

PHY-1001 : Stage 2.6.2 | Spreading
OPT-1001 : Total overflow 7.50 peak overflow 1.56
PHY-3001 : Spreading for sector grids.
PHY-3001 : Iter 1, total overflow: 0
PHY-3001 : tot_capacity: 12, usage_cnt: 2, movable_cnt: 11
PHY-3001 : End spreading;  0.002450s wall, 0.078125s user + 0.000000s system = 0.078125s CPU (3188.6%)

PHY-1001 : End Stage 2.6.2 | Spreading; Time: 0.002509s wall, 0.078125s user + 0.000000s system = 0.078125s CPU (3114.0%); Memory(MB): used = 375, reserved = 366, peak = 375;

PHY-1001 : End Stage 2.6 | RAM/DSP Detailed Placement; Time: 0.005316s wall, 0.078125s user + 0.000000s system = 0.078125s CPU (1469.6%); Memory(MB): used = 375, reserved = 366, peak = 375;

PHY-1001 : Stage 2.7 | Optimize Design
OPT-1001 : Start physical optimization ...
OPT-1001 : Total overflow 7.50 peak overflow 1.56
OPT-1001 : Stage 2.7.1 | Synthesize High-fanout Net
OPT-1001 : Start high-fanout net optimization in pre-pack flow with medium effort ...
OPT-1001 : Update timing in Manhattan mode
OPT-1001 : End timing update;  0.008126s wall, 0.000000s user + 0.000000s system = 0.000000s CPU (n/a%)

OPT-1001 : Start: SWNS 83 STNS 0 NUM_FEPS 0
OPT-1001 : Total overflow 7.50 peak overflow 1.56
DBG-001 :  select 1 high fanout candidates
DBG-001 :  crit level 1 net count 0 (fanout thres 50)
DBG-001 :  crit level 2 net count 0 (fanout thres 50)
DBG-001 :  crit level 3 net count 0 (fanout thres 40)
DBG-001 :  crit level 4 net count 0 (fanout thres 30)
DBG-001 :  crit level 5 net count 0 (fanout thres 30)
DBG-001 :  crit level 6 net count 1 (fanout thres 30)
PHY-1001 : Populate physical database on model dual_mode_top.
OPT-1001 : 1 high-fanout net processed.
PHY-3001 : Start incremental placement ...
PHY-1001 : Populate physical database on model dual_mode_top.
PHY-3001 : Target density is 60%
PHY-3001 : Target density is 60%
PHY-1001 : Stage 2.7.1.1 | Update Timing
PHY-1001 : SWNS: 761, STNS: 0, FEP: 0
PHY-1001 : End Stage 2.7.1.1 | Update Timing; Time: 0.001322s wall, 0.000000s user + 0.000000s system = 0.000000s CPU (n/a%); Memory(MB): used = 376, reserved = 367, peak = 376;

PHY-1001 : Stage 2.7.1.2 | Refresh Congestion
RUN-1001 : Generating global routing grids ...
PHY-1001 : Generate routing nets ...
PHY-1001 : Reuse net number 0/195.
PHY-1001 : Global iterations in 20 thread ...
PHY-1002 : len = 10976, over cnt = 23(0%), over = 94, worst = 13
PHY-1001 : End global iterations;  0.007100s wall, 0.000000s user + 0.000000s system = 0.000000s CPU (n/a%)

PHY-1001 : Congestion index:
PHY-1001 : top1  = 20.49(S 5.23, N 8.59, E 16.94, W 11.68, I 19.63, O 24.75)
PHY-1001 : top5  = 5.40(S 1.03, N 1.95, E 3.65, W 2.31, I 3.88, O 4.90)
PHY-1001 : top10 = 2.70(S 0.52, N 0.97, E 1.82, W 1.16, I 1.94, O 2.45)
PHY-1001 : top15 = 1.80(S 0.34, N 0.65, E 1.22, W 0.77, I 1.29, O 1.63)
PHY-1001 : End Stage 2.7.1.2 | Refresh Congestion; Time: 0.028660s wall, 0.015625s user + 0.000000s system = 0.015625s CPU (54.5%); Memory(MB): used = 376, reserved = 367, peak = 376;

PHY-1001 : Stage 2.7.1.3 | GP Iteration
PHY-1001 : End Stage 2.7.1.3 | GP Iteration; Time: 0.167825s wall, 0.703125s user + 0.437500s system = 1.140625s CPU (679.7%); Memory(MB): used = 376, reserved = 367, peak = 376;

PHY-3001 : Multithread accelerating rate: 8.22
OPT-1001 : Total overflow 8.09 peak overflow 2.56
PHY-3001 : Spreading for sector grids.
PHY-3001 : Iter 1, total overflow: 0
PHY-3001 : tot_capacity: 12, usage_cnt: 2, movable_cnt: 11
PHY-3001 : End spreading;  0.001753s wall, 0.000000s user + 0.000000s system = 0.000000s CPU (n/a%)

PHY-3001 : Final: Len = 9125.3, Over = 3.625
PHY-3001 : End incremental placement;  0.206826s wall, 0.843750s user + 0.562500s system = 1.406250s CPU (679.9%)

OPT-1001 : Total overflow 8.09 peak overflow 2.56
RUN-1001 : HFN opt statistic
RUN-1001 : ------------------------------------------------------
RUN-1001 :   DriverCell type  |  HFN count  |  Duplicated count  
RUN-1001 : ------------------------------------------------------
RUN-1001 :         REG        |      1      |         3          
RUN-1001 :        LUT6        |      0      |         0          
RUN-1001 :        LUT5        |      0      |         0          
RUN-1001 :        LUT4        |      0      |         0          
RUN-1001 :        LUT3        |      0      |         0          
RUN-1001 :        LUT2        |      0      |         0          
RUN-1001 :        TOTAL       |      1      |         3          
RUN-1001 : ------------------------------------------------------
OPT-1001 : End high-fanout net optimization;  0.229520s wall, 0.843750s user + 0.562500s system = 1.406250s CPU (612.7%)

OPT-1001 : Update timing in Manhattan mode
OPT-1001 : End timing update;  0.008783s wall, 0.015625s user + 0.000000s system = 0.015625s CPU (177.9%)

OPT-1001 : Current memory(MB): used = 376, reserved = 367, peak = 376.
OPT-1001 : End Stage 2.7.1 | Synthesize High-fanout Net; Time: 0.239544s wall, 0.859375s user + 0.562500s system = 1.421875s CPU (593.6%); Memory(MB): used = 376, reserved = 367, peak = 376;

OPT-1001 : Stage 2.7.2 | Global Optimization
OPT-1001 : Start global optimization ...
OPT-0007 : Start: SWNS 602 STNS 0 NUM_FEPS 0
OPT-1001 : Start congestion update ...
RUN-1001 : Generating global routing grids ...
PHY-1001 : Generate routing nets ...
PHY-1001 : Reuse net number 27/121.
PHY-1001 : Global iterations in 20 thread ...
PHY-1002 : len = 8800, over cnt = 9(0%), over = 33, worst = 9
PHY-1002 : len = 9568, over cnt = 5(0%), over = 5, worst = 1
PHY-1002 : len = 9728, over cnt = 0(0%), over = 0, worst = 0
PHY-1001 : End global iterations;  0.008364s wall, 0.078125s user + 0.000000s system = 0.078125s CPU (934.1%)

PHY-1001 : Congestion index:
PHY-1001 : top1  = 12.80(S 4.42, N 8.82, E 9.90, W 4.11, I 19.63, O 24.84)
PHY-1001 : top5  = 3.70(S 0.92, N 2.03, E 2.19, W 0.81, I 3.88, O 4.92)
PHY-1001 : top10 = 1.85(S 0.46, N 1.02, E 1.09, W 0.41, I 1.94, O 2.46)
PHY-1001 : top15 = 1.23(S 0.31, N 0.68, E 0.73, W 0.27, I 1.29, O 1.64)
OPT-1001 : End congestion update;  0.027905s wall, 0.093750s user + 0.000000s system = 0.093750s CPU (336.0%)

OPT-0007 : Iter 1: improved SWNS 612 STNS 0 NUM_FEPS 0 with 1 cells processed and 10 slack improved
OPT-0007 : Iter 2: improved SWNS 612 STNS 0 NUM_FEPS 0 with 0 cells processed and 0 slack improved
OPT-1001 : Overall commit ratio 0.33
OPT-1001 : End global optimization;  0.030556s wall, 0.093750s user + 0.000000s system = 0.093750s CPU (306.8%)

OPT-1001 : Current memory(MB): used = 376, reserved = 367, peak = 376.
OPT-1001 : End Stage 2.7.2 | Global Optimization; Time: 0.033643s wall, 0.093750s user + 0.000000s system = 0.093750s CPU (278.7%); Memory(MB): used = 376, reserved = 367, peak = 376;

OPT-0007 : End flow prepack: SWNS 612 STNS 0 NUM_FEPS 0
OPT-1001 : End physical optimization;  0.274909s wall, 0.953125s user + 0.562500s system = 1.515625s CPU (551.3%)

PHY-1001 : End Stage 2.7 | Optimize Design; Time: 0.274970s wall, 0.953125s user + 0.562500s system = 1.515625s CPU (551.2%); Memory(MB): used = 376, reserved = 367, peak = 376;

PHY-1001 : Stage 2.8 | Pack and Legalization
PHY-1001 : Stage 2.8.1 | Direct Legalization
PHY-3001 : Start Direct Legalization ...
PHY-3001 : Get top1 grid util = 0.084730, top1_avg = 0.084730.
PHY-1001 : Populate physical database on model dual_mode_top.
PHY-3001 : Target density is 60%
PHY-3001 : Before Legalization for Slice Macros, Len = 9140.6.
RUN-1001 : Legalization top10 inst displacement:
RUN-1001 : --------------------------------------------------------------------------------------------------------------
RUN-1001 :   Index  |  Bounded  |  Height  |        Location        |  Disp. (slots)  |  Disp. (grids)  |      Name      
RUN-1001 : --------------------------------------------------------------------------------------------------------------
RUN-1001 :     1    |     N     |    4     |  x31y46z1 to x31y47z0  |        7        |        1        |   lt4_syn_68   
RUN-1001 :     2    |     N     |    4     |  x31y46z1 to x31y46z4  |        3        |        0        |   lt2_syn_68   
RUN-1001 :     3    |     N     |    12    |  x31y45z2 to x31y45z0  |        2        |        0        |  add2_syn_74   
RUN-1001 :     4    |     N     |    21    |  x32y44z3 to x32y44z4  |        1        |        0        |  add0_syn_128  
RUN-1001 : --------------------------------------------------------------------------------------------------------------
PHY-3001 : After Legalization for Slice Macros, Len = 9422.6.
RUN-1001 : Generating global routing grids ...
PHY-1001 : Generate routing nets ...
PHY-1001 : Reuse net number 115/125.
RUN-1002 : start command "update_timing -mode MANHATTAN"
RUN-1002 : start command "start_timer"
PHY-1001 : Global iterations in 20 thread ...
PHY-1002 : len = 9984, over cnt = 4(0%), over = 12, worst = 7
PHY-1002 : len = 10160, over cnt = 3(0%), over = 3, worst = 1
PHY-1002 : len = 10240, over cnt = 0(0%), over = 0, worst = 0
PHY-1001 : End global iterations;  0.006154s wall, 0.000000s user + 0.000000s system = 0.000000s CPU (n/a%)

PHY-1001 : Congestion index:
PHY-1001 : top1  = 13.42(S 5.04, N 9.31, E 10.31, W 4.28, I 19.60, O 25.00)
PHY-1001 : top5  = 3.90(S 1.05, N 2.16, E 2.32, W 0.85, I 3.88, O 4.95)
PHY-1001 : top10 = 1.95(S 0.52, N 1.08, E 1.16, W 0.42, I 1.94, O 2.47)
PHY-1001 : top15 = 1.30(S 0.35, N 0.72, E 0.77, W 0.28, I 1.29, O 1.65)
PHY-3001 : Total Iter 57, legal = 284 / 284 (100.00%), avg_move = 39.01, max_move = 306.
PHY-3001 : There are no illegal insts.
PHY-1001 : Populate physical database on model dual_mode_top.
PHY-3001 : End Direct Legalization;  1.213521s wall, 13.203125s user + 0.296875s system = 13.500000s CPU (1112.5%)

RUN-1001 : Summary of LUT-FF Pairs
RUN-1001 : --------------------------------------------------------------
RUN-1001 :   Num of Fanout Seqs  |  1x   |  2x  |  3~5  |  6~10  |  >10  
RUN-1001 : --------------------------------------------------------------
RUN-1001 :         Total         |  106  |  0   |   0   |   0    |   0   
RUN-1001 :          Grid         |  106  |  0   |   0   |   0    |   0   
RUN-1001 :          Bank         |  106  |  0   |   0   |   0    |   0   
RUN-1001 :         Paired        |  106  |  0   |   0   |   0    |   0   
RUN-1001 : --------------------------------------------------------------
RUN-1001 : Summary of LUT Pairs
RUN-1001 : ---------------------------------------------------------------------------------------------------------------------
RUN-1001 :            |           |           |           |           |           |  O5 + O6  |  Only O5  |  Only O6  |  Total  
RUN-1001 : ---------------------------------------------------------------------------------------------------------------------
RUN-1001 :   5 Share  |  4 Share  |  3 Share  |  2 Share  |  1 Share  |  0 Share  |           |           |           |         
RUN-1001 :      0     |     6     |     7     |    28     |    14     |    36     |    91     |    34     |    22     |   147   
RUN-1001 : ---------------------------------------------------------------------------------------------------------------------
PHY-1001 : End Stage 2.8.1 | Direct Legalization; Time: 1.214071s wall, 13.203125s user + 0.296875s system = 13.500000s CPU (1112.0%); Memory(MB): used = 392, reserved = 383, peak = 393;

PHY-3001 : Target density is 60%
PHY-3001 : After Direct Legalization, Len = 16761.
PHY-1001 : End Stage 2.8 | Pack and Legalization; Time: 1.216708s wall, 13.203125s user + 0.296875s system = 13.500000s CPU (1109.6%); Memory(MB): used = 392, reserved = 383, peak = 393;

RUN-1002 : start command "start_timer"
PHY-1001 : End Stage 2 | Global Placement; Time: 2.230985s wall, 15.828125s user + 1.593750s system = 17.421875s CPU (780.9%); Memory(MB): used = 392, reserved = 383, peak = 393;

PHY-1001 : Stage 3 | Detailed Placement
PHY-1001 : Stage 3.1 | SLICE Detailed Placement
PHY-1001 : Stage 3.1.1 | Spreading
PHY-3001 : Design contains 2 ce signals.
PHY-3001 : Spreading for sector grids.
PHY-3001 : Iter 1, total overflow: 0
PHY-3001 : tot_capacity: 24, usage_cnt: 4, movable_cnt: 23
PHY-3001 : Spreading for clock grids.
PHY-3001 : clock grid count for 24 x 4 grids
PHY-3001 : Spreading for plb grids.
PHY-3001 : total displace: 0, max displace: 0.
PHY-3001 : End spreading;  0.006398s wall, 0.000000s user + 0.000000s system = 0.000000s CPU (n/a%)

PHY-1001 : End Stage 3.1.1 | Spreading; Time: 0.006432s wall, 0.000000s user + 0.000000s system = 0.000000s CPU (n/a%); Memory(MB): used = 392, reserved = 383, peak = 393;

PHY-1001 : Stage 3.1.2 | Simulated Annealing Based DP
RUN-1001 : Generating global routing grids ...
PHY-1001 : Generate routing nets ...
PHY-1001 : Reuse net number 4/139.
PHY-1001 : Global iterations in 20 thread ...
PHY-1002 : len = 16960, over cnt = 15(0%), over = 28, worst = 5
PHY-1002 : len = 17568, over cnt = 3(0%), over = 3, worst = 1
PHY-1002 : len = 17600, over cnt = 0(0%), over = 0, worst = 0
PHY-1001 : End global iterations;  0.014825s wall, 0.015625s user + 0.000000s system = 0.015625s CPU (105.4%)

PHY-1001 : Congestion index:
PHY-1001 : top1  = 16.75(S 8.18, N 11.01, E 12.83, W 6.11, I 14.64, O 17.43)
PHY-1001 : top5  = 5.55(S 2.02, N 2.83, E 3.29, W 1.40, I 2.90, O 3.47)
PHY-1001 : top10 = 2.77(S 1.01, N 1.42, E 1.64, W 0.70, I 1.45, O 1.73)
PHY-1001 : top15 = 1.85(S 0.67, N 0.94, E 1.10, W 0.47, I 0.97, O 1.16)
PHY-0007 : Initial: WL Cost = 1199.59, TD Cost = 1162.35, SWNS = 852, STNS = 0, Nums per T = 1250, Range Limit = 4x8
PHY-0007 : Finally: WL Cost = 779.54, TD Cost = 444.289, WL Ratio = 0.649839, TD Ratio = 0.382232, SWNS = 939, STNS = 0
RUN-1001 : Print Detailed placement's Summary information
RUN-1001 : -----------------------------------------------------------------------------------------------------------------------------
RUN-1001 :           |  Total  |  Accept  |  Reject by overFlow  |  Reject by worseCost  |  Failed by noTarget  |  Failed by gridCheck  
RUN-1001 : -----------------------------------------------------------------------------------------------------------------------------
RUN-1001 :   Slices  |  11250  |   499    |          0           |         10721         |          0           |          30           
RUN-1001 :   Macros  |   332   |    6     |          0           |          325          |          0           |           1           
RUN-1001 : -----------------------------------------------------------------------------------------------------------------------------
PHY-1001 : End Stage 3.1.2 | Simulated Annealing Based DP; Time: 0.117068s wall, 0.109375s user + 0.000000s system = 0.109375s CPU (93.4%); Memory(MB): used = 392, reserved = 383, peak = 393;

PHY-3001 : End Detailed Place; 
PHY-3001 : Final: Len = 11189, Over = 0
PHY-1001 : End Stage 3.1 | SLICE Detailed Placement; Time: 0.125993s wall, 0.109375s user + 0.000000s system = 0.109375s CPU (86.8%); Memory(MB): used = 392, reserved = 383, peak = 393;

PHY-3001 : End Detailed Place; 
PHY-1001 : Stage 3.2 | Optimize Design
OPT-1001 : Start physical optimization ...
OPT-1001 : Total overflow 0.00 peak overflow 0.00
OPT-1001 : Stage 3.2.1 | Physical Optimization
OPT-1001 : Start high-fanout net optimization in optimize equivalent flow with medium effort ...
OPT-1001 : Clean unloaded insts before merging registers
PHY-1001 : Populate physical database on model dual_mode_top.
PHY-1001 : Populate physical database on model dual_mode_top.
OPT-1001 : Total overflow 0.00 peak overflow 0.00
OPT-1001 : End optimize duplicated nets. Total 1 instances are merged and 17 sinks are reconnected,  0.020571s wall, 0.031250s user + 0.000000s system = 0.031250s CPU (151.9%)

OPT-1001 : End high-fanout net optimization;  0.020657s wall, 0.031250s user + 0.000000s system = 0.031250s CPU (151.3%)

OPT-1001 : Update timing in Manhattan mode
RUN-1002 : start command "start_timer"
OPT-1001 : End timing update;  0.027091s wall, 0.015625s user + 0.000000s system = 0.015625s CPU (57.7%)

OPT-1001 : Current memory(MB): used = 393, reserved = 383, peak = 393.
OPT-1001 : End Stage 3.2.1 | Physical Optimization; Time: 0.048697s wall, 0.046875s user + 0.000000s system = 0.046875s CPU (96.3%); Memory(MB): used = 393, reserved = 383, peak = 393;

OPT-1001 : Stage 3.2.2 | Synthesize High-fanout Net
OPT-1001 : Start high-fanout net optimization in post-pack flow with medium effort ...
OPT-1001 : Start: SWNS 939 STNS 0 NUM_FEPS 0
OPT-1001 : Total overflow 0.00 peak overflow 0.00
DBG-001 :  select 0 high fanout candidates
DBG-001 :  crit level 1 net count 0 (fanout thres 50)
DBG-001 :  crit level 2 net count 0 (fanout thres 50)
DBG-001 :  crit level 3 net count 0 (fanout thres 40)
DBG-001 :  crit level 4 net count 0 (fanout thres 30)
DBG-001 :  crit level 5 net count 0 (fanout thres 30)
DBG-001 :  crit level 6 net count 0 (fanout thres 30)
PHY-1001 : Populate physical database on model dual_mode_top.
OPT-1001 : 0 high-fanout net processed.
OPT-1001 : Total overflow 0.00 peak overflow 0.00
RUN-1001 : HFN opt statistic
RUN-1001 : ------------------------------------------------------
RUN-1001 :   DriverCell type  |  HFN count  |  Duplicated count  
RUN-1001 : ------------------------------------------------------
RUN-1001 :       LSLICE       |      0      |         0          
RUN-1001 :       MSLICE       |      0      |         0          
RUN-1001 :        TOTAL       |      0      |         0          
RUN-1001 : ------------------------------------------------------
OPT-1001 : End high-fanout net optimization;  0.004359s wall, 0.015625s user + 0.000000s system = 0.015625s CPU (358.5%)

OPT-1001 : Current memory(MB): used = 393, reserved = 383, peak = 393.
OPT-1001 : End Stage 3.2.2 | Synthesize High-fanout Net; Time: 0.005546s wall, 0.015625s user + 0.000000s system = 0.015625s CPU (281.7%); Memory(MB): used = 393, reserved = 383, peak = 393;

OPT-1001 : Stage 3.2.3 | Optimize Path
OPT-1001 : Start unpack path based optimization ...
OPT-0007 : Start: SWNS 939 STNS 0 NUM_FEPS 0 with mode 2
OPT-1001 : Start congestion update ...
RUN-1001 : Generating global routing grids ...
PHY-1001 : Generate routing nets ...
PHY-1001 : Reuse net number 38/141.
PHY-1001 : Global iterations in 20 thread ...
PHY-1002 : len = 13056, over cnt = 9(0%), over = 16, worst = 4
PHY-1002 : len = 13184, over cnt = 2(0%), over = 2, worst = 1
PHY-1002 : len = 13248, over cnt = 0(0%), over = 0, worst = 0
PHY-1001 : End global iterations;  0.010996s wall, 0.015625s user + 0.000000s system = 0.015625s CPU (142.1%)

PHY-1001 : Congestion index:
PHY-1001 : top1  = 16.29(S 7.18, N 8.72, E 13.40, W 8.00, I 14.50, O 16.94)
PHY-1001 : top5  = 4.87(S 1.60, N 2.23, E 3.39, W 1.73, I 2.89, O 3.45)
PHY-1001 : top10 = 2.44(S 0.80, N 1.11, E 1.69, W 0.87, I 1.45, O 1.73)
PHY-1001 : top15 = 1.62(S 0.53, N 0.74, E 1.13, W 0.58, I 0.96, O 1.15)
OPT-1001 : End congestion update;  0.031494s wall, 0.031250s user + 0.000000s system = 0.031250s CPU (99.2%)

OPT-0007 : Iter 1: improved SWNS 939 STNS 0 NUM_FEPS 0 with 1(20) cells and 10(10) paths processed with 62 slack improved, crit_thod: 1520 ratio: 1.00(1/1) rt: 0.0s
OPT-0007 : Iter 2: improved SWNS 939 STNS 0 NUM_FEPS 0 with 2(24) cells and 12(12) paths processed with 191 slack improved, crit_thod: 1534 ratio: 1.00(2/2) rt: 0.0s
OPT-0007 : Iter 3: improved SWNS 939 STNS 0 NUM_FEPS 0 with 1(20) cells and 10(10) paths processed with 151 slack improved, crit_thod: 1563 ratio: 1.00(2/2) rt: 0.0s
OPT-0007 : Iter 4: improved SWNS 939 STNS 0 NUM_FEPS 0 with 1(20) cells and 10(10) paths processed with 40 slack improved, crit_thod: 1566 ratio: 1.00(1/1) rt: 0.0s
OPT-1001 : End path based optimization;  0.047328s wall, 0.046875s user + 0.000000s system = 0.046875s CPU (99.0%)

OPT-1001 : Current memory(MB): used = 393, reserved = 383, peak = 393.
OPT-1001 : End Stage 3.2.3 | Optimize Path; Time: 0.048933s wall, 0.046875s user + 0.000000s system = 0.046875s CPU (95.8%); Memory(MB): used = 393, reserved = 383, peak = 393;

OPT-1001 : Stage 3.2.4 | Optimize Duplicated Nets
OPT-1001 : Start: WNS 939 TNS 0 NUM_FEPS 0
OPT-1001 : Clean unloaded insts before merging registers
PHY-1001 : Populate physical database on model dual_mode_top.
PHY-1001 : Populate physical database on model dual_mode_top.
OPT-1001 : Total overflow 0.00 peak overflow 0.00
OPT-1001 : End optimize duplicated nets. Total 0 instances are merged and 0 sinks are reconnected,  0.018809s wall, 0.015625s user + 0.000000s system = 0.015625s CPU (83.1%)

OPT-1001 : Update timing in Manhattan mode
RUN-1002 : start command "start_timer"
OPT-1001 : End timing update;  0.027223s wall, 0.031250s user + 0.000000s system = 0.031250s CPU (114.8%)

OPT-1001 : Current memory(MB): used = 394, reserved = 383, peak = 394.
OPT-1001 : End Stage 3.2.4 | Optimize Duplicated Nets; Time: 0.046897s wall, 0.046875s user + 0.000000s system = 0.046875s CPU (100.0%); Memory(MB): used = 394, reserved = 383, peak = 394;

OPT-1001 : Stage 3.2.5 | Swap Pins
OPT-1001 : Start pin optimization...
OPT-1001 : Start: SWNS 939 STNS 0 NUM_FEPS 0
OPT-1001 : Successfully optimized 2 instances
OPT-1001 : Successfully optimized 0 instances
OPT-1001 : End pin optimization;  0.004827s wall, 0.000000s user + 0.000000s system = 0.000000s CPU (n/a%)

OPT-1001 : Current memory(MB): used = 394, reserved = 383, peak = 394.
OPT-1001 : End Stage 3.2.5 | Swap Pins; Time: 0.005585s wall, 0.000000s user + 0.000000s system = 0.000000s CPU (n/a%); Memory(MB): used = 394, reserved = 383, peak = 394;

OPT-1001 : Stage 3.2.6 | Optimize Beeline
OPT-1001 : Start beeline optimization...
OPT-1001 : Start: SWNS 939 STNS 0 NUM_FEPS 0
PHY-1001 : Beeline DP, 7 out of 41 (17.07)%; hop = 9.
PHY-1001 : Beeline DP, 5 out of 37 (13.51)%; hop = 8.
PHY-1001 : Beeline DP, 3 out of 36 (8.33)%; hop = 4.
PHY-1001 : Beeline DP, 1 out of 36 (2.78)%; hop = 1.
PHY-1001 : Beeline optimization intraPLB, 47 1-hop(51.65%), 32 2-hop(35.16%), 8 3-hop( 8.79%), 4 others ( 4.40%)
PHY-1001 :  0.064154s wall, 0.062500s user + 0.000000s system = 0.062500s CPU (97.4%)

RUN-1001 : Beeline optimization outerPLB: 1-hop 46, 2-hop 71, 3-hop 45, 4-hop 10, other 21 
OPT-1001 : End beeline optimization;  0.081306s wall, 0.078125s user + 0.000000s system = 0.078125s CPU (96.1%)

OPT-1001 : Update timing in Manhattan mode
OPT-1001 : End timing update;  0.007191s wall, 0.000000s user + 0.000000s system = 0.000000s CPU (n/a%)

OPT-1001 : End Stage 3.2.6 | Optimize Beeline; Time: 0.095493s wall, 0.093750s user + 0.000000s system = 0.093750s CPU (98.2%); Memory(MB): used = 406, reserved = 396, peak = 406;

OPT-0007 : End flow postpack: SWNS 939 STNS 0 NUM_FEPS 0
RUN-1001 : Generating global routing grids ...
PHY-1001 : Generate routing nets ...
PHY-1001 : Reuse net number 119/142.
PHY-1001 : Global iterations in 20 thread ...
PHY-1002 : len = 13824, over cnt = 3(0%), over = 5, worst = 2
PHY-1002 : len = 13856, over cnt = 1(0%), over = 1, worst = 1
PHY-1002 : len = 13888, over cnt = 0(0%), over = 0, worst = 0
PHY-1001 : End global iterations;  0.005195s wall, 0.015625s user + 0.000000s system = 0.015625s CPU (300.7%)

PHY-1001 : Congestion index:
PHY-1001 : top1  = 15.95(S 8.06, N 8.47, E 13.57, W 8.25, I 14.42, O 16.69)
PHY-1001 : top5  = 4.87(S 1.86, N 2.23, E 3.45, W 1.80, I 2.89, O 3.45)
PHY-1001 : top10 = 2.43(S 0.93, N 1.11, E 1.73, W 0.90, I 1.45, O 1.73)
PHY-1001 : top15 = 1.62(S 0.62, N 0.74, E 1.15, W 0.60, I 0.96, O 1.15)
RUN-1001 : QoR Analysis:
OPT-0007 :   SWNS 939 STNS 0 NUM_FEPS 0
RUN-1001 :   No local congestion issue, and most congested 1% tile average routing util is 15.473684
RUN-1001 :   Top critical paths
RUN-1001 :       #1 path slack 939ps with logic level 2 
RUN-1001 :       #2 path slack 960ps with logic level 2 
OPT-1001 : End physical optimization;  0.279923s wall, 0.281250s user + 0.000000s system = 0.281250s CPU (100.5%)

PHY-1001 : End Stage 3.2 | Optimize Design; Time: 0.279996s wall, 0.281250s user + 0.000000s system = 0.281250s CPU (100.4%); Memory(MB): used = 406, reserved = 396, peak = 406;

RUN-1001 : Report Control nets information:
RUN-1001 : DFF Distribution
RUN-1001 : -------------------------------------
RUN-1001 :   CE   |  SSR  |  ASR  |  DFF Count  
RUN-1001 : -------------------------------------
RUN-1001 :   No   |  No   |  No   |      0      
RUN-1001 :   No   |  No   |  Yes  |      0      
RUN-1001 :   No   |  Yes  |  No   |      0      
RUN-1001 :   Yes  |  No   |  No   |     13      
RUN-1001 :   Yes  |  No   |  Yes  |     116     
RUN-1001 :   Yes  |  Yes  |  No   |      0      
RUN-1001 : -------------------------------------
RUN-1001 : Control Group Statistic
RUN-1001 : -----------------------------
RUN-1001 :   #CLK  |  #CE  |  #SSR/ASR  
RUN-1001 : -----------------------------
RUN-1001 :    2    |   9   |     5      
RUN-1001 : -----------------------------
RUN-0007 : Control Set = 18
PHY-1001 : End Stage 3 | Detailed Placement; Time: 0.407280s wall, 0.390625s user + 0.000000s system = 0.390625s CPU (95.9%); Memory(MB): used = 406, reserved = 396, peak = 406;

PHY-1001 : Populate physical database on model dual_mode_top.
PHY-1001 : Stage 4 | Optimize Design
PHY-3001 : Start incremental legalization ...
PHY-1001 : Populate physical database on model dual_mode_top.
PHY-3001 : Target density is 60%
PHY-3001 : Target density is 60%
PHY-3001 : Initial: Len = 11966.8, Over = 0
PHY-1001 : Stage 4.1 | Spreading
PHY-3001 : Design contains 2 ce signals.
PHY-3001 : Spreading for sector grids.
PHY-3001 : Iter 1, total overflow: 0
PHY-3001 : tot_capacity: 12, usage_cnt: 2, movable_cnt: 12
PHY-3001 : Spreading for clock grids.
PHY-3001 : clock grid count for 24 x 4 grids
PHY-3001 : Spreading for plb grids.
PHY-3001 : total displace: 0, max displace: 0.
PHY-3001 : End spreading;  0.006592s wall, 0.000000s user + 0.000000s system = 0.000000s CPU (n/a%)

PHY-1001 : End Stage 4.1 | Spreading; Time: 0.006641s wall, 0.000000s user + 0.000000s system = 0.000000s CPU (n/a%); Memory(MB): used = 407, reserved = 396, peak = 407;

PHY-3001 : Final: Len = 11966.8, Over = 0
PHY-3001 : End incremental legalization;  0.015367s wall, 0.015625s user + 0.000000s system = 0.015625s CPU (101.7%)

RUN-1002 : start command "report_qor -step place -file place.qor"
RUN-1002 : start command "start_timer"
TMR-2502 : Net delay update with mode: Placed
RUN-1001 : Generating global routing grids ...
-----------------------------------------------------------
| QoR metrics               |         value               |
-----------------------------------------------------------
| Timing                    |                             |
|     Setup WNS             |          939                |
|     Setup TNS             |            0                |
|     Num of violated S-EP  |            0                |
|     FMAX                  |   570.125MHz                |
|     SWNS path clock period |       2693ps                |
|     Hold WNS              |           48                |
|     Hold TNS              |            0                |
|     Num of violated H-EP  |            0                |
-----------------------------------------------------------
| Routing Resource          |                             |
|     Wire length           |        11924                |
|     Route Net Num         |          221                |
|     DontRoute Net Num     |           83                |
|     RouteSinks Num        |          749                |
-----------------------------------------------------------
| Utilization               |                             |
|     #slices               |          163                |
|     slices percentage     |        0.77%                |
|     #RAMs                 |            0                |
|     #DSPs                 |            0                |
|     #DRAMHARDCON          |            0                |
-----------------------------------------------------------
| Congestion                |                             |
|     Top 1% tile util      |            6                |
|     Top 1% tile avg util  |       15.47%                |
|     Over 100% util #tile  |            0                |
-----------------------------------------------------------
Report place stage QoR done.

PHY-1001 : End Stage 4 | Optimize Design; Time: 0.094009s wall, 0.093750s user + 0.000000s system = 0.093750s CPU (99.7%); Memory(MB): used = 407, reserved = 396, peak = 407;

PHY-1001 : Stage 5 | DRC Check
PHY-1001 : Stage 5.1 | Slice Attributes Check
PHY-1001 : Check pass.
PHY-1001 : End Stage 5.1 | Slice Attributes Check; Time: 0.000709s wall, 0.000000s user + 0.000000s system = 0.000000s CPU (n/a%); Memory(MB): used = 407, reserved = 396, peak = 407;

PHY-1001 : Stage 5.2 | Clock Bound Check
PHY-1001 : Check pass.
PHY-1001 : End Stage 5.2 | Clock Bound Check; Time: 0.000031s wall, 0.000000s user + 0.000000s system = 0.000000s CPU (n/a%); Memory(MB): used = 407, reserved = 396, peak = 407;

PHY-1001 : Stage 5.3 | Force Route Constraint Check
PHY-1001 : Check Pass.
PHY-1001 : End Stage 5.3 | Force Route Constraint Check; Time: 0.000044s wall, 0.000000s user + 0.000000s system = 0.000000s CPU (n/a%); Memory(MB): used = 407, reserved = 396, peak = 407;

PHY-1001 : Stage 5.4 | Sigmap Check
PHY-1001 : Check pass.
PHY-1001 : End Stage 5.4 | Sigmap Check; Time: 0.000461s wall, 0.000000s user + 0.000000s system = 0.000000s CPU (n/a%); Memory(MB): used = 407, reserved = 396, peak = 407;

PHY-1001 : Stage 5.5 | Duplicated SelfDriven Check
PHY-1001 : Check pass.
PHY-1001 : End Stage 5.5 | Duplicated SelfDriven Check; Time: 0.004778s wall, 0.015625s user + 0.000000s system = 0.015625s CPU (327.0%); Memory(MB): used = 407, reserved = 396, peak = 407;

PHY-1001 : Stage 5.6 | Clock Rule Check
PHY-1001 : End Stage 5.6 | Clock Rule Check; Time: 0.001164s wall, 0.000000s user + 0.000000s system = 0.000000s CPU (n/a%); Memory(MB): used = 407, reserved = 396, peak = 407;

PHY-1001 : End Stage 5 | DRC Check; Time: 0.023176s wall, 0.031250s user + 0.000000s system = 0.031250s CPU (134.8%); Memory(MB): used = 407, reserved = 396, peak = 407;

OPT-1001 : QoR tracer report on placement steps:
    SWNS [   incr ]    STNS [   incr ]    FEPS [   incr ]    CRIT [   incr ]      CELL [     incr ]        WL [     incr ]    CONG [   incr ]    PDES [   incr ]   RT(s) [   incr ]   MEM(mb) [     incr ]
       0 [      0 ]       0 [      0 ]       0 [      0 ]       0 [      0 ]       342 [        0 ]         0 [        0 ]    0.00 [   0.00 ]       0 [      0 ]       0 [      0 ]       334 [        0 ] : preplace:simplify_lut
       0 [      0 ]       0 [      0 ]       0 [      0 ]       0 [      0 ]       342 [        0 ]         0 [        0 ]    0.00 [   0.00 ]       0 [      0 ]       0 [      0 ]       334 [        0 ] : preplace:sweep
       0 [      0 ]       0 [      0 ]       0 [      0 ]       0 [      0 ]       342 [        0 ]         0 [        0 ]    0.00 [   0.00 ]       0 [      0 ]       0 [      0 ]       337 [        3 ] : preplace:lut_merge
       0 [      0 ]       0 [      0 ]       0 [      0 ]       0 [      0 ]       342 [        0 ]         0 [        0 ]    0.00 [   0.00 ]       0 [      0 ]       0 [      0 ]       337 [        0 ] : preplace:hfn_opt
   -1126 [  -1126 ]   -7430 [  -7430 ]       8 [      8 ]    1447 [   1447 ]       343 [        1 ]     16090 [    16090 ]    0.00 [   0.00 ]       0 [      0 ]       0 [      0 ]       339 [        2 ] : step1_gp
   -1126 [      0 ]   -7430 [      0 ]       8 [      0 ]    1447 [      0 ]       343 [        0 ]     16090 [        0 ]    0.00 [   0.00 ]       0 [      0 ]       0 [      0 ]       339 [        0 ] : step1_legal
   -1126 [      0 ]   -7430 [      0 ]       8 [      0 ]    1447 [      0 ]       343 [        0 ]     16090 [        0 ]    0.00 [   0.00 ]       0 [      0 ]       0 [      0 ]       339 [        0 ] : step1_dp
      83 [   1209 ]       0 [   7430 ]       0 [     -8 ]    1401 [    -46 ]       343 [        0 ]     10318 [    -5772 ]   18.18 [  18.18 ]       0 [      0 ]       0 [      0 ]       374 [       35 ] : step2_gp
      83 [      0 ]       0 [      0 ]       0 [      0 ]    1401 [      0 ]       343 [        0 ]     10318 [        0 ]   18.18 [   0.00 ]       0 [      0 ]       0 [      0 ]       374 [        0 ] : step2_dp
      83 [      0 ]       0 [      0 ]       0 [      0 ]    1401 [      0 ]       343 [        0 ]     10318 [        0 ]   18.18 [   0.00 ]       0 [      0 ]       0 [      0 ]       375 [        1 ] : prepack_spreading
     602 [    519 ]       0 [      0 ]       0 [      0 ]    1353 [    -48 ]       346 [        3 ]      9069 [    -1249 ]   20.05 [   1.87 ]       0 [      0 ]       1 [      1 ]       376 [        1 ] : prepack:hfn_opt
     612 [     10 ]       0 [      0 ]       0 [      0 ]    1353 [      0 ]       346 [        0 ]      9069 [        0 ]   12.42 [  -7.63 ]       0 [      0 ]       1 [      0 ]       376 [        0 ] : prepack:global_opt
     852 [    240 ]       0 [      0 ]       0 [      0 ]    1608 [    255 ]       181 [     -165 ]     16718 [     7649 ]   13.05 [   0.63 ]       0 [      0 ]       2 [      1 ]       393 [       17 ] : direct_legalization
     852 [      0 ]       0 [      0 ]       0 [      0 ]    1608 [      0 ]       181 [        0 ]     16718 [        0 ]   13.05 [   0.00 ]       0 [      0 ]       2 [      0 ]       393 [        0 ] : post_pack_spreading
     939 [     87 ]       0 [      0 ]       0 [      0 ]    1748 [    140 ]       181 [        0 ]     11146 [    -5572 ]   16.29 [   3.24 ]       0 [      0 ]       2 [      0 ]       393 [        0 ] : post_pack_dp
     939 [      0 ]       0 [      0 ]       0 [      0 ]    1748 [      0 ]       181 [        0 ]     11122 [      -24 ]   16.29 [   0.00 ]       0 [      0 ]       2 [      0 ]       393 [        0 ] : postpack:optimize_equivalent_quick
     939 [      0 ]       0 [      0 ]       0 [      0 ]    1748 [      0 ]       181 [        0 ]     11122 [        0 ]   16.29 [   0.00 ]       0 [      0 ]       2 [      0 ]       393 [        0 ] : postpack:hfn_opt
     939 [      0 ]       0 [      0 ]       0 [      0 ]    1748 [      0 ]       182 [        1 ]     11418 [      296 ]   15.84 [  -0.45 ]       0 [      0 ]       2 [      0 ]       393 [        0 ] : postpack:path_opt
     939 [      0 ]       0 [      0 ]       0 [      0 ]    1748 [      0 ]       182 [        0 ]     11418 [        0 ]   15.84 [   0.00 ]       0 [      0 ]       2 [      0 ]       394 [        1 ] : postpack:optimize_equivalent
     939 [      0 ]       0 [      0 ]       0 [      0 ]    1748 [      0 ]       182 [        0 ]     11418 [        0 ]   15.84 [   0.00 ]       0 [      0 ]       2 [      0 ]       394 [        0 ] : postpack:pin_opt
     939 [      0 ]       0 [      0 ]       0 [      0 ]    1748 [      0 ]       182 [        0 ]     11924 [      506 ]   15.84 [   0.00 ]       0 [      0 ]       2 [      0 ]       406 [       12 ] : postpack:beeline_opt

RUN-1003 : finish command "place" in  2.820175s wall, 16.359375s user + 1.625000s system = 17.984375s CPU (637.7%)

RUN-1004 : used memory is 407 MB, reserved memory is 396 MB, peak memory is 407 MB
RUN-1002 : start command "update_timing -mode manhattan"
RUN-1002 : start command "start_timer"
RUN-1002 : start command "report_timing_status -file dual_mode_place.ts"
RUN-1002 : start command "report_timing_summary -file dual_mode_place.timing"
RUN-1002 : start command "report_area -io_info -file dual_mode_phy.area"
SYN-4034 : The count of slices with lut is 114.
SYN-4035 : The count of slices with lut+ripple is 33.
RUN-1001 : standard
***Report Model: dual_mode_top Device: PH1P35MDG324***

Design Statistics
#IO                         7   out of    160    4.38%
  #input                    3
  #output                   4
  #inout                    0
#lut6                     147   out of  21216    0.69%
#reg                      129
  #slice reg              129   out of  42432    0.30%
  #pad reg                  0

Utilization Statistics
#slice                    163   out of  21216    0.77%
  #used ram                 0
    #dram lut               0
    #shifter lut            0
  #used logic             163
    #with luts            114
    #with adder            33
    #reg only              16
#f7mux                      0   out of  10608    0.00%
#f8mux                      0   out of   5304    0.00%
#eram                       0   out of    108    0.00%
  #eram20k                  0
  #fifo20k                  0
#dsp                        0   out of     40    0.00%
#ddr_byte                   0   out of     12    0.00%
#mipi_tx                    0   out of      2    0.00%
#mipi_rx                    0   out of      2    0.00%
#pad                       11   out of    160    6.88%
#pll                        2   out of      6   33.33%
#gclk                       3   out of     32    9.38%
#lclk                       0   out of     12    0.00%
#sclk                       0   out of     48    0.00%
#mlclk                      0   out of      6    0.00%
#ioclk                      0   out of     18    0.00%

RUN-1002 : start command "flow_status -file place_flow.status"
Location         : C:\Users\Li47\Desktop\aa\native_e_dual_r2_20261010\td_project\dual_mode_Runs\phy_1
Running with     : Tang Dynasty v6.2.178840
                   Copyright (c) 2012-2025 Anlogic Inc.
Top Model        : dual_mode_top
Device           : PH1P35MDG324
Speed            : 3

Timing Mode      : manhattan
Setup            : WNS   939ps  TNS        0ps  NUM_FEPS     0
Hold             : WNS    48ps  TNS        0ps  NUM_FEPS     0

Flow Statistics  :
RUN-1001 : Flow Statistics:
RUN-1001 : --------------------------------------------------------------------------------------------------
RUN-1001 :      command     |  #calls  |  wall time  |  cpu time(s)  |  used memory(mb)  |  peak memory(mb)  
RUN-1001 : --------------------------------------------------------------------------------------------------
RUN-1001 :       place      |    1     |   2s(66%)   |    17(94%)    |        407        |        407        
RUN-1001 :   import_device  |    1     |   1s(33%)   |     1(5%)     |        332        |        332        
RUN-1001 :     import_db    |    1     |   0s(0%)    |     0(0%)     |        334        |        334        
RUN-1001 : --------------------------------------------------------------------------------------------------
RUN-1001 :       total      |    3     |     3s      |      18       |        407        |        407        
RUN-1001 : --------------------------------------------------------------------------------------------------
RUN-1002 : start command "report_clock_utilization -file place_clock_utilization.txt"
RUN-1002 : start command "export_db dual_mode_place.db"
RUN-1001 : Exported flow parameters
RUN-1001 : Exported /
RUN-1001 : Exported libs
RUN-1001 : Exported entities
RUN-1001 : Exported ports
RUN-1001 : Exported pins
RUN-1001 : Exported instances
RUN-1001 : Exported nets
RUN-1001 : Exported buses
RUN-1001 : Exported models
RUN-1001 : Exported phy database
RUN-1001 : Exported packer
RUN-1001 : Exported congestions
RUN-1001 : Exported violations
RUN-1001 : Exported ATMR Setting
RUN-1001 : Exported timing constraints
RUN-1001 : Exported IO constraints
RUN-1001 : Exported Inst constraints
RUN-1001 : Exported ChipWatcher
RUN-1002 : start command "commit_param -step route"
RUN-1001 : Print Global Property
RUN-1001 : -------------------------------------------------------------
RUN-1001 :     Parameters    |   Settings   |  Default Values  |  Note  
RUN-1001 : -------------------------------------------------------------
RUN-1001 :    enable_seed    |     off      |       off        |        
RUN-1001 :    hfn_to_clock   |  1000000000  |    1000000000    |        
RUN-1001 :      message      |   standard   |     standard     |        
RUN-1001 :    qor_monitor    |      on      |        on        |        
RUN-1001 :   speedup_effort  |      0       |        0         |        
RUN-1001 :    syn_ip_flow    |     off      |       off        |        
RUN-1001 :       thread      |     auto     |       auto       |        
RUN-1001 : -------------------------------------------------------------
RUN-1001 : Print Route Property
RUN-1001 : ---------------------------------------------------------------
RUN-1001 :       Parameters      |  Settings  |  Default Values  |  Note  
RUN-1001 : ---------------------------------------------------------------
RUN-1001 :         effort        |   normal   |      normal      |        
RUN-1001 :        fix_hold       |     on     |        on        |        
RUN-1001 :   hold_fix_iteration  |     5      |        5         |        
RUN-1001 :     post_route_opt    |    auto    |       auto       |        
RUN-1001 :         timing        |     on     |        on        |        
RUN-1001 : ---------------------------------------------------------------
RUN-1002 : start command "route"
RUN-1001 : Open license file D:/td6.2.1/license/Anlogic.lic
PHY-1001 : Reconnected 2 VDD pins with routing demanding
PHY-1001 : Populate physical database on model dual_mode_top.
RUN-1001 : Dedicate pll clock connection statistics:
RUN-1001 : Clock Region s_0_l [0,0][23,39]; Utilization: 1 out of 12
RUN-1001 : ----------------------------------------------------------------------------------------------------------------------------------------------------------
RUN-1001 :   Index  |                         Leading Clock                          |                                 Special Sink                                  
RUN-1001 : ----------------------------------------------------------------------------------------------------------------------------------------------------------
RUN-1001 :     1    |  u_pll/u_output/ph1p_phy_pll_wrapper_25a56e5ce2f9_Inst/refclk  |  u_pll/u_output/ph1p_phy_pll_wrapper_25a56e5ce2f9_Inst/u_PH1P_PHY_PLL.refclk  
RUN-1001 : ----------------------------------------------------------------------------------------------------------------------------------------------------------
PHY-1001 : Working orders of clock nets being processed in bank assignment:
PHY-1001 : u_pll/u_output/ph1p_phy_pll_wrapper_25a56e5ce2f9_Inst/refclk;
PHY-1001 : pixel;
PHY-1001 : u_phy/u0_lane_lvds_8_1/I_serial_clk_syn_1;
PHY-1001 : Internal bound Intnl_25_40_19_40 is being created by clock u_pll/u_output/ph1p_phy_pll_wrapper_25a56e5ce2f9_Inst/u_PH1P_PHY_PLL.clkc[0] through SCLK.
RUN-1001 : Clock region assignment statistics:
RUN-1001 : Clock Region s_0_l [0,0][23,39]; Utilization: 1 out of 12
RUN-1001 : ----------------------------------------------------------------------------------------------------------------------------------------------------------------------------------
RUN-1001 :   Bank  |                         Leading Clock                          |       Type        |                         Buffer                          |  Regional Clock Fanouts  
RUN-1001 : ----------------------------------------------------------------------------------------------------------------------------------------------------------------------------------
RUN-1001 :    1    |  u_pll/u_output/ph1p_phy_pll_wrapper_25a56e5ce2f9_Inst/refclk  |  (infered sclk)   |  u_pll/u_ref/bufg_feedback_auto_created_sclk_s_0_l_bk1  |            1             
RUN-1001 : ----------------------------------------------------------------------------------------------------------------------------------------------------------------------------------
RUN-1001 : Clock Region s_1_r [24,40][43,79]; Utilization: 2 out of 12
RUN-1001 : ------------------------------------------------------------------------------------------------------------------------------------------------------------------------------------------
RUN-1001 :   Bank  |                Leading Clock                |       Type        |                                       Buffer                                       |  Regional Clock Fanouts  
RUN-1001 : ------------------------------------------------------------------------------------------------------------------------------------------------------------------------------------------
RUN-1001 :    1    |                    pixel                    |  (infered sclk)   |              u_pll/u_output/bufg_feedback_auto_created_sclk_s_1_r_bk1              |            53            
RUN-1001 :    2    |  u_phy/u0_lane_lvds_8_1/I_serial_clk_syn_1  |  (infered sclk)   |  u_phy/u0_lane_lvds_8_1/I_serial_clk_created_gclkinst_auto_created_sclk_s_1_r_bk2  |            39            
RUN-1001 : ------------------------------------------------------------------------------------------------------------------------------------------------------------------------------------------
PHY-1001 : Populate physical database on model dual_mode_top.
PHY-1001 : Route runs in 20 thread(s)
RUN-1001 : There are total 203 instances
RUN-1001 : 0 mslices, 163 lslices, 8 pads, 0 brams, 0 dsps
RUN-1001 : There are total 323 nets
RUN-1001 : 224 nets have 2 pins
RUN-1001 : 56 nets have [3 - 5] pins
RUN-1001 : 22 nets have [6 - 10] pins
RUN-1001 : 11 nets have [11 - 20] pins
RUN-1001 : 10 nets have [21 - 99] pins
RUN-1002 : start command "start_timer"
PHY-1001 : 0 mslices, 163 lslices, 8 pads, 0 brams, 0 dsps

PHY-1001 : Stage 1 | Global Routing
PHY-1001 : Start global routing, caller is route ...
RUN-1001 : Generating global routing grids ...
PHY-1001 : Generate routing nets ...
RUN-1001 : Generate nets statistics:
RUN-1001 : ---------------------------
RUN-1001 :        Type       |  Nets  
RUN-1001 : ---------------------------
RUN-1001 :   TotalRouteNets  |  224   
RUN-1001 :   DontRouteNets   |   82   
RUN-1001 :     RouteNets     |  142   
RUN-1001 :     RouteSinks    |  292   
RUN-1001 : ---------------------------
PHY-1001 : Global iterations in 20 thread ...
PHY-1002 : len = 13200, over cnt = 14(0%), over = 26, worst = 4
PHY-1002 : len = 13648, over cnt = 5(0%), over = 5, worst = 1
PHY-1002 : len = 13776, over cnt = 0(0%), over = 0, worst = 0
PHY-1001 : End global iterations;  0.015637s wall, 0.015625s user + 0.000000s system = 0.015625s CPU (99.9%)

PHY-1001 : Congestion index:
PHY-1001 : top1  = 16.49(S 7.48, N 8.51, E 13.90, W 7.92, I 14.42, O 16.69)
PHY-1001 : top5  = 5.03(S 1.73, N 2.26, E 3.58, W 1.73, I 2.89, O 3.45)
PHY-1001 : top10 = 2.51(S 0.87, N 1.13, E 1.79, W 0.87, I 1.45, O 1.73)
PHY-1001 : top15 = 1.68(S 0.58, N 0.75, E 1.19, W 0.58, I 0.96, O 1.15)
PHY-1001 : End global routing;  0.039858s wall, 0.046875s user + 0.000000s system = 0.046875s CPU (117.6%)

PHY-1001 : End Stage 1 | Global Routing; Time: 0.039907s wall, 0.046875s user + 0.000000s system = 0.046875s CPU (117.5%); Memory(MB): used = 410, reserved = 525, peak = 410;

PHY-1001 : Stage 2 | Detail Routing
PHY-1001 : Stage 2.1 | Build Routing Design
PHY-1001 : Routing in high effort: false
PHY-1001 : Routing Mode: normal
PHY-1001 : Generate detailed routing grids ...
RUN-1001 : Constructing routing connections ...
PHY-1001 : End build routing graph; 2.132670s wall, 14.515625s user + 0.093750s system = 14.609375s CPU (685.0%)

PHY-1001 : Generate nets ...
RUN-1001 : Generate nets statistics:
RUN-1001 : -----------------------------
RUN-1001 :         Type        |  Nets  
RUN-1001 : -----------------------------
RUN-1001 :        Route        |  241   
RUN-1001 :      DontRoute      |   82   
RUN-1001 :      RouteSinks     |  848   
RUN-1001 :   RouteEntitySinks  |   0    
RUN-1001 :       Lut2Dff       |   0    
RUN-1001 :       Ram2Dff       |   0    
RUN-1001 :      Carry2Dff      |   0    
RUN-1001 : -----------------------------
RUN-1001 : DR clock net summary:
RUN-1001 : -------------------------------------------------------------------------------------------
RUN-1001 :   Net Idx  |                            Net Name                            |  Clock Type  
RUN-1001 : -------------------------------------------------------------------------------------------
RUN-1001 :      1     |                        I_sys_clk_dup_1                         |    Normal    
RUN-1001 :      2     |                             pixel                              |    Normal    
RUN-1001 :      3     |              u_phy/u0_lane_lvds_8_1/I_serial_clk               |    Normal    
RUN-1001 :      4     |           u_phy/u0_lane_lvds_8_1/I_serial_clk_syn_1            |    Normal    
RUN-1001 :      5     |                    u_pll/u_output/clk0_buf                     |    Normal    
RUN-1001 :      6     |  u_pll/u_output/ph1p_phy_pll_wrapper_25a56e5ce2f9_Inst/refclk  |    Normal    
RUN-1001 :      7     |                      u_pll/u_ref/clk0_buf                      |    Normal    
RUN-1001 : -------------------------------------------------------------------------------------------
RUN-1001 : DR clock buffer summary:
RUN-1001 : --------------------------------------------------------------------------------------------
RUN-1001 :   Idx  |                                        Name                                        
RUN-1001 : --------------------------------------------------------------------------------------------
RUN-1001 :    1   |               u_pll/u_ref/bufg_feedback_auto_created_sclk_s_0_l_bk1                
RUN-1001 :    2   |              u_pll/u_output/bufg_feedback_auto_created_sclk_s_1_r_bk1              
RUN-1001 :    3   |  u_phy/u0_lane_lvds_8_1/I_serial_clk_created_gclkinst_auto_created_sclk_s_1_r_bk2  
RUN-1001 : --------------------------------------------------------------------------------------------
PHY-1001 : End Stage 2.1 | Build Routing Design; Time: 2.140981s wall, 14.515625s user + 0.093750s system = 14.609375s CPU (682.4%); Memory(MB): used = 703, reserved = 691, peak = 703;

RUN-1001 : Top Percentage Crit. Net Stat.
RUN-1001 : -------------------------------------------------------
RUN-1001 :   Top %  |  Net Count  |  Avg. Fanout  |  Avg. Slack   
RUN-1001 : -------------------------------------------------------
RUN-1001 :     1    |      3      |   2.000000    |  1124.000000  
RUN-1001 :     2    |      6      |   2.333333    |  1346.500000  
RUN-1001 :     3    |      9      |   4.111111    |  1431.666667  
RUN-1001 :     4    |     12      |   3.583333    |  1484.666667  
RUN-1001 :     5    |     16      |   2.937500    |  1546.000000  
RUN-1001 :     6    |     19      |   2.631579    |  1579.526316  
RUN-1001 :     7    |     22      |   2.636364    |  1606.272727  
RUN-1001 :     8    |     25      |   2.440000    |  1630.440000  
RUN-1001 :     9    |     29      |   2.241379    |  1660.103448  
RUN-1001 :    10    |     32      |   2.125000    |  1681.375000  
RUN-1001 : -------------------------------------------------------
PHY-1001 : Stage 2.2 | Tile Base Routing
PHY-1001 : 7 nets need to preroute.
PHY-1001 : len = 0, over cnt = 0(0%), over = 0, worst = 0, crit = 0
PHY-1001 : End Stage 2.2 | Tile Base Routing; Time: 0.016774s wall, 0.015625s user + 0.000000s system = 0.015625s CPU (93.2%); Memory(MB): used = 704, reserved = 691, peak = 704;

PHY-1001 : Stage 2.3 | Clock Nets Routing
PHY-1001 : Routed 3% nets.
PHY-1001 : len = 15616, over cnt = 0(0%), over = 0, worst = 0, crit = 0
PHY-1001 : End Stage 2.3 | Clock Nets Routing; Time: 0.047978s wall, 0.046875s user + 0.000000s system = 0.046875s CPU (97.7%); Memory(MB): used = 709, reserved = 696, peak = 709;

PHY-1001 : Stage 2.4 | Routing Initialization
PHY-1001 : Mark 1% net(place mode slack < 1569ps) as critical nets.
PHY-1001 : Stage 2.4.1 | Normal Nets Routing
PHY-1001 : Routed 72% nets.
PHY-1001 : len = 34208, over cnt = 61(0%), over = 61, worst = 1, crit = 0
PHY-1001 : End Stage 2.4.1 | Normal Nets Routing; Time: 0.115816s wall, 0.093750s user + 0.000000s system = 0.093750s CPU (80.9%); Memory(MB): used = 727, reserved = 715, peak = 727;

PHY-1001 : Stage 2.4.2 | Update Timing
RUN-1002 : start command "start_timer"
PHY-1001 : 0/224(0%) critical/total net(s).
PHY-1001 : Setup: WNS(ns) = 0.438, TNS(ns) = 0.000, FEP = 0 | Hold: WNS(ns) = -0.101, TNS(ns) = -0.431, FEP = 8.
PHY-1001 : End Stage 2.4.2 | Update Timing; Time: 0.131401s wall, 0.140625s user + 0.000000s system = 0.140625s CPU (107.0%); Memory(MB): used = 727, reserved = 715, peak = 727;

PHY-1001 : Stage 2.4.3 | Deskew Clock Tree
PHY-1001 : 0/224(0%) critical/total net(s).
PHY-1001 : Setup: WNS(ns) = 0.438, TNS(ns) = 0.000, FEP = 0 | Hold: WNS(ns) = -0.101, TNS(ns) = -0.431, FEP = 8.
PHY-1001 : End Stage 2.4.3 | Deskew Clock Tree; Time: 0.114248s wall, 0.109375s user + 0.000000s system = 0.109375s CPU (95.7%); Memory(MB): used = 727, reserved = 715, peak = 727;

PHY-1001 : End Stage 2.4 | Routing Initialization; Time: 0.367157s wall, 0.359375s user + 0.000000s system = 0.359375s CPU (97.9%); Memory(MB): used = 727, reserved = 715, peak = 727;

PHY-1001 : Stage 2.5 | Routing Optimization
PHY-1001 : Build lut bridge;  0.030550s wall, 0.031250s user + 0.000000s system = 0.031250s CPU (102.3%)

PHY-1001 : Stage 2.5.1 | Phase 1
PHY-1001 : Stage 2.5.1.1 | Hold TimeOptimization
PHY-1001 : Iter 0; Processed 11 pins with HWNS -0.101ns HTNS -0.183ns FEP 3 took 0.0115389 seconds.
PHY-1001 : Iter 1; Processed 14 pins with HWNS 0.024ns HTNS 0.000ns FEP 0 took 0.0179024 seconds.
PHY-1001 : len = 35360, over cnt = 60(0%), over = 60, worst = 1, crit = 0
PHY-1001 : End Stage 2.5.1.1 | Hold TimeOptimization; Time: 0.036958s wall, 0.031250s user + 0.000000s system = 0.031250s CPU (84.6%); Memory(MB): used = 766, reserved = 754, peak = 766;

PHY-1001 : Stage 2.5.1.2 | High Fanout Nets Optimization
PHY-1001 : High fanout net optimize summary:
PHY-1001 : Process 1 nets and 1 pins with SWNS 0.151ns STNS 0.000ns FEP 0.
PHY-1001 : len = 35312, over cnt = 60(0%), over = 60, worst = 1, crit = 0
PHY-1001 : End Stage 2.5.1.2 | High Fanout Nets Optimization; Time: 0.009199s wall, 0.000000s user + 0.000000s system = 0.000000s CPU (n/a%); Memory(MB): used = 766, reserved = 754, peak = 766;

PHY-1001 : Stage 2.5.1.3 | Setup TimeOptimization
PHY-1001 : len = 35312, over cnt = 60(0%), over = 60, worst = 1, crit = 0
PHY-1001 : End Stage 2.5.1.3 | Setup TimeOptimization; Time: 0.008045s wall, 0.015625s user + 0.000000s system = 0.015625s CPU (194.2%); Memory(MB): used = 766, reserved = 754, peak = 766;

PHY-1001 : Stage 2.5.1.4 | Rip-up And ReRoute
PHY-0007 : Congestion: {22.38, 6.54, 3.27, 2.18}; Timing: {0.151ns, 0.000ns, 0}
PHY-1001 : Iter 1: len = 35664, over cnt = 21(0%), over = 21, worst = 1, crit = 0, time(s) = 0.03
PHY-1001 : Iter 2: len = 35616, over cnt = 15(0%), over = 15, worst = 1, crit = 0, time(s) = 0.02
PHY-1001 : Iter 3: len = 35568, over cnt = 14(0%), over = 14, worst = 1, crit = 0, time(s) = 0.02
PHY-1001 : Iter 4: len = 35792, over cnt = 3(0%), over = 3, worst = 1, crit = 0, time(s) = 0.02
PHY-1001 : Iter 5: len = 35792, over cnt = 3(0%), over = 3, worst = 1, crit = 0, time(s) = 0.02
PHY-1001 : Iter 6: len = 35792, over cnt = 3(0%), over = 3, worst = 1, crit = 0, time(s) = 0.02
PHY-1001 : Iter 7: len = 35792, over cnt = 3(0%), over = 3, worst = 1, crit = 0, time(s) = 0.02
PHY-1001 : Iter 8: len = 35968, over cnt = 0(0%), over = 0, worst = 0, crit = 0, time(s) = 0.02
PHY-1001 : Commit 231 pin swap with 0 error; 0.027992s wall, 0.031250s user + 0.000000s system = 0.031250s CPU (111.6%)

PHY-1001 : Update congestion ...
PHY-1001 : Congestion index:
PHY-1001 : top1  = 23.46(S 12.53, N 13.57, E 17.11, W 13.21, I 14.42, O 16.69)
PHY-1001 : top5  = 6.99(S 2.85, N 3.27, E 4.13, W 2.64, I 2.89, O 3.45)
PHY-1001 : top10 = 3.50(S 1.42, N 1.64, E 2.07, W 1.32, I 1.45, O 1.73)
PHY-1001 : top15 = 2.33(S 0.95, N 1.09, E 1.38, W 0.88, I 0.96, O 1.15)
PHY-1001 : End update congestion; 0.010920s wall, 0.015625s user + 0.000000s system = 0.015625s CPU (143.1%)

PHY-1001 : End Stage 2.5.1.4 | Rip-up And ReRoute; Time: 0.261887s wall, 0.296875s user + 0.000000s system = 0.296875s CPU (113.4%); Memory(MB): used = 769, reserved = 756, peak = 769;

PHY-1001 : Stage 2.5.1.5 | Update Timing
RUN-1002 : start command "start_timer"
PHY-1001 : 0/224(0%) critical/total net(s).
PHY-1001 : Setup: WNS(ns) = 0.151, TNS(ns) = 0.000, FEP = 0 | Hold: WNS(ns) = -0.097, TNS(ns) = -0.280, FEP = 5.
PHY-1001 : End Stage 2.5.1.5 | Update Timing; Time: 0.121895s wall, 0.109375s user + 0.000000s system = 0.109375s CPU (89.7%); Memory(MB): used = 769, reserved = 756, peak = 769;

PHY-1001 : Stage 2.5.1.6 | Commit Data
PHY-1001 : Commit better result to database ...
PHY-1001 : End Stage 2.5.1.6 | Commit Data; Time: 0.000553s wall, 0.000000s user + 0.000000s system = 0.000000s CPU (n/a%); Memory(MB): used = 769, reserved = 756, peak = 769;

PHY-1001 : End Stage 2.5.1 | Phase 1; Time: 0.540053s wall, 0.546875s user + 0.000000s system = 0.546875s CPU (101.3%); Memory(MB): used = 769, reserved = 756, peak = 769;

PHY-1001 : End Stage 2.5 | Routing Optimization; Time: 0.669408s wall, 0.671875s user + 0.000000s system = 0.671875s CPU (100.4%); Memory(MB): used = 769, reserved = 756, peak = 769;

PHY-1001 : Stage 2.6 | Multi-try route Optimization
PHY-1001 : End Stage 2.6 | Multi-try route Optimization; Time: 0.000221s wall, 0.000000s user + 0.000000s system = 0.000000s CPU (n/a%); Memory(MB): used = 769, reserved = 756, peak = 769;

PHY-1003 : Routed, final wirelength = 35968
RUN-1001 : Clock region assignment statistics:
PHY-1001 : Sector 0, clock routing of x0y19_clk_auto_gnd.fbclk[0,39] is not in assigned region.
RUN-1001 : Clock Region s_0_l [0,0][23,39]; Utilization: 2 out of 12
RUN-1001 : -------------------------------------------------------------------------------------------------------------------------------------------------------------------------------------------------------------------------------------------
RUN-1001 :   Bank  |                         Assigned Clock                         |                          Route Clock                           |  Marking  |                         Buffer                          |  Regional Clock Fanouts  
RUN-1001 : -------------------------------------------------------------------------------------------------------------------------------------------------------------------------------------------------------------------------------------------
RUN-1001 :    1    |  u_pll/u_output/ph1p_phy_pll_wrapper_25a56e5ce2f9_Inst/refclk  |  u_pll/u_output/ph1p_phy_pll_wrapper_25a56e5ce2f9_Inst/refclk  |           |  u_pll/u_ref/bufg_feedback_auto_created_sclk_s_0_l_bk1  |            1             
RUN-1001 :    2    |                               -                                |                       x0y19_clk_auto_gnd                       |     +     |                            -                            |            0             
RUN-1001 : -------------------------------------------------------------------------------------------------------------------------------------------------------------------------------------------------------------------------------------------
PHY-1001 : Sector 3, clock routing of x43y59_clk_auto_gnd.fbclk[43,79] is not in assigned region.
RUN-1001 : Clock Region s_1_r [24,40][43,79]; Utilization: 3 out of 12
RUN-1001 : --------------------------------------------------------------------------------------------------------------------------------------------------------------------------------------------------------------------------------
RUN-1001 :   Bank  |               Assigned Clock                |                 Route Clock                 |  Marking  |                                       Buffer                                       |  Regional Clock Fanouts  
RUN-1001 : --------------------------------------------------------------------------------------------------------------------------------------------------------------------------------------------------------------------------------
RUN-1001 :    1    |                    pixel                    |                    pixel                    |           |              u_pll/u_output/bufg_feedback_auto_created_sclk_s_1_r_bk1              |            53            
RUN-1001 :    2    |  u_phy/u0_lane_lvds_8_1/I_serial_clk_syn_1  |  u_phy/u0_lane_lvds_8_1/I_serial_clk_syn_1  |           |  u_phy/u0_lane_lvds_8_1/I_serial_clk_created_gclkinst_auto_created_sclk_s_1_r_bk2  |            39            
RUN-1001 :    12   |                      -                      |             x43y59_clk_auto_gnd             |     +     |                                         -                                          |            0             
RUN-1001 : --------------------------------------------------------------------------------------------------------------------------------------------------------------------------------------------------------------------------------
RUN-1002 : start command "export_db dual_mode_pr.db"
RUN-1001 : Exported flow parameters
RUN-1001 : Exported /
RUN-1001 : Exported libs
RUN-1001 : Exported entities
RUN-1001 : Exported ports
RUN-1001 : Exported pins
RUN-1001 : Exported instances
RUN-1001 : Exported nets
RUN-1001 : Exported buses
RUN-1001 : Exported models
RUN-1001 : Exported phy database
RUN-1001 : Exported packer
RUN-1001 : Exported congestions
RUN-1001 : Exported violations
RUN-1001 : Exported ATMR Setting
RUN-1001 : Exported timing constraints
RUN-1001 : Exported IO constraints
RUN-1001 : Exported Inst constraints
RUN-1001 : Exported ChipWatcher
PHY-1001 : Current memory(MB): used = 774, reserved = 894, peak = 774.
PHY-1001 : End export database. 0.079220s wall, 0.031250s user + 0.000000s system = 0.031250s CPU (39.4%)

PHY-1001 : End detail routing;  3.422423s wall, 15.734375s user + 0.093750s system = 15.828125s CPU (462.5%)

PHY-1001 : End Stage 2 | Detail Routing; Time: 3.423249s wall, 15.734375s user + 0.093750s system = 15.828125s CPU (462.4%); Memory(MB): used = 774, reserved = 894, peak = 774;

RUN-1002 : start command "fix_hold"

PHY-1001 : Stage 3 | Hold Fix
PHY-1001 : Stage 3.1 | Load Design Data
PHY-1034 : Refresh detailed routing grids ...
PHY-1001 : Generate nets ...
PHY-1001 : eco open net = 0
PHY-1001 : End Stage 3.1 | Load Design Data; Time: 0.021594s wall, 0.015625s user + 0.000000s system = 0.015625s CPU (72.4%); Memory(MB): used = 774, reserved = 894, peak = 774;

PHY-1001 : Stage 3.2 | Hold Fix Optimization
RUN-1002 : start command "start_timer"
PHY-1001 : Timing info: SWNS 0.151ns | STNS 0.000ns | HWNS -0.097ns | HTNS -0.280ns.
PHY-1001 : Processing hold violation on 5 end-point, worst slack = -97ps, best slack = -22ps.
PHY-1001 : End timing refresh.  0.118902s wall, 0.125000s user + 0.000000s system = 0.125000s CPU (105.1%)

PHY-1001 : Stage 3.2.1 | Phase 1
PHY-1001 : Stage 3.2.1.1 | Hold Fix By LutBridge
PHY-1030 : Failed to fix hold at end-point u_phy/u0_lane_lvds_8_1/S_shift_data_reg[7]_syn_2.id on net u_phy/u0_lane_lvds_8_1/I_data_in[7], recover it due to setup timing constraint.
PHY-1001 : len = 36000, over cnt = 0(0%), over = 0, worst = 0, crit = 0
PHY-1001 : Bridge count = 0; unresolved count = 0.
PHY-1001 : 1 out of 4 ((25.00)%) EP fixed by LB.
PHY-1001 : End Stage 3.2.1.1 | Hold Fix By LutBridge; Time: 0.010315s wall, 0.015625s user + 0.000000s system = 0.015625s CPU (151.5%); Memory(MB): used = 774, reserved = 894, peak = 774;

PHY-1001 : Timing info: SWNS 0.153ns | STNS 0.000ns | HWNS -0.041ns | HTNS -0.064ns.
PHY-1001 : Processing hold violation on 2 end-point, worst slack = -41ps, best slack = -41ps.
PHY-1001 : End timing refresh.  0.000332s wall, 0.000000s user + 0.000000s system = 0.000000s CPU (n/a%)

PHY-1001 : Stage 3.2.1.2 | Hold Fix By Pin
PHY-1001 : len = 36096, over cnt = 0(0%), over = 0, worst = 0, crit = 0
PHY-1001 : 1 out of 1 ((100.00)%) EP fixed by pin delay.
PHY-1001 : End Stage 3.2.1.2 | Hold Fix By Pin; Time: 0.008912s wall, 0.000000s user + 0.000000s system = 0.000000s CPU (n/a%); Memory(MB): used = 774, reserved = 894, peak = 774;

PHY-1001 : Timing info: SWNS 0.118ns | STNS 0.000ns | HWNS 0.029ns | HTNS 0.000ns.
PHY-1001 : End timing refresh.  0.000289s wall, 0.000000s user + 0.000000s system = 0.000000s CPU (n/a%)

PHY-1001 : End Stage 3.2.1 | Phase 1; Time: 0.020096s wall, 0.015625s user + 0.000000s system = 0.015625s CPU (77.8%); Memory(MB): used = 774, reserved = 894, peak = 774;

PHY-1001 : End Stage 3.2 | Hold Fix Optimization; Time: 0.139347s wall, 0.140625s user + 0.000000s system = 0.140625s CPU (100.9%); Memory(MB): used = 774, reserved = 894, peak = 774;

PHY-1001 : End Stage 3 | Hold Fix; Time: 0.178182s wall, 0.171875s user + 0.000000s system = 0.171875s CPU (96.5%); Memory(MB): used = 774, reserved = 894, peak = 774;

PHY-1001 : Stage 4 | Report Route Qor
RUN-1002 : start command "report_qor -step route -file route.qor"
RUN-1002 : start command "start_timer"
TMR-2502 : Net delay update with mode: Routed
-----------------------------------------------------------
| QoR metrics               |         value               |
-----------------------------------------------------------
| Timing                    |                             |
|     Setup WNS             |          118                |
|     Setup TNS             |            0                |
|     Num of violated S-EP  |            0                |
|     Hold WNS              |           29                |
|     Hold TNS              |            0                |
|     Num of violated H-EP  |            0                |
-----------------------------------------------------------
| Routing Resource          |                             |
|     Wire length           |        36096                |
-----------------------------------------------------------
| Utilization               |                             |
|     #slices               |          163                |
|     slices percentage     |        0.77%                |
|     #RAMs                 |            0                |
|     #DSPs                 |            0                |
|     #DRAMHARDCON          |            0                |
-----------------------------------------------------------
Report route stage QoR done.

RUN-1002 : start command "update_timing -mode final"
RUN-1002 : start command "start_timer"
RUN-1002 : start command "report_timing_summary -file final_timing.rpt"
OPT-1001 : QoR tracer report on route step:
    SWNS [   incr ]    STNS [   incr ]  S-FEPS [   incr ]    HWNS [   incr ]      HTNS [     incr ]    H-FEPS [     incr ]    CELL [   incr ]      WL [   incr ]   RT(s) [   incr ]   MEM(mb) [     incr ]
     438 [      0 ]       0 [      0 ]       0 [      0 ]    -101 [      0 ]      -431 [        0 ]         8 [        0 ]     203 [      0 ]   34208 [      0 ]       2 [      0 ]       727 [        0 ] : dr_initialization
     151 [   -287 ]       0 [      0 ]       0 [      0 ]     -97 [      4 ]      -194 [      237 ]         2 [       -6 ]     203 [      0 ]   35312 [   1104 ]       2 [      0 ]       766 [       39 ] : dr_timing_opt_phase1
     151 [      0 ]       0 [      0 ]       0 [      0 ]     -97 [      0 ]      -280 [      -86 ]         5 [        3 ]     203 [      0 ]   35968 [    656 ]       3 [      1 ]       769 [        3 ] : dr_opt_phase1
     151 [      0 ]       0 [      0 ]       0 [      0 ]     -97 [      0 ]      -280 [        0 ]         5 [        0 ]     203 [      0 ]   35968 [      0 ]       3 [      0 ]       769 [        0 ] : multi_try_opt
     118 [    -33 ]       0 [      0 ]       0 [      0 ]      29 [    126 ]         0 [      280 ]         0 [       -5 ]     203 [      0 ]   36096 [    128 ]       3 [      0 ]       774 [        5 ] : fix_hold_opt

PHY-1001 : End Stage 4 | Report Route Qor; Time: 0.251247s wall, 0.265625s user + 0.000000s system = 0.265625s CPU (105.7%); Memory(MB): used = 774, reserved = 894, peak = 774;

PHY-1001 : Stage 5 | Design Rule Check
PHY-1001 : Stage 5.1 | Check And Add Lut-bridge
PHY-1001 : End Stage 5.1 | Check And Add Lut-bridge; Time: 0.000614s wall, 0.000000s user + 0.000000s system = 0.000000s CPU (n/a%); Memory(MB): used = 774, reserved = 894, peak = 774;

PHY-1001 : Stage 5.2 | Lut Bridge Check
PHY-1001 : End Stage 5.2 | Lut Bridge Check; Time: 0.001283s wall, 0.000000s user + 0.000000s system = 0.000000s CPU (n/a%); Memory(MB): used = 774, reserved = 894, peak = 774;

PHY-1001 : Stage 5.3 | Pin swap Check
PHY-1001 : End Stage 5.3 | Pin swap Check; Time: 0.000164s wall, 0.000000s user + 0.000000s system = 0.000000s CPU (n/a%); Memory(MB): used = 774, reserved = 894, peak = 774;

PHY-1001 : Stage 5.4 | Physical Net Status Check
PHY-1001 : End Stage 5.4 | Physical Net Status Check; Time: 0.000230s wall, 0.000000s user + 0.000000s system = 0.000000s CPU (n/a%); Memory(MB): used = 774, reserved = 894, peak = 774;

PHY-1001 : Start multi-drive drc check......
PHY-1001 : No multi-drive.
PHY-1001 : Stage 5.5 | Clock Net Status Check
PHY-1001 : All clock nets do not utilize local routing resource.
PHY-1001 : End Stage 5.5 | Clock Net Status Check; Time: 0.000202s wall, 0.000000s user + 0.000000s system = 0.000000s CPU (n/a%); Memory(MB): used = 774, reserved = 894, peak = 774;

PHY-1001 : Stage 5.6 | Abnormal Timing Path check
PHY-1001 : No abnormal timing path.
PHY-1001 : End Stage 5.6 | Abnormal Timing Path check; Time: 0.001121s wall, 0.000000s user + 0.000000s system = 0.000000s CPU (n/a%); Memory(MB): used = 774, reserved = 894, peak = 774;

PHY-1001 : Stage 5.7 | Bound Check
PHY-1001 : Check Pass.
PHY-1001 : End Stage 5.7 | Bound Check; Time: 0.000069s wall, 0.000000s user + 0.000000s system = 0.000000s CPU (n/a%); Memory(MB): used = 774, reserved = 894, peak = 774;

PHY-1001 : End Stage 5 | Design Rule Check; Time: 0.011063s wall, 0.000000s user + 0.000000s system = 0.000000s CPU (n/a%); Memory(MB): used = 774, reserved = 894, peak = 774;

RUN-1003 : finish command "route" in  3.971885s wall, 16.265625s user + 0.093750s system = 16.359375s CPU (411.9%)

RUN-1004 : used memory is 774 MB, reserved memory is 894 MB, peak memory is 774 MB
RUN-1002 : start command "report_area -io_info -file dual_mode_phy.area"
SYN-4034 : The count of slices with lut is 114.
SYN-4035 : The count of slices with lut+ripple is 33.
RUN-1001 : standard
***Report Model: dual_mode_top Device: PH1P35MDG324***

Design Statistics
#IO                         7   out of    160    4.38%
  #input                    3
  #output                   4
  #inout                    0
#lut6                     147   out of  21216    0.69%
#reg                      129
  #slice reg              129   out of  42432    0.30%
  #pad reg                  0

Utilization Statistics
#slice                    163   out of  21216    0.77%
  #used ram                 0
    #dram lut               0
    #shifter lut            0
  #used logic             163
    #with luts            114
    #with adder            33
    #reg only              16
#feedthrough               16
#f7mux                      0   out of  10608    0.00%
#f8mux                      0   out of   5304    0.00%
#eram                       0   out of    108    0.00%
  #eram20k                  0
  #fifo20k                  0
#dsp                        0   out of     40    0.00%
#ddr_byte                   0   out of     12    0.00%
#mipi_tx                    0   out of      2    0.00%
#mipi_rx                    0   out of      2    0.00%
#pad                       11   out of    160    6.88%
#pll                        2   out of      6   33.33%
#gclk                       3   out of     32    9.38%
#lclk                       0   out of     12    0.00%
#sclk                       3   out of     48    6.25%
#mlclk                      0   out of      6    0.00%
#ioclk                      0   out of     18    0.00%


DataNet Average Fanout:

   Index     Fanout    Nets  
    #1         1       198   
    #2         2        35   
    #3         3        12   
    #4         4        7    
    #5        5-10      21   
    #6       11-50      10   
  Average     2.17           

RUN-1002 : start command "update_timing -mode final"
RUN-1002 : start command "start_timer"
RUN-1002 : start command "report_timing_status -file dual_mode_phy.ts"
RUN-1002 : start command "report_timing_summary -file dual_mode_pr.timing"
RUN-1002 : start command "report_timing_exception -file dual_mode_exception.timing"
RUN-1002 : start command "check_timing -verbose -file dual_mode_chk.timing"
RUN-1002 : start command "flow_status -file route_flow.status"
Location         : C:\Users\Li47\Desktop\aa\native_e_dual_r2_20261010\td_project\dual_mode_Runs\phy_1
Running with     : Tang Dynasty v6.2.178840
                   Copyright (c) 2012-2025 Anlogic Inc.
Top Model        : dual_mode_top
Device           : PH1P35MDG324
Speed            : 3

Timing Mode      : final
Setup            : WNS   118ps  TNS        0ps  NUM_FEPS     0
Hold             : WNS    29ps  TNS        0ps  NUM_FEPS     0

Flow Statistics  :
RUN-1001 : Flow Statistics:
RUN-1001 : --------------------------------------------------------------------------------------------------
RUN-1001 :      command     |  #calls  |  wall time  |  cpu time(s)  |  used memory(mb)  |  peak memory(mb)  
RUN-1001 : --------------------------------------------------------------------------------------------------
RUN-1001 :       route      |    1     |   3s(50%)   |    16(47%)    |        774        |        774        
RUN-1001 :       place      |    1     |   2s(33%)   |    17(50%)    |        407        |        407        
RUN-1001 :   import_device  |    1     |   1s(16%)   |     1(2%)     |        332        |        332        
RUN-1001 :     fix_hold     |    1     |   0s(0%)    |     0(0%)     |        774        |        774        
RUN-1001 :     import_db    |    1     |   0s(0%)    |     0(0%)     |        334        |        334        
RUN-1001 : --------------------------------------------------------------------------------------------------
RUN-1001 :       total      |    5     |     6s      |      34       |        774        |        774        
RUN-1001 : --------------------------------------------------------------------------------------------------
RUN-1002 : start command "report_clock_utilization -file route_clock_utilization.txt"
RUN-1002 : start command "export_db dual_mode_pr.db"
RUN-1001 : Exported flow parameters
RUN-1001 : Exported /
RUN-1001 : Exported libs
RUN-1001 : Exported entities
RUN-1001 : Exported ports
RUN-1001 : Exported pins
RUN-1001 : Exported instances
RUN-1001 : Exported nets
RUN-1001 : Exported buses
RUN-1001 : Exported models
RUN-1001 : Exported phy database
RUN-1001 : Exported packer
RUN-1001 : Exported congestions
RUN-1001 : Exported violations
RUN-1001 : Exported ATMR Setting
RUN-1001 : Exported timing constraints
RUN-1001 : Exported IO constraints
RUN-1001 : Exported Inst constraints
RUN-1001 : Exported ChipWatcher
RUN-1002 : start command "commit_param -step bitgen"
RUN-1001 : Print Global Property
RUN-1001 : -------------------------------------------------------------
RUN-1001 :     Parameters    |   Settings   |  Default Values  |  Note  
RUN-1001 : -------------------------------------------------------------
RUN-1001 :    enable_seed    |     off      |       off        |        
RUN-1001 :    hfn_to_clock   |  1000000000  |    1000000000    |        
RUN-1001 :      message      |   standard   |     standard     |        
RUN-1001 :    qor_monitor    |      on      |        on        |        
RUN-1001 :   speedup_effort  |      0       |        0         |        
RUN-1001 :    syn_ip_flow    |     off      |       off        |        
RUN-1001 :       thread      |     auto     |       auto       |        
RUN-1001 : -------------------------------------------------------------
RUN-1001 : Print Bitgen Property
RUN-1001 : -------------------------------------------------------------
RUN-1001 :      Parameters     |  Settings  |  Default Values  |  Note  
RUN-1001 : -------------------------------------------------------------
RUN-1001 :         bin         |    off     |       off        |        
RUN-1001 :       compress      |    off     |       off        |        
RUN-1001 :       gen_mask      |    off     |       off        |        
RUN-1001 :      max_stream     |     on     |        on        |        
RUN-1001 :      time_info      |     on     |        on        |        
RUN-1001 :   unused_io_status  |   pullup   |      pullup      |        
RUN-1001 :       version       |    0x00    |       0x00       |        
RUN-1001 : -------------------------------------------------------------
RUN-1002 : start command "bitgen -bit dual_mode.bit"
RUN-1002 : start command "export_bid dual_mode_inst.bid"
BIT-1003 : Start to generate bitstream. 
BIT-1002 : Bitgen processed 4 pll_pd instances.
BIT-1002 : Init instances with 20 threads.
BIT-1002 : Init instances completely, inst num: 205
BIT-1002 : Init pips with 20 threads.
BIT-1002 : Init pips completely, net num: 241, pip num: 2369
BIT-1002 : Init feedthrough with 20 threads.
BIT-1002 : Init feedthrough completely, num: 16
BIT-1003 : Multithreading accelaration with 20 threads.
BIT-1003 : Generate bitstream completely, there are 7571 bits set as '1'.
BIT-1004 : Generate file dual_mode.bit.
RUN-1002 : start command "setup_debugger"
RUN-1002 : start command "export_bitgen_param -file .bitgen_param.f"
RUN-1002 : start command "export_flow_status -s opt_place -e bitgen"
RUN-1002 : start command "flow_status"

Location         : C:\Users\Li47\Desktop\aa\native_e_dual_r2_20261010\td_project\dual_mode_Runs\phy_1
Running with     : Tang Dynasty v6.2.178840
                   Copyright (c) 2012-2025 Anlogic Inc.
Top Model        : dual_mode_top
Device           : PH1P35MDG324
Speed            : 3

Timing Mode      : final
Setup            : WNS   118ps  TNS        0ps  NUM_FEPS     0
Hold             : WNS    29ps  TNS        0ps  NUM_FEPS     0

RUN-1001 : Flow Statistics:
RUN-1001 : --------------------------------------------------------------------------------------------------
RUN-1001 :      command     |  #calls  |  wall time  |  cpu time(s)  |  used memory(mb)  |  peak memory(mb)  
RUN-1001 : --------------------------------------------------------------------------------------------------
RUN-1001 :       route      |    1     |   3s(50%)   |    16(45%)    |        774        |        774        
RUN-1001 :       place      |    1     |   2s(33%)   |    17(48%)    |        407        |        407        
RUN-1001 :   import_device  |    1     |   1s(16%)   |     1(2%)     |        332        |        332        
RUN-1001 :      bitgen      |    1     |   0s(0%)    |     1(2%)     |        784        |        784        
RUN-1001 :     fix_hold     |    1     |   0s(0%)    |     0(0%)     |        774        |        774        
RUN-1001 :     import_db    |    1     |   0s(0%)    |     0(0%)     |        334        |        334        
RUN-1001 : --------------------------------------------------------------------------------------------------
RUN-1001 :       total      |    6     |     6s      |      35       |        784        |        784        
RUN-1001 : --------------------------------------------------------------------------------------------------
RUN-1002 : start command "check_timing -file constraint_coverage.txt -verbose"
