============================================================
   Tang Dynasty, V6.2.178840
   Copyright (c) 2012-2025 Anlogic Inc.
   Executable = D:/td6.2.1/bin/td_commands_prompt.exe
   Built at =   14:07:58 Sep  4 2025
   Run by =     Li47
   Run Date =   Sat Oct 10 16:41:22 2026

   Run on =     LI474747
============================================================
RUN-1002 : start command "import_device ph1_35p.db -package PH1P35MDG324 -speed 3"
ARC-1001 : Device Initialization.
ARC-1001 : ----------------------------------------------------------------
ARC-1001 :           OPTION          |          IO           |   SETTING   
ARC-1001 : ----------------------------------------------------------------
ARC-1001 :   non_jtag_persist(none)  |        35 IOs         |    gpio    
ARC-1001 :            jtag           |  P13/P15/L14/R13/T13  |  dedicate  
ARC-1001 : ----------------------------------------------------------------
RUN-1003 : finish command "import_device ph1_35p.db -package PH1P35MDG324 -speed 3" in  1.680131s wall, 1.156250s user + 0.062500s system = 1.218750s CPU (72.5%)

RUN-1004 : used memory is 332 MB, reserved memory is 330 MB, peak memory is 332 MB
RUN-1002 : start command "open_project dual_mode.prj"
RUN-1002 : start command "commit_param -step design"
RUN-1001 : Print Global Property
RUN-1001 : -------------------------------------------------------------
RUN-1001 :     Parameters    |   Settings   |  Default Values  |  Note  
RUN-1001 : -------------------------------------------------------------
RUN-1001 :    enable_seed    |     off      |       off        |        
RUN-1001 :    hfn_to_clock   |  1000000000  |    1000000000    |        
RUN-1001 :      message      |   standard   |     standard     |        
RUN-1001 :    qor_monitor    |      on      |        on        |        
RUN-1001 :   speedup_effort  |      0       |        0         |        
RUN-1001 :    syn_ip_flow    |     off      |       off        |        
RUN-1001 :       thread      |     auto     |       auto       |        
RUN-1001 : -------------------------------------------------------------
RUN-1001 : Print Design Property
RUN-1001 : ----------------------------------------------------------------
RUN-1001 :       Parameters       |  Settings  |  Default Values  |  Note  
RUN-1001 : ----------------------------------------------------------------
RUN-1001 :   default_reg_initial  |    auto    |       auto       |        
RUN-1001 :    hdl_warning_level   |   normal   |      normal      |        
RUN-1001 : ----------------------------------------------------------------
RUN-1002 : start command "commit_param -step design"
RUN-1001 : Print Global Property
RUN-1001 : -------------------------------------------------------------
RUN-1001 :     Parameters    |   Settings   |  Default Values  |  Note  
RUN-1001 : -------------------------------------------------------------
RUN-1001 :    enable_seed    |     off      |       off        |        
RUN-1001 :    hfn_to_clock   |  1000000000  |    1000000000    |        
RUN-1001 :      message      |   standard   |     standard     |        
RUN-1001 :    qor_monitor    |      on      |        on        |        
RUN-1001 :   speedup_effort  |      0       |        0         |        
RUN-1001 :    syn_ip_flow    |     off      |       off        |        
RUN-1001 :       thread      |     auto     |       auto       |        
RUN-1001 : -------------------------------------------------------------
RUN-1001 : Print Design Property
RUN-1001 : ----------------------------------------------------------------
RUN-1001 :       Parameters       |  Settings  |  Default Values  |  Note  
RUN-1001 : ----------------------------------------------------------------
RUN-1001 :   default_reg_initial  |    auto    |       auto       |        
RUN-1001 :    hdl_warning_level   |   normal   |      normal      |        
RUN-1001 : ----------------------------------------------------------------
HDL-1007 : analyze verilog file ../../../diagnostics/hdmi_positive/dual_mode_top.v
HDL-1007 : analyze verilog file ../../../diagnostics/hdmi_positive/dvi_encoder.v
HDL-1007 : analyze verilog file ../../../user_source/hdl_source/native_hdmi_pll.v
HDL-1007 : analyze verilog file ../../../user_source/ip_source/PLL/RTL/ph1p_phy_pll_wrapper_25a56e5ce2f9.v
HDL-1007 : analyze verilog file ../../../user_source/hdl_source/hdmi_phy_warpper.v
HDL-1007 : analyze verilog file ../../../user_source/hdl_source/lane_lvds_10_1.v
PRJ-1401 : Successfully analyzed 6 source files.
RUN-1002 : start command "commit_param -step design"
RUN-1001 : Print Global Property
RUN-1001 : -------------------------------------------------------------
RUN-1001 :     Parameters    |   Settings   |  Default Values  |  Note  
RUN-1001 : -------------------------------------------------------------
RUN-1001 :    enable_seed    |     off      |       off        |        
RUN-1001 :    hfn_to_clock   |  1000000000  |    1000000000    |        
RUN-1001 :      message      |   standard   |     standard     |        
RUN-1001 :    qor_monitor    |      on      |        on        |        
RUN-1001 :   speedup_effort  |      0       |        0         |        
RUN-1001 :    syn_ip_flow    |     off      |       off        |        
RUN-1001 :       thread      |     auto     |       auto       |        
RUN-1001 : -------------------------------------------------------------
RUN-1001 : Print Design Property
RUN-1001 : ----------------------------------------------------------------
RUN-1001 :       Parameters       |  Settings  |  Default Values  |  Note  
RUN-1001 : ----------------------------------------------------------------
RUN-1001 :   default_reg_initial  |    auto    |       auto       |        
RUN-1001 :    hdl_warning_level   |   normal   |      normal      |        
RUN-1001 : ----------------------------------------------------------------
RUN-1002 : start command "elaborate -top dual_mode_top"
HDL-1007 : elaborate module dual_mode_top in ../../../diagnostics/hdmi_positive/dual_mode_top.v(4)
HDL-1007 : elaborate module HDMI_PLL in ../../../user_source/hdl_source/native_hdmi_pll.v(5)
HDL-1007 : elaborate module HDMI_PLL_STAGE(FIN_MHZ="50.000000000",N=5,M=108,C0=32,C1=32,CAP=16,ENABLE_C1="DISABLE") in ../../../user_source/hdl_source/native_hdmi_pll.v(24)
HDL-1007 : elaborate module PH1P_LOGIC_BUFG in D:\td6.2.1\arch/ph1p_macro.v(8085)
HDL-1007 : elaborate module ph1p_phy_pll_wrapper_25a56e5ce2f9(FBKCLK="VCO_PHASE0",FIN="50.000000000",REFCLK_DIV=5,FBCLK_DIV=108,CLKC0_ENABLE="ENABLE",CLKC0_DIV=32,CLKC0_CPHASE=31,CLKC0_DUTY_INT=16,CLKC1_DIV=32,CLKC1_CPHASE=31,CLKC1_DUTY_INT=16,CLKC4_DIV=25,CLKC4_CPHASE=24,CLKC4_DUTY_INT=13,CLKC5_DIV=5,CLKC5_CPHASE=4,CLKC5_DUTY_INT=3,LPF_CAP=16,ICP_CUR=0,FEEDBK_MODE="NOCOMP") in ../../../user_source/ip_source/PLL/RTL/ph1p_phy_pll_wrapper_25a56e5ce2f9.v(2)
HDL-1007 : elaborate module PH1P_PHY_PLL_V2(FBKCLK="VCO_PHASE0",FIN="50.000000000",REFCLK_DIV=5,FBCLK_DIV=108,CLKC0_CPHASE=31,CLKC1_CPHASE=31,CLKC4_CPHASE=24,CLKC5_CPHASE=4,CLKC0_DIV=32,CLKC1_DIV=32,CLKC4_DIV=25,CLKC5_DIV=5,CLKC0_DUTY_INT=16,CLKC1_DUTY_INT=16,CLKC4_DUTY_INT=13,CLKC5_DUTY_INT=3,CLKC0_ENABLE="ENABLE",LPF_CAP=16,ICP_CUR=0,FEEDBK_MODE="NOCOMP") in D:\td6.2.1\arch/ph1p_macro.v(1091)
HDL-1007 : elaborate module HDMI_PLL_STAGE in ../../../user_source/hdl_source/native_hdmi_pll.v(24)
HDL-1007 : elaborate module ph1p_phy_pll_wrapper_25a56e5ce2f9(FBKCLK="VCO_PHASE0",FIN="33.750000000",FBCLK_DIV=33,CLKC0_ENABLE="ENABLE",CLKC0_DIV=15,CLKC0_CPHASE=14,CLKC0_DUTY_INT=8,CLKC1_ENABLE="ENABLE",CLKC1_DIV=3,CLKC1_CPHASE=2,CLKC1_DUTY_INT=2,CLKC4_DIV=25,CLKC4_CPHASE=24,CLKC4_DUTY_INT=13,CLKC5_DIV=5,CLKC5_CPHASE=4,CLKC5_DUTY_INT=3,LPF_CAP=0,ICP_CUR=0,FEEDBK_MODE="NOCOMP") in ../../../user_source/ip_source/PLL/RTL/ph1p_phy_pll_wrapper_25a56e5ce2f9.v(2)
HDL-1007 : elaborate module PH1P_PHY_PLL_V2(FBKCLK="VCO_PHASE0",FIN="33.750000000",FBCLK_DIV=33,CLKC0_CPHASE=14,CLKC1_CPHASE=2,CLKC4_CPHASE=24,CLKC5_CPHASE=4,CLKC0_DIV=15,CLKC1_DIV=3,CLKC4_DIV=25,CLKC5_DIV=5,CLKC0_DUTY_INT=8,CLKC1_DUTY_INT=2,CLKC4_DUTY_INT=13,CLKC5_DUTY_INT=3,CLKC0_ENABLE="ENABLE",CLKC1_ENABLE="ENABLE",LPF_CAP=0,ICP_CUR=0,FEEDBK_MODE="NOCOMP") in D:\td6.2.1\arch/ph1p_macro.v(1091)
HDL-1007 : elaborate module dvi_encoder in ../../../diagnostics/hdmi_positive/dvi_encoder.v(3)
HDL-1007 : elaborate module hdmi_phy_wrapper(DEVICE="PH1P") in ../../../user_source/hdl_source/hdmi_phy_warpper.v(3)
HDL-1007 : elaborate module lane_lvds_10_1(DEVICE="PH1P") in ../../../user_source/hdl_source/lane_lvds_10_1.v(4)
HDL-1007 : elaborate module PH1P_LOGIC_ODDR in D:\td6.2.1\arch/ph1p_macro.v(8343)
HDL-1200 : Current top model is dual_mode_top
HDL-1100 : Inferred 0 RAMs.
RUN-1002 : start command "read_adc ../../pin.adc"
RUN-1002 : start command "set_pin_assignment  I_sys_clk   LOCATION = C4; IOSTANDARD  = LVCMOS33; PULLTYPE = PULLUP; "
RUN-1002 : start command "set_pin_assignment  I_rst_n   LOCATION = R10; IOSTANDARD = LVCMOS33; PULLTYPE = PULLUP; "
RUN-1002 : start command "set_pin_assignment  O_tmds_ch0_p   LOCATION = G16; IOSTANDARD = TMDS33; PULLTYPE = NONE; "
RUN-1002 : start command "set_pin_assignment  O_tmds_ch1_p   LOCATION = F17; IOSTANDARD = TMDS33; PULLTYPE = NONE; "
RUN-1002 : start command "set_pin_assignment  O_tmds_ch2_p   LOCATION = H14; IOSTANDARD = TMDS33; PULLTYPE = NONE; "
RUN-1002 : start command "set_pin_assignment  O_tmds_clk_p   LOCATION = C17; IOSTANDARD = TMDS33; PULLTYPE = NONE; "
RUN-1002 : start command "set_pin_assignment  I_mode_select   LOCATION = A4; IOSTANDARD = LVCMOS33; PULLTYPE = NONE; "
RUN-1001 : Starting of IO setups legality check.
RUN-1002 : start command "read_sdc ../../dual_mode.sdc"
RUN-1002 : start command "export_db dual_mode_elaborate.db"
RUN-1001 : Exported flow parameters
RUN-1001 : Exported /
RUN-1001 : Exported libs
RUN-1001 : Exported entities
RUN-1001 : Exported ports
RUN-1001 : Exported pins
RUN-1001 : Exported instances
RUN-1001 : Exported nets
RUN-1001 : Exported buses
RUN-1001 : Exported models
RUN-1001 : Exported packer
RUN-1001 : Exported congestions
RUN-1001 : Exported violations
RUN-1001 : Exported ATMR Setting
RUN-1001 : Exported timing constraints
RUN-1001 : Exported IO constraints
RUN-1001 : Exported Inst constraints
RUN-1001 : Exported ChipWatcher
RUN-1002 : start command "commit_param -step rtl"
RUN-1001 : Print Global Property
RUN-1001 : -------------------------------------------------------------
RUN-1001 :     Parameters    |   Settings   |  Default Values  |  Note  
RUN-1001 : -------------------------------------------------------------
RUN-1001 :    enable_seed    |     off      |       off        |        
RUN-1001 :    hfn_to_clock   |  1000000000  |    1000000000    |        
RUN-1001 :      message      |   standard   |     standard     |        
RUN-1001 :    qor_monitor    |      on      |        on        |        
RUN-1001 :   speedup_effort  |      0       |        0         |        
RUN-1001 :    syn_ip_flow    |     off      |       off        |        
RUN-1001 :       thread      |     auto     |       auto       |        
RUN-1001 : -------------------------------------------------------------
RUN-1001 : Print Rtl Property
RUN-1001 : -------------------------------------------------------------------
RUN-1001 :         Parameters        |  Settings  |  Default Values  |  Note  
RUN-1001 : -------------------------------------------------------------------
RUN-1001 :        fix_undriven       |     0      |        0         |        
RUN-1001 :   gated_clock_conversion  |    off     |       off        |        
RUN-1001 :         infer_fsm         |    auto    |       auto       |        
RUN-1001 :         infer_rom         |     on     |        on        |        
RUN-1001 :       infer_shifter       |     on     |        on        |        
RUN-1001 :       keep_hierarchy      |    auto    |       auto       |        
RUN-1001 :        merge_equal        |     on     |        on        |        
RUN-1001 :      min_control_set      |     8      |        8         |        
RUN-1001 :       min_ripple_len      |    auto    |       auto       |        
RUN-1001 :          seq_syn          |     on     |        on        |        
RUN-1001 : -------------------------------------------------------------------
RUN-1002 : start command "insert_debugger"
RUN-1002 : start command "optimize_rtl"
RUN-1001 : Open license file D:/td6.2.1/license/Anlogic.lic
SYN-1001 : Stage 1 | Optimize RTL
SYN-1001 : Stage 1.1 | Check Design Sanity
SYN-1001 : End Stage 1.1 | Check Design Sanity; Time: 0.003570s wall, 0.000000s user + 0.000000s system = 0.000000s CPU (n/a%); Memory(MB): used = 340, reserved = 434, peak = 340;

SYN-1079 : finish stage Check Design Sanity. Total instances: 680, Total nets: 1529.

SYN-1001 : Stage 1.2 | Initialize Design
SYN-1001 : End Stage 1.2 | Initialize Design; Time: 0.023654s wall, 0.015625s user + 0.000000s system = 0.015625s CPU (66.1%); Memory(MB): used = 340, reserved = 434, peak = 340;

SYN-1079 : finish stage Initialize Design. Total instances: 188, Total nets: 989.

SYN-1001 : Stage 1.3 | Flatten Module
SYN-1011 : Flatten model dual_mode_top
SYN-1001 : End Stage 1.3 | Flatten Module; Time: 0.005372s wall, 0.015625s user + 0.000000s system = 0.015625s CPU (290.8%); Memory(MB): used = 340, reserved = 434, peak = 340;

SYN-1079 : finish stage Flatten Module. Total instances: 359, Total nets: 1331.

SYN-1001 : Stage 1.4 | Uniform Instance
SYN-1001 : End Stage 1.4 | Uniform Instance; Time: 0.002571s wall, 0.000000s user + 0.000000s system = 0.000000s CPU (n/a%); Memory(MB): used = 339, reserved = 433, peak = 340;

SYN-1079 : finish stage Uniform Instance. Total instances: 359, Total nets: 1331.

SYN-1001 : Stage 1.5 | Optimize Design
SYN-1001 : Optimize 1 less-than instances
SYN-1016 : Merged 50 instances.
USR-1002 : Derived clock:  create_generated_clock -name {u_pll/u_ref/ph1p_phy_pll_wrapper_25a56e5ce2f9_Inst/u_PH1P_PHY_PLL.clkc[0]} -source [get_ports I_sys_clk] -master_clock {sys_clk_50m} -divide_by 1.4815 -duty_cycle 50.0000 [get_pins {u_pll/u_ref/ph1p_phy_pll_wrapper_25a56e5ce2f9_Inst/u_PH1P_PHY_PLL.clkc[0]}]
USR-1002 : Derived clock:  create_generated_clock -name {u_pll/u_output/ph1p_phy_pll_wrapper_25a56e5ce2f9_Inst/u_PH1P_PHY_PLL.clkc[0]} -source [get_pins {u_pll/u_ref/ph1p_phy_pll_wrapper_25a56e5ce2f9_Inst/u_PH1P_PHY_PLL.clkc[0]}] -master_clock {u_pll/u_ref/ph1p_phy_pll_wrapper_25a56e5ce2f9_Inst/u_PH1P_PHY_PLL.clkc[0]} -multiply_by 2.2000 -duty_cycle 50.0000 [get_pins {u_pll/u_output/ph1p_phy_pll_wrapper_25a56e5ce2f9_Inst/u_PH1P_PHY_PLL.clkc[0]}]
USR-1002 : Derived clock:  create_generated_clock -name {u_pll/u_output/ph1p_phy_pll_wrapper_25a56e5ce2f9_Inst/u_PH1P_PHY_PLL.clkc[1]} -source [get_pins {u_pll/u_ref/ph1p_phy_pll_wrapper_25a56e5ce2f9_Inst/u_PH1P_PHY_PLL.clkc[0]}] -master_clock {u_pll/u_ref/ph1p_phy_pll_wrapper_25a56e5ce2f9_Inst/u_PH1P_PHY_PLL.clkc[0]} -multiply_by 11.0000 -duty_cycle 50.0000 [get_pins {u_pll/u_output/ph1p_phy_pll_wrapper_25a56e5ce2f9_Inst/u_PH1P_PHY_PLL.clkc[1]}]
SYN-1016 : Merged 32 instances.
SYN-1001 : End Stage 1.5 | Optimize Design; Time: 0.186982s wall, 0.156250s user + 0.000000s system = 0.156250s CPU (83.6%); Memory(MB): used = 344, reserved = 434, peak = 344;

SYN-1079 : finish stage Optimize Design. Total instances: 350, Total nets: 423.

SYN-1001 : Stage 1.6 | Optimize Iteratively
SYN-1018 : Transformed 3 mux instances.
SYN-1019 : Optimized 3 mux instances.
SYN-1014 : Optimize round 1
SYN-1020 : Optimized 4 distributor mux.
SYN-1001 : Optimize 3 less-than instances
SYN-1015 : Optimize round 1, 141 better
SYN-1014 : Optimize round 2
SYN-1017 : Remove 1 const input seq instances
SYN-1016 : Merged 3 instances.
SYN-1015 : Optimize round 2, 24 better
SYN-3010 : Optimized 3 DFF(s)
SYN-1014 : Optimize round 1
SYN-1016 : Merged 1 instances.
SYN-1015 : Optimize round 1, 16 better
SYN-1014 : Optimize round 2
SYN-1015 : Optimize round 2, 0 better
SYN-1001 : End Stage 1.6 | Optimize Iteratively; Time: 0.388928s wall, 0.375000s user + 0.000000s system = 0.375000s CPU (96.4%); Memory(MB): used = 313, reserved = 414, peak = 344;

SYN-1079 : finish stage Optimize Iteratively. Total instances: 332, Total nets: 385.

SYN-1001 : Stage 1.7 | Check Design
SYN-1001 : End Stage 1.7 | Check Design; Time: 0.001012s wall, 0.000000s user + 0.000000s system = 0.000000s CPU (n/a%); Memory(MB): used = 313, reserved = 414, peak = 344;

SYN-1079 : finish stage Check Design. Total instances: 332, Total nets: 385.

SYN-1001 : End Stage 1 | Optimize RTL; Time: 0.613076s wall, 0.562500s user + 0.000000s system = 0.562500s CPU (91.8%); Memory(MB): used = 313, reserved = 414, peak = 344;

SYN-1079 : finish stage Optimize RTL. Total instances: 332, Total nets: 385.

RUN-1002 : start command "report_area -file dual_mode_rtl.area"
RUN-1001 : standard
***Report Model: dual_mode_top Device: PH1P35MDG324***

IO Statistics
#IO                         7
  #input                    3
  #output                   4
  #inout                    0

Gate Statistics
#Basic gates              179
  #and                      9
  #nand                     0
  #or                       1
  #nor                      0
  #xor                      2
  #xnor                     0
  #buf                      0
  #not                     23
  #bufif1                   0
  #MX21                    17
  #FADD                     0
  #DFF                    127
  #LATCH                    0
#MACRO_ADD                 26
#MACRO_EQ                   7
#MACRO_MUX                106
#MACRO_OTHERS               6

RUN-1002 : start command "export_db dual_mode_rtl.db"
RUN-1001 : Exported flow parameters
RUN-1001 : Exported /
RUN-1001 : Exported libs
RUN-1001 : Exported entities
RUN-1001 : Exported ports
RUN-1001 : Exported pins
RUN-1001 : Exported instances
RUN-1001 : Exported nets
RUN-1001 : Exported buses
RUN-1001 : Exported models
RUN-1001 : Exported packer
RUN-1001 : Exported congestions
RUN-1001 : Exported violations
RUN-1001 : Exported ATMR Setting
RUN-1001 : Exported timing constraints
RUN-1001 : Exported IO constraints
RUN-1001 : Exported Inst constraints
RUN-1001 : Exported ChipWatcher
RUN-1002 : start command "commit_param -step gate"
RUN-1001 : Print Global Property
RUN-1001 : -------------------------------------------------------------
RUN-1001 :     Parameters    |   Settings   |  Default Values  |  Note  
RUN-1001 : -------------------------------------------------------------
RUN-1001 :    enable_seed    |     off      |       off        |        
RUN-1001 :    hfn_to_clock   |  1000000000  |    1000000000    |        
RUN-1001 :      message      |   standard   |     standard     |        
RUN-1001 :    qor_monitor    |      on      |        on        |        
RUN-1001 :   speedup_effort  |      0       |        0         |        
RUN-1001 :    syn_ip_flow    |     off      |       off        |        
RUN-1001 :       thread      |     auto     |       auto       |        
RUN-1001 : -------------------------------------------------------------
RUN-1001 : Print Gate Property
RUN-1001 : ----------------------------------------------------------------
RUN-1001 :       Parameters       |  Settings  |  Default Values  |  Note  
RUN-1001 : ----------------------------------------------------------------
RUN-1001 :   eram_cascade_height  |    auto    |       auto       |        
RUN-1001 :        map_mode        |    auto    |       auto       |        
RUN-1001 :      map_strategy      |     1      |        1         |        
RUN-1001 :       pack_effort      |   medium   |      medium      |        
RUN-1001 :     pack_seq_in_io     |    auto    |       auto       |        
RUN-1001 :         report         |  standard  |     standard     |        
RUN-1001 : ----------------------------------------------------------------
RUN-1002 : start command "optimize_gate -packarea dual_mode_gate.area"
RUN-1001 : Open license file D:/td6.2.1/license/Anlogic.lic
SYN-1001 : Stage 2 | Optimize Gate
SYN-1001 : Stage 2.1 | Map Reg
SYN-1001 : End Stage 2.1 | Map Reg; Time: 0.005079s wall, 0.000000s user + 0.000000s system = 0.000000s CPU (n/a%); Memory(MB): used = 316, reserved = 512, peak = 344;

SYN-1079 : finish stage Map Reg. Total instances: 332, Total nets: 385.

SYN-1001 : Stage 2.2 | Map IO
SYN-2001 : Map 7 IOs to PADs of model 'dual_mode_top'
SYN-1001 : End Stage 2.2 | Map IO; Time: 0.110246s wall, 0.109375s user + 0.000000s system = 0.109375s CPU (99.2%); Memory(MB): used = 318, reserved = 513, peak = 344;

SYN-1001 : Stage 2.3 | Map Macro
RUN-1002 : start command "update_pll_param -module dual_mode_top"
SYN-2501 : Processed 0 LOGIC_BUF instances.
SYN-2501 : 2 BUFG to GCLK
SYN-2571 : Optimize after map_dsp, round 1
SYN-2571 : Optimize after map_dsp, round 1, 0 better
SYN-1001 : Throwback 2 control mux instances
SYN-1001 : Optimize 3 adders
SYN-2501 : Optimize round 1
SYN-1016 : Merged 7 instances.
SYN-2501 : Optimize round 1, 51 better
SYN-2501 : Optimize round 2
SYN-2501 : Optimize round 2, 0 better
SYN-2501 : Optimize round 1
SYN-2501 : Optimize round 1, 0 better
USR-1002 : Derived clock:  create_generated_clock -name {u_pll/u_ref/ph1p_phy_pll_wrapper_25a56e5ce2f9_Inst/u_PH1P_PHY_PLL.clkc[0]} -source [get_ports I_sys_clk] -master_clock {sys_clk_50m} -divide_by 1.4815 -duty_cycle 50.0000 [get_pins {u_pll/u_ref/ph1p_phy_pll_wrapper_25a56e5ce2f9_Inst/u_PH1P_PHY_PLL.clkc[0]}]
USR-1002 : Derived clock:  create_generated_clock -name {u_pll/u_output/ph1p_phy_pll_wrapper_25a56e5ce2f9_Inst/u_PH1P_PHY_PLL.clkc[0]} -source [get_pins {u_pll/u_ref/ph1p_phy_pll_wrapper_25a56e5ce2f9_Inst/u_PH1P_PHY_PLL.clkc[0]}] -master_clock {u_pll/u_ref/ph1p_phy_pll_wrapper_25a56e5ce2f9_Inst/u_PH1P_PHY_PLL.clkc[0]} -multiply_by 2.2000 -duty_cycle 50.0000 [get_pins {u_pll/u_output/ph1p_phy_pll_wrapper_25a56e5ce2f9_Inst/u_PH1P_PHY_PLL.clkc[0]}]
USR-1002 : Derived clock:  create_generated_clock -name {u_pll/u_output/ph1p_phy_pll_wrapper_25a56e5ce2f9_Inst/u_PH1P_PHY_PLL.clkc[1]} -source [get_pins {u_pll/u_ref/ph1p_phy_pll_wrapper_25a56e5ce2f9_Inst/u_PH1P_PHY_PLL.clkc[0]}] -master_clock {u_pll/u_ref/ph1p_phy_pll_wrapper_25a56e5ce2f9_Inst/u_PH1P_PHY_PLL.clkc[0]} -multiply_by 11.0000 -duty_cycle 50.0000 [get_pins {u_pll/u_output/ph1p_phy_pll_wrapper_25a56e5ce2f9_Inst/u_PH1P_PHY_PLL.clkc[1]}]
SYN-1031 : Map 3 macro less-than
SYN-2501 : Map 23 macro adder(s)
SYN-1019 : Optimized 34 mux instances.
SYN-1016 : Merged 194 instances.
SYN-1001 : End Stage 2.3 | Map Macro; Time: 0.241028s wall, 0.203125s user + 0.015625s system = 0.218750s CPU (90.8%); Memory(MB): used = 331, reserved = 514, peak = 344;

SYN-1079 : finish stage Map Macro. Total instances: 764, Total nets: 812.

SYN-1001 : Stage 2.4 | Map Gate
SYN-3001 : Collect 140 PI 115 PO (5 timing unconstrained) for mapping
SYN-2581 : Mapping with K=6, #lut = 167 (3.50), #lev = 7 (2.41), #crit_level = 0
SYN-2551 : Post LUT mapping optimization.
SYN-2581 : Mapping with K=6, #lut = 157 (3.46), #lev = 6 (2.37), #crit_level = 0
SYN-3001 : Logic optimization opt = 0.13 sec, map = 0.01 sec, post map opt = 0.11 sec.
SYN-1001 : End Stage 2.4 | Map Gate; Time: 0.321081s wall, 0.312500s user + 0.000000s system = 0.312500s CPU (97.3%); Memory(MB): used = 344, reserved = 514, peak = 345;

SYN-1001 : Packing model "dual_mode_top" ...
SYN-1001 : Stage 2.5 | Pack Gate
SYN-4010 : Pack lib has 43 rtl pack models with 26 top pack blocks
SYN-1014 : Optimize round 1
SYN-1015 : Optimize round 1, 0 better
SYN-4002 : Packing 127 DFF/LATCH to SEQ ...
SYN-1001 : Remove 6 carry adders
RUN-1002 : start command "start_timer"
USR-1002 : Derived clock:  create_generated_clock -name {u_pll/u_ref/ph1p_phy_pll_wrapper_25a56e5ce2f9_Inst/u_PH1P_PHY_PLL.clkc[0]} -source [get_ports I_sys_clk] -master_clock {sys_clk_50m} -divide_by 1.4815 -duty_cycle 50.0000 [get_pins {u_pll/u_ref/ph1p_phy_pll_wrapper_25a56e5ce2f9_Inst/u_PH1P_PHY_PLL.clkc[0]}]
USR-1002 : Derived clock:  create_generated_clock -name {u_pll/u_output/ph1p_phy_pll_wrapper_25a56e5ce2f9_Inst/u_PH1P_PHY_PLL.clkc[0]} -source [get_pins {u_pll/u_ref/ph1p_phy_pll_wrapper_25a56e5ce2f9_Inst/u_PH1P_PHY_PLL.clkc[0]}] -master_clock {u_pll/u_ref/ph1p_phy_pll_wrapper_25a56e5ce2f9_Inst/u_PH1P_PHY_PLL.clkc[0]} -multiply_by 2.2000 -duty_cycle 50.0000 [get_pins {u_pll/u_output/ph1p_phy_pll_wrapper_25a56e5ce2f9_Inst/u_PH1P_PHY_PLL.clkc[0]}]
USR-1002 : Derived clock:  create_generated_clock -name {u_pll/u_output/ph1p_phy_pll_wrapper_25a56e5ce2f9_Inst/u_PH1P_PHY_PLL.clkc[1]} -source [get_pins {u_pll/u_ref/ph1p_phy_pll_wrapper_25a56e5ce2f9_Inst/u_PH1P_PHY_PLL.clkc[0]}] -master_clock {u_pll/u_ref/ph1p_phy_pll_wrapper_25a56e5ce2f9_Inst/u_PH1P_PHY_PLL.clkc[0]} -multiply_by 11.0000 -duty_cycle 50.0000 [get_pins {u_pll/u_output/ph1p_phy_pll_wrapper_25a56e5ce2f9_Inst/u_PH1P_PHY_PLL.clkc[1]}]
TMR-2502 : Net delay update with mode: Synthesized
RUN-1002 : start command "end_timer"
SYN-4009 : Pack 4 carry chain into lslice
SYN-1001 : End Stage 2.5 | Pack Gate; Time: 0.072900s wall, 0.046875s user + 0.015625s system = 0.062500s CPU (85.7%); Memory(MB): used = 344, reserved = 514, peak = 345;

RUN-1002 : start command "report_qor -step gate -file gate.qor"
RUN-1002 : start command "start_timer"
TMR-2502 : Net delay update with mode: Synthesized
-----------------------------------------------------------
| QoR metrics               |         value               |
-----------------------------------------------------------
| Timing                    |                             |
|     Setup WNS             |          312                |
|     Setup TNS             |            0                |
|     Num of violated S-EP  |            0                |
|     Hold WNS              |          469                |
|     Hold TNS              |            0                |
|     Num of violated H-EP  |            0                |
-----------------------------------------------------------
| Utilization               |                             |
|     #registers            |          127                |
|     #luts                 |          157                |
|     #lut1                 |            4                |
|     #lut1(~A)             |            4                |
|     #slices               |           41                |
|     slices percentage     |        0.19%                |
|     #RAMs                 |            0                |
|     #DSPs                 |            0                |
|     #f7mux                |        0.00%                |
|     #MACROs               |            4                |
|     #insts in MACRO       |           41                |
-----------------------------------------------------------
| kept_net                  |                             |
|     #syn_keep             |            0                |
|     #keep_hier            |            0                |
|     #dont_touch           |            0                |
|     #mark_debug           |            0                |
|     #max_fanout_keep      |            0                |
|     #async_reg            |            2                |
-----------------------------------------------------------
| Top 10% datanet fanout#   |        28.00                |
| dff(single fanout)->dff   |           12                |
| dff(single fanout)->dram  |            0                |
-----------------------------------------------------------
| Over-quota path num*      |                             |
|     Total Number          |            0                |
|     Total Exceed Level    |            0                |
|     Worst Level Slack     |            2                |
-----------------------------------------------------------
| Rent**                    |                             |
-----------------------------------------------------------
Note*: Over-quota path shows the over-path-level-threshold path number of each clock.
       The clock will not be shown if no path is with path level over the threshold.
       The threshold is defined as worst path_margin / 800ps.
Note**: Rent shows the rent exponent value of the modules whose rent value exceeds the threshold.
        Only modules under top are reported, and the threshold is defined as 0.7.

Logic Level Distribution
-----------------------------------------------------------------------------------------------------------------------------------------------------
  Clock                                                                         |  Period            |  0    |  1   |  2  |  3   |  4   |  5   |  6
-----------------------------------------------------------------------------------------------------------------------------------------------------
  sys_clk_50m                                                                   |  20.000ns (50MHz)  |  0    |  0   |  0  |  0   |  0   |  0   |  0
  u_pll/u_output/ph1p_phy_pll_wrapper_25a56e5ce2f9_Inst/u_PH1P_PHY_PLL.clkc[0]  |  13.468ns (74MHz)  |  77   |  2   |  2  |  32  |  39  |  25  |  2
  u_pll/u_output/ph1p_phy_pll_wrapper_25a56e5ce2f9_Inst/u_PH1P_PHY_PLL.clkc[1]  |  2.693ns (371MHz)  |  59   |  46  |  0  |  0   |  0   |  0   |  0
  u_pll/u_ref/ph1p_phy_pll_wrapper_25a56e5ce2f9_Inst/u_PH1P_PHY_PLL.clkc[0]     |  29.630ns (33MHz)  |  0    |  0   |  0  |  0   |  0   |  0   |  0
  Total                                                                         |  NA                |  136  |  48  |  2  |  32  |  39  |  25  |  2
-----------------------------------------------------------------------------------------------------------------------------------------------------
Note: The table count the worst 100000 paths, each endpoint count only one time.(284 paths analyzed)

Hierarchical Rent Exponent Report
+--------------------------------------------------------+
|Inst     |Model  |Rent     |Cell     |Pin     |Term     |
+--------------------------------------------------------+
+--------------------------------------------------------+
Note: Cell represents total number of cells inside module; Pin represents total number of pins
      which have net connection inside module; Term represents total number of PIs and POs of module.
      Rent represents the relationship between number of terms and number of cells in module.
      A module with higher rent corresponds to highly connected logic and strong connectivity with others.
Report gate stage QoR done.

RUN-1002 : start command "report_area -file dual_mode_gate.area"
SYN-4034 : The count of slices with lut is 8.
SYN-4035 : The count of slices with lut+ripple is 33.
RUN-1001 : standard
***Report Model: dual_mode_top Device: PH1P35MDG324***

Design Statistics
#IO                         7   out of    160    4.38%
  #input                    3
  #output                   4
  #inout                    0
#lut                      198
  #lut1                     4
  #lut2                    37
  #lut3                    62
  #lut4                    12
  #lut5                    20
  #lut6                    63
#reg                      127
  #slice reg              127   out of  42432    0.30%
  #pad reg                  0

Utilization Statistics
#slice*                   143   out of  21216    0.67%
  #used ram                 0
    #dram lut               0
    #shifter lut            0
  #used logic             143
    #with luts*           107
    #with adder            33
    #reg only*              3
#f7mux                      0   out of  10608    0.00%
#f8mux                      0   out of   5304    0.00%
#eram                       0   out of    108    0.00%
  #eram20k                  0
  #fifo20k                  0
#dsp                        0   out of     40    0.00%
#ddr_byte                   0   out of     12    0.00%
#mipi_tx                    0   out of      2    0.00%
#mipi_rx                    0   out of      2    0.00%
#pad                       11   out of    160    6.88%
#pll                        2   out of      6   33.33%
#gclk                       2   out of     32    6.25%
#lclk                       0   out of     12    0.00%
#sclk                       0   out of     48    0.00%
#mlclk                      0   out of      6    0.00%
#ioclk                      0   out of     18    0.00%

* Note! The LUT and Slice count after Optimize-Gate is not the final value, Run Optimize-place for a more realistic count.

SYN-1001 : End Stage 2 | Optimize Gate; Time: 0.816185s wall, 0.734375s user + 0.031250s system = 0.765625s CPU (93.8%); Memory(MB): used = 344, reserved = 514, peak = 345;

RUN-1002 : start command "legalize_phy_inst"
SYN-1001 : Stage 3 | Legalize Phy Inst
SYN-1011 : Flatten model dual_mode_top
SYN-1001 : End Stage 3 | Legalize Phy Inst; Time: 0.001440s wall, 0.000000s user + 0.000000s system = 0.000000s CPU (n/a%); Memory(MB): used = 344, reserved = 514, peak = 345;

RUN-1002 : start command "update_timing"
RUN-1002 : start command "start_timer"
RUN-1002 : start command "report_timing_status -file dual_mode_gate.ts"
RUN-1002 : start command "report_timing_summary -file dual_mode_gate.timing"
RUN-1002 : start command "flow_status -file flow.status"
Location         : C:\Users\Li47\Desktop\aa\native_e_dual_r2_20261010\td_project\dual_mode_Runs\syn_1
Running with     : Tang Dynasty v6.2.178840
                   Copyright (c) 2012-2025 Anlogic Inc.
Top Model        : dual_mode_top
Device           : PH1P35MDG324
Speed            : 3

Timing Mode      : basic
Setup            : WNS   312ps  TNS        0ps  NUM_FEPS     0
Hold             : WNS   469ps  TNS        0ps  NUM_FEPS     0

Flow Statistics  :
RUN-1001 : Flow Statistics:
RUN-1001 : --------------------------------------------------------------------------------------------------
RUN-1001 :      command     |  #calls  |  wall time  |  cpu time(s)  |  used memory(mb)  |  peak memory(mb)  
RUN-1001 : --------------------------------------------------------------------------------------------------
RUN-1001 :   import_device  |    1     |  1s(100%)   |    1(100%)    |        332        |        332        
RUN-1001 :   optimize_gate  |    1     |   0s(0%)    |     0(0%)     |        344        |        345        
RUN-1001 :   optimize_rtl   |    1     |   0s(0%)    |     0(0%)     |        313        |        344        
RUN-1001 :     read_adc     |    1     |   0s(0%)    |     0(0%)     |        339        |        339        
RUN-1001 :     read_sdc     |    1     |   0s(0%)    |     0(0%)     |        339        |        339        
RUN-1001 : --------------------------------------------------------------------------------------------------
RUN-1001 :       total      |    5     |     1s      |       1       |        344        |        345        
RUN-1001 : --------------------------------------------------------------------------------------------------
RUN-1002 : start command "export_db dual_mode_gate.db"
RUN-1001 : Exported flow parameters
RUN-1001 : Exported /
RUN-1001 : Exported libs
RUN-1001 : Exported entities
RUN-1001 : Exported ports
RUN-1001 : Exported pins
RUN-1001 : Exported instances
RUN-1001 : Exported nets
RUN-1001 : Exported buses
RUN-1001 : Exported models
RUN-1001 : Exported packer
RUN-1001 : Exported congestions
RUN-1001 : Exported violations
RUN-1001 : Exported ATMR Setting
RUN-1001 : Exported timing constraints
RUN-1001 : Exported IO constraints
RUN-1001 : Exported Inst constraints
RUN-1001 : Exported ChipWatcher
RUN-1002 : start command "export_flow_status -s read_design -e opt_gate"
RUN-1002 : start command "flow_status"

Location         : C:\Users\Li47\Desktop\aa\native_e_dual_r2_20261010\td_project\dual_mode_Runs\syn_1
Running with     : Tang Dynasty v6.2.178840
                   Copyright (c) 2012-2025 Anlogic Inc.
Top Model        : dual_mode_top
Device           : PH1P35MDG324
Speed            : 3

Timing Mode      : basic
Setup            : WNS   312ps  TNS        0ps  NUM_FEPS     0
Hold             : WNS   469ps  TNS        0ps  NUM_FEPS     0

RUN-1001 : Flow Statistics:
RUN-1001 : --------------------------------------------------------------------------------------------------
RUN-1001 :      command     |  #calls  |  wall time  |  cpu time(s)  |  used memory(mb)  |  peak memory(mb)  
RUN-1001 : --------------------------------------------------------------------------------------------------
RUN-1001 :   import_device  |    1     |  1s(100%)   |    1(100%)    |        332        |        332        
RUN-1001 :   optimize_gate  |    1     |   0s(0%)    |     0(0%)     |        344        |        345        
RUN-1001 :   optimize_rtl   |    1     |   0s(0%)    |     0(0%)     |        313        |        344        
RUN-1001 :     read_adc     |    1     |   0s(0%)    |     0(0%)     |        339        |        339        
RUN-1001 :     read_sdc     |    1     |   0s(0%)    |     0(0%)     |        339        |        339        
RUN-1001 : --------------------------------------------------------------------------------------------------
RUN-1001 :       total      |    5     |     1s      |       1       |        344        |        345        
RUN-1001 : --------------------------------------------------------------------------------------------------
RUN-1002 : start command "check_timing -file constraint_coverage.txt -verbose"
