Reading D:/modeltech64_10.5/tcl/vsim/pref.tcl

# 10.5

# vsim -c -L anlogic_sim -voptargs="+acc=rn+/tb_hdmi_tpg+/tb_hdmi_tpg/dut" -onfinish exit -l transcript.log -wlf wave.wlf -do "run -all; quit -code 1 -force" work.tb_hdmi_tpg anlogic_sim.glbl anlogic_sim.PH1P_PHY_GSR 
# Start time: 21:49:06 on Oct 08,2026
# ** Note: (vsim-3812) Design is being optimized...
# ** Warning: D:/td6.2.1/sim_release/ph1p/ph1p_logic_ramfifo.v(181): (vopt-2241) Connection width does not match width of port 'bea'. The port definition is at: D:/td6.2.1/sim_release/ph1p/ph1p_logic_eram.v(45).
# ** Warning: D:/td6.2.1/sim_release/ph1p/ph1p_logic_ramfifo.v(181): (vopt-2241) Connection width does not match width of port 'dib'. The port definition is at: D:/td6.2.1/sim_release/ph1p/ph1p_logic_eram.v(46).
# ** Warning: D:/td6.2.1/sim_release/ph1p/ph1p_logic_ramfifo.v(181): (vopt-2241) Connection width does not match width of port 'beb'. The port definition is at: D:/td6.2.1/sim_release/ph1p/ph1p_logic_eram.v(47).
# ** Warning: D:/td6.2.1/sim_release/ph1p/ph1p_logic_ramfifo.v(181): (vopt-2241) Connection width does not match width of port 'bea'. The port definition is at: D:/td6.2.1/sim_release/ph1p/ph1p_logic_eram.v(45).
# ** Warning: D:/td6.2.1/sim_release/ph1p/ph1p_logic_ramfifo.v(181): (vopt-2241) Connection width does not match width of port 'dib'. The port definition is at: D:/td6.2.1/sim_release/ph1p/ph1p_logic_eram.v(46).
# ** Warning: D:/td6.2.1/sim_release/ph1p/ph1p_logic_ramfifo.v(181): (vopt-2241) Connection width does not match width of port 'beb'. The port definition is at: D:/td6.2.1/sim_release/ph1p/ph1p_logic_eram.v(47).
# ** Warning: ../user_source/hdl_source/hdmi_1_4b_transmitter_core_wrapper.enc.v(125): (vopt-2241) Connection width does not match width of port '<protected>'.<protected>
# ** Warning: ../user_source/hdl_source/hdmi_1_4b_transmitter_core_wrapper.enc.v(125): (vopt-2241) Connection width does not match width of port '<protected>'.<protected>
# ** Warning: D:/td6.2.1/sim_release/ph1p/ph1p_logic_ramfifo.v(181): (vopt-2241) Connection width does not match width of port 'bea'. The port definition is at: D:/td6.2.1/sim_release/ph1p/ph1p_logic_eram.v(45).
# ** Warning: D:/td6.2.1/sim_release/ph1p/ph1p_logic_ramfifo.v(181): (vopt-2241) Connection width does not match width of port 'dib'. The port definition is at: D:/td6.2.1/sim_release/ph1p/ph1p_logic_eram.v(46).
# ** Warning: D:/td6.2.1/sim_release/ph1p/ph1p_logic_ramfifo.v(181): (vopt-2241) Connection width does not match width of port 'beb'. The port definition is at: D:/td6.2.1/sim_release/ph1p/ph1p_logic_eram.v(47).
# ** Warning: D:/td6.2.1/sim_release/ph1p/ph1p_logic_ramfifo.v(181): (vopt-2241) Connection width does not match width of port 'bea'. The port definition is at: D:/td6.2.1/sim_release/ph1p/ph1p_logic_eram.v(45).
# ** Warning: D:/td6.2.1/sim_release/ph1p/ph1p_logic_ramfifo.v(181): (vopt-2241) Connection width does not match width of port 'dib'. The port definition is at: D:/td6.2.1/sim_release/ph1p/ph1p_logic_eram.v(46).
# ** Warning: D:/td6.2.1/sim_release/ph1p/ph1p_logic_ramfifo.v(181): (vopt-2241) Connection width does not match width of port 'beb'. The port definition is at: D:/td6.2.1/sim_release/ph1p/ph1p_logic_eram.v(47).
# ** Warning: D:/td6.2.1/sim_release/ph1p/ph1p_logic_ramfifo.v(181): (vopt-2685) [TFMPC] - Too few port connections for 'u5'.  Expected 22, found 18.
# ** Warning: D:/td6.2.1/sim_release/ph1p/ph1p_logic_ramfifo.v(181): (vopt-2718) [TFMPC] - Missing connection for port 'ecc_dbiterr'.
# ** Warning: D:/td6.2.1/sim_release/ph1p/ph1p_logic_ramfifo.v(181): (vopt-2718) [TFMPC] - Missing connection for port 'ecc_sbiterr'.
# ** Warning: D:/td6.2.1/sim_release/ph1p/ph1p_logic_ramfifo.v(181): (vopt-2718) [TFMPC] - Missing connection for port 'ecc_dbiterrinj'.
# ** Warning: D:/td6.2.1/sim_release/ph1p/ph1p_logic_ramfifo.v(181): (vopt-2718) [TFMPC] - Missing connection for port 'ecc_sbiterrinj'.
# ** Warning: D:/td6.2.1/sim_release/ph1p/ph1p_logic_ramfifo.v(181): (vopt-2685) [TFMPC] - Too few port connections for 'u5'.  Expected 22, found 18.
# ** Warning: D:/td6.2.1/sim_release/ph1p/ph1p_logic_ramfifo.v(181): (vopt-2718) [TFMPC] - Missing connection for port 'ecc_dbiterr'.
# ** Warning: D:/td6.2.1/sim_release/ph1p/ph1p_logic_ramfifo.v(181): (vopt-2718) [TFMPC] - Missing connection for port 'ecc_sbiterr'.
# ** Warning: D:/td6.2.1/sim_release/ph1p/ph1p_logic_ramfifo.v(181): (vopt-2718) [TFMPC] - Missing connection for port 'ecc_dbiterrinj'.
# ** Warning: D:/td6.2.1/sim_release/ph1p/ph1p_logic_ramfifo.v(181): (vopt-2718) [TFMPC] - Missing connection for port 'ecc_sbiterrinj'.
# ** Warning: D:/td6.2.1/sim_release/ph1p/ph1p_logic_ramfifo.v(181): (vopt-2685) [TFMPC] - Too few port connections for 'u5'.  Expected 22, found 18.
# ** Warning: D:/td6.2.1/sim_release/ph1p/ph1p_logic_ramfifo.v(181): (vopt-2718) [TFMPC] - Missing connection for port 'ecc_dbiterr'.
# ** Warning: D:/td6.2.1/sim_release/ph1p/ph1p_logic_ramfifo.v(181): (vopt-2718) [TFMPC] - Missing connection for port 'ecc_sbiterr'.
# ** Warning: D:/td6.2.1/sim_release/ph1p/ph1p_logic_ramfifo.v(181): (vopt-2718) [TFMPC] - Missing connection for port 'ecc_dbiterrinj'.
# ** Warning: D:/td6.2.1/sim_release/ph1p/ph1p_logic_ramfifo.v(181): (vopt-2718) [TFMPC] - Missing connection for port 'ecc_sbiterrinj'.
# ** Warning: D:/td6.2.1/sim_release/ph1p/ph1p_logic_ramfifo.v(181): (vopt-2685) [TFMPC] - Too few port connections for 'u5'.  Expected 22, found 18.
# ** Warning: D:/td6.2.1/sim_release/ph1p/ph1p_logic_ramfifo.v(181): (vopt-2718) [TFMPC] - Missing connection for port 'ecc_dbiterr'.
# ** Warning: D:/td6.2.1/sim_release/ph1p/ph1p_logic_ramfifo.v(181): (vopt-2718) [TFMPC] - Missing connection for port 'ecc_sbiterr'.
# ** Warning: D:/td6.2.1/sim_release/ph1p/ph1p_logic_ramfifo.v(181): (vopt-2718) [TFMPC] - Missing connection for port 'ecc_dbiterrinj'.
# ** Warning: D:/td6.2.1/sim_release/ph1p/ph1p_logic_ramfifo.v(181): (vopt-2718) [TFMPC] - Missing connection for port 'ecc_sbiterrinj'.
# ** Warning: D:/td6.2.1/sim_release/ph1p/ph1p_logic_eram.v(165): (vopt-2697) MSB of part-select into 'INIT_FILE' is out of bounds.
# ** Warning: D:/td6.2.1/sim_release/ph1p/ph1p_logic_eram.v(165): (vopt-2697) LSB of part-select into 'INIT_FILE' is out of bounds.
# ** Warning: D:/td6.2.1/sim_release/ph1p/ph1p_logic_eram.v(165): (vopt-2697) MSB of part-select into 'INIT_FILE' is out of bounds.
# ** Warning: D:/td6.2.1/sim_release/ph1p/ph1p_logic_eram.v(165): (vopt-2697) LSB of part-select into 'INIT_FILE' is out of bounds.
# ** Warning: D:/td6.2.1/sim_release/ph1p/ph1p_logic_eram.v(165): (vopt-2697) MSB of part-select into 'INIT_FILE' is out of bounds.
# ** Warning: D:/td6.2.1/sim_release/ph1p/ph1p_logic_eram.v(165): (vopt-2697) LSB of part-select into 'INIT_FILE' is out of bounds.
# ** Warning: D:/td6.2.1/sim_release/ph1p/ph1p_logic_eram.v(165): (vopt-2697) MSB of part-select into 'INIT_FILE' is out of bounds.
# ** Warning: D:/td6.2.1/sim_release/ph1p/ph1p_logic_eram.v(165): (vopt-2697) LSB of part-select into 'INIT_FILE' is out of bounds.
# //  ModelSim SE-64 10.5 Feb 13 2016 
# //
# //  Copyright 1991-2016 Mentor Graphics Corporation
# //  All Rights Reserved.
# //
# //  ModelSim SE-64 and its associated documentation contain trade
# //  secrets and commercial or financial information that are the property of
# //  Mentor Graphics Corporation and are privileged, confidential,
# //  and exempt from disclosure under the Freedom of Information Act,
# //  5 U.S.C. Section 552. Furthermore, this information
# //  is prohibited from disclosure under the Trade Secrets Act,
# //  18 U.S.C. Section 1905.
# //
# Loading sv_std.std
# Loading work.tb_hdmi_tpg(fast)
# Loading work.hdmi_tpg_top(fast)
# Loading anlogic_sim.PH1P_LOGIC_ERAM(fast)
# Loading anlogic_sim.PH1P_LOGIC_ERAM(fast__1)
# Loading anlogic_sim.PH1P_LOGIC_ERAM(fast__2)
# Loading anlogic_sim.PH1P_LOGIC_ERAM(fast__3)
# Loading anlogic_sim.PH1P_PHY_HR_PAD(fast)
# Loading anlogic_sim.glbl(fast)
# Loading anlogic_sim.PH1P_PHY_GSR(fast)
# ** Warning: (vsim-3015) D:/td6.2.1/sim_release/ph1p/ph1p_logic_ramfifo.v(181): [PCDPC] - Port size (1) does not match connection size (32) for port 'bea'. The port definition is at: D:/td6.2.1/sim_release/ph1p/ph1p_logic_eram.v(45).
#    Time: 0 fs  Iteration: 0  Instance: /tb_hdmi_tpg/dut/u_core/<protected>/<protected>/<protected>/<protected>/<protected>/<protected>/u5 File: D:/td6.2.1/sim_release/ph1p/ph1p_logic_eram.v
# ** Warning: (vsim-3015) D:/td6.2.1/sim_release/ph1p/ph1p_logic_ramfifo.v(181): [PCDPC] - Port size (11) does not match connection size (32) for port 'dib'. The port definition is at: D:/td6.2.1/sim_release/ph1p/ph1p_logic_eram.v(46).
#    Time: 0 fs  Iteration: 0  Instance: /tb_hdmi_tpg/dut/u_core/<protected>/<protected>/<protected>/<protected>/<protected>/<protected>/u5 File: D:/td6.2.1/sim_release/ph1p/ph1p_logic_eram.v
# ** Warning: (vsim-3015) D:/td6.2.1/sim_release/ph1p/ph1p_logic_ramfifo.v(181): [PCDPC] - Port size (1) does not match connection size (32) for port 'beb'. The port definition is at: D:/td6.2.1/sim_release/ph1p/ph1p_logic_eram.v(47).
#    Time: 0 fs  Iteration: 0  Instance: /tb_hdmi_tpg/dut/u_core/<protected>/<protected>/<protected>/<protected>/<protected>/<protected>/u5 File: D:/td6.2.1/sim_release/ph1p/ph1p_logic_eram.v
# ** Warning: (vsim-3015) D:/td6.2.1/sim_release/ph1p/ph1p_logic_ramfifo.v(181): [PCDPC] - Port size (1) does not match connection size (32) for port 'bea'. The port definition is at: D:/td6.2.1/sim_release/ph1p/ph1p_logic_eram.v(45).
#    Time: 0 fs  Iteration: 0  Instance: /tb_hdmi_tpg/dut/u_core/<protected>/<protected>/<protected>/<protected>/<protected>/<protected>/u5 File: D:/td6.2.1/sim_release/ph1p/ph1p_logic_eram.v
# ** Warning: (vsim-3015) D:/td6.2.1/sim_release/ph1p/ph1p_logic_ramfifo.v(181): [PCDPC] - Port size (9) does not match connection size (32) for port 'dib'. The port definition is at: D:/td6.2.1/sim_release/ph1p/ph1p_logic_eram.v(46).
#    Time: 0 fs  Iteration: 0  Instance: /tb_hdmi_tpg/dut/u_core/<protected>/<protected>/<protected>/<protected>/<protected>/<protected>/u5 File: D:/td6.2.1/sim_release/ph1p/ph1p_logic_eram.v
# ** Warning: (vsim-3015) D:/td6.2.1/sim_release/ph1p/ph1p_logic_ramfifo.v(181): [PCDPC] - Port size (1) does not match connection size (32) for port 'beb'. The port definition is at: D:/td6.2.1/sim_release/ph1p/ph1p_logic_eram.v(47).
#    Time: 0 fs  Iteration: 0  Instance: /tb_hdmi_tpg/dut/u_core/<protected>/<protected>/<protected>/<protected>/<protected>/<protected>/u5 File: D:/td6.2.1/sim_release/ph1p/ph1p_logic_eram.v
# ** Warning: (vsim-3015) D:/td6.2.1/sim_release/ph1p/ph1p_logic_ramfifo.v(181): [PCDPC] - Port size (1) does not match connection size (32) for port 'bea'. The port definition is at: D:/td6.2.1/sim_release/ph1p/ph1p_logic_eram.v(45).
#    Time: 0 fs  Iteration: 0  Instance: /tb_hdmi_tpg/dut/u_core/<protected>/<protected>/<protected>/<protected>/<protected>/<protected>/u5 File: D:/td6.2.1/sim_release/ph1p/ph1p_logic_eram.v
# ** Warning: (vsim-3015) D:/td6.2.1/sim_release/ph1p/ph1p_logic_ramfifo.v(181): [PCDPC] - Port size (96) does not match connection size (32) for port 'dib'. The port definition is at: D:/td6.2.1/sim_release/ph1p/ph1p_logic_eram.v(46).
#    Time: 0 fs  Iteration: 0  Instance: /tb_hdmi_tpg/dut/u_core/<protected>/<protected>/<protected>/<protected>/<protected>/<protected>/u5 File: D:/td6.2.1/sim_release/ph1p/ph1p_logic_eram.v
# ** Warning: (vsim-3015) D:/td6.2.1/sim_release/ph1p/ph1p_logic_ramfifo.v(181): [PCDPC] - Port size (1) does not match connection size (32) for port 'beb'. The port definition is at: D:/td6.2.1/sim_release/ph1p/ph1p_logic_eram.v(47).
#    Time: 0 fs  Iteration: 0  Instance: /tb_hdmi_tpg/dut/u_core/<protected>/<protected>/<protected>/<protected>/<protected>/<protected>/u5 File: D:/td6.2.1/sim_release/ph1p/ph1p_logic_eram.v
# ** Warning: (vsim-3015) D:/td6.2.1/sim_release/ph1p/ph1p_logic_ramfifo.v(181): [PCDPC] - Port size (1) does not match connection size (32) for port 'bea'. The port definition is at: D:/td6.2.1/sim_release/ph1p/ph1p_logic_eram.v(45).
#    Time: 0 fs  Iteration: 0  Instance: /tb_hdmi_tpg/dut/u_core/<protected>/<protected>/<protected>/<protected>/<protected>/u5 File: D:/td6.2.1/sim_release/ph1p/ph1p_logic_eram.v
# ** Warning: (vsim-3015) D:/td6.2.1/sim_release/ph1p/ph1p_logic_ramfifo.v(181): [PCDPC] - Port size (24) does not match connection size (32) for port 'dib'. The port definition is at: D:/td6.2.1/sim_release/ph1p/ph1p_logic_eram.v(46).
#    Time: 0 fs  Iteration: 0  Instance: /tb_hdmi_tpg/dut/u_core/<protected>/<protected>/<protected>/<protected>/<protected>/u5 File: D:/td6.2.1/sim_release/ph1p/ph1p_logic_eram.v
# ** Warning: (vsim-3015) D:/td6.2.1/sim_release/ph1p/ph1p_logic_ramfifo.v(181): [PCDPC] - Port size (1) does not match connection size (32) for port 'beb'. The port definition is at: D:/td6.2.1/sim_release/ph1p/ph1p_logic_eram.v(47).
#    Time: 0 fs  Iteration: 0  Instance: /tb_hdmi_tpg/dut/u_core/<protected>/<protected>/<protected>/<protected>/<protected>/u5 File: D:/td6.2.1/sim_release/ph1p/ph1p_logic_eram.v
# run -all
# OBS TPG video_locked=1 cycle=99287
# OBS HS falling cycle=101316 period=101317 island=1 cb=000 cg=000 cr=000 locked=1
# OBS TPG HS LOW width44; HIGH width2156; period2200
# OBS HS falling cycle=103516 period=2200 island=1 cb=000 cg=000 cr=000 locked=1
# OBS TPG HS LOW width44; HIGH width2156; period2200
# OBS HS falling cycle=105716 period=2200 island=1 cb=000 cg=000 cr=000 locked=1
# OBS TPG HS LOW width44; HIGH width2156; period2200
# OBS HS falling cycle=107916 period=2200 island=1 cb=000 cg=000 cr=000 locked=1
# OBS HS falling cycle=110116 period=2200 island=1 cb=000 cg=000 cr=000 locked=1
# OBS HS falling cycle=112316 period=2200 island=1 cb=000 cg=000 cr=000 locked=1
# OBS HS falling cycle=114516 period=2200 island=1 cb=000 cg=000 cr=000 locked=1
# OBS TPG progress pixel_cycles=250000 Hchecks=67 Vchecks=0
# OBS TPG progress pixel_cycles=500000 Hchecks=181 Vchecks=0
# ** Fatal: TPG TMDS clock period 16.161612
#    Time: 9069389222423 fs  Scope: tb_hdmi_tpg File: tb_hdmi_tpg.v Line: 17
# ** Note: $finish    : tb_hdmi_tpg.v(17)
#    Time: 9069389222423 fs  Iteration: 0  Instance: /tb_hdmi_tpg
# End time: 21:49:27 on Oct 08,2026, Elapsed time: 0:00:21
# Errors: 1, Warnings: 54
