#[INFO] design_integrator V2025.03 (APP main), Windows 64bit (Release), Build 155504 2025/03/31, 17:29:05 Mar 31 2025 on WIN10-204
#[INFO] Run at Thu Jul 17 15:05:04 2025
#[INFO] The Design.xml (F:/al_data/F02_PH1P35/01_start/03_peripheral_demo/08_csi_dsi_imx415_7/td_project/al_ip/Design.xml) does not exist.
#[INFO] The Design.xml (F:/al_data/F02_PH1P35/01_start/03_peripheral_demo/08_csi_dsi_imx415_7/td_project/camera_to_dsi_display_Runs/Design.xml) does not exist.
#[INFO] The Design.xml (F:/al_data/F02_PH1P35/01_start/03_peripheral_demo/08_csi_dsi_imx415_7/td_project/chip_debugger/Design.xml) does not exist.
#[INFO] The Design.xml (F:/al_data/F02_PH1P35/01_start/03_peripheral_demo/08_csi_dsi_imx415_7/td_project/log/Design.xml) does not exist.
si_select_window DesignIntegrator
si_resize_window DesignIntegrator 3840 2054
si_resize_window_central DesignIntegrator 3840 1977 Navigation 640 480
si_click_toolbar_item DesignIntegrator DesignIntegrator.Flow.Open_Design
#[INFO] The Design.xml (F:/al_data/F02_PH1P35/01_start/03_peripheral_demo/08_csi_dsi_imx415_7/td_project/al_ip/Design.xml) does not exist.
#[INFO] The Design.xml (F:/al_data/F02_PH1P35/01_start/03_peripheral_demo/08_csi_dsi_imx415_7/td_project/camera_to_dsi_display_Runs/Design.xml) does not exist.
#[INFO] The Design.xml (F:/al_data/F02_PH1P35/01_start/03_peripheral_demo/08_csi_dsi_imx415_7/td_project/chip_debugger/Design.xml) does not exist.
#[INFO] The Design.xml (F:/al_data/F02_PH1P35/01_start/03_peripheral_demo/08_csi_dsi_imx415_7/td_project/log/Design.xml) does not exist.
si_select_dialog Open_Design
si_close_dialog Open_Design
si_select_window DesignIntegrator
si_click_toolbar_item DesignIntegrator DesignIntegrator.Flow.Create_Design
#[INFO] The Design.xml (F:/al_data/F02_PH1P35/01_start/03_peripheral_demo/08_csi_dsi_imx415_7/td_project/al_ip/Design.xml) does not exist.
#[INFO] The Design.xml (F:/al_data/F02_PH1P35/01_start/03_peripheral_demo/08_csi_dsi_imx415_7/td_project/camera_to_dsi_display_Runs/Design.xml) does not exist.
#[INFO] The Design.xml (F:/al_data/F02_PH1P35/01_start/03_peripheral_demo/08_csi_dsi_imx415_7/td_project/chip_debugger/Design.xml) does not exist.
#[INFO] The Design.xml (F:/al_data/F02_PH1P35/01_start/03_peripheral_demo/08_csi_dsi_imx415_7/td_project/log/Design.xml) does not exist.
si_set_line_edit_text Create_Design CreateDesign.Name design_0
si_select_dialog Create_Design
si_select_combobox_item Create_Design CreateDesign.Directory choose... 1
si_select_file_dialog Create_Design_Choose F:/al_data/F02_PH1P35/01_start/03_peripheral_demo/08_csi_dsi_imx415_7/sdk
si_select_dialog Create_Design
si_click_push_button Create_Design CreateDesign.Ok
#[INFO] The Design.xml (F:/al_data/F02_PH1P35/01_start/03_peripheral_demo/08_csi_dsi_imx415_7/td_project/al_ip/Design.xml) does not exist.
#[INFO] The Design.xml (F:/al_data/F02_PH1P35/01_start/03_peripheral_demo/08_csi_dsi_imx415_7/td_project/camera_to_dsi_display_Runs/Design.xml) does not exist.
#[INFO] The Design.xml (F:/al_data/F02_PH1P35/01_start/03_peripheral_demo/08_csi_dsi_imx415_7/td_project/chip_debugger/Design.xml) does not exist.
#[INFO] The Design.xml (F:/al_data/F02_PH1P35/01_start/03_peripheral_demo/08_csi_dsi_imx415_7/td_project/log/Design.xml) does not exist.
#[INFO] si_create_design design_0
si_select_window DesignIntegrator
si_design_diagram_select design_0.DesignDiagram 1
si_click_toolbar_item design_0.DesignDiagram IP+
si_select_dialog Design_Add_Module
si_click_tree_item Design_Add_Module ipModulesTree Primitive_IP.Processor_System.MCU 0
si_resize_dialog Design_Add_Module 1400 1400
si_resize_dialog Design_Add_Module 2254 1763
si_click_tree_item Design_Add_Module ipModulesTree Primitive_IP.Processor_System.MCU 0
si_select_dialog Design_Add_Module
si_click_tree_item Design_Add_Module ipModulesTree Soft_IP.Processor_System.Lite/Medium_RISC-V_V1_0 0
si_double_click_tree_item Design_Add_Module ipModulesTree Soft_IP.Processor_System.Lite/Medium_RISC-V_V1_0 0
#si_select_dialog AL_HintBox #Add IP
#[INFO] E:/Anlogic/TD_6.1.2_PH1P35_Release_155.545/bin/td.exe -ip -new_ip F:/al_data/F02_PH1P35/01_start/03_peripheral_demo/08_csi_dsi_imx415_7/sdk/design_0/ip/design_0_Lite_Medium_RISC_V_V1_0_0 "" PH1P35MDG324 Lite/Medium RISC-V V1.0 design_0_Lite_Medium_RISC_V_V1_0_0 -nolog -model_id com.anlogic.35862449
#[INFO] GUI-2000 : The IP files have been created successfully :{PH1P35MDG324(F:/al_data/F02_PH1P35/01_start/03_peripheral_demo/08_csi_dsi_imx415_7/sdk/design_0/ip/design_0_Lite_Medium_RISC_V_V1_0_0/design_0_Lite_Medium_RISC_V_V1_0_0.ipc)}
#F:/al_data/F02_PH1P35/01_start/03_peripheral_demo/08_csi_dsi_imx415_7/sdk/design_0/ip/design_0_Lite_Medium_RISC_V_V1_0_0/design_0_Lite_Medium_RISC_V_V1_0_0_gate.v(2371): INFO: undeclared symbol 'open_n2', assumed default net type 'wire' (VLG-1573)
#F:/al_data/F02_PH1P35/01_start/03_peripheral_demo/08_csi_dsi_imx415_7/sdk/design_0/ip/design_0_Lite_Medium_RISC_V_V1_0_0/design_0_Lite_Medium_RISC_V_V1_0_0_gate.v(2378): INFO: undeclared symbol 'open_n3', assumed default net type 'wire' (VLG-1573)
#F:/al_data/F02_PH1P35/01_start/03_peripheral_demo/08_csi_dsi_imx415_7/sdk/design_0/ip/design_0_Lite_Medium_RISC_V_V1_0_0/design_0_Lite_Medium_RISC_V_V1_0_0_gate.v(2581): INFO: undeclared symbol 'open_n4', assumed default net type 'wire' (VLG-1573)
#F:/al_data/F02_PH1P35/01_start/03_peripheral_demo/08_csi_dsi_imx415_7/sdk/design_0/ip/design_0_Lite_Medium_RISC_V_V1_0_0/design_0_Lite_Medium_RISC_V_V1_0_0_gate.v(7080): INFO: undeclared symbol 'open_n5', assumed default net type 'wire' (VLG-1573)
#F:/al_data/F02_PH1P35/01_start/03_peripheral_demo/08_csi_dsi_imx415_7/sdk/design_0/ip/design_0_Lite_Medium_RISC_V_V1_0_0/design_0_Lite_Medium_RISC_V_V1_0_0_gate.v(7102): INFO: undeclared symbol 'open_n6', assumed default net type 'wire' (VLG-1573)
#F:/al_data/F02_PH1P35/01_start/03_peripheral_demo/08_csi_dsi_imx415_7/sdk/design_0/ip/design_0_Lite_Medium_RISC_V_V1_0_0/design_0_Lite_Medium_RISC_V_V1_0_0_gate.v(7897): INFO: undeclared symbol 'open_n9', assumed default net type 'wire' (VLG-1573)
#F:/al_data/F02_PH1P35/01_start/03_peripheral_demo/08_csi_dsi_imx415_7/sdk/design_0/ip/design_0_Lite_Medium_RISC_V_V1_0_0/design_0_Lite_Medium_RISC_V_V1_0_0_gate.v(8107): INFO: undeclared symbol 'open_n10', assumed default net type 'wire' (VLG-1573)
#F:/al_data/F02_PH1P35/01_start/03_peripheral_demo/08_csi_dsi_imx415_7/sdk/design_0/ip/design_0_Lite_Medium_RISC_V_V1_0_0/design_0_Lite_Medium_RISC_V_V1_0_0_gate.v(12865): INFO: undeclared symbol 'open_n13', assumed default net type 'wire' (VLG-1573)
#F:/al_data/F02_PH1P35/01_start/03_peripheral_demo/08_csi_dsi_imx415_7/sdk/design_0/ip/design_0_Lite_Medium_RISC_V_V1_0_0/design_0_Lite_Medium_RISC_V_V1_0_0_gate.v(12872): INFO: undeclared symbol 'open_n14', assumed default net type 'wire' (VLG-1573)
#F:/al_data/F02_PH1P35/01_start/03_peripheral_demo/08_csi_dsi_imx415_7/sdk/design_0/ip/design_0_Lite_Medium_RISC_V_V1_0_0/design_0_Lite_Medium_RISC_V_V1_0_0_gate.v(12879): INFO: undeclared symbol 'open_n15', assumed default net type 'wire' (VLG-1573)
#F:/al_data/F02_PH1P35/01_start/03_peripheral_demo/08_csi_dsi_imx415_7/sdk/design_0/ip/design_0_Lite_Medium_RISC_V_V1_0_0/design_0_Lite_Medium_RISC_V_V1_0_0_gate.v(13089): INFO: undeclared symbol 'open_n16', assumed default net type 'wire' (VLG-1573)
#F:/al_data/F02_PH1P35/01_start/03_peripheral_demo/08_csi_dsi_imx415_7/sdk/design_0/ip/design_0_Lite_Medium_RISC_V_V1_0_0/design_0_Lite_Medium_RISC_V_V1_0_0_gate.v(13094): INFO: undeclared symbol 'open_n19', assumed default net type 'wire' (VLG-1573)
#F:/al_data/F02_PH1P35/01_start/03_peripheral_demo/08_csi_dsi_imx415_7/sdk/design_0/ip/design_0_Lite_Medium_RISC_V_V1_0_0/design_0_Lite_Medium_RISC_V_V1_0_0_gate.v(13101): INFO: undeclared symbol 'open_n20', assumed default net type 'wire' (VLG-1573)
#F:/al_data/F02_PH1P35/01_start/03_peripheral_demo/08_csi_dsi_imx415_7/sdk/design_0/ip/design_0_Lite_Medium_RISC_V_V1_0_0/design_0_Lite_Medium_RISC_V_V1_0_0_gate.v(13318): INFO: undeclared symbol 'open_n21', assumed default net type 'wire' (VLG-1573)
#F:/al_data/F02_PH1P35/01_start/03_peripheral_demo/08_csi_dsi_imx415_7/sdk/design_0/ip/design_0_Lite_Medium_RISC_V_V1_0_0/design_0_Lite_Medium_RISC_V_V1_0_0_gate.v(13323): INFO: undeclared symbol 'open_n24', assumed default net type 'wire' (VLG-1573)
#F:/al_data/F02_PH1P35/01_start/03_peripheral_demo/08_csi_dsi_imx415_7/sdk/design_0/ip/design_0_Lite_Medium_RISC_V_V1_0_0/design_0_Lite_Medium_RISC_V_V1_0_0_gate.v(13533): INFO: undeclared symbol 'open_n25', assumed default net type 'wire' (VLG-1573)
#F:/al_data/F02_PH1P35/01_start/03_peripheral_demo/08_csi_dsi_imx415_7/sdk/design_0/ip/design_0_Lite_Medium_RISC_V_V1_0_0/design_0_Lite_Medium_RISC_V_V1_0_0_gate.v(5): INFO: compiling module 'design_0_Lite_Medium_RISC_V_V1_0_0' (VLG-004)
#F:/al_data/F02_PH1P35/01_start/03_peripheral_demo/08_csi_dsi_imx415_7/sdk/design_0/ip/design_0_Lite_Medium_RISC_V_V1_0_0/design_0_Lite_Medium_RISC_V_V1_0_0_gate.v(1002): WARNING: instantiating unknown module 'AL_MAP_LUT6' (VLG-075)
#F:/al_data/F02_PH1P35/01_start/03_peripheral_demo/08_csi_dsi_imx415_7/sdk/design_0/ip/design_0_Lite_Medium_RISC_V_V1_0_0/design_0_Lite_Medium_RISC_V_V1_0_0_gate.v(1066): WARNING: instantiating unknown module 'AL_DFF_X' (VLG-075)
#F:/al_data/F02_PH1P35/01_start/03_peripheral_demo/08_csi_dsi_imx415_7/sdk/design_0/ip/design_0_Lite_Medium_RISC_V_V1_0_0/design_0_Lite_Medium_RISC_V_V1_0_0_gate.v(1398): WARNING: instantiating unknown module 'AL_MAP_LUT3' (VLG-075)
#F:/al_data/F02_PH1P35/01_start/03_peripheral_demo/08_csi_dsi_imx415_7/sdk/design_0/ip/design_0_Lite_Medium_RISC_V_V1_0_0/design_0_Lite_Medium_RISC_V_V1_0_0_gate.v(1409): WARNING: instantiating unknown module 'AL_DFF_X' (VLG-075)
#F:/al_data/F02_PH1P35/01_start/03_peripheral_demo/08_csi_dsi_imx415_7/sdk/design_0/ip/design_0_Lite_Medium_RISC_V_V1_0_0/design_0_Lite_Medium_RISC_V_V1_0_0_gate.v(1716): WARNING: instantiating unknown module 'AL_MAP_LUT2' (VLG-075)
#F:/al_data/F02_PH1P35/01_start/03_peripheral_demo/08_csi_dsi_imx415_7/sdk/design_0/ip/design_0_Lite_Medium_RISC_V_V1_0_0/design_0_Lite_Medium_RISC_V_V1_0_0_gate.v(1723): WARNING: instantiating unknown module 'AL_MAP_LUT2' (VLG-075)
#F:/al_data/F02_PH1P35/01_start/03_peripheral_demo/08_csi_dsi_imx415_7/sdk/design_0/ip/design_0_Lite_Medium_RISC_V_V1_0_0/design_0_Lite_Medium_RISC_V_V1_0_0_gate.v(1856): WARNING: instantiating unknown module 'AL_MAP_LUT2' (VLG-075)
#F:/al_data/F02_PH1P35/01_start/03_peripheral_demo/08_csi_dsi_imx415_7/sdk/design_0/ip/design_0_Lite_Medium_RISC_V_V1_0_0/design_0_Lite_Medium_RISC_V_V1_0_0_gate.v(2215): WARNING: instantiating unknown module 'AL_MAP_LUT5' (VLG-075)
#F:/al_data/F02_PH1P35/01_start/03_peripheral_demo/08_csi_dsi_imx415_7/sdk/design_0/ip/design_0_Lite_Medium_RISC_V_V1_0_0/design_0_Lite_Medium_RISC_V_V1_0_0_gate.v(2226): WARNING: instantiating unknown module 'AL_MAP_LUT6' (VLG-075)
#F:/al_data/F02_PH1P35/01_start/03_peripheral_demo/08_csi_dsi_imx415_7/sdk/design_0/ip/design_0_Lite_Medium_RISC_V_V1_0_0/design_0_Lite_Medium_RISC_V_V1_0_0_gate.v(2248): WARNING: instantiating unknown module 'AL_MAP_LUT6' (VLG-075)
#F:/al_data/F02_PH1P35/01_start/03_peripheral_demo/08_csi_dsi_imx415_7/sdk/design_0/ip/design_0_Lite_Medium_RISC_V_V1_0_0/design_0_Lite_Medium_RISC_V_V1_0_0_gate.v(2302): WARNING: instantiating unknown module 'AL_MAP_LUT5' (VLG-075)
#F:/al_data/F02_PH1P35/01_start/03_peripheral_demo/08_csi_dsi_imx415_7/sdk/design_0/ip/design_0_Lite_Medium_RISC_V_V1_0_0/design_0_Lite_Medium_RISC_V_V1_0_0_gate.v(2313): WARNING: instantiating unknown module 'AL_MAP_LUT6' (VLG-075)
#F:/al_data/F02_PH1P35/01_start/03_peripheral_demo/08_csi_dsi_imx415_7/sdk/design_0/ip/design_0_Lite_Medium_RISC_V_V1_0_0/design_0_Lite_Medium_RISC_V_V1_0_0_gate.v(2371): WARNING: instantiating unknown module 'AL_MAP_ADDER' (VLG-075)
#F:/al_data/F02_PH1P35/01_start/03_peripheral_demo/08_csi_dsi_imx415_7/sdk/design_0/ip/design_0_Lite_Medium_RISC_V_V1_0_0/design_0_Lite_Medium_RISC_V_V1_0_0_gate.v(2378): WARNING: instantiating unknown module 'AL_MAP_ADDER' (VLG-075)
#F:/al_data/F02_PH1P35/01_start/03_peripheral_demo/08_csi_dsi_imx415_7/sdk/design_0/ip/design_0_Lite_Medium_RISC_V_V1_0_0/design_0_Lite_Medium_RISC_V_V1_0_0_gate.v(2600): WARNING: instantiating unknown module 'AL_MAP_LUT5' (VLG-075)
#F:/al_data/F02_PH1P35/01_start/03_peripheral_demo/08_csi_dsi_imx415_7/sdk/design_0/ip/design_0_Lite_Medium_RISC_V_V1_0_0/design_0_Lite_Medium_RISC_V_V1_0_0_gate.v(2741): WARNING: instantiating unknown module 'AL_MAP_LUT6' (VLG-075)
#F:/al_data/F02_PH1P35/01_start/03_peripheral_demo/08_csi_dsi_imx415_7/sdk/design_0/ip/design_0_Lite_Medium_RISC_V_V1_0_0/design_0_Lite_Medium_RISC_V_V1_0_0_gate.v(2748): WARNING: instantiating unknown module 'AL_MAP_LUT2' (VLG-075)
#F:/al_data/F02_PH1P35/01_start/03_peripheral_demo/08_csi_dsi_imx415_7/sdk/design_0/ip/design_0_Lite_Medium_RISC_V_V1_0_0/design_0_Lite_Medium_RISC_V_V1_0_0_gate.v(2758): WARNING: instantiating unknown module 'AL_MAP_LUT5' (VLG-075)
#F:/al_data/F02_PH1P35/01_start/03_peripheral_demo/08_csi_dsi_imx415_7/sdk/design_0/ip/design_0_Lite_Medium_RISC_V_V1_0_0/design_0_Lite_Medium_RISC_V_V1_0_0_gate.v(2776): WARNING: instantiating unknown module 'AL_MAP_LUT6' (VLG-075)
#F:/al_data/F02_PH1P35/01_start/03_peripheral_demo/08_csi_dsi_imx415_7/sdk/design_0/ip/design_0_Lite_Medium_RISC_V_V1_0_0/design_0_Lite_Medium_RISC_V_V1_0_0_gate.v(2786): WARNING: instantiating unknown module 'AL_MAP_LUT5' (VLG-075)
#F:/al_data/F02_PH1P35/01_start/03_peripheral_demo/08_csi_dsi_imx415_7/sdk/design_0/ip/design_0_Lite_Medium_RISC_V_V1_0_0/design_0_Lite_Medium_RISC_V_V1_0_0_gate.v(3024): WARNING: instantiating unknown module 'AL_MAP_LUT3' (VLG-075)
#F:/al_data/F02_PH1P35/01_start/03_peripheral_demo/08_csi_dsi_imx415_7/sdk/design_0/ip/design_0_Lite_Medium_RISC_V_V1_0_0/design_0_Lite_Medium_RISC_V_V1_0_0_gate.v(3035): WARNING: instantiating unknown module 'AL_MAP_LUT6' (VLG-075)
#F:/al_data/F02_PH1P35/01_start/03_peripheral_demo/08_csi_dsi_imx415_7/sdk/design_0/ip/design_0_Lite_Medium_RISC_V_V1_0_0/design_0_Lite_Medium_RISC_V_V1_0_0_gate.v(3062): WARNING: instantiating unknown module 'AL_MAP_LUT3' (VLG-075)
#F:/al_data/F02_PH1P35/01_start/03_peripheral_demo/08_csi_dsi_imx415_7/sdk/design_0/ip/design_0_Lite_Medium_RISC_V_V1_0_0/design_0_Lite_Medium_RISC_V_V1_0_0_gate.v(3097): WARNING: instantiating unknown module 'AL_MAP_LUT4' (VLG-075)
#F:/al_data/F02_PH1P35/01_start/03_peripheral_demo/08_csi_dsi_imx415_7/sdk/design_0/ip/design_0_Lite_Medium_RISC_V_V1_0_0/design_0_Lite_Medium_RISC_V_V1_0_0_gate.v(3108): WARNING: instantiating unknown module 'AL_MAP_LUT6' (VLG-075)
#F:/al_data/F02_PH1P35/01_start/03_peripheral_demo/08_csi_dsi_imx415_7/sdk/design_0/ip/design_0_Lite_Medium_RISC_V_V1_0_0/design_0_Lite_Medium_RISC_V_V1_0_0_gate.v(3154): WARNING: instantiating unknown module 'AL_MAP_LUT3' (VLG-075)
#F:/al_data/F02_PH1P35/01_start/03_peripheral_demo/08_csi_dsi_imx415_7/sdk/design_0/ip/design_0_Lite_Medium_RISC_V_V1_0_0/design_0_Lite_Medium_RISC_V_V1_0_0_gate.v(3162): WARNING: instantiating unknown module 'AL_MAP_LUT3' (VLG-075)
#F:/al_data/F02_PH1P35/01_start/03_peripheral_demo/08_csi_dsi_imx415_7/sdk/design_0/ip/design_0_Lite_Medium_RISC_V_V1_0_0/design_0_Lite_Medium_RISC_V_V1_0_0_gate.v(3171): WARNING: instantiating unknown module 'AL_MAP_LUT4' (VLG-075)
#F:/al_data/F02_PH1P35/01_start/03_peripheral_demo/08_csi_dsi_imx415_7/sdk/design_0/ip/design_0_Lite_Medium_RISC_V_V1_0_0/design_0_Lite_Medium_RISC_V_V1_0_0_gate.v(3182): WARNING: instantiating unknown module 'AL_MAP_LUT6' (VLG-075)
#F:/al_data/F02_PH1P35/01_start/03_peripheral_demo/08_csi_dsi_imx415_7/sdk/design_0/ip/design_0_Lite_Medium_RISC_V_V1_0_0/design_0_Lite_Medium_RISC_V_V1_0_0_gate.v(3193): WARNING: instantiating unknown module 'AL_MAP_LUT6' (VLG-075)
#F:/al_data/F02_PH1P35/01_start/03_peripheral_demo/08_csi_dsi_imx415_7/sdk/design_0/ip/design_0_Lite_Medium_RISC_V_V1_0_0/design_0_Lite_Medium_RISC_V_V1_0_0_gate.v(3203): WARNING: instantiating unknown module 'AL_MAP_LUT5' (VLG-075)
#F:/al_data/F02_PH1P35/01_start/03_peripheral_demo/08_csi_dsi_imx415_7/sdk/design_0/ip/design_0_Lite_Medium_RISC_V_V1_0_0/design_0_Lite_Medium_RISC_V_V1_0_0_gate.v(3212): WARNING: instantiating unknown module 'AL_MAP_LUT4' (VLG-075)
#F:/al_data/F02_PH1P35/01_start/03_peripheral_demo/08_csi_dsi_imx415_7/sdk/design_0/ip/design_0_Lite_Medium_RISC_V_V1_0_0/design_0_Lite_Medium_RISC_V_V1_0_0_gate.v(3405): WARNING: instantiating unknown module 'AL_MAP_LUT4' (VLG-075)
#F:/al_data/F02_PH1P35/01_start/03_peripheral_demo/08_csi_dsi_imx415_7/sdk/design_0/ip/design_0_Lite_Medium_RISC_V_V1_0_0/design_0_Lite_Medium_RISC_V_V1_0_0_gate.v(3416): WARNING: instantiating unknown module 'AL_MAP_LUT6' (VLG-075)
#F:/al_data/F02_PH1P35/01_start/03_peripheral_demo/08_csi_dsi_imx415_7/sdk/design_0/ip/design_0_Lite_Medium_RISC_V_V1_0_0/design_0_Lite_Medium_RISC_V_V1_0_0_gate.v(3445): WARNING: instantiating unknown module 'AL_MAP_LUT6' (VLG-075)
#F:/al_data/F02_PH1P35/01_start/03_peripheral_demo/08_csi_dsi_imx415_7/sdk/design_0/ip/design_0_Lite_Medium_RISC_V_V1_0_0/design_0_Lite_Medium_RISC_V_V1_0_0_gate.v(3463): WARNING: instantiating unknown module 'AL_MAP_LUT5' (VLG-075)
#F:/al_data/F02_PH1P35/01_start/03_peripheral_demo/08_csi_dsi_imx415_7/sdk/design_0/ip/design_0_Lite_Medium_RISC_V_V1_0_0/design_0_Lite_Medium_RISC_V_V1_0_0_gate.v(3479): WARNING: instantiating unknown module 'AL_MAP_LUT3' (VLG-075)
#F:/al_data/F02_PH1P35/01_start/03_peripheral_demo/08_csi_dsi_imx415_7/sdk/design_0/ip/design_0_Lite_Medium_RISC_V_V1_0_0/design_0_Lite_Medium_RISC_V_V1_0_0_gate.v(3490): WARNING: instantiating unknown module 'AL_MAP_LUT6' (VLG-075)
#F:/al_data/F02_PH1P35/01_start/03_peripheral_demo/08_csi_dsi_imx415_7/sdk/design_0/ip/design_0_Lite_Medium_RISC_V_V1_0_0/design_0_Lite_Medium_RISC_V_V1_0_0_gate.v(3548): WARNING: instantiating unknown module 'AL_MAP_LUT5' (VLG-075)
#F:/al_data/F02_PH1P35/01_start/03_peripheral_demo/08_csi_dsi_imx415_7/sdk/design_0/ip/design_0_Lite_Medium_RISC_V_V1_0_0/design_0_Lite_Medium_RISC_V_V1_0_0_gate.v(3594): WARNING: instantiating unknown module 'AL_MAP_LUT5' (VLG-075)
#F:/al_data/F02_PH1P35/01_start/03_peripheral_demo/08_csi_dsi_imx415_7/sdk/design_0/ip/design_0_Lite_Medium_RISC_V_V1_0_0/design_0_Lite_Medium_RISC_V_V1_0_0_gate.v(3612): WARNING: instantiating unknown module 'AL_MAP_LUT4' (VLG-075)
#F:/al_data/F02_PH1P35/01_start/03_peripheral_demo/08_csi_dsi_imx415_7/sdk/design_0/ip/design_0_Lite_Medium_RISC_V_V1_0_0/design_0_Lite_Medium_RISC_V_V1_0_0_gate.v(3629): WARNING: instantiating unknown module 'AL_MAP_LUT3' (VLG-075)
#F:/al_data/F02_PH1P35/01_start/03_peripheral_demo/08_csi_dsi_imx415_7/sdk/design_0/ip/design_0_Lite_Medium_RISC_V_V1_0_0/design_0_Lite_Medium_RISC_V_V1_0_0_gate.v(3638): WARNING: instantiating unknown module 'AL_MAP_LUT4' (VLG-075)
#F:/al_data/F02_PH1P35/01_start/03_peripheral_demo/08_csi_dsi_imx415_7/sdk/design_0/ip/design_0_Lite_Medium_RISC_V_V1_0_0/design_0_Lite_Medium_RISC_V_V1_0_0_gate.v(3658): WARNING: instantiating unknown module 'AL_MAP_LUT6' (VLG-075)
#F:/al_data/F02_PH1P35/01_start/03_peripheral_demo/08_csi_dsi_imx415_7/sdk/design_0/ip/design_0_Lite_Medium_RISC_V_V1_0_0/design_0_Lite_Medium_RISC_V_V1_0_0_gate.v(3683): WARNING: instantiating unknown module 'AL_MAP_LUT4' (VLG-075)
#F:/al_data/F02_PH1P35/01_start/03_peripheral_demo/08_csi_dsi_imx415_7/sdk/design_0/ip/design_0_Lite_Medium_RISC_V_V1_0_0/design_0_Lite_Medium_RISC_V_V1_0_0_gate.v(3693): WARNING: instantiating unknown module 'AL_MAP_LUT5' (VLG-075)
#F:/al_data/F02_PH1P35/01_start/03_peripheral_demo/08_csi_dsi_imx415_7/sdk/design_0/ip/design_0_Lite_Medium_RISC_V_V1_0_0/design_0_Lite_Medium_RISC_V_V1_0_0_gate.v(3712): WARNING: instantiating unknown module 'AL_MAP_LUT5' (VLG-075)
#F:/al_data/F02_PH1P35/01_start/03_peripheral_demo/08_csi_dsi_imx415_7/sdk/design_0/ip/design_0_Lite_Medium_RISC_V_V1_0_0/design_0_Lite_Medium_RISC_V_V1_0_0_gate.v(3743): WARNING: instantiating unknown module 'AL_MAP_LUT1' (VLG-075)
#F:/al_data/F02_PH1P35/01_start/03_peripheral_demo/08_csi_dsi_imx415_7/sdk/design_0/ip/design_0_Lite_Medium_RISC_V_V1_0_0/design_0_Lite_Medium_RISC_V_V1_0_0_gate.v(3763): WARNING: instantiating unknown module 'AL_MAP_LUT6' (VLG-075)
#F:/al_data/F02_PH1P35/01_start/03_peripheral_demo/08_csi_dsi_imx415_7/sdk/design_0/ip/design_0_Lite_Medium_RISC_V_V1_0_0/design_0_Lite_Medium_RISC_V_V1_0_0_gate.v(3783): WARNING: instantiating unknown module 'AL_MAP_LUT6' (VLG-075)
#F:/al_data/F02_PH1P35/01_start/03_peripheral_demo/08_csi_dsi_imx415_7/sdk/design_0/ip/design_0_Lite_Medium_RISC_V_V1_0_0/design_0_Lite_Medium_RISC_V_V1_0_0_gate.v(3806): WARNING: instantiating unknown module 'AL_MAP_LUT4' (VLG-075)
#F:/al_data/F02_PH1P35/01_start/03_peripheral_demo/08_csi_dsi_imx415_7/sdk/design_0/ip/design_0_Lite_Medium_RISC_V_V1_0_0/design_0_Lite_Medium_RISC_V_V1_0_0_gate.v(3816): WARNING: instantiating unknown module 'AL_MAP_LUT5' (VLG-075)
#F:/al_data/F02_PH1P35/01_start/03_peripheral_demo/08_csi_dsi_imx415_7/sdk/design_0/ip/design_0_Lite_Medium_RISC_V_V1_0_0/design_0_Lite_Medium_RISC_V_V1_0_0_gate.v(4160): WARNING: instantiating unknown module 'AL_MAP_LUT6' (VLG-075)
#F:/al_data/F02_PH1P35/01_start/03_peripheral_demo/08_csi_dsi_imx415_7/sdk/design_0/ip/design_0_Lite_Medium_RISC_V_V1_0_0/design_0_Lite_Medium_RISC_V_V1_0_0_gate.v(4258): WARNING: instantiating unknown module 'AL_MAP_LUT6' (VLG-075)
#F:/al_data/F02_PH1P35/01_start/03_peripheral_demo/08_csi_dsi_imx415_7/sdk/design_0/ip/design_0_Lite_Medium_RISC_V_V1_0_0/design_0_Lite_Medium_RISC_V_V1_0_0_gate.v(4269): WARNING: instantiating unknown module 'AL_MAP_LUT6' (VLG-075)
#F:/al_data/F02_PH1P35/01_start/03_peripheral_demo/08_csi_dsi_imx415_7/sdk/design_0/ip/design_0_Lite_Medium_RISC_V_V1_0_0/design_0_Lite_Medium_RISC_V_V1_0_0_gate.v(4278): WARNING: instantiating unknown module 'AL_MAP_LUT4' (VLG-075)
#F:/al_data/F02_PH1P35/01_start/03_peripheral_demo/08_csi_dsi_imx415_7/sdk/design_0/ip/design_0_Lite_Medium_RISC_V_V1_0_0/design_0_Lite_Medium_RISC_V_V1_0_0_gate.v(4287): WARNING: instantiating unknown module 'AL_MAP_LUT4' (VLG-075)
#F:/al_data/F02_PH1P35/01_start/03_peripheral_demo/08_csi_dsi_imx415_7/sdk/design_0/ip/design_0_Lite_Medium_RISC_V_V1_0_0/design_0_Lite_Medium_RISC_V_V1_0_0_gate.v(4295): WARNING: instantiating unknown module 'AL_MAP_LUT3' (VLG-075)
#F:/al_data/F02_PH1P35/01_start/03_peripheral_demo/08_csi_dsi_imx415_7/sdk/design_0/ip/design_0_Lite_Medium_RISC_V_V1_0_0/design_0_Lite_Medium_RISC_V_V1_0_0_gate.v(4313): WARNING: instantiating unknown module 'AL_MAP_LUT4' (VLG-075)
#F:/al_data/F02_PH1P35/01_start/03_peripheral_demo/08_csi_dsi_imx415_7/sdk/design_0/ip/design_0_Lite_Medium_RISC_V_V1_0_0/design_0_Lite_Medium_RISC_V_V1_0_0_gate.v(4324): WARNING: instantiating unknown module 'AL_MAP_LUT6' (VLG-075)
#F:/al_data/F02_PH1P35/01_start/03_peripheral_demo/08_csi_dsi_imx415_7/sdk/design_0/ip/design_0_Lite_Medium_RISC_V_V1_0_0/design_0_Lite_Medium_RISC_V_V1_0_0_gate.v(4349): WARNING: instantiating unknown module 'AL_MAP_LUT4' (VLG-075)
#F:/al_data/F02_PH1P35/01_start/03_peripheral_demo/08_csi_dsi_imx415_7/sdk/design_0/ip/design_0_Lite_Medium_RISC_V_V1_0_0/design_0_Lite_Medium_RISC_V_V1_0_0_gate.v(4371): WARNING: instantiating unknown module 'AL_MAP_LUT6' (VLG-075)
#F:/al_data/F02_PH1P35/01_start/03_peripheral_demo/08_csi_dsi_imx415_7/sdk/design_0/ip/design_0_Lite_Medium_RISC_V_V1_0_0/design_0_Lite_Medium_RISC_V_V1_0_0_gate.v(4398): WARNING: instantiating unknown module 'AL_MAP_LUT6' (VLG-075)
#F:/al_data/F02_PH1P35/01_start/03_peripheral_demo/08_csi_dsi_imx415_7/sdk/design_0/ip/design_0_Lite_Medium_RISC_V_V1_0_0/design_0_Lite_Medium_RISC_V_V1_0_0_gate.v(4424): WARNING: instantiating unknown module 'AL_MAP_LUT3' (VLG-075)
#F:/al_data/F02_PH1P35/01_start/03_peripheral_demo/08_csi_dsi_imx415_7/sdk/design_0/ip/design_0_Lite_Medium_RISC_V_V1_0_0/design_0_Lite_Medium_RISC_V_V1_0_0_gate.v(4443): WARNING: instantiating unknown module 'AL_MAP_LUT3' (VLG-075)
#F:/al_data/F02_PH1P35/01_start/03_peripheral_demo/08_csi_dsi_imx415_7/sdk/design_0/ip/design_0_Lite_Medium_RISC_V_V1_0_0/design_0_Lite_Medium_RISC_V_V1_0_0_gate.v(4476): WARNING: instantiating unknown module 'AL_MAP_LUT4' (VLG-075)
#F:/al_data/F02_PH1P35/01_start/03_peripheral_demo/08_csi_dsi_imx415_7/sdk/design_0/ip/design_0_Lite_Medium_RISC_V_V1_0_0/design_0_Lite_Medium_RISC_V_V1_0_0_gate.v(4775): WARNING: instantiating unknown module 'AL_MAP_LUT3' (VLG-075)
#F:/al_data/F02_PH1P35/01_start/03_peripheral_demo/08_csi_dsi_imx415_7/sdk/design_0/ip/design_0_Lite_Medium_RISC_V_V1_0_0/design_0_Lite_Medium_RISC_V_V1_0_0_gate.v(4793): WARNING: instantiating unknown module 'AL_MAP_LUT4' (VLG-075)
#F:/al_data/F02_PH1P35/01_start/03_peripheral_demo/08_csi_dsi_imx415_7/sdk/design_0/ip/design_0_Lite_Medium_RISC_V_V1_0_0/design_0_Lite_Medium_RISC_V_V1_0_0_gate.v(4816): WARNING: instantiating unknown module 'AL_MAP_LUT2' (VLG-075)
#F:/al_data/F02_PH1P35/01_start/03_peripheral_demo/08_csi_dsi_imx415_7/sdk/design_0/ip/design_0_Lite_Medium_RISC_V_V1_0_0/design_0_Lite_Medium_RISC_V_V1_0_0_gate.v(4831): WARNING: instantiating unknown module 'AL_MAP_LUT3' (VLG-075)
#F:/al_data/F02_PH1P35/01_start/03_peripheral_demo/08_csi_dsi_imx415_7/sdk/design_0/ip/design_0_Lite_Medium_RISC_V_V1_0_0/design_0_Lite_Medium_RISC_V_V1_0_0_gate.v(4849): WARNING: instantiating unknown module 'AL_MAP_LUT6' (VLG-075)
#F:/al_data/F02_PH1P35/01_start/03_peripheral_demo/08_csi_dsi_imx415_7/sdk/design_0/ip/design_0_Lite_Medium_RISC_V_V1_0_0/design_0_Lite_Medium_RISC_V_V1_0_0_gate.v(4857): WARNING: instantiating unknown module 'AL_MAP_LUT3' (VLG-075)
#F:/al_data/F02_PH1P35/01_start/03_peripheral_demo/08_csi_dsi_imx415_7/sdk/design_0/ip/design_0_Lite_Medium_RISC_V_V1_0_0/design_0_Lite_Medium_RISC_V_V1_0_0_gate.v(4875): WARNING: instantiating unknown module 'AL_MAP_LUT6' (VLG-075)
#F:/al_data/F02_PH1P35/01_start/03_peripheral_demo/08_csi_dsi_imx415_7/sdk/design_0/ip/design_0_Lite_Medium_RISC_V_V1_0_0/design_0_Lite_Medium_RISC_V_V1_0_0_gate.v(4884): WARNING: instantiating unknown module 'AL_MAP_LUT4' (VLG-075)
#F:/al_data/F02_PH1P35/01_start/03_peripheral_demo/08_csi_dsi_imx415_7/sdk/design_0/ip/design_0_Lite_Medium_RISC_V_V1_0_0/design_0_Lite_Medium_RISC_V_V1_0_0_gate.v(5015): WARNING: instantiating unknown module 'AL_MAP_LUT6' (VLG-075)
#F:/al_data/F02_PH1P35/01_start/03_peripheral_demo/08_csi_dsi_imx415_7/sdk/design_0/ip/design_0_Lite_Medium_RISC_V_V1_0_0/design_0_Lite_Medium_RISC_V_V1_0_0_gate.v(5033): WARNING: instantiating unknown module 'AL_MAP_LUT5' (VLG-075)
#F:/al_data/F02_PH1P35/01_start/03_peripheral_demo/08_csi_dsi_imx415_7/sdk/design_0/ip/design_0_Lite_Medium_RISC_V_V1_0_0/design_0_Lite_Medium_RISC_V_V1_0_0_gate.v(5041): WARNING: instantiating unknown module 'AL_MAP_LUT3' (VLG-075)
#F:/al_data/F02_PH1P35/01_start/03_peripheral_demo/08_csi_dsi_imx415_7/sdk/design_0/ip/design_0_Lite_Medium_RISC_V_V1_0_0/design_0_Lite_Medium_RISC_V_V1_0_0_gate.v(5373): WARNING: instantiating unknown module 'AL_MAP_LUT4' (VLG-075)
#F:/al_data/F02_PH1P35/01_start/03_peripheral_demo/08_csi_dsi_imx415_7/sdk/design_0/ip/design_0_Lite_Medium_RISC_V_V1_0_0/design_0_Lite_Medium_RISC_V_V1_0_0_gate.v(5383): WARNING: instantiating unknown module 'AL_MAP_LUT5' (VLG-075)
#F:/al_data/F02_PH1P35/01_start/03_peripheral_demo/08_csi_dsi_imx415_7/sdk/design_0/ip/design_0_Lite_Medium_RISC_V_V1_0_0/design_0_Lite_Medium_RISC_V_V1_0_0_gate.v(5519): WARNING: instantiating unknown module 'AL_MAP_LUT5' (VLG-075)
#F:/al_data/F02_PH1P35/01_start/03_peripheral_demo/08_csi_dsi_imx415_7/sdk/design_0/ip/design_0_Lite_Medium_RISC_V_V1_0_0/design_0_Lite_Medium_RISC_V_V1_0_0_gate.v(5556): WARNING: instantiating unknown module 'AL_MAP_LUT4' (VLG-075)
#F:/al_data/F02_PH1P35/01_start/03_peripheral_demo/08_csi_dsi_imx415_7/sdk/design_0/ip/design_0_Lite_Medium_RISC_V_V1_0_0/design_0_Lite_Medium_RISC_V_V1_0_0_gate.v(5888): WARNING: instantiating unknown module 'AL_MAP_LUT2' (VLG-075)
#F:/al_data/F02_PH1P35/01_start/03_peripheral_demo/08_csi_dsi_imx415_7/sdk/design_0/ip/design_0_Lite_Medium_RISC_V_V1_0_0/design_0_Lite_Medium_RISC_V_V1_0_0_gate.v(5906): WARNING: instantiating unknown module 'AL_MAP_LUT4' (VLG-075)
#F:/al_data/F02_PH1P35/01_start/03_peripheral_demo/08_csi_dsi_imx415_7/sdk/design_0/ip/design_0_Lite_Medium_RISC_V_V1_0_0/design_0_Lite_Medium_RISC_V_V1_0_0_gate.v(5925): WARNING: instantiating unknown module 'AL_MAP_LUT5' (VLG-075)
#F:/al_data/F02_PH1P35/01_start/03_peripheral_demo/08_csi_dsi_imx415_7/sdk/design_0/ip/design_0_Lite_Medium_RISC_V_V1_0_0/design_0_Lite_Medium_RISC_V_V1_0_0_gate.v(5950): WARNING: instantiating unknown module 'AL_MAP_LUT4' (VLG-075)
#F:/al_data/F02_PH1P35/01_start/03_peripheral_demo/08_csi_dsi_imx415_7/sdk/design_0/ip/design_0_Lite_Medium_RISC_V_V1_0_0/design_0_Lite_Medium_RISC_V_V1_0_0_gate.v(5960): WARNING: instantiating unknown module 'AL_MAP_LUT5' (VLG-075)
#F:/al_data/F02_PH1P35/01_start/03_peripheral_demo/08_csi_dsi_imx415_7/sdk/design_0/ip/design_0_Lite_Medium_RISC_V_V1_0_0/design_0_Lite_Medium_RISC_V_V1_0_0_gate.v(5970): WARNING: instantiating unknown module 'AL_MAP_LUT5' (VLG-075)
#F:/al_data/F02_PH1P35/01_start/03_peripheral_demo/08_csi_dsi_imx415_7/sdk/design_0/ip/design_0_Lite_Medium_RISC_V_V1_0_0/design_0_Lite_Medium_RISC_V_V1_0_0_gate.v(5988): WARNING: instantiating unknown module 'AL_MAP_LUT4' (VLG-075)
#F:/al_data/F02_PH1P35/01_start/03_peripheral_demo/08_csi_dsi_imx415_7/sdk/design_0/ip/design_0_Lite_Medium_RISC_V_V1_0_0/design_0_Lite_Medium_RISC_V_V1_0_0_gate.v(5998): WARNING: instantiating unknown module 'AL_MAP_LUT5' (VLG-075)
#F:/al_data/F02_PH1P35/01_start/03_peripheral_demo/08_csi_dsi_imx415_7/sdk/design_0/ip/design_0_Lite_Medium_RISC_V_V1_0_0/design_0_Lite_Medium_RISC_V_V1_0_0_gate.v(6051): WARNING: instantiating unknown module 'AL_MAP_LUT3' (VLG-075)
#F:/al_data/F02_PH1P35/01_start/03_peripheral_demo/08_csi_dsi_imx415_7/sdk/design_0/ip/design_0_Lite_Medium_RISC_V_V1_0_0/design_0_Lite_Medium_RISC_V_V1_0_0_gate.v(6384): WARNING: instantiating unknown module 'AL_MAP_LUT4' (VLG-075)
#F:/al_data/F02_PH1P35/01_start/03_peripheral_demo/08_csi_dsi_imx415_7/sdk/design_0/ip/design_0_Lite_Medium_RISC_V_V1_0_0/design_0_Lite_Medium_RISC_V_V1_0_0_gate.v(6394): WARNING: instantiating unknown module 'AL_MAP_LUT5' (VLG-075)
#F:/al_data/F02_PH1P35/01_start/03_peripheral_demo/08_csi_dsi_imx415_7/sdk/design_0/ip/design_0_Lite_Medium_RISC_V_V1_0_0/design_0_Lite_Medium_RISC_V_V1_0_0_gate.v(6418): WARNING: instantiating unknown module 'AL_MAP_LUT4' (VLG-075)
#F:/al_data/F02_PH1P35/01_start/03_peripheral_demo/08_csi_dsi_imx415_7/sdk/design_0/ip/design_0_Lite_Medium_RISC_V_V1_0_0/design_0_Lite_Medium_RISC_V_V1_0_0_gate.v(6427): WARNING: instantiating unknown module 'AL_MAP_LUT4' (VLG-075)
#F:/al_data/F02_PH1P35/01_start/03_peripheral_demo/08_csi_dsi_imx415_7/sdk/design_0/ip/design_0_Lite_Medium_RISC_V_V1_0_0/design_0_Lite_Medium_RISC_V_V1_0_0_gate.v(6453): WARNING: instantiating unknown module 'AL_MAP_LUT3' (VLG-075)
#F:/al_data/F02_PH1P35/01_start/03_peripheral_demo/08_csi_dsi_imx415_7/sdk/design_0/ip/design_0_Lite_Medium_RISC_V_V1_0_0/design_0_Lite_Medium_RISC_V_V1_0_0_gate.v(6463): WARNING: instantiating unknown module 'AL_MAP_LUT5' (VLG-075)
#F:/al_data/F02_PH1P35/01_start/03_peripheral_demo/08_csi_dsi_imx415_7/sdk/design_0/ip/design_0_Lite_Medium_RISC_V_V1_0_0/design_0_Lite_Medium_RISC_V_V1_0_0_gate.v(6473): WARNING: instantiating unknown module 'AL_MAP_LUT5' (VLG-075)
#F:/al_data/F02_PH1P35/01_start/03_peripheral_demo/08_csi_dsi_imx415_7/sdk/design_0/ip/design_0_Lite_Medium_RISC_V_V1_0_0/design_0_Lite_Medium_RISC_V_V1_0_0_gate.v(6754): WARNING: instantiating unknown module 'AL_MAP_LUT4' (VLG-075)
#F:/al_data/F02_PH1P35/01_start/03_peripheral_demo/08_csi_dsi_imx415_7/sdk/design_0/ip/design_0_Lite_Medium_RISC_V_V1_0_0/design_0_Lite_Medium_RISC_V_V1_0_0_gate.v(6916): WARNING: instantiating unknown module 'AL_MAP_LUT4' (VLG-075)
#F:/al_data/F02_PH1P35/01_start/03_peripheral_demo/08_csi_dsi_imx415_7/sdk/design_0/ip/design_0_Lite_Medium_RISC_V_V1_0_0/design_0_Lite_Medium_RISC_V_V1_0_0_gate.v(7033): WARNING: instantiating unknown module 'AL_MAP_LUT4' (VLG-075)
#F:/al_data/F02_PH1P35/01_start/03_peripheral_demo/08_csi_dsi_imx415_7/sdk/design_0/ip/design_0_Lite_Medium_RISC_V_V1_0_0/design_0_Lite_Medium_RISC_V_V1_0_0_gate.v(7051): WARNING: instantiating unknown module 'AL_MAP_LUT4' (VLG-075)
#F:/al_data/F02_PH1P35/01_start/03_peripheral_demo/08_csi_dsi_imx415_7/sdk/design_0/ip/design_0_Lite_Medium_RISC_V_V1_0_0/design_0_Lite_Medium_RISC_V_V1_0_0_gate.v(7151): WARNING: instantiating unknown module 'AL_MAP_LUT4' (VLG-075)
#F:/al_data/F02_PH1P35/01_start/03_peripheral_demo/08_csi_dsi_imx415_7/sdk/design_0/ip/design_0_Lite_Medium_RISC_V_V1_0_0/design_0_Lite_Medium_RISC_V_V1_0_0_gate.v(7563): WARNING: instantiating unknown module 'AL_MAP_LUT5' (VLG-075)
#F:/al_data/F02_PH1P35/01_start/03_peripheral_demo/08_csi_dsi_imx415_7/sdk/design_0/ip/design_0_Lite_Medium_RISC_V_V1_0_0/design_0_Lite_Medium_RISC_V_V1_0_0_gate.v(7572): WARNING: instantiating unknown module 'AL_MAP_LUT4' (VLG-075)
#F:/al_data/F02_PH1P35/01_start/03_peripheral_demo/08_csi_dsi_imx415_7/sdk/design_0/ip/design_0_Lite_Medium_RISC_V_V1_0_0/design_0_Lite_Medium_RISC_V_V1_0_0_gate.v(7582): WARNING: instantiating unknown module 'AL_MAP_LUT5' (VLG-075)
#F:/al_data/F02_PH1P35/01_start/03_peripheral_demo/08_csi_dsi_imx415_7/sdk/design_0/ip/design_0_Lite_Medium_RISC_V_V1_0_0/design_0_Lite_Medium_RISC_V_V1_0_0_gate.v(7590): WARNING: instantiating unknown module 'AL_MAP_LUT3' (VLG-075)
#F:/al_data/F02_PH1P35/01_start/03_peripheral_demo/08_csi_dsi_imx415_7/sdk/design_0/ip/design_0_Lite_Medium_RISC_V_V1_0_0/design_0_Lite_Medium_RISC_V_V1_0_0_gate.v(7599): WARNING: instantiating unknown module 'AL_MAP_LUT4' (VLG-075)
#F:/al_data/F02_PH1P35/01_start/03_peripheral_demo/08_csi_dsi_imx415_7/sdk/design_0/ip/design_0_Lite_Medium_RISC_V_V1_0_0/design_0_Lite_Medium_RISC_V_V1_0_0_gate.v(7616): WARNING: instantiating unknown module 'AL_MAP_LUT5' (VLG-075)
#F:/al_data/F02_PH1P35/01_start/03_peripheral_demo/08_csi_dsi_imx415_7/sdk/design_0/ip/design_0_Lite_Medium_RISC_V_V1_0_0/design_0_Lite_Medium_RISC_V_V1_0_0_gate.v(7662): WARNING: instantiating unknown module 'AL_MAP_LUT3' (VLG-075)
#F:/al_data/F02_PH1P35/01_start/03_peripheral_demo/08_csi_dsi_imx415_7/sdk/design_0/ip/design_0_Lite_Medium_RISC_V_V1_0_0/design_0_Lite_Medium_RISC_V_V1_0_0_gate.v(7671): WARNING: instantiating unknown module 'AL_MAP_LUT4' (VLG-075)
#F:/al_data/F02_PH1P35/01_start/03_peripheral_demo/08_csi_dsi_imx415_7/sdk/design_0/ip/design_0_Lite_Medium_RISC_V_V1_0_0/design_0_Lite_Medium_RISC_V_V1_0_0_gate.v(7831): WARNING: instantiating unknown module 'AL_MAP_LUT5' (VLG-075)
#F:/al_data/F02_PH1P35/01_start/03_peripheral_demo/08_csi_dsi_imx415_7/sdk/design_0/ip/design_0_Lite_Medium_RISC_V_V1_0_0/design_0_Lite_Medium_RISC_V_V1_0_0_gate.v(7892): WARNING: instantiating unknown module 'AL_MAP_LUT5' (VLG-075)
#F:/al_data/F02_PH1P35/01_start/03_peripheral_demo/08_csi_dsi_imx415_7/sdk/design_0/ip/design_0_Lite_Medium_RISC_V_V1_0_0/design_0_Lite_Medium_RISC_V_V1_0_0_gate.v(8387): WARNING: instantiating unknown module 'AL_MAP_LUT5' (VLG-075)
#F:/al_data/F02_PH1P35/01_start/03_peripheral_demo/08_csi_dsi_imx415_7/sdk/design_0/ip/design_0_Lite_Medium_RISC_V_V1_0_0/design_0_Lite_Medium_RISC_V_V1_0_0_gate.v(8435): WARNING: instantiating unknown module 'AL_MAP_LUT3' (VLG-075)
#F:/al_data/F02_PH1P35/01_start/03_peripheral_demo/08_csi_dsi_imx415_7/sdk/design_0/ip/design_0_Lite_Medium_RISC_V_V1_0_0/design_0_Lite_Medium_RISC_V_V1_0_0_gate.v(8445): WARNING: instantiating unknown module 'AL_MAP_LUT5' (VLG-075)
#F:/al_data/F02_PH1P35/01_start/03_peripheral_demo/08_csi_dsi_imx415_7/sdk/design_0/ip/design_0_Lite_Medium_RISC_V_V1_0_0/design_0_Lite_Medium_RISC_V_V1_0_0_gate.v(9047): WARNING: instantiating unknown module 'AL_MAP_LUT6' (VLG-075)
#F:/al_data/F02_PH1P35/01_start/03_peripheral_demo/08_csi_dsi_imx415_7/sdk/design_0/ip/design_0_Lite_Medium_RISC_V_V1_0_0/design_0_Lite_Medium_RISC_V_V1_0_0_gate.v(9633): WARNING: instantiating unknown module 'AL_MAP_LUT5' (VLG-075)
#F:/al_data/F02_PH1P35/01_start/03_peripheral_demo/08_csi_dsi_imx415_7/sdk/design_0/ip/design_0_Lite_Medium_RISC_V_V1_0_0/design_0_Lite_Medium_RISC_V_V1_0_0_gate.v(9644): WARNING: instantiating unknown module 'AL_MAP_LUT6' (VLG-075)
#F:/al_data/F02_PH1P35/01_start/03_peripheral_demo/08_csi_dsi_imx415_7/sdk/design_0/ip/design_0_Lite_Medium_RISC_V_V1_0_0/design_0_Lite_Medium_RISC_V_V1_0_0_gate.v(9660): WARNING: instantiating unknown module 'AL_MAP_LUT4' (VLG-075)
#F:/al_data/F02_PH1P35/01_start/03_peripheral_demo/08_csi_dsi_imx415_7/sdk/design_0/ip/design_0_Lite_Medium_RISC_V_V1_0_0/design_0_Lite_Medium_RISC_V_V1_0_0_gate.v(9678): WARNING: instantiating unknown module 'AL_MAP_LUT4' (VLG-075)
#F:/al_data/F02_PH1P35/01_start/03_peripheral_demo/08_csi_dsi_imx415_7/sdk/design_0/ip/design_0_Lite_Medium_RISC_V_V1_0_0/design_0_Lite_Medium_RISC_V_V1_0_0_gate.v(9686): WARNING: instantiating unknown module 'AL_MAP_LUT3' (VLG-075)
#F:/al_data/F02_PH1P35/01_start/03_peripheral_demo/08_csi_dsi_imx415_7/sdk/design_0/ip/design_0_Lite_Medium_RISC_V_V1_0_0/design_0_Lite_Medium_RISC_V_V1_0_0_gate.v(9695): WARNING: instantiating unknown module 'AL_MAP_LUT4' (VLG-075)
#F:/al_data/F02_PH1P35/01_start/03_peripheral_demo/08_csi_dsi_imx415_7/sdk/design_0/ip/design_0_Lite_Medium_RISC_V_V1_0_0/design_0_Lite_Medium_RISC_V_V1_0_0_gate.v(9704): WARNING: instantiating unknown module 'AL_MAP_LUT4' (VLG-075)
#F:/al_data/F02_PH1P35/01_start/03_peripheral_demo/08_csi_dsi_imx415_7/sdk/design_0/ip/design_0_Lite_Medium_RISC_V_V1_0_0/design_0_Lite_Medium_RISC_V_V1_0_0_gate.v(9823): WARNING: instantiating unknown module 'AL_MAP_LUT5' (VLG-075)
#F:/al_data/F02_PH1P35/01_start/03_peripheral_demo/08_csi_dsi_imx415_7/sdk/design_0/ip/design_0_Lite_Medium_RISC_V_V1_0_0/design_0_Lite_Medium_RISC_V_V1_0_0_gate.v(9928): WARNING: instantiating unknown module 'AL_MAP_LUT3' (VLG-075)
#F:/al_data/F02_PH1P35/01_start/03_peripheral_demo/08_csi_dsi_imx415_7/sdk/design_0/ip/design_0_Lite_Medium_RISC_V_V1_0_0/design_0_Lite_Medium_RISC_V_V1_0_0_gate.v(9937): WARNING: instantiating unknown module 'AL_MAP_LUT4' (VLG-075)
#F:/al_data/F02_PH1P35/01_start/03_peripheral_demo/08_csi_dsi_imx415_7/sdk/design_0/ip/design_0_Lite_Medium_RISC_V_V1_0_0/design_0_Lite_Medium_RISC_V_V1_0_0_gate.v(9954): WARNING: instantiating unknown module 'AL_MAP_LUT4' (VLG-075)
#F:/al_data/F02_PH1P35/01_start/03_peripheral_demo/08_csi_dsi_imx415_7/sdk/design_0/ip/design_0_Lite_Medium_RISC_V_V1_0_0/design_0_Lite_Medium_RISC_V_V1_0_0_gate.v(9964): WARNING: instantiating unknown module 'AL_MAP_LUT5' (VLG-075)
#F:/al_data/F02_PH1P35/01_start/03_peripheral_demo/08_csi_dsi_imx415_7/sdk/design_0/ip/design_0_Lite_Medium_RISC_V_V1_0_0/design_0_Lite_Medium_RISC_V_V1_0_0_gate.v(9975): WARNING: instantiating unknown module 'AL_MAP_LUT6' (VLG-075)
#F:/al_data/F02_PH1P35/01_start/03_peripheral_demo/08_csi_dsi_imx415_7/sdk/design_0/ip/design_0_Lite_Medium_RISC_V_V1_0_0/design_0_Lite_Medium_RISC_V_V1_0_0_gate.v(9985): WARNING: instantiating unknown module 'AL_MAP_LUT5' (VLG-075)
#F:/al_data/F02_PH1P35/01_start/03_peripheral_demo/08_csi_dsi_imx415_7/sdk/design_0/ip/design_0_Lite_Medium_RISC_V_V1_0_0/design_0_Lite_Medium_RISC_V_V1_0_0_gate.v(10006): WARNING: instantiating unknown module 'AL_MAP_LUT6' (VLG-075)
#F:/al_data/F02_PH1P35/01_start/03_peripheral_demo/08_csi_dsi_imx415_7/sdk/design_0/ip/design_0_Lite_Medium_RISC_V_V1_0_0/design_0_Lite_Medium_RISC_V_V1_0_0_gate.v(10027): WARNING: instantiating unknown module 'AL_MAP_LUT5' (VLG-075)
#F:/al_data/F02_PH1P35/01_start/03_peripheral_demo/08_csi_dsi_imx415_7/sdk/design_0/ip/design_0_Lite_Medium_RISC_V_V1_0_0/design_0_Lite_Medium_RISC_V_V1_0_0_gate.v(10038): WARNING: instantiating unknown module 'AL_MAP_LUT6' (VLG-075)
#F:/al_data/F02_PH1P35/01_start/03_peripheral_demo/08_csi_dsi_imx415_7/sdk/design_0/ip/design_0_Lite_Medium_RISC_V_V1_0_0/design_0_Lite_Medium_RISC_V_V1_0_0_gate.v(10214): WARNING: instantiating unknown module 'AL_MAP_LUT6' (VLG-075)
#F:/al_data/F02_PH1P35/01_start/03_peripheral_demo/08_csi_dsi_imx415_7/sdk/design_0/ip/design_0_Lite_Medium_RISC_V_V1_0_0/design_0_Lite_Medium_RISC_V_V1_0_0_gate.v(10318): WARNING: instantiating unknown module 'AL_MAP_LUT5' (VLG-075)
#F:/al_data/F02_PH1P35/01_start/03_peripheral_demo/08_csi_dsi_imx415_7/sdk/design_0/ip/design_0_Lite_Medium_RISC_V_V1_0_0/design_0_Lite_Medium_RISC_V_V1_0_0_gate.v(10328): WARNING: instantiating unknown module 'AL_MAP_LUT5' (VLG-075)
#F:/al_data/F02_PH1P35/01_start/03_peripheral_demo/08_csi_dsi_imx415_7/sdk/design_0/ip/design_0_Lite_Medium_RISC_V_V1_0_0/design_0_Lite_Medium_RISC_V_V1_0_0_gate.v(10539): WARNING: instantiating unknown module 'AL_MAP_LUT6' (VLG-075)
#F:/al_data/F02_PH1P35/01_start/03_peripheral_demo/08_csi_dsi_imx415_7/sdk/design_0/ip/design_0_Lite_Medium_RISC_V_V1_0_0/design_0_Lite_Medium_RISC_V_V1_0_0_gate.v(10548): WARNING: instantiating unknown module 'AL_MAP_LUT4' (VLG-075)
#F:/al_data/F02_PH1P35/01_start/03_peripheral_demo/08_csi_dsi_imx415_7/sdk/design_0/ip/design_0_Lite_Medium_RISC_V_V1_0_0/design_0_Lite_Medium_RISC_V_V1_0_0_gate.v(10647): WARNING: instantiating unknown module 'AL_MAP_LUT2' (VLG-075)
#F:/al_data/F02_PH1P35/01_start/03_peripheral_demo/08_csi_dsi_imx415_7/sdk/design_0/ip/design_0_Lite_Medium_RISC_V_V1_0_0/design_0_Lite_Medium_RISC_V_V1_0_0_gate.v(10872): WARNING: instantiating unknown module 'AL_MAP_LUT3' (VLG-075)
#F:/al_data/F02_PH1P35/01_start/03_peripheral_demo/08_csi_dsi_imx415_7/sdk/design_0/ip/design_0_Lite_Medium_RISC_V_V1_0_0/design_0_Lite_Medium_RISC_V_V1_0_0_gate.v(10883): WARNING: instantiating unknown module 'AL_MAP_LUT6' (VLG-075)
#F:/al_data/F02_PH1P35/01_start/03_peripheral_demo/08_csi_dsi_imx415_7/sdk/design_0/ip/design_0_Lite_Medium_RISC_V_V1_0_0/design_0_Lite_Medium_RISC_V_V1_0_0_gate.v(10893): WARNING: instantiating unknown module 'AL_MAP_LUT5' (VLG-075)
#F:/al_data/F02_PH1P35/01_start/03_peripheral_demo/08_csi_dsi_imx415_7/sdk/design_0/ip/design_0_Lite_Medium_RISC_V_V1_0_0/design_0_Lite_Medium_RISC_V_V1_0_0_gate.v(10904): WARNING: instantiating unknown module 'AL_MAP_LUT6' (VLG-075)
#F:/al_data/F02_PH1P35/01_start/03_peripheral_demo/08_csi_dsi_imx415_7/sdk/design_0/ip/design_0_Lite_Medium_RISC_V_V1_0_0/design_0_Lite_Medium_RISC_V_V1_0_0_gate.v(10914): WARNING: instantiating unknown module 'AL_MAP_LUT5' (VLG-075)
#F:/al_data/F02_PH1P35/01_start/03_peripheral_demo/08_csi_dsi_imx415_7/sdk/design_0/ip/design_0_Lite_Medium_RISC_V_V1_0_0/design_0_Lite_Medium_RISC_V_V1_0_0_gate.v(10947): WARNING: instantiating unknown module 'AL_MAP_LUT6' (VLG-075)
#F:/al_data/F02_PH1P35/01_start/03_peripheral_demo/08_csi_dsi_imx415_7/sdk/design_0/ip/design_0_Lite_Medium_RISC_V_V1_0_0/design_0_Lite_Medium_RISC_V_V1_0_0_gate.v(10977): WARNING: instantiating unknown module 'AL_MAP_LUT3' (VLG-075)
#F:/al_data/F02_PH1P35/01_start/03_peripheral_demo/08_csi_dsi_imx415_7/sdk/design_0/ip/design_0_Lite_Medium_RISC_V_V1_0_0/design_0_Lite_Medium_RISC_V_V1_0_0_gate.v(10987): WARNING: instantiating unknown module 'AL_MAP_LUT5' (VLG-075)
#F:/al_data/F02_PH1P35/01_start/03_peripheral_demo/08_csi_dsi_imx415_7/sdk/design_0/ip/design_0_Lite_Medium_RISC_V_V1_0_0/design_0_Lite_Medium_RISC_V_V1_0_0_gate.v(10995): WARNING: instantiating unknown module 'AL_MAP_LUT3' (VLG-075)
#F:/al_data/F02_PH1P35/01_start/03_peripheral_demo/08_csi_dsi_imx415_7/sdk/design_0/ip/design_0_Lite_Medium_RISC_V_V1_0_0/design_0_Lite_Medium_RISC_V_V1_0_0_gate.v(11004): WARNING: instantiating unknown module 'AL_MAP_LUT4' (VLG-075)
#F:/al_data/F02_PH1P35/01_start/03_peripheral_demo/08_csi_dsi_imx415_7/sdk/design_0/ip/design_0_Lite_Medium_RISC_V_V1_0_0/design_0_Lite_Medium_RISC_V_V1_0_0_gate.v(11013): WARNING: instantiating unknown module 'AL_MAP_LUT4' (VLG-075)
#F:/al_data/F02_PH1P35/01_start/03_peripheral_demo/08_csi_dsi_imx415_7/sdk/design_0/ip/design_0_Lite_Medium_RISC_V_V1_0_0/design_0_Lite_Medium_RISC_V_V1_0_0_gate.v(11034): WARNING: instantiating unknown module 'AL_MAP_LUT5' (VLG-075)
#F:/al_data/F02_PH1P35/01_start/03_peripheral_demo/08_csi_dsi_imx415_7/sdk/design_0/ip/design_0_Lite_Medium_RISC_V_V1_0_0/design_0_Lite_Medium_RISC_V_V1_0_0_gate.v(11074): WARNING: instantiating unknown module 'AL_MAP_LUT5' (VLG-075)
#F:/al_data/F02_PH1P35/01_start/03_peripheral_demo/08_csi_dsi_imx415_7/sdk/design_0/ip/design_0_Lite_Medium_RISC_V_V1_0_0/design_0_Lite_Medium_RISC_V_V1_0_0_gate.v(11114): WARNING: instantiating unknown module 'AL_MAP_LUT5' (VLG-075)
#F:/al_data/F02_PH1P35/01_start/03_peripheral_demo/08_csi_dsi_imx415_7/sdk/design_0/ip/design_0_Lite_Medium_RISC_V_V1_0_0/design_0_Lite_Medium_RISC_V_V1_0_0_gate.v(11313): WARNING: instantiating unknown module 'AL_MAP_LUT3' (VLG-075)
#F:/al_data/F02_PH1P35/01_start/03_peripheral_demo/08_csi_dsi_imx415_7/sdk/design_0/ip/design_0_Lite_Medium_RISC_V_V1_0_0/design_0_Lite_Medium_RISC_V_V1_0_0_gate.v(11323): WARNING: instantiating unknown module 'AL_MAP_LUT5' (VLG-075)
#F:/al_data/F02_PH1P35/01_start/03_peripheral_demo/08_csi_dsi_imx415_7/sdk/design_0/ip/design_0_Lite_Medium_RISC_V_V1_0_0/design_0_Lite_Medium_RISC_V_V1_0_0_gate.v(11334): WARNING: instantiating unknown module 'AL_MAP_LUT6' (VLG-075)
#F:/al_data/F02_PH1P35/01_start/03_peripheral_demo/08_csi_dsi_imx415_7/sdk/design_0/ip/design_0_Lite_Medium_RISC_V_V1_0_0/design_0_Lite_Medium_RISC_V_V1_0_0_gate.v(11344): WARNING: instantiating unknown module 'AL_MAP_LUT5' (VLG-075)
#F:/al_data/F02_PH1P35/01_start/03_peripheral_demo/08_csi_dsi_imx415_7/sdk/design_0/ip/design_0_Lite_Medium_RISC_V_V1_0_0/design_0_Lite_Medium_RISC_V_V1_0_0_gate.v(11782): WARNING: instantiating unknown module 'AL_MAP_LUT2' (VLG-075)
#F:/al_data/F02_PH1P35/01_start/03_peripheral_demo/08_csi_dsi_imx415_7/sdk/design_0/ip/design_0_Lite_Medium_RISC_V_V1_0_0/design_0_Lite_Medium_RISC_V_V1_0_0_gate.v(11815): WARNING: instantiating unknown module 'AL_MAP_LUT6' (VLG-075)
#F:/al_data/F02_PH1P35/01_start/03_peripheral_demo/08_csi_dsi_imx415_7/sdk/design_0/ip/design_0_Lite_Medium_RISC_V_V1_0_0/design_0_Lite_Medium_RISC_V_V1_0_0_gate.v(11824): WARNING: instantiating unknown module 'AL_MAP_LUT4' (VLG-075)
#F:/al_data/F02_PH1P35/01_start/03_peripheral_demo/08_csi_dsi_imx415_7/sdk/design_0/ip/design_0_Lite_Medium_RISC_V_V1_0_0/design_0_Lite_Medium_RISC_V_V1_0_0_gate.v(12103): WARNING: instantiating unknown module 'AL_MAP_LUT6' (VLG-075)
#F:/al_data/F02_PH1P35/01_start/03_peripheral_demo/08_csi_dsi_imx415_7/sdk/design_0/ip/design_0_Lite_Medium_RISC_V_V1_0_0/design_0_Lite_Medium_RISC_V_V1_0_0_gate.v(12136): WARNING: instantiating unknown module 'AL_MAP_LUT4' (VLG-075)
#F:/al_data/F02_PH1P35/01_start/03_peripheral_demo/08_csi_dsi_imx415_7/sdk/design_0/ip/design_0_Lite_Medium_RISC_V_V1_0_0/design_0_Lite_Medium_RISC_V_V1_0_0_gate.v(12154): WARNING: instantiating unknown module 'AL_MAP_LUT4' (VLG-075)
#F:/al_data/F02_PH1P35/01_start/03_peripheral_demo/08_csi_dsi_imx415_7/sdk/design_0/ip/design_0_Lite_Medium_RISC_V_V1_0_0/design_0_Lite_Medium_RISC_V_V1_0_0_gate.v(12192): WARNING: instantiating unknown module 'AL_MAP_LUT6' (VLG-075)
#F:/al_data/F02_PH1P35/01_start/03_peripheral_demo/08_csi_dsi_imx415_7/sdk/design_0/ip/design_0_Lite_Medium_RISC_V_V1_0_0/design_0_Lite_Medium_RISC_V_V1_0_0_gate.v(12269): WARNING: instantiating unknown module 'AL_MAP_LUT6' (VLG-075)
#F:/al_data/F02_PH1P35/01_start/03_peripheral_demo/08_csi_dsi_imx415_7/sdk/design_0/ip/design_0_Lite_Medium_RISC_V_V1_0_0/design_0_Lite_Medium_RISC_V_V1_0_0_gate.v(12277): WARNING: instantiating unknown module 'AL_MAP_LUT3' (VLG-075)
#F:/al_data/F02_PH1P35/01_start/03_peripheral_demo/08_csi_dsi_imx415_7/sdk/design_0/ip/design_0_Lite_Medium_RISC_V_V1_0_0/design_0_Lite_Medium_RISC_V_V1_0_0_gate.v(12288): WARNING: instantiating unknown module 'AL_MAP_LUT6' (VLG-075)
#F:/al_data/F02_PH1P35/01_start/03_peripheral_demo/08_csi_dsi_imx415_7/sdk/design_0/ip/design_0_Lite_Medium_RISC_V_V1_0_0/design_0_Lite_Medium_RISC_V_V1_0_0_gate.v(12398): WARNING: instantiating unknown module 'AL_MAP_LUT6' (VLG-075)
#F:/al_data/F02_PH1P35/01_start/03_peripheral_demo/08_csi_dsi_imx415_7/sdk/design_0/ip/design_0_Lite_Medium_RISC_V_V1_0_0/design_0_Lite_Medium_RISC_V_V1_0_0_gate.v(12407): WARNING: instantiating unknown module 'AL_MAP_LUT4' (VLG-075)
#F:/al_data/F02_PH1P35/01_start/03_peripheral_demo/08_csi_dsi_imx415_7/sdk/design_0/ip/design_0_Lite_Medium_RISC_V_V1_0_0/design_0_Lite_Medium_RISC_V_V1_0_0_gate.v(12418): WARNING: instantiating unknown module 'AL_MAP_LUT6' (VLG-075)
#F:/al_data/F02_PH1P35/01_start/03_peripheral_demo/08_csi_dsi_imx415_7/sdk/design_0/ip/design_0_Lite_Medium_RISC_V_V1_0_0/design_0_Lite_Medium_RISC_V_V1_0_0_gate.v(12451): WARNING: instantiating unknown module 'AL_MAP_LUT6' (VLG-075)
#F:/al_data/F02_PH1P35/01_start/03_peripheral_demo/08_csi_dsi_imx415_7/sdk/design_0/ip/design_0_Lite_Medium_RISC_V_V1_0_0/design_0_Lite_Medium_RISC_V_V1_0_0_gate.v(12462): WARNING: instantiating unknown module 'AL_MAP_LUT6' (VLG-075)
#F:/al_data/F02_PH1P35/01_start/03_peripheral_demo/08_csi_dsi_imx415_7/sdk/design_0/ip/design_0_Lite_Medium_RISC_V_V1_0_0/design_0_Lite_Medium_RISC_V_V1_0_0_gate.v(12472): WARNING: instantiating unknown module 'AL_MAP_LUT5' (VLG-075)
#F:/al_data/F02_PH1P35/01_start/03_peripheral_demo/08_csi_dsi_imx415_7/sdk/design_0/ip/design_0_Lite_Medium_RISC_V_V1_0_0/design_0_Lite_Medium_RISC_V_V1_0_0_gate.v(12488): WARNING: instantiating unknown module 'AL_MAP_LUT4' (VLG-075)
#F:/al_data/F02_PH1P35/01_start/03_peripheral_demo/08_csi_dsi_imx415_7/sdk/design_0/ip/design_0_Lite_Medium_RISC_V_V1_0_0/design_0_Lite_Medium_RISC_V_V1_0_0_gate.v(12499): WARNING: instantiating unknown module 'AL_MAP_LUT6' (VLG-075)
#F:/al_data/F02_PH1P35/01_start/03_peripheral_demo/08_csi_dsi_imx415_7/sdk/design_0/ip/design_0_Lite_Medium_RISC_V_V1_0_0/design_0_Lite_Medium_RISC_V_V1_0_0_gate.v(12508): WARNING: instantiating unknown module 'AL_MAP_LUT4' (VLG-075)
#F:/al_data/F02_PH1P35/01_start/03_peripheral_demo/08_csi_dsi_imx415_7/sdk/design_0/ip/design_0_Lite_Medium_RISC_V_V1_0_0/design_0_Lite_Medium_RISC_V_V1_0_0_gate.v(12518): WARNING: instantiating unknown module 'AL_MAP_LUT5' (VLG-075)
#F:/al_data/F02_PH1P35/01_start/03_peripheral_demo/08_csi_dsi_imx415_7/sdk/design_0/ip/design_0_Lite_Medium_RISC_V_V1_0_0/design_0_Lite_Medium_RISC_V_V1_0_0_gate.v(12528): WARNING: instantiating unknown module 'AL_MAP_LUT5' (VLG-075)
#F:/al_data/F02_PH1P35/01_start/03_peripheral_demo/08_csi_dsi_imx415_7/sdk/design_0/ip/design_0_Lite_Medium_RISC_V_V1_0_0/design_0_Lite_Medium_RISC_V_V1_0_0_gate.v(12537): WARNING: instantiating unknown module 'AL_MAP_LUT4' (VLG-075)
#F:/al_data/F02_PH1P35/01_start/03_peripheral_demo/08_csi_dsi_imx415_7/sdk/design_0/ip/design_0_Lite_Medium_RISC_V_V1_0_0/design_0_Lite_Medium_RISC_V_V1_0_0_gate.v(12547): WARNING: instantiating unknown module 'AL_MAP_LUT5' (VLG-075)
#F:/al_data/F02_PH1P35/01_start/03_peripheral_demo/08_csi_dsi_imx415_7/sdk/design_0/ip/design_0_Lite_Medium_RISC_V_V1_0_0/design_0_Lite_Medium_RISC_V_V1_0_0_gate.v(12558): WARNING: instantiating unknown module 'AL_MAP_LUT6' (VLG-075)
#F:/al_data/F02_PH1P35/01_start/03_peripheral_demo/08_csi_dsi_imx415_7/sdk/design_0/ip/design_0_Lite_Medium_RISC_V_V1_0_0/design_0_Lite_Medium_RISC_V_V1_0_0_gate.v(12581): WARNING: instantiating unknown module 'AL_MAP_LUT4' (VLG-075)
#F:/al_data/F02_PH1P35/01_start/03_peripheral_demo/08_csi_dsi_imx415_7/sdk/design_0/ip/design_0_Lite_Medium_RISC_V_V1_0_0/design_0_Lite_Medium_RISC_V_V1_0_0_gate.v(12607): WARNING: instantiating unknown module 'AL_MAP_LUT6' (VLG-075)
#F:/al_data/F02_PH1P35/01_start/03_peripheral_demo/08_csi_dsi_imx415_7/sdk/design_0/ip/design_0_Lite_Medium_RISC_V_V1_0_0/design_0_Lite_Medium_RISC_V_V1_0_0_gate.v(12618): WARNING: instantiating unknown module 'AL_MAP_LUT6' (VLG-075)
#F:/al_data/F02_PH1P35/01_start/03_peripheral_demo/08_csi_dsi_imx415_7/sdk/design_0/ip/design_0_Lite_Medium_RISC_V_V1_0_0/design_0_Lite_Medium_RISC_V_V1_0_0_gate.v(12626): WARNING: instantiating unknown module 'AL_MAP_LUT3' (VLG-075)
#F:/al_data/F02_PH1P35/01_start/03_peripheral_demo/08_csi_dsi_imx415_7/sdk/design_0/ip/design_0_Lite_Medium_RISC_V_V1_0_0/design_0_Lite_Medium_RISC_V_V1_0_0_gate.v(12659): WARNING: instantiating unknown module 'AL_MAP_LUT6' (VLG-075)
#F:/al_data/F02_PH1P35/01_start/03_peripheral_demo/08_csi_dsi_imx415_7/sdk/design_0/ip/design_0_Lite_Medium_RISC_V_V1_0_0/design_0_Lite_Medium_RISC_V_V1_0_0_gate.v(12670): WARNING: instantiating unknown module 'AL_MAP_LUT6' (VLG-075)
#F:/al_data/F02_PH1P35/01_start/03_peripheral_demo/08_csi_dsi_imx415_7/sdk/design_0/ip/design_0_Lite_Medium_RISC_V_V1_0_0/design_0_Lite_Medium_RISC_V_V1_0_0_gate.v(12678): WARNING: instantiating unknown module 'AL_MAP_LUT3' (VLG-075)
#F:/al_data/F02_PH1P35/01_start/03_peripheral_demo/08_csi_dsi_imx415_7/sdk/design_0/ip/design_0_Lite_Medium_RISC_V_V1_0_0/design_0_Lite_Medium_RISC_V_V1_0_0_gate.v(12696): WARNING: instantiating unknown module 'AL_MAP_LUT6' (VLG-075)
#F:/al_data/F02_PH1P35/01_start/03_peripheral_demo/08_csi_dsi_imx415_7/sdk/design_0/ip/design_0_Lite_Medium_RISC_V_V1_0_0/design_0_Lite_Medium_RISC_V_V1_0_0_gate.v(12730): WARNING: instantiating unknown module 'AL_MAP_LUT5' (VLG-075)
#F:/al_data/F02_PH1P35/01_start/03_peripheral_demo/08_csi_dsi_imx415_7/sdk/design_0/ip/design_0_Lite_Medium_RISC_V_V1_0_0/design_0_Lite_Medium_RISC_V_V1_0_0_gate.v(12739): WARNING: instantiating unknown module 'AL_MAP_LUT4' (VLG-075)
#F:/al_data/F02_PH1P35/01_start/03_peripheral_demo/08_csi_dsi_imx415_7/sdk/design_0/ip/design_0_Lite_Medium_RISC_V_V1_0_0/design_0_Lite_Medium_RISC_V_V1_0_0_gate.v(12748): WARNING: instantiating unknown module 'AL_MAP_LUT4' (VLG-075)
#F:/al_data/F02_PH1P35/01_start/03_peripheral_demo/08_csi_dsi_imx415_7/sdk/design_0/ip/design_0_Lite_Medium_RISC_V_V1_0_0/design_0_Lite_Medium_RISC_V_V1_0_0_gate.v(12758): WARNING: instantiating unknown module 'AL_MAP_LUT5' (VLG-075)
#F:/al_data/F02_PH1P35/01_start/03_peripheral_demo/08_csi_dsi_imx415_7/sdk/design_0/ip/design_0_Lite_Medium_RISC_V_V1_0_0/design_0_Lite_Medium_RISC_V_V1_0_0_gate.v(12769): WARNING: instantiating unknown module 'AL_MAP_LUT6' (VLG-075)
#F:/al_data/F02_PH1P35/01_start/03_peripheral_demo/08_csi_dsi_imx415_7/sdk/design_0/ip/design_0_Lite_Medium_RISC_V_V1_0_0/design_0_Lite_Medium_RISC_V_V1_0_0_gate.v(12779): WARNING: instantiating unknown module 'AL_MAP_LUT5' (VLG-075)
#F:/al_data/F02_PH1P35/01_start/03_peripheral_demo/08_csi_dsi_imx415_7/sdk/design_0/ip/design_0_Lite_Medium_RISC_V_V1_0_0/design_0_Lite_Medium_RISC_V_V1_0_0_gate.v(12790): WARNING: instantiating unknown module 'AL_MAP_LUT6' (VLG-075)
#F:/al_data/F02_PH1P35/01_start/03_peripheral_demo/08_csi_dsi_imx415_7/sdk/design_0/ip/design_0_Lite_Medium_RISC_V_V1_0_0/design_0_Lite_Medium_RISC_V_V1_0_0_gate.v(12801): WARNING: instantiating unknown module 'AL_MAP_LUT6' (VLG-075)
#F:/al_data/F02_PH1P35/01_start/03_peripheral_demo/08_csi_dsi_imx415_7/sdk/design_0/ip/design_0_Lite_Medium_RISC_V_V1_0_0/design_0_Lite_Medium_RISC_V_V1_0_0_gate.v(12811): WARNING: instantiating unknown module 'AL_MAP_LUT5' (VLG-075)
#F:/al_data/F02_PH1P35/01_start/03_peripheral_demo/08_csi_dsi_imx415_7/sdk/design_0/ip/design_0_Lite_Medium_RISC_V_V1_0_0/design_0_Lite_Medium_RISC_V_V1_0_0_gate.v(12820): WARNING: instantiating unknown module 'AL_MAP_LUT4' (VLG-075)
#F:/al_data/F02_PH1P35/01_start/03_peripheral_demo/08_csi_dsi_imx415_7/sdk/design_0/ip/design_0_Lite_Medium_RISC_V_V1_0_0/design_0_Lite_Medium_RISC_V_V1_0_0_gate.v(12831): WARNING: instantiating unknown module 'AL_MAP_LUT6' (VLG-075)
#F:/al_data/F02_PH1P35/01_start/03_peripheral_demo/08_csi_dsi_imx415_7/sdk/design_0/ip/design_0_Lite_Medium_RISC_V_V1_0_0/design_0_Lite_Medium_RISC_V_V1_0_0_gate.v(12849): WARNING: instantiating unknown module 'AL_MAP_LUT5' (VLG-075)
#F:/al_data/F02_PH1P35/01_start/03_peripheral_demo/08_csi_dsi_imx415_7/sdk/design_0/ip/design_0_Lite_Medium_RISC_V_V1_0_0/design_0_Lite_Medium_RISC_V_V1_0_0_gate.v(12860): WARNING: instantiating unknown module 'AL_MAP_LUT6' (VLG-075)
#F:/al_data/F02_PH1P35/01_start/03_peripheral_demo/08_csi_dsi_imx415_7/sdk/design_0/ip/design_0_Lite_Medium_RISC_V_V1_0_0/design_0_Lite_Medium_RISC_V_V1_0_0_gate.v(14077): WARNING: instantiating unknown module 'AL_MAP_LUT3' (VLG-075)
#F:/al_data/F02_PH1P35/01_start/03_peripheral_demo/08_csi_dsi_imx415_7/sdk/design_0/ip/design_0_Lite_Medium_RISC_V_V1_0_0/design_0_Lite_Medium_RISC_V_V1_0_0_gate.v(14097): WARNING: instantiating unknown module 'AL_MAP_LUT6' (VLG-075)
#F:/al_data/F02_PH1P35/01_start/03_peripheral_demo/08_csi_dsi_imx415_7/sdk/design_0/ip/design_0_Lite_Medium_RISC_V_V1_0_0/design_0_Lite_Medium_RISC_V_V1_0_0_gate.v(14123): WARNING: instantiating unknown module 'AL_MAP_LUT3' (VLG-075)
#F:/al_data/F02_PH1P35/01_start/03_peripheral_demo/08_csi_dsi_imx415_7/sdk/design_0/ip/design_0_Lite_Medium_RISC_V_V1_0_0/design_0_Lite_Medium_RISC_V_V1_0_0_gate.v(14211): WARNING: instantiating unknown module 'AL_MAP_LUT4' (VLG-075)
#F:/al_data/F02_PH1P35/01_start/03_peripheral_demo/08_csi_dsi_imx415_7/sdk/design_0/ip/design_0_Lite_Medium_RISC_V_V1_0_0/design_0_Lite_Medium_RISC_V_V1_0_0_gate.v(14222): WARNING: instantiating unknown module 'AL_MAP_LUT6' (VLG-075)
#F:/al_data/F02_PH1P35/01_start/03_peripheral_demo/08_csi_dsi_imx415_7/sdk/design_0/ip/design_0_Lite_Medium_RISC_V_V1_0_0/design_0_Lite_Medium_RISC_V_V1_0_0_gate.v(14853): WARNING: instantiating unknown module 'AL_MAP_LUT5' (VLG-075)
#F:/al_data/F02_PH1P35/01_start/03_peripheral_demo/08_csi_dsi_imx415_7/sdk/design_0/ip/design_0_Lite_Medium_RISC_V_V1_0_0/design_0_Lite_Medium_RISC_V_V1_0_0_gate.v(14864): WARNING: instantiating unknown module 'AL_MAP_LUT6' (VLG-075)
#F:/al_data/F02_PH1P35/01_start/03_peripheral_demo/08_csi_dsi_imx415_7/sdk/design_0/ip/design_0_Lite_Medium_RISC_V_V1_0_0/design_0_Lite_Medium_RISC_V_V1_0_0_gate.v(16078): WARNING: instantiating unknown module 'AL_MAP_LUT4' (VLG-075)
#F:/al_data/F02_PH1P35/01_start/03_peripheral_demo/08_csi_dsi_imx415_7/sdk/design_0/ip/design_0_Lite_Medium_RISC_V_V1_0_0/design_0_Lite_Medium_RISC_V_V1_0_0_gate.v(16186): WARNING: instantiating unknown module 'AL_MAP_LUT6' (VLG-075)
#F:/al_data/F02_PH1P35/01_start/03_peripheral_demo/08_csi_dsi_imx415_7/sdk/design_0/ip/design_0_Lite_Medium_RISC_V_V1_0_0/design_0_Lite_Medium_RISC_V_V1_0_0_gate.v(16194): WARNING: instantiating unknown module 'AL_MAP_LUT3' (VLG-075)
#F:/al_data/F02_PH1P35/01_start/03_peripheral_demo/08_csi_dsi_imx415_7/sdk/design_0/ip/design_0_Lite_Medium_RISC_V_V1_0_0/design_0_Lite_Medium_RISC_V_V1_0_0_gate.v(16215): WARNING: instantiating unknown module 'AL_MAP_LUT5' (VLG-075)
#F:/al_data/F02_PH1P35/01_start/03_peripheral_demo/08_csi_dsi_imx415_7/sdk/design_0/ip/design_0_Lite_Medium_RISC_V_V1_0_0/design_0_Lite_Medium_RISC_V_V1_0_0_gate.v(16265): WARNING: instantiating unknown module 'AL_MAP_LUT4' (VLG-075)
#F:/al_data/F02_PH1P35/01_start/03_peripheral_demo/08_csi_dsi_imx415_7/sdk/design_0/ip/design_0_Lite_Medium_RISC_V_V1_0_0/design_0_Lite_Medium_RISC_V_V1_0_0_gate.v(16551): WARNING: instantiating unknown module 'AL_MAP_LUT4' (VLG-075)
#F:/al_data/F02_PH1P35/01_start/03_peripheral_demo/08_csi_dsi_imx415_7/sdk/design_0/ip/design_0_Lite_Medium_RISC_V_V1_0_0/design_0_Lite_Medium_RISC_V_V1_0_0_gate.v(16562): WARNING: instantiating unknown module 'AL_MAP_LUT6' (VLG-075)
#F:/al_data/F02_PH1P35/01_start/03_peripheral_demo/08_csi_dsi_imx415_7/sdk/design_0/ip/design_0_Lite_Medium_RISC_V_V1_0_0/design_0_Lite_Medium_RISC_V_V1_0_0_gate.v(16572): WARNING: instantiating unknown module 'AL_MAP_LUT5' (VLG-075)
#F:/al_data/F02_PH1P35/01_start/03_peripheral_demo/08_csi_dsi_imx415_7/sdk/design_0/ip/design_0_Lite_Medium_RISC_V_V1_0_0/design_0_Lite_Medium_RISC_V_V1_0_0_gate.v(16582): WARNING: instantiating unknown module 'AL_MAP_LUT5' (VLG-075)
#F:/al_data/F02_PH1P35/01_start/03_peripheral_demo/08_csi_dsi_imx415_7/sdk/design_0/ip/design_0_Lite_Medium_RISC_V_V1_0_0/design_0_Lite_Medium_RISC_V_V1_0_0_gate.v(16652): WARNING: instantiating unknown module 'AL_MAP_LUT5' (VLG-075)
#F:/al_data/F02_PH1P35/01_start/03_peripheral_demo/08_csi_dsi_imx415_7/sdk/design_0/ip/design_0_Lite_Medium_RISC_V_V1_0_0/design_0_Lite_Medium_RISC_V_V1_0_0_gate.v(16662): WARNING: instantiating unknown module 'AL_MAP_LUT5' (VLG-075)
#F:/al_data/F02_PH1P35/01_start/03_peripheral_demo/08_csi_dsi_imx415_7/sdk/design_0/ip/design_0_Lite_Medium_RISC_V_V1_0_0/design_0_Lite_Medium_RISC_V_V1_0_0_gate.v(16755): WARNING: instantiating unknown module 'AL_MAP_LUT6' (VLG-075)
#F:/al_data/F02_PH1P35/01_start/03_peripheral_demo/08_csi_dsi_imx415_7/sdk/design_0/ip/design_0_Lite_Medium_RISC_V_V1_0_0/design_0_Lite_Medium_RISC_V_V1_0_0_gate.v(16765): WARNING: instantiating unknown module 'AL_MAP_LUT5' (VLG-075)
#F:/al_data/F02_PH1P35/01_start/03_peripheral_demo/08_csi_dsi_imx415_7/sdk/design_0/ip/design_0_Lite_Medium_RISC_V_V1_0_0/design_0_Lite_Medium_RISC_V_V1_0_0_gate.v(16801): WARNING: instantiating unknown module 'AL_MAP_LUT4' (VLG-075)
#F:/al_data/F02_PH1P35/01_start/03_peripheral_demo/08_csi_dsi_imx415_7/sdk/design_0/ip/design_0_Lite_Medium_RISC_V_V1_0_0/design_0_Lite_Medium_RISC_V_V1_0_0_gate.v(16821): WARNING: instantiating unknown module 'AL_MAP_LUT6' (VLG-075)
#F:/al_data/F02_PH1P35/01_start/03_peripheral_demo/08_csi_dsi_imx415_7/sdk/design_0/ip/design_0_Lite_Medium_RISC_V_V1_0_0/design_0_Lite_Medium_RISC_V_V1_0_0_gate.v(16850): WARNING: instantiating unknown module 'AL_MAP_LUT6' (VLG-075)
#F:/al_data/F02_PH1P35/01_start/03_peripheral_demo/08_csi_dsi_imx415_7/sdk/design_0/ip/design_0_Lite_Medium_RISC_V_V1_0_0/design_0_Lite_Medium_RISC_V_V1_0_0_gate.v(16930): WARNING: instantiating unknown module 'AL_MAP_LUT4' (VLG-075)
#F:/al_data/F02_PH1P35/01_start/03_peripheral_demo/08_csi_dsi_imx415_7/sdk/design_0/ip/design_0_Lite_Medium_RISC_V_V1_0_0/design_0_Lite_Medium_RISC_V_V1_0_0_gate.v(16950): WARNING: instantiating unknown module 'AL_MAP_LUT6' (VLG-075)
#F:/al_data/F02_PH1P35/01_start/03_peripheral_demo/08_csi_dsi_imx415_7/sdk/design_0/ip/design_0_Lite_Medium_RISC_V_V1_0_0/design_0_Lite_Medium_RISC_V_V1_0_0_gate.v(16969): WARNING: instantiating unknown module 'AL_MAP_LUT5' (VLG-075)
#F:/al_data/F02_PH1P35/01_start/03_peripheral_demo/08_csi_dsi_imx415_7/sdk/design_0/ip/design_0_Lite_Medium_RISC_V_V1_0_0/design_0_Lite_Medium_RISC_V_V1_0_0_gate.v(16989): WARNING: instantiating unknown module 'AL_MAP_LUT6' (VLG-075)
#F:/al_data/F02_PH1P35/01_start/03_peripheral_demo/08_csi_dsi_imx415_7/sdk/design_0/ip/design_0_Lite_Medium_RISC_V_V1_0_0/design_0_Lite_Medium_RISC_V_V1_0_0_gate.v(17037): WARNING: instantiating unknown module 'AL_MAP_LUT5' (VLG-075)
#F:/al_data/F02_PH1P35/01_start/03_peripheral_demo/08_csi_dsi_imx415_7/sdk/design_0/ip/design_0_Lite_Medium_RISC_V_V1_0_0/design_0_Lite_Medium_RISC_V_V1_0_0_gate.v(17062): WARNING: instantiating unknown module 'AL_MAP_LUT4' (VLG-075)
#F:/al_data/F02_PH1P35/01_start/03_peripheral_demo/08_csi_dsi_imx415_7/sdk/design_0/ip/design_0_Lite_Medium_RISC_V_V1_0_0/design_0_Lite_Medium_RISC_V_V1_0_0_gate.v(17090): WARNING: instantiating unknown module 'AL_MAP_LUT6' (VLG-075)
#F:/al_data/F02_PH1P35/01_start/03_peripheral_demo/08_csi_dsi_imx415_7/sdk/design_0/ip/design_0_Lite_Medium_RISC_V_V1_0_0/design_0_Lite_Medium_RISC_V_V1_0_0_gate.v(18107): WARNING: instantiating unknown module 'AL_MAP_LUT4' (VLG-075)
#F:/al_data/F02_PH1P35/01_start/03_peripheral_demo/08_csi_dsi_imx415_7/sdk/design_0/ip/design_0_Lite_Medium_RISC_V_V1_0_0/design_0_Lite_Medium_RISC_V_V1_0_0_gate.v(18135): WARNING: instantiating unknown module 'AL_MAP_LUT5' (VLG-075)
#F:/al_data/F02_PH1P35/01_start/03_peripheral_demo/08_csi_dsi_imx415_7/sdk/design_0/ip/design_0_Lite_Medium_RISC_V_V1_0_0/design_0_Lite_Medium_RISC_V_V1_0_0_gate.v(18145): WARNING: instantiating unknown module 'AL_MAP_LUT5' (VLG-075)
#F:/al_data/F02_PH1P35/01_start/03_peripheral_demo/08_csi_dsi_imx415_7/sdk/design_0/ip/design_0_Lite_Medium_RISC_V_V1_0_0/design_0_Lite_Medium_RISC_V_V1_0_0_gate.v(18155): WARNING: instantiating unknown module 'AL_MAP_LUT5' (VLG-075)
#F:/al_data/F02_PH1P35/01_start/03_peripheral_demo/08_csi_dsi_imx415_7/sdk/design_0/ip/design_0_Lite_Medium_RISC_V_V1_0_0/design_0_Lite_Medium_RISC_V_V1_0_0_gate.v(18165): WARNING: instantiating unknown module 'AL_MAP_LUT5' (VLG-075)
#F:/al_data/F02_PH1P35/01_start/03_peripheral_demo/08_csi_dsi_imx415_7/sdk/design_0/ip/design_0_Lite_Medium_RISC_V_V1_0_0/design_0_Lite_Medium_RISC_V_V1_0_0_gate.v(19057): WARNING: instantiating unknown module 'AL_MAP_LUT3' (VLG-075)
#F:/al_data/F02_PH1P35/01_start/03_peripheral_demo/08_csi_dsi_imx415_7/sdk/design_0/ip/design_0_Lite_Medium_RISC_V_V1_0_0/design_0_Lite_Medium_RISC_V_V1_0_0_gate.v(19085): WARNING: instantiating unknown module 'AL_MAP_LUT5' (VLG-075)
#F:/al_data/F02_PH1P35/01_start/03_peripheral_demo/08_csi_dsi_imx415_7/sdk/design_0/ip/design_0_Lite_Medium_RISC_V_V1_0_0/design_0_Lite_Medium_RISC_V_V1_0_0_gate.v(19093): WARNING: instantiating unknown module 'AL_MAP_LUT3' (VLG-075)
#F:/al_data/F02_PH1P35/01_start/03_peripheral_demo/08_csi_dsi_imx415_7/sdk/design_0/ip/design_0_Lite_Medium_RISC_V_V1_0_0/design_0_Lite_Medium_RISC_V_V1_0_0_gate.v(19130): WARNING: instantiating unknown module 'AL_DFF_X' (VLG-075)
#F:/al_data/F02_PH1P35/01_start/03_peripheral_demo/08_csi_dsi_imx415_7/sdk/design_0/ip/design_0_Lite_Medium_RISC_V_V1_0_0/design_0_Lite_Medium_RISC_V_V1_0_0_gate.v(19260): WARNING: instantiating unknown module 'AL_MAP_LUT6' (VLG-075)
#F:/al_data/F02_PH1P35/01_start/03_peripheral_demo/08_csi_dsi_imx415_7/sdk/design_0/ip/design_0_Lite_Medium_RISC_V_V1_0_0/design_0_Lite_Medium_RISC_V_V1_0_0_gate.v(19280): WARNING: instantiating unknown module 'AL_MAP_LUT6' (VLG-075)
#F:/al_data/F02_PH1P35/01_start/03_peripheral_demo/08_csi_dsi_imx415_7/sdk/design_0/ip/design_0_Lite_Medium_RISC_V_V1_0_0/design_0_Lite_Medium_RISC_V_V1_0_0_gate.v(19320): WARNING: instantiating unknown module 'AL_MAP_LUT6' (VLG-075)
#F:/al_data/F02_PH1P35/01_start/03_peripheral_demo/08_csi_dsi_imx415_7/sdk/design_0/ip/design_0_Lite_Medium_RISC_V_V1_0_0/design_0_Lite_Medium_RISC_V_V1_0_0_gate.v(19340): WARNING: instantiating unknown module 'AL_MAP_LUT6' (VLG-075)
#F:/al_data/F02_PH1P35/01_start/03_peripheral_demo/08_csi_dsi_imx415_7/sdk/design_0/ip/design_0_Lite_Medium_RISC_V_V1_0_0/design_0_Lite_Medium_RISC_V_V1_0_0_gate.v(19360): WARNING: instantiating unknown module 'AL_MAP_LUT6' (VLG-075)
#F:/al_data/F02_PH1P35/01_start/03_peripheral_demo/08_csi_dsi_imx415_7/sdk/design_0/ip/design_0_Lite_Medium_RISC_V_V1_0_0/design_0_Lite_Medium_RISC_V_V1_0_0_gate.v(19417): WARNING: instantiating unknown module 'AL_MAP_LUT3' (VLG-075)
#F:/al_data/F02_PH1P35/01_start/03_peripheral_demo/08_csi_dsi_imx415_7/sdk/design_0/ip/design_0_Lite_Medium_RISC_V_V1_0_0/design_0_Lite_Medium_RISC_V_V1_0_0_gate.v(19426): WARNING: instantiating unknown module 'AL_MAP_LUT4' (VLG-075)
#F:/al_data/F02_PH1P35/01_start/03_peripheral_demo/08_csi_dsi_imx415_7/sdk/design_0/ip/design_0_Lite_Medium_RISC_V_V1_0_0/design_0_Lite_Medium_RISC_V_V1_0_0_gate.v(19434): WARNING: instantiating unknown module 'AL_MAP_LUT3' (VLG-075)
#F:/al_data/F02_PH1P35/01_start/03_peripheral_demo/08_csi_dsi_imx415_7/sdk/design_0/ip/design_0_Lite_Medium_RISC_V_V1_0_0/design_0_Lite_Medium_RISC_V_V1_0_0_gate.v(19445): WARNING: instantiating unknown module 'AL_MAP_LUT6' (VLG-075)
#F:/al_data/F02_PH1P35/01_start/03_peripheral_demo/08_csi_dsi_imx415_7/sdk/design_0/ip/design_0_Lite_Medium_RISC_V_V1_0_0/design_0_Lite_Medium_RISC_V_V1_0_0_gate.v(19918): WARNING: instantiating unknown module 'AL_MAP_LUT3' (VLG-075)
#F:/al_data/F02_PH1P35/01_start/03_peripheral_demo/08_csi_dsi_imx415_7/sdk/design_0/ip/design_0_Lite_Medium_RISC_V_V1_0_0/design_0_Lite_Medium_RISC_V_V1_0_0_gate.v(20167): WARNING: instantiating unknown module 'AL_MAP_LUT4' (VLG-075)
#F:/al_data/F02_PH1P35/01_start/03_peripheral_demo/08_csi_dsi_imx415_7/sdk/design_0/ip/design_0_Lite_Medium_RISC_V_V1_0_0/design_0_Lite_Medium_RISC_V_V1_0_0_gate.v(20205): WARNING: instantiating unknown module 'AL_MAP_LUT5' (VLG-075)
#F:/al_data/F02_PH1P35/01_start/03_peripheral_demo/08_csi_dsi_imx415_7/sdk/design_0/ip/design_0_Lite_Medium_RISC_V_V1_0_0/design_0_Lite_Medium_RISC_V_V1_0_0_gate.v(21242): WARNING: instantiating unknown module 'AL_MAP_LUT6' (VLG-075)
#F:/al_data/F02_PH1P35/01_start/03_peripheral_demo/08_csi_dsi_imx415_7/sdk/design_0/ip/design_0_Lite_Medium_RISC_V_V1_0_0/design_0_Lite_Medium_RISC_V_V1_0_0_gate.v(21271): WARNING: instantiating unknown module 'AL_MAP_LUT3' (VLG-075)
#F:/al_data/F02_PH1P35/01_start/03_peripheral_demo/08_csi_dsi_imx415_7/sdk/design_0/ip/design_0_Lite_Medium_RISC_V_V1_0_0/design_0_Lite_Medium_RISC_V_V1_0_0_gate.v(21281): WARNING: instantiating unknown module 'AL_MAP_LUT5' (VLG-075)
#F:/al_data/F02_PH1P35/01_start/03_peripheral_demo/08_csi_dsi_imx415_7/sdk/design_0/ip/design_0_Lite_Medium_RISC_V_V1_0_0/design_0_Lite_Medium_RISC_V_V1_0_0_gate.v(21289): WARNING: instantiating unknown module 'AL_MAP_LUT3' (VLG-075)
#F:/al_data/F02_PH1P35/01_start/03_peripheral_demo/08_csi_dsi_imx415_7/sdk/design_0/ip/design_0_Lite_Medium_RISC_V_V1_0_0/design_0_Lite_Medium_RISC_V_V1_0_0_gate.v(21312): WARNING: instantiating unknown module 'AL_MAP_LUT2' (VLG-075)
#F:/al_data/F02_PH1P35/01_start/03_peripheral_demo/08_csi_dsi_imx415_7/sdk/design_0/ip/design_0_Lite_Medium_RISC_V_V1_0_0/design_0_Lite_Medium_RISC_V_V1_0_0_gate.v(21333): WARNING: instantiating unknown module 'PH1P_LOGIC_DRAM' (VLG-075)
#F:/al_data/F02_PH1P35/01_start/03_peripheral_demo/08_csi_dsi_imx415_7/sdk/design_0/ip/design_0_Lite_Medium_RISC_V_V1_0_0/design_0_Lite_Medium_RISC_V_V1_0_0_gate.v(21420): WARNING: instantiating unknown module 'AL_MAP_LUT4' (VLG-075)
#F:/al_data/F02_PH1P35/01_start/03_peripheral_demo/08_csi_dsi_imx415_7/sdk/design_0/ip/design_0_Lite_Medium_RISC_V_V1_0_0/design_0_Lite_Medium_RISC_V_V1_0_0_gate.v(21439): WARNING: instantiating unknown module 'AL_MAP_LUT5' (VLG-075)
#F:/al_data/F02_PH1P35/01_start/03_peripheral_demo/08_csi_dsi_imx415_7/sdk/design_0/ip/design_0_Lite_Medium_RISC_V_V1_0_0/design_0_Lite_Medium_RISC_V_V1_0_0_gate.v(21459): WARNING: instantiating unknown module 'AL_MAP_LUT6' (VLG-075)
#F:/al_data/F02_PH1P35/01_start/03_peripheral_demo/08_csi_dsi_imx415_7/sdk/design_0/ip/design_0_Lite_Medium_RISC_V_V1_0_0/design_0_Lite_Medium_RISC_V_V1_0_0_gate.v(21479): WARNING: instantiating unknown module 'AL_MAP_LUT6' (VLG-075)
#F:/al_data/F02_PH1P35/01_start/03_peripheral_demo/08_csi_dsi_imx415_7/sdk/design_0/ip/design_0_Lite_Medium_RISC_V_V1_0_0/design_0_Lite_Medium_RISC_V_V1_0_0_gate.v(22083): WARNING: instantiating unknown module 'AL_MAP_LUT5' (VLG-075)
#F:/al_data/F02_PH1P35/01_start/03_peripheral_demo/08_csi_dsi_imx415_7/sdk/design_0/ip/design_0_Lite_Medium_RISC_V_V1_0_0/design_0_Lite_Medium_RISC_V_V1_0_0_gate.v(22093): WARNING: instantiating unknown module 'AL_MAP_LUT5' (VLG-075)
#F:/al_data/F02_PH1P35/01_start/03_peripheral_demo/08_csi_dsi_imx415_7/sdk/design_0/ip/design_0_Lite_Medium_RISC_V_V1_0_0/design_0_Lite_Medium_RISC_V_V1_0_0_gate.v(22228): WARNING: instantiating unknown module 'AL_MAP_LUT4' (VLG-075)
#F:/al_data/F02_PH1P35/01_start/03_peripheral_demo/08_csi_dsi_imx415_7/sdk/design_0/ip/design_0_Lite_Medium_RISC_V_V1_0_0/design_0_Lite_Medium_RISC_V_V1_0_0_gate.v(22292): WARNING: instantiating unknown module 'AL_MAP_LUT6' (VLG-075)
#F:/al_data/F02_PH1P35/01_start/03_peripheral_demo/08_csi_dsi_imx415_7/sdk/design_0/ip/design_0_Lite_Medium_RISC_V_V1_0_0/design_0_Lite_Medium_RISC_V_V1_0_0_gate.v(22303): WARNING: instantiating unknown module 'AL_MAP_LUT6' (VLG-075)
#F:/al_data/F02_PH1P35/01_start/03_peripheral_demo/08_csi_dsi_imx415_7/sdk/design_0/ip/design_0_Lite_Medium_RISC_V_V1_0_0/design_0_Lite_Medium_RISC_V_V1_0_0_gate.v(22825): WARNING: instantiating unknown module 'AL_MAP_LUT6' (VLG-075)
#F:/al_data/F02_PH1P35/01_start/03_peripheral_demo/08_csi_dsi_imx415_7/sdk/design_0/ip/design_0_Lite_Medium_RISC_V_V1_0_0/design_0_Lite_Medium_RISC_V_V1_0_0_gate.v(22902): WARNING: instantiating unknown module 'AL_MAP_LUT5' (VLG-075)
#[INFO] si_design_add_inst -vlnv anlogic.com:Generic_IP_Lib:Lite_Medium_RISC_V_V1_0:1.0 Lite_Medium_RISC_V_V1_0_0
si_design_wait_for_adding_ip Soft_IP.Processor_System.Lite/Medium_RISC-V_V1_0
si_select_dialog Design_Add_Module
si_click_tree_item Design_Add_Module ipModulesTree Soft_IP.Generic_Interface 2
si_close_dialog Design_Add_Module
si_select_window DesignIntegrator
si_design_diagram_select_inst design_0.DesignDiagram Lite_Medium_RISC_V_V1_0_0 1
#si_select_dialog AL_HintBox #Customize Ip
si_select_window DesignIntegrator
si_design_diagram_select design_0.DesignDiagram 1
si_click_toolbar_item design_0.DesignDiagram IP+
si_select_dialog Design_Add_Module
si_click_tree_item Design_Add_Module ipModulesTree Primitive_IP.Processor_System.MCU 0
si_double_click_tree_item Design_Add_Module ipModulesTree Primitive_IP.Processor_System.MCU 0
#si_select_dialog AL_HintBox #Add IP
#[INFO] GUI-2000 : The IP files have been generated successfully. :{PH1P35MDG324(F:/al_data/F02_PH1P35/01_start/03_peripheral_demo/08_csi_dsi_imx415_7/sdk/design_0/ip/design_0_MCU_0/design_0_MCU_0.xml)}
#F:/al_data/F02_PH1P35/01_start/03_peripheral_demo/08_csi_dsi_imx415_7/sdk/design_0/ip/design_0_MCU_0/design_0_MCU_0.v(10): INFO: compiling module 'design_0_MCU_0' (VLG-004)
#F:/al_data/F02_PH1P35/01_start/03_peripheral_demo/08_csi_dsi_imx415_7/sdk/design_0/ip/design_0_MCU_0/design_0_MCU_0.v(44): WARNING: instantiating unknown module 'MCU_8d2c8c84d39a' (VLG-075)
#[INFO] si_design_add_inst -vlnv anlogic.com:ip:RISCV_F6F1D1P0:1.0 MCU_0
si_design_wait_for_adding_ip Primitive_IP.Processor_System.MCU
si_select_window DesignIntegrator
si_select_dialog Design_Add_Module
si_select_window DesignIntegrator
si_design_diagram_select_inst design_0.DesignDiagram MCU_0 1
#si_select_dialog AL_HintBox #Customize Ip
si_select_window DesignIntegrator
si_select_dialog Design_Add_Module
si_close_dialog Design_Add_Module
si_select_window DesignIntegrator
si_design_diagram_select design_0.DesignDiagram 1
si_close_window DesignIntegrator
si_select_dialog ExitDesignIntegrator
si_click_push_button ExitDesignIntegrator Exit
si_exit
#[INFO] Exit 0
