============================================================
   Tang Dynasty, V6.2.178840
   Copyright (c) 2012-2025 Anlogic Inc.
   Executable = E:/Anlogic/TD_6.2.1_SP1_6.2.178.840/bin/td.exe
   Built at =   14:07:58 Sep  4 2025
   Run by =     Administrator
   Run Date =   Mon Dec 29 11:11:49 2025

   Run on =     BF-202403070915
============================================================
RUN-1002 : start command "import_db F:/al_data/F02_PH1P35/08_csi_dsi_cs500_cun/td_project/camera_to_dsi_display_Runs/phy_1/camera_to_dsi_display_pr.db"
RUN-1001 : Importing database generated by Tang Dynasty, V6.1.155545.
RUN-1001 : Database version number 46204
RUN-1001 : Import flow parameters
RUN-1001 : Import netlist
RUN-1001 : Constructing routing connections ...
PHY-1001 : End build routing graph; 1.803121s wall, 3.656250s user + 0.031250s system = 3.687500s CPU (204.5%)

RUN-1001 : Import timing constraints
RUN-1001 : Import IO constraints
RUN-1001 : Import Inst constraints
RUN-1001 : Import ChipWatcher
RUN-1001 : Import design success TD_VERSION=6.1.155545 , DB_VERSION=46204
RUN-1003 : finish command "import_db F:/al_data/F02_PH1P35/08_csi_dsi_cs500_cun/td_project/camera_to_dsi_display_Runs/phy_1/camera_to_dsi_display_pr.db" in  3.433975s wall, 4.156250s user + 0.078125s system = 4.234375s CPU (123.3%)

RUN-1004 : used memory is 1136 MB, reserved memory is 1121 MB, peak memory is 1177 MB
