============================================================
   Tang Dynasty, V6.2.178840
   Copyright (c) 2012-2025 Anlogic Inc.
   Executable = E:/Anlogic/TD_6.2.1_SP1_6.2.178.840/bin/td.exe
   Built at =   14:07:58 Sep  4 2025
   Run by =     Administrator
   Run Date =   Thu Dec 25 14:37:19 2025

   Run on =     BF-202403070915
============================================================
RUN-1002 : start command "import_db F:/al_data/F02_PH1P35/08_csi_dsi_cs500/td_project/camera_to_dsi_display_Runs/phy_1/camera_to_dsi_display_pr.db"
RUN-1001 : Importing database generated by Tang Dynasty, V6.1.155545.
RUN-1001 : Database version number 46204
RUN-1001 : Import flow parameters
RUN-1001 : Import netlist
RUN-1001 : Constructing routing connections ...
PHY-1001 : End build routing graph; 1.818316s wall, 4.109375s user + 0.031250s system = 4.140625s CPU (227.7%)

RUN-1001 : Import timing constraints
RUN-1001 : Import IO constraints
RUN-1001 : Import Inst constraints
RUN-1001 : Import ChipWatcher
RUN-1001 : Import design success TD_VERSION=6.1.155545 , DB_VERSION=46204
RUN-1003 : finish command "import_db F:/al_data/F02_PH1P35/08_csi_dsi_cs500/td_project/camera_to_dsi_display_Runs/phy_1/camera_to_dsi_display_pr.db" in  3.099190s wall, 4.531250s user + 0.078125s system = 4.609375s CPU (148.7%)

RUN-1004 : used memory is 1102 MB, reserved memory is 1086 MB, peak memory is 1142 MB
