============================================================
   Tang Dynasty, V6.2.168116
   Copyright (c) 2012-2025 Anlogic Inc.
   Executable = E:/Anlogic/TD_6.2.1_Engineer_6.2.168.116/bin/td.exe
   Built at =   16:32:07 Jun 12 2025
   Run by =     Administrator
   Run Date =   Fri Jul 18 15:37:30 2025

   Run on =     BF-202403070915
============================================================
RUN-1002 : start command "import_db F:/al_data/F02_PH1P35/01_start/02_peripheral_demo/08_csi_dsi_imx415_7/td_project/camera_to_dsi_display_Runs/phy_1/camera_to_dsi_display_pr.db"
RUN-1001 : Importing database generated by Tang Dynasty, V6.1.155545.
RUN-1001 : Database version number 46204
RUN-1001 : Import flow parameters
RUN-1001 : Import netlist
RUN-1001 : Constructing routing connections ...
PHY-1001 : End build routing graph; 1.768205s wall, 3.250000s user + 0.000000s system = 3.250000s CPU (183.8%)

RUN-1001 : Import timing constraints
RUN-1001 : Import IO constraints
RUN-1001 : Import Inst constraints
RUN-1001 : Import ChipWatcher
RUN-1001 : Import design success TD_VERSION=6.1.155545 , DB_VERSION=46204
RUN-1003 : finish command "import_db F:/al_data/F02_PH1P35/01_start/02_peripheral_demo/08_csi_dsi_imx415_7/td_project/camera_to_dsi_display_Runs/phy_1/camera_to_dsi_display_pr.db" in  3.290437s wall, 3.640625s user + 0.062500s system = 3.703125s CPU (112.5%)

RUN-1004 : used memory is 1160 MB, reserved memory is 1125 MB, peak memory is 1631 MB
