============================================================
   Tang Dynasty, V6.2.168116
   Copyright (c) 2012-2025 Anlogic Inc.
   Executable = E:/TD/bin/td.exe
   Built at =   16:32:07 Jun 12 2025
   Run by =     dell
   Run Date =   Mon Sep 28 18:51:55 2026

   Run on =     DESKTOP-6L003RM
============================================================
RUN-1002 : start command "import_db E:/2026FPGA/FPGA_Component_Inspector/fpga/component_inspector/td_project/camera_to_dsi_display_Runs/phy_1/camera_to_dsi_display_pr.db"
RUN-1001 : Importing database generated by Tang Dynasty, V6.2.168116.
RUN-1001 : Database version number 46207
RUN-1001 : Import flow parameters
RUN-1001 : Import netlist
RUN-1001 : Constructing routing connections ...
PHY-1001 : End build routing graph; 2.327895s wall, 3.843750s user + 0.062500s system = 3.906250s CPU (167.8%)

RUN-1001 : Import phy database
RUN-1001 : Import timing constraints
RUN-1001 : Import IO constraints
RUN-1001 : Import Inst constraints
RUN-1001 : Import ChipWatcher
RUN-1001 : Import design success TD_VERSION=6.2.168116 , DB_VERSION=46207
RUN-1003 : finish command "import_db E:/2026FPGA/FPGA_Component_Inspector/fpga/component_inspector/td_project/camera_to_dsi_display_Runs/phy_1/camera_to_dsi_display_pr.db" in  3.848500s wall, 4.156250s user + 0.109375s system = 4.265625s CPU (110.8%)

RUN-1004 : used memory is 1112 MB, reserved memory is 1082 MB, peak memory is 1148 MB
PRJ-1412 : reset_run syn_1 phy_1.
PRJ-1409 : launch_runs syn_1 phy_1  -jobs 6.
PRJ-1410 : Run syn_1 success.
PRJ-1410 : Run phy_1 success.
RUN-1002 : start command "save_best_bits"
PRJ-1424 : The implemented result of phy_1 is saved as best result.
RUN-1002 : start command "import_db E:/2026FPGA/FPGA_Component_Inspector/fpga/component_inspector/td_project/camera_to_dsi_display_Runs/phy_1/camera_to_dsi_display_pr.db"
RUN-1001 : Importing database generated by Tang Dynasty, V6.2.168116.
RUN-1001 : Database version number 46207
RUN-1001 : Import flow parameters
RUN-1001 : Import netlist
RUN-1001 : Constructing routing connections ...
PHY-1001 : End build routing graph; 1.105351s wall, 3.046875s user + 0.015625s system = 3.062500s CPU (277.1%)

RUN-1001 : Import phy database
RUN-1001 : Import timing constraints
RUN-1001 : Import IO constraints
RUN-1001 : Import Inst constraints
RUN-1001 : Import ChipWatcher
RUN-1001 : Import design success TD_VERSION=6.2.168116 , DB_VERSION=46207
RUN-1003 : finish command "import_db E:/2026FPGA/FPGA_Component_Inspector/fpga/component_inspector/td_project/camera_to_dsi_display_Runs/phy_1/camera_to_dsi_display_pr.db" in  3.067276s wall, 3.562500s user + 0.140625s system = 3.703125s CPU (120.7%)

RUN-1004 : used memory is 1138 MB, reserved memory is 1106 MB, peak memory is 1320 MB
