Model Technology ModelSim SE-64 vlog 10.5 Compiler 2016.02 Feb 13 2016
Start time: 23:45:42 on Oct 07,2026
vlog -work test_fhd_csi ../user_source/hdl_source/input_monitor.v ../user_source/hdl_source/status_cdc.v ../user_source/hdl_source/isp/csi_unpacket_2lane.v ../user_source/hdl_source/isp/raw10_unpacket_2lane.v 
-- Compiling module input_monitor
-- Compiling module status_cdc
-- Compiling module csi_unpacket_2lane
-- Compiling module raw10_unpacket_2lane

Top level modules:
	input_monitor
	csi_unpacket_2lane
	raw10_unpacket_2lane
End time: 23:45:42 on Oct 07,2026, Elapsed time: 0:00:00
Errors: 0, Warnings: 0
Model Technology ModelSim SE-64 vlog 10.5 Compiler 2016.02 Feb 13 2016
Start time: 23:45:42 on Oct 07,2026
vlog -sv -work test_fhd_csi tb_fhd_csi.v 
-- Compiling module tb_fhd_csi
** Error: (vlog-13069) tb_fhd_csi.v(8): near ")": syntax error, unexpected ')'.
End time: 23:45:42 on Oct 07,2026, Elapsed time: 0:00:00
Errors: 1, Warnings: 0
