Model Technology ModelSim SE-64 vlog 2019.2 Compiler 2019.04 Apr 17 2019
Start time: 19:14:47 on Oct 06,2026
vlog -work test_observation ../user_source/hdl_source/observation_controls.v ../user_source/hdl_source/roi_observation_snapshot.v ../user_source/hdl_source/roi_display_state.v ../user_source/hdl_source/status_cdc.v 
-- Compiling module observation_controls
-- Compiling module roi_observation_snapshot
-- Compiling module roi_display_state
-- Compiling module status_cdc

Top level modules:
	observation_controls
	roi_observation_snapshot
	roi_display_state
	status_cdc
End time: 19:14:47 on Oct 06,2026, Elapsed time: 0:00:00
Errors: 0, Warnings: 0
Model Technology ModelSim SE-64 vlog 2019.2 Compiler 2019.04 Apr 17 2019
Start time: 19:14:47 on Oct 06,2026
vlog -sv -work test_observation tb_observation.v 
-- Compiling module tb_observation

Top level modules:
	tb_observation
End time: 19:14:47 on Oct 06,2026, Elapsed time: 0:00:00
Errors: 0, Warnings: 0
