Reading D:/modelsim/tcl/vsim/pref.tcl

# 2019.2

# vsim -c -L anlogic_sim -voptargs="+acc" -onfinish exit -l modelsim_work/observation/transcript.log -wlf modelsim_work/observation/wave.wlf -do "log /tb_observation/*; run -all; quit -code 1 -force" test_observation.tb_observation 
# Start time: 19:14:49 on Oct 06,2026
# ** Note: (vsim-3813) Design is being optimized due to module recompilation...
# //  ModelSim SE-64 2019.2 Apr 17 2019
# //
# //  Copyright 1991-2019 Mentor Graphics Corporation
# //  All Rights Reserved.
# //
# //  ModelSim SE-64 and its associated documentation contain trade
# //  secrets and commercial or financial information that are the property of
# //  Mentor Graphics Corporation and are privileged, confidential,
# //  and exempt from disclosure under the Freedom of Information Act,
# //  5 U.S.C. Section 552. Furthermore, this information
# //  is prohibited from disclosure under the Trade Secrets Act,
# //  18 U.S.C. Section 1905.
# //
# Loading sv_std.std
# Loading work.tb_observation(fast)
# Loading work.observation_controls(fast)
# Loading work.status_cdc(fast)
# Loading work.status_cdc(fast__1)
# Loading work.roi_observation_snapshot(fast)
# Loading work.status_cdc(fast__2)
# Loading work.roi_display_state(fast)
# log /tb_observation/*
#  run -all
# PASS observation: independent pair debounce, four states, tagged atomic records, round trip, stopped CSI, tuning/config recovery, incomplete edge core and epoch rollover
# ** Note: $finish    : tb_observation.v(62)
#    Time: 61902 ns  Iteration: 1  Instance: /tb_observation
# End time: 19:14:50 on Oct 06,2026, Elapsed time: 0:00:01
# Errors: 0, Warnings: 0
