Model Technology ModelSim SE-64 vlog 2019.2 Compiler 2019.04 Apr 17 2019
Start time: 19:14:53 on Oct 06,2026
vlog -work test_display_state ../user_source/hdl_source/roi_classifier.v ../user_source/hdl_source/roi_result_snapshot.v ../user_source/hdl_source/roi_display_state.v ../user_source/hdl_source/status_cdc.v 
-- Compiling module roi_classifier
-- Compiling module roi_result_snapshot
-- Compiling module roi_display_state
-- Compiling module status_cdc

Top level modules:
	roi_classifier
	roi_result_snapshot
	roi_display_state
	status_cdc
End time: 19:14:53 on Oct 06,2026, Elapsed time: 0:00:00
Errors: 0, Warnings: 0
Model Technology ModelSim SE-64 vlog 2019.2 Compiler 2019.04 Apr 17 2019
Start time: 19:14:53 on Oct 06,2026
vlog -sv -work test_display_state tb_display_state.v 
-- Compiling module tb_display_state

Top level modules:
	tb_display_state
End time: 19:14:53 on Oct 06,2026, Elapsed time: 0:00:00
Errors: 0, Warnings: 0
