Model Technology ModelSim SE-64 vlog 10.5 Compiler 2016.02 Feb 13 2016
Start time: 20:51:50 on Oct 09,2026
vlog -work anlogic_sim D:/td6.2.1/sim_release/common/al_map_basic.v D:/td6.2.1/sim_release/common/al_map_lut.v D:/td6.2.1/sim_release/common/al_map_adder.v D:/td6.2.1/sim_release/common/al_phy_glbl.v D:/td6.2.1/sim_release/ph1p/ph1p_logic_eram.v D:/td6.2.1/sim_release/ph1p/ph1p_phy_gsr.v D:/td6.2.1/sim_release/ph1p/ph1p_logic_bufg.v D:/td6.2.1/sim_release/ph1p/ph1p_logic_hrio.v D:/td6.2.1/sim_release/ph1p/ph1p_logic_ramfifo.v D:/td6.2.1/sim_release/ph1p/ph1p_phy_hr_pad.v 
-- Compiling module reg_ar_as_w1
-- Compiling module reg_sr_ss_w1
-- Compiling module reg_ar_ss_w1
-- Compiling module reg_sr_as_w1
-- Compiling module latch_ar_ss_w1
-- Compiling module latch_sr_as_w1
-- Compiling module latch_sr_ss_w1
-- Compiling module latch_ar_as_w1
-- Compiling module AL_DFF_W
-- Compiling module AL_DFF_0
-- Compiling module AL_DFF_1
-- Compiling module AL_DFF_X
-- Compiling module AL_LATCH_W
-- Compiling module AL_LATCH_0
-- Compiling module AL_LATCH_1
-- Compiling module AL_LATCH_X
-- Compiling module AL_MUX
-- Compiling module AL_DFF
-- Compiling module AL_LATCH
-- Compiling module AL_FADD
-- Compiling module AL_MAP_LUT1
-- Compiling module AL_MAP_LUT2
-- Compiling module AL_MAP_LUT3
-- Compiling module AL_MAP_LUT4
-- Compiling module AL_MAP_LUT5
-- Compiling module AL_MAP_LUT6
-- Compiling module AL_MAP_LUT6P
-- Compiling module AL_MAP_LUT6X
-- Compiling module AL_MAP_LLMUX
-- Compiling module AL_MAP_F7MUX
-- Compiling module AL_MAP_F8MUX
-- Compiling module AL_MAP_CARRY4
-- Compiling module AL_MAP_ADDER
-- Compiling module glbl
-- Compiling module PH1P_LOGIC_ERAM
-- Compiling module PH1P_PHY_GSR
-- Compiling module PH1P_LOGIC_BUFG
-- Compiling module PH1P_LOGIC_HR_ISERDES
-- Compiling module PH1P_LOGIC_HR_OSERDES
-- Compiling module PH1P_LOGIC_IDDR
-- Compiling module PH1P_LOGIC_IDDRx2
-- Compiling module PH1P_LOGIC_ODDR
-- Compiling module PH1P_LOGIC_ODDRx2
-- Compiling module PH1P_LOGIC_RAMFIFO
-- Compiling module gray2bin
-- Compiling module gray_count
-- Compiling module showahead_buffer
-- Compiling module PH1P_PHY_HR_PAD

Top level modules:
	reg_ar_as_w1
	reg_sr_ss_w1
	reg_ar_ss_w1
	reg_sr_as_w1
	latch_ar_ss_w1
	latch_sr_as_w1
	latch_sr_ss_w1
	latch_ar_as_w1
	AL_DFF_W
	AL_DFF_0
	AL_DFF_1
	AL_LATCH_W
	AL_LATCH_0
	AL_LATCH_1
	AL_FADD
	AL_MAP_LUT1
	AL_MAP_LUT2
	AL_MAP_LUT3
	AL_MAP_LUT6
	AL_MAP_LUT6P
	AL_MAP_LUT6X
	AL_MAP_LLMUX
	AL_MAP_F7MUX
	AL_MAP_F8MUX
	AL_MAP_CARRY4
	AL_MAP_ADDER
	glbl
	PH1P_PHY_GSR
	PH1P_LOGIC_BUFG
	PH1P_LOGIC_HR_ISERDES
	PH1P_LOGIC_HR_OSERDES
	PH1P_LOGIC_IDDR
	PH1P_LOGIC_IDDRx2
	PH1P_LOGIC_ODDR
	PH1P_LOGIC_ODDRx2
	PH1P_LOGIC_RAMFIFO
End time: 20:51:53 on Oct 09,2026, Elapsed time: 0:00:03
Errors: 0, Warnings: 0
