Model Technology ModelSim SE-64 vlog 10.5 Compiler 2016.02 Feb 13 2016
Start time: 20:51:53 on Oct 09,2026
vlog ../diagnostics/hdmi_1080p30_tpg/hdmi_tpg_top.v hdmi_ideal_pll.v ../user_source/hdl_source/hdmi_1_4b_transmitter_core_wrapper.enc.v ../user_source/hdl_source/hdmi_phy_warpper.v ../user_source/hdl_source/lane_lvds_10_1.v 
-- Compiling module hdmi_tpg_top
-- Compiling module HDMI_PLL
-- Compiling module hdmi_1_4b_transmitter_core_wrapper
** Warning: ../user_source/hdl_source/hdmi_1_4b_transmitter_core_wrapper.enc.v(125): (vlog-2600) <protected>
** Warning: ../user_source/hdl_source/hdmi_1_4b_transmitter_core_wrapper.enc.v(125): (vlog-2600) <protected>
** Warning: ../user_source/hdl_source/hdmi_1_4b_transmitter_core_wrapper.enc.v(125): (vlog-2600) <protected>
** Warning: ../user_source/hdl_source/hdmi_1_4b_transmitter_core_wrapper.enc.v(125): (vlog-2600) <protected>
** Warning: ../user_source/hdl_source/hdmi_1_4b_transmitter_core_wrapper.enc.v(125): (vlog-2600) <protected>
** Warning: ../user_source/hdl_source/hdmi_1_4b_transmitter_core_wrapper.enc.v(125): (vlog-2600) <protected>
** Warning: ../user_source/hdl_source/hdmi_1_4b_transmitter_core_wrapper.enc.v(125): (vlog-2600) <protected>
** Warning: ../user_source/hdl_source/hdmi_1_4b_transmitter_core_wrapper.enc.v(125): (vlog-2600) <protected>
** Warning: ../user_source/hdl_source/hdmi_1_4b_transmitter_core_wrapper.enc.v(125): (vlog-2600) <protected>
** Warning: ../user_source/hdl_source/hdmi_1_4b_transmitter_core_wrapper.enc.v(125): (vlog-2600) <protected>
** Warning: ../user_source/hdl_source/hdmi_1_4b_transmitter_core_wrapper.enc.v(125): (vlog-2600) <protected>
** Warning: ../user_source/hdl_source/hdmi_1_4b_transmitter_core_wrapper.enc.v(125): (vlog-2600) <protected>
** Warning: ../user_source/hdl_source/hdmi_1_4b_transmitter_core_wrapper.enc.v(125): (vlog-2600) <protected>
** Warning: ../user_source/hdl_source/hdmi_1_4b_transmitter_core_wrapper.enc.v(125): (vlog-2600) <protected>
** Warning: ../user_source/hdl_source/hdmi_1_4b_transmitter_core_wrapper.enc.v(125): (vlog-2600) <protected>
** Warning: ../user_source/hdl_source/hdmi_1_4b_transmitter_core_wrapper.enc.v(125): (vlog-2600) <protected>
** Warning: ../user_source/hdl_source/hdmi_1_4b_transmitter_core_wrapper.enc.v(125): (vlog-2600) <protected>
** Warning: ../user_source/hdl_source/hdmi_1_4b_transmitter_core_wrapper.enc.v(125): (vlog-2600) <protected>
** Warning: ../user_source/hdl_source/hdmi_1_4b_transmitter_core_wrapper.enc.v(125): (vlog-2600) <protected>
** Warning: ../user_source/hdl_source/hdmi_1_4b_transmitter_core_wrapper.enc.v(125): (vlog-2600) <protected>
** Warning: ../user_source/hdl_source/hdmi_1_4b_transmitter_core_wrapper.enc.v(125): (vlog-2600) <protected>
** Warning: ../user_source/hdl_source/hdmi_1_4b_transmitter_core_wrapper.enc.v(125): (vlog-2600) <protected>
** Warning: ../user_source/hdl_source/hdmi_1_4b_transmitter_core_wrapper.enc.v(125): (vlog-2600) <protected>
** Warning: ../user_source/hdl_source/hdmi_1_4b_transmitter_core_wrapper.enc.v(125): (vlog-2600) <protected>
** Warning: ../user_source/hdl_source/hdmi_1_4b_transmitter_core_wrapper.enc.v(125): (vlog-2600) <protected>
** Warning: ../user_source/hdl_source/hdmi_1_4b_transmitter_core_wrapper.enc.v(125): (vlog-2600) <protected>
** Warning: ../user_source/hdl_source/hdmi_1_4b_transmitter_core_wrapper.enc.v(125): (vlog-2600) <protected>
** Warning: ../user_source/hdl_source/hdmi_1_4b_transmitter_core_wrapper.enc.v(125): (vlog-2600) <protected>
** Warning: ../user_source/hdl_source/hdmi_1_4b_transmitter_core_wrapper.enc.v(125): (vlog-2600) <protected>
** Warning: ../user_source/hdl_source/hdmi_1_4b_transmitter_core_wrapper.enc.v(125): (vlog-2600) <protected>
** Warning: ../user_source/hdl_source/hdmi_1_4b_transmitter_core_wrapper.enc.v(125): (vlog-2600) <protected>
** Warning: ../user_source/hdl_source/hdmi_1_4b_transmitter_core_wrapper.enc.v(125): (vlog-2600) <protected>
** Warning: ../user_source/hdl_source/hdmi_1_4b_transmitter_core_wrapper.enc.v(125): (vlog-2600) <protected>
** Warning: ../user_source/hdl_source/hdmi_1_4b_transmitter_core_wrapper.enc.v(125): (vlog-2600) <protected>
** Warning: ../user_source/hdl_source/hdmi_1_4b_transmitter_core_wrapper.enc.v(125): (vlog-2600) <protected>
** Warning: ../user_source/hdl_source/hdmi_1_4b_transmitter_core_wrapper.enc.v(125): (vlog-2600) <protected>
** Warning: ../user_source/hdl_source/hdmi_1_4b_transmitter_core_wrapper.enc.v(125): (vlog-2600) <protected>
** Warning: ../user_source/hdl_source/hdmi_1_4b_transmitter_core_wrapper.enc.v(125): (vlog-2600) <protected>
** Warning: ../user_source/hdl_source/hdmi_1_4b_transmitter_core_wrapper.enc.v(125): (vlog-2600) <protected>
** Warning: ../user_source/hdl_source/hdmi_1_4b_transmitter_core_wrapper.enc.v(125): (vlog-2600) <protected>
** Warning: ../user_source/hdl_source/hdmi_1_4b_transmitter_core_wrapper.enc.v(125): (vlog-2600) <protected>
** Warning: ../user_source/hdl_source/hdmi_1_4b_transmitter_core_wrapper.enc.v(125): (vlog-2600) <protected>
** Warning: ../user_source/hdl_source/hdmi_1_4b_transmitter_core_wrapper.enc.v(125): (vlog-2600) <protected>
** Warning: ../user_source/hdl_source/hdmi_1_4b_transmitter_core_wrapper.enc.v(125): (vlog-2600) <protected>
** Warning: ../user_source/hdl_source/hdmi_1_4b_transmitter_core_wrapper.enc.v(125): (vlog-2600) <protected>
** Warning: ../user_source/hdl_source/hdmi_1_4b_transmitter_core_wrapper.enc.v(125): (vlog-2600) <protected>
** Warning: ../user_source/hdl_source/hdmi_1_4b_transmitter_core_wrapper.enc.v(125): (vlog-2600) <protected>
** Warning: ../user_source/hdl_source/hdmi_1_4b_transmitter_core_wrapper.enc.v(125): (vlog-2600) <protected>
** Warning: ../user_source/hdl_source/hdmi_1_4b_transmitter_core_wrapper.enc.v(125): (vlog-2600) <protected>
** Warning: ../user_source/hdl_source/hdmi_1_4b_transmitter_core_wrapper.enc.v(125): (vlog-2600) <protected>
** Warning: ../user_source/hdl_source/hdmi_1_4b_transmitter_core_wrapper.enc.v(125): (vlog-2600) <protected>
** Warning: ../user_source/hdl_source/hdmi_1_4b_transmitter_core_wrapper.enc.v(125): (vlog-2600) <protected>
** Warning: ../user_source/hdl_source/hdmi_1_4b_transmitter_core_wrapper.enc.v(125): (vlog-2600) <protected>
** Warning: ../user_source/hdl_source/hdmi_1_4b_transmitter_core_wrapper.enc.v(125): (vlog-2600) <protected>
** Warning: ../user_source/hdl_source/hdmi_1_4b_transmitter_core_wrapper.enc.v(125): (vlog-2600) <protected>
** Warning: ../user_source/hdl_source/hdmi_1_4b_transmitter_core_wrapper.enc.v(125): (vlog-2600) <protected>
** Warning: ../user_source/hdl_source/hdmi_1_4b_transmitter_core_wrapper.enc.v(125): (vlog-2600) <protected>
** Warning: ../user_source/hdl_source/hdmi_1_4b_transmitter_core_wrapper.enc.v(125): (vlog-2600) <protected>
** Warning: ../user_source/hdl_source/hdmi_1_4b_transmitter_core_wrapper.enc.v(125): (vlog-2600) <protected>
** Warning: ../user_source/hdl_source/hdmi_1_4b_transmitter_core_wrapper.enc.v(125): (vlog-2600) <protected>
** Warning: ../user_source/hdl_source/hdmi_1_4b_transmitter_core_wrapper.enc.v(125): (vlog-2600) <protected>
** Warning: ../user_source/hdl_source/hdmi_1_4b_transmitter_core_wrapper.enc.v(125): (vlog-2600) <protected>
** Warning: ../user_source/hdl_source/hdmi_1_4b_transmitter_core_wrapper.enc.v(125): (vlog-2600) <protected>
** Warning: ../user_source/hdl_source/hdmi_1_4b_transmitter_core_wrapper.enc.v(125): (vlog-2600) <protected>
** Warning: ../user_source/hdl_source/hdmi_1_4b_transmitter_core_wrapper.enc.v(125): (vlog-2600) <protected>
** Warning: ../user_source/hdl_source/hdmi_1_4b_transmitter_core_wrapper.enc.v(125): (vlog-2600) <protected>
** Warning: ../user_source/hdl_source/hdmi_1_4b_transmitter_core_wrapper.enc.v(125): (vlog-2600) <protected>
** Warning: ../user_source/hdl_source/hdmi_1_4b_transmitter_core_wrapper.enc.v(125): (vlog-2600) <protected>
** Warning: ../user_source/hdl_source/hdmi_1_4b_transmitter_core_wrapper.enc.v(125): (vlog-2600) <protected>
** Warning: ../user_source/hdl_source/hdmi_1_4b_transmitter_core_wrapper.enc.v(125): (vlog-2600) <protected>
** Warning: ../user_source/hdl_source/hdmi_1_4b_transmitter_core_wrapper.enc.v(125): (vlog-2600) <protected>
** Warning: ../user_source/hdl_source/hdmi_1_4b_transmitter_core_wrapper.enc.v(125): (vlog-2600) <protected>
** Warning: ../user_source/hdl_source/hdmi_1_4b_transmitter_core_wrapper.enc.v(125): (vlog-2600) <protected>
** Warning: ../user_source/hdl_source/hdmi_1_4b_transmitter_core_wrapper.enc.v(125): (vlog-2600) <protected>
** Warning: ../user_source/hdl_source/hdmi_1_4b_transmitter_core_wrapper.enc.v(125): (vlog-2600) <protected>
** Warning: ../user_source/hdl_source/hdmi_1_4b_transmitter_core_wrapper.enc.v(125): (vlog-2600) <protected>
** Warning: ../user_source/hdl_source/hdmi_1_4b_transmitter_core_wrapper.enc.v(125): (vlog-2600) <protected>
** Warning: ../user_source/hdl_source/hdmi_1_4b_transmitter_core_wrapper.enc.v(125): (vlog-2600) <protected>
** Warning: ../user_source/hdl_source/hdmi_1_4b_transmitter_core_wrapper.enc.v(125): (vlog-2600) <protected>
** Warning: ../user_source/hdl_source/hdmi_1_4b_transmitter_core_wrapper.enc.v(125): (vlog-2600) <protected>
-- Compiling module hdmi_phy_wrapper
-- Compiling module lane_lvds_10_1

Top level modules:
	hdmi_tpg_top
End time: 20:51:54 on Oct 09,2026, Elapsed time: 0:00:01
Errors: 0, Warnings: 80
Model Technology ModelSim SE-64 vlog 10.5 Compiler 2016.02 Feb 13 2016
Start time: 20:51:54 on Oct 09,2026
vlog -sv tb_hdmi_avi.v 
-- Compiling module tb_hdmi_avi

Top level modules:
	tb_hdmi_avi
End time: 20:51:54 on Oct 09,2026, Elapsed time: 0:00:00
Errors: 0, Warnings: 0
